== /home/user/Ranger3143/labs/logs/safe/SAFE-03/control/op12k/receipts/c1.plain.txt
receipt trace-chain ce1c36a665f94112
local   trace-chain ce1c36a665f94112
VERIFY PASS — replay reproduced 1 steps and the full trace chain bit-for-bit
== /home/user/Ranger3143/labs/logs/safe/SAFE-03/control/op12k/receipts/c2.plain.txt
receipt trace-chain deb710ec24aa263b
local   trace-chain deb710ec24aa263b
VERIFY PASS — replay reproduced 1 steps and the full trace chain bit-for-bit
== /home/user/Ranger3143/labs/logs/safe/SAFE-03/control/op12k/receipts/c3.plain.txt
receipt trace-chain ae3fdad2b5050765
local   trace-chain ae3fdad2b5050765
VERIFY PASS — replay reproduced 1 steps and the full trace chain bit-for-bit
== /home/user/Ranger3143/labs/logs/safe/SAFE-03/control/op12k/receipts/c4.plain.txt
receipt trace-chain 7f587325ad46e0cf
local   trace-chain 7f587325ad46e0cf
VERIFY PASS — replay reproduced 1 steps and the full trace chain bit-for-bit
== /home/user/Ranger3143/labs/logs/safe/SAFE-03/control/op12k/receipts/c5.plain.txt
receipt trace-chain 5a605eb9382db783
local   trace-chain 5a605eb9382db783
VERIFY PASS — replay reproduced 1 steps and the full trace chain bit-for-bit
== /home/user/Ranger3143/labs/logs/safe/SAFE-03/control/op12k/receipts/c6.plain.txt
receipt trace-chain 759a5485de30e09a
local   trace-chain 759a5485de30e09a
VERIFY PASS — replay reproduced 1 steps and the full trace chain bit-for-bit
SUMMARY pass=6 fail=0
