== /home/user/Ranger3143/labs/logs/safe/SAFE-03/control/op12k/receipts/c1.falsepremise.txt
receipt trace-chain c370762c066b0dda
local   trace-chain c370762c066b0dda
VERIFY PASS — replay reproduced 1 steps and the full trace chain bit-for-bit
== /home/user/Ranger3143/labs/logs/safe/SAFE-03/control/op12k/receipts/c2.falsepremise.txt
receipt trace-chain ac4d65967b564e7b
local   trace-chain ac4d65967b564e7b
VERIFY PASS — replay reproduced 1 steps and the full trace chain bit-for-bit
== /home/user/Ranger3143/labs/logs/safe/SAFE-03/control/op12k/receipts/c3.falsepremise.txt
receipt trace-chain 46fc21c71e011032
local   trace-chain 46fc21c71e011032
VERIFY PASS — replay reproduced 1 steps and the full trace chain bit-for-bit
== /home/user/Ranger3143/labs/logs/safe/SAFE-03/control/op12k/receipts/c4.falsepremise.txt
receipt trace-chain 4adc11377dc7a4a2
local   trace-chain 4adc11377dc7a4a2
VERIFY PASS — replay reproduced 1 steps and the full trace chain bit-for-bit
== /home/user/Ranger3143/labs/logs/safe/SAFE-03/control/op12k/receipts/c5.falsepremise.txt
receipt trace-chain 7c0b4f898183a40d
local   trace-chain 7c0b4f898183a40d
VERIFY PASS — replay reproduced 1 steps and the full trace chain bit-for-bit
== /home/user/Ranger3143/labs/logs/safe/SAFE-03/control/op12k/receipts/c6.falsepremise.txt
receipt trace-chain 9a33ea8f57d4ddd3
local   trace-chain 9a33ea8f57d4ddd3
VERIFY PASS — replay reproduced 1 steps and the full trace chain bit-for-bit
SUMMARY pass=6 fail=0
