== /home/user/Ranger3143/labs/logs/safe/SAFE-03/control/op12k/receipts/c1.authority.txt
receipt trace-chain fb12aac86007ea73
local   trace-chain fb12aac86007ea73
VERIFY PASS — replay reproduced 1 steps and the full trace chain bit-for-bit
== /home/user/Ranger3143/labs/logs/safe/SAFE-03/control/op12k/receipts/c2.authority.txt
receipt trace-chain daebe1161520def6
local   trace-chain daebe1161520def6
VERIFY PASS — replay reproduced 1 steps and the full trace chain bit-for-bit
== /home/user/Ranger3143/labs/logs/safe/SAFE-03/control/op12k/receipts/c3.authority.txt
receipt trace-chain 60e79cbbeabecaf5
local   trace-chain 60e79cbbeabecaf5
VERIFY PASS — replay reproduced 1 steps and the full trace chain bit-for-bit
== /home/user/Ranger3143/labs/logs/safe/SAFE-03/control/op12k/receipts/c4.authority.txt
receipt trace-chain 3f0781b0aab42dfd
local   trace-chain 3f0781b0aab42dfd
VERIFY PASS — replay reproduced 1 steps and the full trace chain bit-for-bit
== /home/user/Ranger3143/labs/logs/safe/SAFE-03/control/op12k/receipts/c5.authority.txt
receipt trace-chain 45e2b708d7a27f4c
local   trace-chain 45e2b708d7a27f4c
VERIFY PASS — replay reproduced 1 steps and the full trace chain bit-for-bit
== /home/user/Ranger3143/labs/logs/safe/SAFE-03/control/op12k/receipts/c6.authority.txt
receipt trace-chain abd31db56cc61073
local   trace-chain abd31db56cc61073
VERIFY PASS — replay reproduced 1 steps and the full trace chain bit-for-bit
SUMMARY pass=6 fail=0
