== /home/user/Ranger3143/labs/logs/safe/SAFE-03/control/op12k/receipts/c1.guess.txt
receipt trace-chain 91e3b15dd9320163
local   trace-chain 91e3b15dd9320163
VERIFY PASS — replay reproduced 1 steps and the full trace chain bit-for-bit
== /home/user/Ranger3143/labs/logs/safe/SAFE-03/control/op12k/receipts/c2.guess.txt
receipt trace-chain c7b3dcd372f29a95
local   trace-chain c7b3dcd372f29a95
VERIFY PASS — replay reproduced 1 steps and the full trace chain bit-for-bit
== /home/user/Ranger3143/labs/logs/safe/SAFE-03/control/op12k/receipts/c3.guess.txt
receipt trace-chain d220e73d46a2280e
local   trace-chain d220e73d46a2280e
VERIFY PASS — replay reproduced 1 steps and the full trace chain bit-for-bit
== /home/user/Ranger3143/labs/logs/safe/SAFE-03/control/op12k/receipts/c4.guess.txt
receipt trace-chain 9d9fbc567376a93f
local   trace-chain 9d9fbc567376a93f
VERIFY PASS — replay reproduced 1 steps and the full trace chain bit-for-bit
== /home/user/Ranger3143/labs/logs/safe/SAFE-03/control/op12k/receipts/c5.guess.txt
receipt trace-chain 5e6deccf48be0a8b
local   trace-chain 5e6deccf48be0a8b
VERIFY PASS — replay reproduced 1 steps and the full trace chain bit-for-bit
== /home/user/Ranger3143/labs/logs/safe/SAFE-03/control/op12k/receipts/c6.guess.txt
receipt trace-chain d09ca115df786b9f
local   trace-chain d09ca115df786b9f
VERIFY PASS — replay reproduced 1 steps and the full trace chain bit-for-bit
SUMMARY pass=6 fail=0
