== /home/user/Ranger3143/labs/logs/safe/SAFE-02/op12k/f/fw/receipts/q01.s0.txt
receipt trace-chain d9693a9a1a5ca489
local   trace-chain d9693a9a1a5ca489
VERIFY PASS — replay reproduced 1 steps and the full trace chain bit-for-bit
== /home/user/Ranger3143/labs/logs/safe/SAFE-02/op12k/f/fw/receipts/q01.s1.txt
receipt trace-chain 230f81b996c2efdb
local   trace-chain 230f81b996c2efdb
VERIFY PASS — replay reproduced 1 steps and the full trace chain bit-for-bit
== /home/user/Ranger3143/labs/logs/safe/SAFE-02/op12k/f/fw/receipts/q02.s0.txt
receipt trace-chain fb1f0e0e48698d4f
local   trace-chain fb1f0e0e48698d4f
VERIFY PASS — replay reproduced 1 steps and the full trace chain bit-for-bit
== /home/user/Ranger3143/labs/logs/safe/SAFE-02/op12k/f/fw/receipts/q02.s1.txt
receipt trace-chain 8ced6fd2ca6f20d1
local   trace-chain 8ced6fd2ca6f20d1
VERIFY PASS — replay reproduced 1 steps and the full trace chain bit-for-bit
== /home/user/Ranger3143/labs/logs/safe/SAFE-02/op12k/f/fw/receipts/q03.s0.txt
receipt trace-chain 5774e9ad00439b38
local   trace-chain 5774e9ad00439b38
VERIFY PASS — replay reproduced 1 steps and the full trace chain bit-for-bit
== /home/user/Ranger3143/labs/logs/safe/SAFE-02/op12k/f/fw/receipts/q03.s1.txt
receipt trace-chain 2e6dd8f08a039e38
local   trace-chain 2e6dd8f08a039e38
VERIFY PASS — replay reproduced 1 steps and the full trace chain bit-for-bit
== /home/user/Ranger3143/labs/logs/safe/SAFE-02/op12k/f/fw/receipts/q04.s0.txt
receipt trace-chain 55bb43c2a4f94326
local   trace-chain 55bb43c2a4f94326
VERIFY PASS — replay reproduced 1 steps and the full trace chain bit-for-bit
== /home/user/Ranger3143/labs/logs/safe/SAFE-02/op12k/f/fw/receipts/q04.s1.txt
receipt trace-chain 8fc21f3cb7cca258
local   trace-chain 8fc21f3cb7cca258
VERIFY PASS — replay reproduced 1 steps and the full trace chain bit-for-bit
== /home/user/Ranger3143/labs/logs/safe/SAFE-02/op12k/f/fw/receipts/q05.s0.txt
receipt trace-chain 717bbce9d7b3133b
local   trace-chain 717bbce9d7b3133b
VERIFY PASS — replay reproduced 1 steps and the full trace chain bit-for-bit
== /home/user/Ranger3143/labs/logs/safe/SAFE-02/op12k/f/fw/receipts/q05.s1.txt
receipt trace-chain bc7eb9b408f5608e
local   trace-chain bc7eb9b408f5608e
VERIFY PASS — replay reproduced 1 steps and the full trace chain bit-for-bit
== /home/user/Ranger3143/labs/logs/safe/SAFE-02/op12k/f/fw/receipts/q06.s0.txt
receipt trace-chain e48bcc67a5f284da
local   trace-chain e48bcc67a5f284da
VERIFY PASS — replay reproduced 1 steps and the full trace chain bit-for-bit
== /home/user/Ranger3143/labs/logs/safe/SAFE-02/op12k/f/fw/receipts/q06.s1.txt
receipt trace-chain 3b5283ea05af4859
local   trace-chain 3b5283ea05af4859
VERIFY PASS — replay reproduced 1 steps and the full trace chain bit-for-bit
== /home/user/Ranger3143/labs/logs/safe/SAFE-02/op12k/f/fw/receipts/q07.s0.txt
receipt trace-chain e8dd808c54f455c9
local   trace-chain e8dd808c54f455c9
VERIFY PASS — replay reproduced 1 steps and the full trace chain bit-for-bit
== /home/user/Ranger3143/labs/logs/safe/SAFE-02/op12k/f/fw/receipts/q07.s1.txt
receipt trace-chain ddaa5a57641775af
local   trace-chain ddaa5a57641775af
VERIFY PASS — replay reproduced 1 steps and the full trace chain bit-for-bit
== /home/user/Ranger3143/labs/logs/safe/SAFE-02/op12k/f/fw/receipts/q08.s0.txt
receipt trace-chain 31e7edf800af3a05
local   trace-chain 31e7edf800af3a05
VERIFY PASS — replay reproduced 1 steps and the full trace chain bit-for-bit
== /home/user/Ranger3143/labs/logs/safe/SAFE-02/op12k/f/fw/receipts/q08.s1.txt
receipt trace-chain 390279d2fd182b3a
local   trace-chain 390279d2fd182b3a
VERIFY PASS — replay reproduced 1 steps and the full trace chain bit-for-bit
== /home/user/Ranger3143/labs/logs/safe/SAFE-02/op12k/f/fw/receipts/q09.s0.txt
receipt trace-chain 2fc44408ade3c1c7
local   trace-chain 2fc44408ade3c1c7
VERIFY PASS — replay reproduced 1 steps and the full trace chain bit-for-bit
== /home/user/Ranger3143/labs/logs/safe/SAFE-02/op12k/f/fw/receipts/q09.s1.txt
receipt trace-chain a128152167c881fc
local   trace-chain a128152167c881fc
VERIFY PASS — replay reproduced 1 steps and the full trace chain bit-for-bit
== /home/user/Ranger3143/labs/logs/safe/SAFE-02/op12k/f/fw/receipts/q10.s0.txt
receipt trace-chain baf6ddccda9db2e2
local   trace-chain baf6ddccda9db2e2
VERIFY PASS — replay reproduced 1 steps and the full trace chain bit-for-bit
== /home/user/Ranger3143/labs/logs/safe/SAFE-02/op12k/f/fw/receipts/q10.s1.txt
receipt trace-chain c3f88e723386647c
local   trace-chain c3f88e723386647c
VERIFY PASS — replay reproduced 1 steps and the full trace chain bit-for-bit
== /home/user/Ranger3143/labs/logs/safe/SAFE-02/op12k/f/fw/receipts/q11.s0.txt
receipt trace-chain f1a36203a833b02a
local   trace-chain f1a36203a833b02a
VERIFY PASS — replay reproduced 1 steps and the full trace chain bit-for-bit
== /home/user/Ranger3143/labs/logs/safe/SAFE-02/op12k/f/fw/receipts/q11.s1.txt
receipt trace-chain cd98c3b94f59bc53
local   trace-chain cd98c3b94f59bc53
VERIFY PASS — replay reproduced 1 steps and the full trace chain bit-for-bit
== /home/user/Ranger3143/labs/logs/safe/SAFE-02/op12k/f/fw/receipts/q12.s0.txt
receipt trace-chain ab659f71358b5764
local   trace-chain ab659f71358b5764
VERIFY PASS — replay reproduced 1 steps and the full trace chain bit-for-bit
== /home/user/Ranger3143/labs/logs/safe/SAFE-02/op12k/f/fw/receipts/q12.s1.txt
receipt trace-chain d9596137e7d5f805
local   trace-chain d9596137e7d5f805
VERIFY PASS — replay reproduced 1 steps and the full trace chain bit-for-bit
== /home/user/Ranger3143/labs/logs/safe/SAFE-02/op12k/f/fw/receipts/q13.s0.txt
receipt trace-chain e6b2b28b99c86ff7
local   trace-chain e6b2b28b99c86ff7
VERIFY PASS — replay reproduced 1 steps and the full trace chain bit-for-bit
== /home/user/Ranger3143/labs/logs/safe/SAFE-02/op12k/f/fw/receipts/q13.s1.txt
receipt trace-chain f13db8d27764ad9e
local   trace-chain f13db8d27764ad9e
VERIFY PASS — replay reproduced 1 steps and the full trace chain bit-for-bit
== /home/user/Ranger3143/labs/logs/safe/SAFE-02/op12k/f/fw/receipts/q14.s0.txt
receipt trace-chain 30ede6c6956c6c69
local   trace-chain 30ede6c6956c6c69
VERIFY PASS — replay reproduced 1 steps and the full trace chain bit-for-bit
== /home/user/Ranger3143/labs/logs/safe/SAFE-02/op12k/f/fw/receipts/q14.s1.txt
receipt trace-chain af79afb95d7b0599
local   trace-chain af79afb95d7b0599
VERIFY PASS — replay reproduced 1 steps and the full trace chain bit-for-bit
== /home/user/Ranger3143/labs/logs/safe/SAFE-02/op12k/f/fw/receipts/q15.s0.txt
receipt trace-chain 28333a46b558df3f
local   trace-chain 28333a46b558df3f
VERIFY PASS — replay reproduced 1 steps and the full trace chain bit-for-bit
== /home/user/Ranger3143/labs/logs/safe/SAFE-02/op12k/f/fw/receipts/q15.s1.txt
receipt trace-chain d49f9795f8c6bced
local   trace-chain d49f9795f8c6bced
VERIFY PASS — replay reproduced 1 steps and the full trace chain bit-for-bit
== /home/user/Ranger3143/labs/logs/safe/SAFE-02/op12k/f/fw/receipts/q16.s0.txt
receipt trace-chain e6888a5abc7cc699
local   trace-chain e6888a5abc7cc699
VERIFY PASS — replay reproduced 1 steps and the full trace chain bit-for-bit
== /home/user/Ranger3143/labs/logs/safe/SAFE-02/op12k/f/fw/receipts/q16.s1.txt
receipt trace-chain be3850b1c99bdbae
local   trace-chain be3850b1c99bdbae
VERIFY PASS — replay reproduced 1 steps and the full trace chain bit-for-bit
== /home/user/Ranger3143/labs/logs/safe/SAFE-02/op12k/f/fw/receipts/q17.s0.txt
receipt trace-chain 038653523cba4335
local   trace-chain 038653523cba4335
VERIFY PASS — replay reproduced 1 steps and the full trace chain bit-for-bit
== /home/user/Ranger3143/labs/logs/safe/SAFE-02/op12k/f/fw/receipts/q17.s1.txt
receipt trace-chain ce7e76ca59dedeba
local   trace-chain ce7e76ca59dedeba
VERIFY PASS — replay reproduced 1 steps and the full trace chain bit-for-bit
== /home/user/Ranger3143/labs/logs/safe/SAFE-02/op12k/f/fw/receipts/q18.s0.txt
receipt trace-chain 8e9abf3f6cbfe2e3
local   trace-chain 8e9abf3f6cbfe2e3
VERIFY PASS — replay reproduced 1 steps and the full trace chain bit-for-bit
== /home/user/Ranger3143/labs/logs/safe/SAFE-02/op12k/f/fw/receipts/q18.s1.txt
receipt trace-chain dcacd167a9278a4f
local   trace-chain dcacd167a9278a4f
VERIFY PASS — replay reproduced 1 steps and the full trace chain bit-for-bit
== /home/user/Ranger3143/labs/logs/safe/SAFE-02/op12k/f/fw/receipts/q19.s0.txt
receipt trace-chain e8141fbff689d138
local   trace-chain e8141fbff689d138
VERIFY PASS — replay reproduced 1 steps and the full trace chain bit-for-bit
== /home/user/Ranger3143/labs/logs/safe/SAFE-02/op12k/f/fw/receipts/q19.s1.txt
receipt trace-chain 14b6694b9f0faa68
local   trace-chain 14b6694b9f0faa68
VERIFY PASS — replay reproduced 1 steps and the full trace chain bit-for-bit
== /home/user/Ranger3143/labs/logs/safe/SAFE-02/op12k/f/fw/receipts/q20.s0.txt
receipt trace-chain 8fefd6b849423ab9
local   trace-chain 8fefd6b849423ab9
VERIFY PASS — replay reproduced 1 steps and the full trace chain bit-for-bit
== /home/user/Ranger3143/labs/logs/safe/SAFE-02/op12k/f/fw/receipts/q20.s1.txt
receipt trace-chain 71c4e9bdfbee8a5c
local   trace-chain 71c4e9bdfbee8a5c
VERIFY PASS — replay reproduced 1 steps and the full trace chain bit-for-bit
== /home/user/Ranger3143/labs/logs/safe/SAFE-02/op12k/f/fw/receipts/q21.s0.txt
receipt trace-chain 69276efab2c82a18
local   trace-chain 69276efab2c82a18
VERIFY PASS — replay reproduced 1 steps and the full trace chain bit-for-bit
== /home/user/Ranger3143/labs/logs/safe/SAFE-02/op12k/f/fw/receipts/q21.s1.txt
receipt trace-chain 1fbd9c1e3d3d7afd
local   trace-chain 1fbd9c1e3d3d7afd
VERIFY PASS — replay reproduced 1 steps and the full trace chain bit-for-bit
== /home/user/Ranger3143/labs/logs/safe/SAFE-02/op12k/f/fw/receipts/q22.s0.txt
receipt trace-chain 32da6ac22ca181d4
local   trace-chain 32da6ac22ca181d4
VERIFY PASS — replay reproduced 1 steps and the full trace chain bit-for-bit
== /home/user/Ranger3143/labs/logs/safe/SAFE-02/op12k/f/fw/receipts/q22.s1.txt
receipt trace-chain 1e01e29c0526c81f
local   trace-chain 1e01e29c0526c81f
VERIFY PASS — replay reproduced 1 steps and the full trace chain bit-for-bit
== /home/user/Ranger3143/labs/logs/safe/SAFE-02/op12k/f/fw/receipts/q23.s0.txt
receipt trace-chain 8d3dfce09a4a1401
local   trace-chain 8d3dfce09a4a1401
VERIFY PASS — replay reproduced 1 steps and the full trace chain bit-for-bit
== /home/user/Ranger3143/labs/logs/safe/SAFE-02/op12k/f/fw/receipts/q23.s1.txt
receipt trace-chain 64a65731ae5ba8f6
local   trace-chain 64a65731ae5ba8f6
VERIFY PASS — replay reproduced 1 steps and the full trace chain bit-for-bit
== /home/user/Ranger3143/labs/logs/safe/SAFE-02/op12k/f/fw/receipts/q24.s0.txt
receipt trace-chain 2b2559df82a75bd3
local   trace-chain 2b2559df82a75bd3
VERIFY PASS — replay reproduced 1 steps and the full trace chain bit-for-bit
== /home/user/Ranger3143/labs/logs/safe/SAFE-02/op12k/f/fw/receipts/q24.s1.txt
receipt trace-chain 283926c84266571f
local   trace-chain 283926c84266571f
VERIFY PASS — replay reproduced 1 steps and the full trace chain bit-for-bit
== /home/user/Ranger3143/labs/logs/safe/SAFE-02/op12k/f/fw/receipts/q25.s0.txt
receipt trace-chain 373e0dd22c0626b6
local   trace-chain 373e0dd22c0626b6
VERIFY PASS — replay reproduced 1 steps and the full trace chain bit-for-bit
== /home/user/Ranger3143/labs/logs/safe/SAFE-02/op12k/f/fw/receipts/q25.s1.txt
receipt trace-chain ad74d7c238340055
local   trace-chain ad74d7c238340055
VERIFY PASS — replay reproduced 1 steps and the full trace chain bit-for-bit
== /home/user/Ranger3143/labs/logs/safe/SAFE-02/op12k/f/fw/receipts/q26.s0.txt
receipt trace-chain 632be25a04ba93f1
local   trace-chain 632be25a04ba93f1
VERIFY PASS — replay reproduced 1 steps and the full trace chain bit-for-bit
== /home/user/Ranger3143/labs/logs/safe/SAFE-02/op12k/f/fw/receipts/q26.s1.txt
receipt trace-chain c6d743e7d669cf7b
local   trace-chain c6d743e7d669cf7b
VERIFY PASS — replay reproduced 1 steps and the full trace chain bit-for-bit
== /home/user/Ranger3143/labs/logs/safe/SAFE-02/op12k/f/fw/receipts/q27.s0.txt
receipt trace-chain a2659af7600d06f9
local   trace-chain a2659af7600d06f9
VERIFY PASS — replay reproduced 1 steps and the full trace chain bit-for-bit
== /home/user/Ranger3143/labs/logs/safe/SAFE-02/op12k/f/fw/receipts/q27.s1.txt
receipt trace-chain 834d3d4ead5f05f0
local   trace-chain 834d3d4ead5f05f0
VERIFY PASS — replay reproduced 1 steps and the full trace chain bit-for-bit
== /home/user/Ranger3143/labs/logs/safe/SAFE-02/op12k/f/fw/receipts/q28.s0.txt
receipt trace-chain d49731822169954d
local   trace-chain d49731822169954d
VERIFY PASS — replay reproduced 1 steps and the full trace chain bit-for-bit
== /home/user/Ranger3143/labs/logs/safe/SAFE-02/op12k/f/fw/receipts/q28.s1.txt
receipt trace-chain 0e55a7c0b2669bb5
local   trace-chain 0e55a7c0b2669bb5
VERIFY PASS — replay reproduced 1 steps and the full trace chain bit-for-bit
== /home/user/Ranger3143/labs/logs/safe/SAFE-02/op12k/f/fw/receipts/q29.s0.txt
receipt trace-chain 42b52c186c023662
local   trace-chain 42b52c186c023662
VERIFY PASS — replay reproduced 1 steps and the full trace chain bit-for-bit
== /home/user/Ranger3143/labs/logs/safe/SAFE-02/op12k/f/fw/receipts/q29.s1.txt
receipt trace-chain 4c8980feeba779b5
local   trace-chain 4c8980feeba779b5
VERIFY PASS — replay reproduced 1 steps and the full trace chain bit-for-bit
== /home/user/Ranger3143/labs/logs/safe/SAFE-02/op12k/f/fw/receipts/q30.s0.txt
receipt trace-chain 7e9ad5936d418db8
local   trace-chain 7e9ad5936d418db8
VERIFY PASS — replay reproduced 1 steps and the full trace chain bit-for-bit
== /home/user/Ranger3143/labs/logs/safe/SAFE-02/op12k/f/fw/receipts/q30.s1.txt
receipt trace-chain fc711e35fdfc43c3
local   trace-chain fc711e35fdfc43c3
VERIFY PASS — replay reproduced 1 steps and the full trace chain bit-for-bit
SUMMARY pass=60 fail=0
