F bitnet2b 0 q02
F bitnet2b 0 q03
F bitnet2b 0 q04
F bitnet2b 0 q05
F bitnet2b 0 q06
F bitnet2b 0 q07
F bitnet2b 0 q08
F bitnet2b 0 q09
F bitnet2b 0 q10
F bitnet2b 0 q11
F bitnet2b 0 q12
F bitnet2b 0 q14
F bitnet2b 0 q15
F bitnet2b 0 q17
F bitnet2b 0 q19
F bitnet2b 0 q20
F bitnet2b 0 q21
F bitnet2b 0 q23
F bitnet2b 0 q25
F bitnet2b 0 q26
F bitnet2b 0 q27
F bitnet2b 0 q30
done F bitnet2b 0 verify rc 0
F bitnet2b a q02
F bitnet2b a q03
F bitnet2b a q04
F bitnet2b a q05
F bitnet2b a q06
F bitnet2b a q07
F bitnet2b a q08
F bitnet2b a q09
F bitnet2b a q10
F bitnet2b a q11
F bitnet2b a q12
F bitnet2b a q14
F bitnet2b a q15
F bitnet2b a q17
F bitnet2b a q19
F bitnet2b a q20
F bitnet2b a q21
F bitnet2b a q23
F bitnet2b a q25
F bitnet2b a q26
F bitnet2b a q27
F bitnet2b a q30
done F bitnet2b a verify rc 0
F bitnet2b b q02
F bitnet2b b q03
F bitnet2b b q04
F bitnet2b b q05
F bitnet2b b q06
F bitnet2b b q07
F bitnet2b b q08
F bitnet2b b q09
F bitnet2b b q10
F bitnet2b b q11
F bitnet2b b q12
F bitnet2b b q14
F bitnet2b b q15
F bitnet2b b q17
F bitnet2b b q19
F bitnet2b b q20
F bitnet2b b q21
F bitnet2b b q23
F bitnet2b b q25
F bitnet2b b q26
F bitnet2b b q27
F bitnet2b b q30
done F bitnet2b b verify rc 0
F bitnet2b c q02
F bitnet2b c q03
F bitnet2b c q04
F bitnet2b c q05
F bitnet2b c q06
F bitnet2b c q07
F bitnet2b c q08
F bitnet2b c q09
F bitnet2b c q10
F bitnet2b c q11
F bitnet2b c q12
F bitnet2b c q14
F bitnet2b c q15
F bitnet2b c q17
F bitnet2b c q19
F bitnet2b c q20
F bitnet2b c q21
F bitnet2b c q23
F bitnet2b c q25
F bitnet2b c q26
F bitnet2b c q27
F bitnet2b c q30
done F bitnet2b c verify rc 0
F bitnet2b d q02
F bitnet2b d q03
F bitnet2b d q04
F bitnet2b d q05
F bitnet2b d q06
F bitnet2b d q07
F bitnet2b d q08
F bitnet2b d q09
F bitnet2b d q10
F bitnet2b d q11
F bitnet2b d q12
F bitnet2b d q14
F bitnet2b d q15
F bitnet2b d q17
F bitnet2b d q19
F bitnet2b d q20
F bitnet2b d q21
F bitnet2b d q23
F bitnet2b d q25
F bitnet2b d q26
F bitnet2b d q27
F bitnet2b d q30
done F bitnet2b d verify rc 0
F bitnet2b e q02
F bitnet2b e q03
F bitnet2b e q04
F bitnet2b e q05
F bitnet2b e q06
F bitnet2b e q07
F bitnet2b e q08
F bitnet2b e q09
F bitnet2b e q10
F bitnet2b e q11
F bitnet2b e q12
F bitnet2b e q14
F bitnet2b e q15
F bitnet2b e q17
F bitnet2b e q19
F bitnet2b e q20
F bitnet2b e q21
F bitnet2b e q23
F bitnet2b e q25
F bitnet2b e q26
F bitnet2b e q27
F bitnet2b e q30
done F bitnet2b e verify rc 0
F bitnet2b f q02
F bitnet2b f q03
F bitnet2b f q04
F bitnet2b f q05
F bitnet2b f q06
F bitnet2b f q07
F bitnet2b f q08
F bitnet2b f q09
F bitnet2b f q10
F bitnet2b f q11
F bitnet2b f q12
F bitnet2b f q14
F bitnet2b f q15
F bitnet2b f q17
F bitnet2b f q19
F bitnet2b f q20
F bitnet2b f q21
F bitnet2b f q23
F bitnet2b f q25
F bitnet2b f q26
F bitnet2b f q27
F bitnet2b f q30
done F bitnet2b f verify rc 0
