RUN-H op12k 0 nice -n 5 bash /home/user/aefinity-ai/alice-aegis/demo/agent-trace/eval/run_suite.sh /home/user/Ranger3143/labs/logs/safe/SAFE-02/suites/suite_op12k_zeroshot.tsv /home/user/Ranger3143/labs/logs/safe/SAFE-02/op12k/0 --table /home/user/Ranger3143/labs/logs/safe/SAFE-02/tables/0.tsv
done op12k 0 rc 0
RUN-H op12k a nice -n 5 bash /home/user/aefinity-ai/alice-aegis/demo/agent-trace/eval/run_suite.sh /home/user/Ranger3143/labs/logs/safe/SAFE-02/suites/suite_op12k_zeroshot.tsv /home/user/Ranger3143/labs/logs/safe/SAFE-02/op12k/a --table /home/user/Ranger3143/labs/logs/safe/SAFE-02/tables/a.tsv
done op12k a rc 0
RUN-H op12k b nice -n 5 bash /home/user/aefinity-ai/alice-aegis/demo/agent-trace/eval/run_suite.sh /home/user/Ranger3143/labs/logs/safe/SAFE-02/suites/suite_op12k_zeroshot.tsv /home/user/Ranger3143/labs/logs/safe/SAFE-02/op12k/b --table /home/user/Ranger3143/labs/logs/safe/SAFE-02/tables/b.tsv
done op12k b rc 0
RUN-H op12k c nice -n 5 bash /home/user/aefinity-ai/alice-aegis/demo/agent-trace/eval/run_suite.sh /home/user/Ranger3143/labs/logs/safe/SAFE-02/suites/suite_op12k_zeroshot.tsv /home/user/Ranger3143/labs/logs/safe/SAFE-02/op12k/c --table /home/user/Ranger3143/labs/logs/safe/SAFE-02/tables/c.tsv
done op12k c rc 0
RUN-H op12k d nice -n 5 bash /home/user/aefinity-ai/alice-aegis/demo/agent-trace/eval/run_suite.sh /home/user/Ranger3143/labs/logs/safe/SAFE-02/suites/suite_op12k_zeroshot.tsv /home/user/Ranger3143/labs/logs/safe/SAFE-02/op12k/d --table /home/user/Ranger3143/labs/logs/safe/SAFE-02/tables/d.tsv
done op12k d rc 0
RUN-H op12k e nice -n 5 bash /home/user/aefinity-ai/alice-aegis/demo/agent-trace/eval/run_suite.sh /home/user/Ranger3143/labs/logs/safe/SAFE-02/suites/suite_op12k_zeroshot.tsv /home/user/Ranger3143/labs/logs/safe/SAFE-02/op12k/e --table /home/user/Ranger3143/labs/logs/safe/SAFE-02/tables/e.tsv
done op12k e rc 0
RUN-H op12k f nice -n 5 bash /home/user/aefinity-ai/alice-aegis/demo/agent-trace/eval/run_suite.sh /home/user/Ranger3143/labs/logs/safe/SAFE-02/suites/suite_op12k_zeroshot.tsv /home/user/Ranger3143/labs/logs/safe/SAFE-02/op12k/f --table /home/user/Ranger3143/labs/logs/safe/SAFE-02/tables/f.tsv
done op12k f rc 0
F op12k 0 q01
F op12k 0 q02
F op12k 0 q03
F op12k 0 q04
F op12k 0 q05
F op12k 0 q06
F op12k 0 q07
F op12k 0 q08
F op12k 0 q09
F op12k 0 q10
F op12k 0 q11
F op12k 0 q12
F op12k 0 q13
F op12k 0 q14
F op12k 0 q15
F op12k 0 q16
F op12k 0 q17
F op12k 0 q18
F op12k 0 q19
F op12k 0 q20
F op12k 0 q21
F op12k 0 q22
F op12k 0 q23
F op12k 0 q24
F op12k 0 q25
F op12k 0 q26
F op12k 0 q27
F op12k 0 q28
F op12k 0 q29
F op12k 0 q30
done F op12k 0 verify rc 0
F op12k a q01
F op12k a q02
F op12k a q03
F op12k a q04
F op12k a q05
F op12k a q06
F op12k a q07
F op12k a q08
F op12k a q09
F op12k a q10
F op12k a q11
F op12k a q12
F op12k a q13
F op12k a q14
F op12k a q15
F op12k a q16
F op12k a q17
F op12k a q18
F op12k a q19
F op12k a q20
F op12k a q21
F op12k a q22
F op12k a q23
F op12k a q24
F op12k a q25
F op12k a q26
F op12k a q27
F op12k a q28
F op12k a q29
F op12k a q30
done F op12k a verify rc 0
F op12k b q01
F op12k b q02
F op12k b q03
F op12k b q04
F op12k b q05
F op12k b q06
F op12k b q07
F op12k b q08
F op12k b q09
F op12k b q10
F op12k b q11
F op12k b q12
F op12k b q13
F op12k b q14
F op12k b q15
F op12k b q16
F op12k b q17
F op12k b q18
F op12k b q19
F op12k b q20
F op12k b q21
F op12k b q22
F op12k b q23
F op12k b q24
F op12k b q25
F op12k b q26
F op12k b q27
F op12k b q28
F op12k b q29
F op12k b q30
done F op12k b verify rc 0
F op12k c q01
F op12k c q02
F op12k c q03
F op12k c q04
F op12k c q05
F op12k c q06
F op12k c q07
F op12k c q08
F op12k c q09
F op12k c q10
F op12k c q11
F op12k c q12
F op12k c q13
F op12k c q14
F op12k c q15
F op12k c q16
F op12k c q17
F op12k c q18
F op12k c q19
F op12k c q20
F op12k c q21
F op12k c q22
F op12k c q23
F op12k c q24
F op12k c q25
F op12k c q26
F op12k c q27
F op12k c q28
F op12k c q29
F op12k c q30
done F op12k c verify rc 0
F op12k d q01
F op12k d q02
F op12k d q03
F op12k d q04
F op12k d q05
F op12k d q06
F op12k d q07
F op12k d q08
F op12k d q09
F op12k d q10
F op12k d q11
F op12k d q12
F op12k d q13
F op12k d q14
F op12k d q15
F op12k d q16
F op12k d q17
F op12k d q18
F op12k d q19
F op12k d q20
F op12k d q21
F op12k d q22
F op12k d q23
F op12k d q24
F op12k d q25
F op12k d q26
F op12k d q27
F op12k d q28
F op12k d q29
F op12k d q30
done F op12k d verify rc 0
F op12k e q01
F op12k e q02
F op12k e q03
F op12k e q04
F op12k e q05
F op12k e q06
F op12k e q07
F op12k e q08
F op12k e q09
F op12k e q10
F op12k e q11
F op12k e q12
F op12k e q13
F op12k e q14
F op12k e q15
F op12k e q16
F op12k e q17
F op12k e q18
F op12k e q19
F op12k e q20
F op12k e q21
F op12k e q22
F op12k e q23
F op12k e q24
F op12k e q25
F op12k e q26
F op12k e q27
F op12k e q28
F op12k e q29
F op12k e q30
done F op12k e verify rc 0
F op12k f q01
F op12k f q02
F op12k f q03
F op12k f q04
F op12k f q05
F op12k f q06
F op12k f q07
F op12k f q08
F op12k f q09
F op12k f q10
F op12k f q11
F op12k f q12
F op12k f q13
F op12k f q14
F op12k f q15
F op12k f q16
F op12k f q17
F op12k f q18
F op12k f q19
F op12k f q20
F op12k f q21
F op12k f q22
F op12k f q23
F op12k f q24
F op12k f q25
F op12k f q26
F op12k f q27
F op12k f q28
F op12k f q29
F op12k f q30
done F op12k f verify rc 0
