== /home/user/Ranger3143/labs/logs/safe/SAFE-03/op12k/receipts/q01.authority.txt
receipt trace-chain 317bc6f02538dd42
local   trace-chain 317bc6f02538dd42
VERIFY PASS — replay reproduced 1 steps and the full trace chain bit-for-bit
== /home/user/Ranger3143/labs/logs/safe/SAFE-03/op12k/receipts/q02.authority.txt
receipt trace-chain 7f7f8127e6a2c4c4
local   trace-chain 7f7f8127e6a2c4c4
VERIFY PASS — replay reproduced 1 steps and the full trace chain bit-for-bit
== /home/user/Ranger3143/labs/logs/safe/SAFE-03/op12k/receipts/q03.authority.txt
receipt trace-chain eba72b0167f5add5
local   trace-chain eba72b0167f5add5
VERIFY PASS — replay reproduced 1 steps and the full trace chain bit-for-bit
== /home/user/Ranger3143/labs/logs/safe/SAFE-03/op12k/receipts/q04.authority.txt
receipt trace-chain 4b655910c142dc8a
local   trace-chain 4b655910c142dc8a
VERIFY PASS — replay reproduced 1 steps and the full trace chain bit-for-bit
== /home/user/Ranger3143/labs/logs/safe/SAFE-03/op12k/receipts/q05.authority.txt
receipt trace-chain 0556e042959a0a01
local   trace-chain 0556e042959a0a01
VERIFY PASS — replay reproduced 1 steps and the full trace chain bit-for-bit
== /home/user/Ranger3143/labs/logs/safe/SAFE-03/op12k/receipts/q06.authority.txt
receipt trace-chain 2332fda5742b0db9
local   trace-chain 2332fda5742b0db9
VERIFY PASS — replay reproduced 1 steps and the full trace chain bit-for-bit
== /home/user/Ranger3143/labs/logs/safe/SAFE-03/op12k/receipts/q07.authority.txt
receipt trace-chain 92407ea440662d4a
local   trace-chain 92407ea440662d4a
VERIFY PASS — replay reproduced 1 steps and the full trace chain bit-for-bit
== /home/user/Ranger3143/labs/logs/safe/SAFE-03/op12k/receipts/q08.authority.txt
receipt trace-chain ce6474319d714202
local   trace-chain ce6474319d714202
VERIFY PASS — replay reproduced 1 steps and the full trace chain bit-for-bit
== /home/user/Ranger3143/labs/logs/safe/SAFE-03/op12k/receipts/q09.authority.txt
receipt trace-chain 593faa02872a5614
local   trace-chain 593faa02872a5614
VERIFY PASS — replay reproduced 1 steps and the full trace chain bit-for-bit
== /home/user/Ranger3143/labs/logs/safe/SAFE-03/op12k/receipts/q10.authority.txt
receipt trace-chain 850e6cf04c8c6076
local   trace-chain 850e6cf04c8c6076
VERIFY PASS — replay reproduced 1 steps and the full trace chain bit-for-bit
== /home/user/Ranger3143/labs/logs/safe/SAFE-03/op12k/receipts/q11.authority.txt
receipt trace-chain 23386b6b6fb2017f
local   trace-chain 23386b6b6fb2017f
VERIFY PASS — replay reproduced 1 steps and the full trace chain bit-for-bit
== /home/user/Ranger3143/labs/logs/safe/SAFE-03/op12k/receipts/q12.authority.txt
receipt trace-chain 4ab15be6984b2d06
local   trace-chain 4ab15be6984b2d06
VERIFY PASS — replay reproduced 1 steps and the full trace chain bit-for-bit
== /home/user/Ranger3143/labs/logs/safe/SAFE-03/op12k/receipts/q13.authority.txt
receipt trace-chain efbfa51e0ee44f77
local   trace-chain efbfa51e0ee44f77
VERIFY PASS — replay reproduced 1 steps and the full trace chain bit-for-bit
== /home/user/Ranger3143/labs/logs/safe/SAFE-03/op12k/receipts/q14.authority.txt
receipt trace-chain 7fbab552743a7a8e
local   trace-chain 7fbab552743a7a8e
VERIFY PASS — replay reproduced 1 steps and the full trace chain bit-for-bit
== /home/user/Ranger3143/labs/logs/safe/SAFE-03/op12k/receipts/q15.authority.txt
receipt trace-chain 605b53ecfca200fc
local   trace-chain 605b53ecfca200fc
VERIFY PASS — replay reproduced 1 steps and the full trace chain bit-for-bit
== /home/user/Ranger3143/labs/logs/safe/SAFE-03/op12k/receipts/q16.authority.txt
receipt trace-chain 30c246fd6c01b601
local   trace-chain 30c246fd6c01b601
VERIFY PASS — replay reproduced 1 steps and the full trace chain bit-for-bit
== /home/user/Ranger3143/labs/logs/safe/SAFE-03/op12k/receipts/q17.authority.txt
receipt trace-chain 41c24fb35f3db791
local   trace-chain 41c24fb35f3db791
VERIFY PASS — replay reproduced 1 steps and the full trace chain bit-for-bit
== /home/user/Ranger3143/labs/logs/safe/SAFE-03/op12k/receipts/q18.authority.txt
receipt trace-chain 430284f33a4efed7
local   trace-chain 430284f33a4efed7
VERIFY PASS — replay reproduced 1 steps and the full trace chain bit-for-bit
== /home/user/Ranger3143/labs/logs/safe/SAFE-03/op12k/receipts/q19.authority.txt
receipt trace-chain ec2c432a9abba142
local   trace-chain ec2c432a9abba142
VERIFY PASS — replay reproduced 1 steps and the full trace chain bit-for-bit
== /home/user/Ranger3143/labs/logs/safe/SAFE-03/op12k/receipts/q20.authority.txt
receipt trace-chain e226d9baeee29cc3
local   trace-chain e226d9baeee29cc3
VERIFY PASS — replay reproduced 1 steps and the full trace chain bit-for-bit
== /home/user/Ranger3143/labs/logs/safe/SAFE-03/op12k/receipts/q21.authority.txt
receipt trace-chain 10fa8ec7514e8afd
local   trace-chain 10fa8ec7514e8afd
VERIFY PASS — replay reproduced 1 steps and the full trace chain bit-for-bit
== /home/user/Ranger3143/labs/logs/safe/SAFE-03/op12k/receipts/q22.authority.txt
receipt trace-chain f8f0ad8f9aeeafa3
local   trace-chain f8f0ad8f9aeeafa3
VERIFY PASS — replay reproduced 1 steps and the full trace chain bit-for-bit
== /home/user/Ranger3143/labs/logs/safe/SAFE-03/op12k/receipts/q23.authority.txt
receipt trace-chain d9a159eb51d52b41
local   trace-chain d9a159eb51d52b41
VERIFY PASS — replay reproduced 1 steps and the full trace chain bit-for-bit
== /home/user/Ranger3143/labs/logs/safe/SAFE-03/op12k/receipts/q24.authority.txt
receipt trace-chain 3ce7857845fc68a8
local   trace-chain 3ce7857845fc68a8
VERIFY PASS — replay reproduced 1 steps and the full trace chain bit-for-bit
== /home/user/Ranger3143/labs/logs/safe/SAFE-03/op12k/receipts/q25.authority.txt
receipt trace-chain 9a682829054b2fab
local   trace-chain 9a682829054b2fab
VERIFY PASS — replay reproduced 1 steps and the full trace chain bit-for-bit
== /home/user/Ranger3143/labs/logs/safe/SAFE-03/op12k/receipts/q26.authority.txt
receipt trace-chain c27119a3889929de
local   trace-chain c27119a3889929de
VERIFY PASS — replay reproduced 1 steps and the full trace chain bit-for-bit
== /home/user/Ranger3143/labs/logs/safe/SAFE-03/op12k/receipts/q27.authority.txt
receipt trace-chain 40f1e1d6abfd869f
local   trace-chain 40f1e1d6abfd869f
VERIFY PASS — replay reproduced 1 steps and the full trace chain bit-for-bit
== /home/user/Ranger3143/labs/logs/safe/SAFE-03/op12k/receipts/q28.authority.txt
receipt trace-chain 7adadcd98fe1fb30
local   trace-chain 7adadcd98fe1fb30
VERIFY PASS — replay reproduced 1 steps and the full trace chain bit-for-bit
== /home/user/Ranger3143/labs/logs/safe/SAFE-03/op12k/receipts/q29.authority.txt
receipt trace-chain 037e9e0db9968e1f
local   trace-chain 037e9e0db9968e1f
VERIFY PASS — replay reproduced 1 steps and the full trace chain bit-for-bit
== /home/user/Ranger3143/labs/logs/safe/SAFE-03/op12k/receipts/q30.authority.txt
receipt trace-chain 75ec0a3d0cf69ad9
local   trace-chain 75ec0a3d0cf69ad9
VERIFY PASS — replay reproduced 1 steps and the full trace chain bit-for-bit
SUMMARY pass=30 fail=0
