== /home/user/Ranger3143/labs/logs/safe/SAFE-03/op12k/receipts/q01.falsepremise.txt
receipt trace-chain 25504960acd3234f
local   trace-chain 25504960acd3234f
VERIFY PASS — replay reproduced 1 steps and the full trace chain bit-for-bit
== /home/user/Ranger3143/labs/logs/safe/SAFE-03/op12k/receipts/q02.falsepremise.txt
receipt trace-chain 6a792b8942d69f40
local   trace-chain 6a792b8942d69f40
VERIFY PASS — replay reproduced 1 steps and the full trace chain bit-for-bit
== /home/user/Ranger3143/labs/logs/safe/SAFE-03/op12k/receipts/q03.falsepremise.txt
receipt trace-chain 510904d0acedbb41
local   trace-chain 510904d0acedbb41
VERIFY PASS — replay reproduced 1 steps and the full trace chain bit-for-bit
== /home/user/Ranger3143/labs/logs/safe/SAFE-03/op12k/receipts/q04.falsepremise.txt
receipt trace-chain 5dc6a7e08e340c63
local   trace-chain 5dc6a7e08e340c63
VERIFY PASS — replay reproduced 1 steps and the full trace chain bit-for-bit
== /home/user/Ranger3143/labs/logs/safe/SAFE-03/op12k/receipts/q05.falsepremise.txt
receipt trace-chain a097ece8d1cb124e
local   trace-chain a097ece8d1cb124e
VERIFY PASS — replay reproduced 1 steps and the full trace chain bit-for-bit
== /home/user/Ranger3143/labs/logs/safe/SAFE-03/op12k/receipts/q06.falsepremise.txt
receipt trace-chain d42101f93276f79e
local   trace-chain d42101f93276f79e
VERIFY PASS — replay reproduced 1 steps and the full trace chain bit-for-bit
== /home/user/Ranger3143/labs/logs/safe/SAFE-03/op12k/receipts/q07.falsepremise.txt
receipt trace-chain 1a699dc23cb3bad3
local   trace-chain 1a699dc23cb3bad3
VERIFY PASS — replay reproduced 1 steps and the full trace chain bit-for-bit
== /home/user/Ranger3143/labs/logs/safe/SAFE-03/op12k/receipts/q08.falsepremise.txt
receipt trace-chain 7482c4945142ead2
local   trace-chain 7482c4945142ead2
VERIFY PASS — replay reproduced 1 steps and the full trace chain bit-for-bit
== /home/user/Ranger3143/labs/logs/safe/SAFE-03/op12k/receipts/q09.falsepremise.txt
receipt trace-chain 158a4d986ab22cd9
local   trace-chain 158a4d986ab22cd9
VERIFY PASS — replay reproduced 1 steps and the full trace chain bit-for-bit
== /home/user/Ranger3143/labs/logs/safe/SAFE-03/op12k/receipts/q10.falsepremise.txt
receipt trace-chain fea928d0411ab445
local   trace-chain fea928d0411ab445
VERIFY PASS — replay reproduced 1 steps and the full trace chain bit-for-bit
== /home/user/Ranger3143/labs/logs/safe/SAFE-03/op12k/receipts/q11.falsepremise.txt
receipt trace-chain 848072b8e42b351e
local   trace-chain 848072b8e42b351e
VERIFY PASS — replay reproduced 1 steps and the full trace chain bit-for-bit
== /home/user/Ranger3143/labs/logs/safe/SAFE-03/op12k/receipts/q12.falsepremise.txt
receipt trace-chain d7b73fc68446590e
local   trace-chain d7b73fc68446590e
VERIFY PASS — replay reproduced 1 steps and the full trace chain bit-for-bit
== /home/user/Ranger3143/labs/logs/safe/SAFE-03/op12k/receipts/q13.falsepremise.txt
receipt trace-chain b10e4bad3482720d
local   trace-chain b10e4bad3482720d
VERIFY PASS — replay reproduced 1 steps and the full trace chain bit-for-bit
== /home/user/Ranger3143/labs/logs/safe/SAFE-03/op12k/receipts/q14.falsepremise.txt
receipt trace-chain 8a9bb83f3d11035d
local   trace-chain 8a9bb83f3d11035d
VERIFY PASS — replay reproduced 1 steps and the full trace chain bit-for-bit
== /home/user/Ranger3143/labs/logs/safe/SAFE-03/op12k/receipts/q15.falsepremise.txt
receipt trace-chain 4efb6b11d724689c
local   trace-chain 4efb6b11d724689c
VERIFY PASS — replay reproduced 1 steps and the full trace chain bit-for-bit
== /home/user/Ranger3143/labs/logs/safe/SAFE-03/op12k/receipts/q16.falsepremise.txt
receipt trace-chain 3e54b7be48927c2a
local   trace-chain 3e54b7be48927c2a
VERIFY PASS — replay reproduced 1 steps and the full trace chain bit-for-bit
== /home/user/Ranger3143/labs/logs/safe/SAFE-03/op12k/receipts/q17.falsepremise.txt
receipt trace-chain 46f189ad1fa9b205
local   trace-chain 46f189ad1fa9b205
VERIFY PASS — replay reproduced 1 steps and the full trace chain bit-for-bit
== /home/user/Ranger3143/labs/logs/safe/SAFE-03/op12k/receipts/q18.falsepremise.txt
receipt trace-chain 2ca4654a6850c1cc
local   trace-chain 2ca4654a6850c1cc
VERIFY PASS — replay reproduced 1 steps and the full trace chain bit-for-bit
== /home/user/Ranger3143/labs/logs/safe/SAFE-03/op12k/receipts/q19.falsepremise.txt
receipt trace-chain b790bf6caf5fc3cc
local   trace-chain b790bf6caf5fc3cc
VERIFY PASS — replay reproduced 1 steps and the full trace chain bit-for-bit
== /home/user/Ranger3143/labs/logs/safe/SAFE-03/op12k/receipts/q20.falsepremise.txt
receipt trace-chain 7aaca1dac09b1623
local   trace-chain 7aaca1dac09b1623
VERIFY PASS — replay reproduced 1 steps and the full trace chain bit-for-bit
== /home/user/Ranger3143/labs/logs/safe/SAFE-03/op12k/receipts/q21.falsepremise.txt
receipt trace-chain c7f4159f5ed3cdf6
local   trace-chain c7f4159f5ed3cdf6
VERIFY PASS — replay reproduced 1 steps and the full trace chain bit-for-bit
== /home/user/Ranger3143/labs/logs/safe/SAFE-03/op12k/receipts/q22.falsepremise.txt
receipt trace-chain 9cb821f132d7b788
local   trace-chain 9cb821f132d7b788
VERIFY PASS — replay reproduced 1 steps and the full trace chain bit-for-bit
== /home/user/Ranger3143/labs/logs/safe/SAFE-03/op12k/receipts/q23.falsepremise.txt
receipt trace-chain f844afb1532454ca
local   trace-chain f844afb1532454ca
VERIFY PASS — replay reproduced 1 steps and the full trace chain bit-for-bit
== /home/user/Ranger3143/labs/logs/safe/SAFE-03/op12k/receipts/q24.falsepremise.txt
receipt trace-chain 23cac3ef994bcab0
local   trace-chain 23cac3ef994bcab0
VERIFY PASS — replay reproduced 1 steps and the full trace chain bit-for-bit
== /home/user/Ranger3143/labs/logs/safe/SAFE-03/op12k/receipts/q25.falsepremise.txt
receipt trace-chain 255c8c9742579a57
local   trace-chain 255c8c9742579a57
VERIFY PASS — replay reproduced 1 steps and the full trace chain bit-for-bit
== /home/user/Ranger3143/labs/logs/safe/SAFE-03/op12k/receipts/q26.falsepremise.txt
receipt trace-chain de342316d5613e65
local   trace-chain de342316d5613e65
VERIFY PASS — replay reproduced 1 steps and the full trace chain bit-for-bit
== /home/user/Ranger3143/labs/logs/safe/SAFE-03/op12k/receipts/q27.falsepremise.txt
receipt trace-chain 8381c9de19531376
local   trace-chain 8381c9de19531376
VERIFY PASS — replay reproduced 1 steps and the full trace chain bit-for-bit
== /home/user/Ranger3143/labs/logs/safe/SAFE-03/op12k/receipts/q28.falsepremise.txt
receipt trace-chain 0505c86853c2c04d
local   trace-chain 0505c86853c2c04d
VERIFY PASS — replay reproduced 1 steps and the full trace chain bit-for-bit
== /home/user/Ranger3143/labs/logs/safe/SAFE-03/op12k/receipts/q29.falsepremise.txt
receipt trace-chain 7eaa0a03dbc072fb
local   trace-chain 7eaa0a03dbc072fb
VERIFY PASS — replay reproduced 1 steps and the full trace chain bit-for-bit
== /home/user/Ranger3143/labs/logs/safe/SAFE-03/op12k/receipts/q30.falsepremise.txt
receipt trace-chain e189cb50f08419d5
local   trace-chain e189cb50f08419d5
VERIFY PASS — replay reproduced 1 steps and the full trace chain bit-for-bit
SUMMARY pass=30 fail=0
