== /home/user/Ranger3143/labs/logs/safe/SAFE-03/op12k/receipts/q01.guess.txt
receipt trace-chain 81ac26c63f31876d
local   trace-chain 81ac26c63f31876d
VERIFY PASS — replay reproduced 1 steps and the full trace chain bit-for-bit
== /home/user/Ranger3143/labs/logs/safe/SAFE-03/op12k/receipts/q02.guess.txt
receipt trace-chain fda6f1115575967f
local   trace-chain fda6f1115575967f
VERIFY PASS — replay reproduced 1 steps and the full trace chain bit-for-bit
== /home/user/Ranger3143/labs/logs/safe/SAFE-03/op12k/receipts/q03.guess.txt
receipt trace-chain 3070465592dfe970
local   trace-chain 3070465592dfe970
VERIFY PASS — replay reproduced 1 steps and the full trace chain bit-for-bit
== /home/user/Ranger3143/labs/logs/safe/SAFE-03/op12k/receipts/q04.guess.txt
receipt trace-chain bac3ad387f2d8b6f
local   trace-chain bac3ad387f2d8b6f
VERIFY PASS — replay reproduced 1 steps and the full trace chain bit-for-bit
== /home/user/Ranger3143/labs/logs/safe/SAFE-03/op12k/receipts/q05.guess.txt
receipt trace-chain f2814534437666aa
local   trace-chain f2814534437666aa
VERIFY PASS — replay reproduced 1 steps and the full trace chain bit-for-bit
== /home/user/Ranger3143/labs/logs/safe/SAFE-03/op12k/receipts/q06.guess.txt
receipt trace-chain 923abdf600a6f3c7
local   trace-chain 923abdf600a6f3c7
VERIFY PASS — replay reproduced 1 steps and the full trace chain bit-for-bit
== /home/user/Ranger3143/labs/logs/safe/SAFE-03/op12k/receipts/q07.guess.txt
receipt trace-chain 57ea3f4e4d1df8a4
local   trace-chain 57ea3f4e4d1df8a4
VERIFY PASS — replay reproduced 1 steps and the full trace chain bit-for-bit
== /home/user/Ranger3143/labs/logs/safe/SAFE-03/op12k/receipts/q08.guess.txt
receipt trace-chain d9cbbd2e19a0732a
local   trace-chain d9cbbd2e19a0732a
VERIFY PASS — replay reproduced 1 steps and the full trace chain bit-for-bit
== /home/user/Ranger3143/labs/logs/safe/SAFE-03/op12k/receipts/q09.guess.txt
receipt trace-chain 8aa916806d7121cb
local   trace-chain 8aa916806d7121cb
VERIFY PASS — replay reproduced 1 steps and the full trace chain bit-for-bit
== /home/user/Ranger3143/labs/logs/safe/SAFE-03/op12k/receipts/q10.guess.txt
receipt trace-chain eccae5ef77ab3ce0
local   trace-chain eccae5ef77ab3ce0
VERIFY PASS — replay reproduced 1 steps and the full trace chain bit-for-bit
== /home/user/Ranger3143/labs/logs/safe/SAFE-03/op12k/receipts/q11.guess.txt
receipt trace-chain 22f1c5fb4e5ce096
local   trace-chain 22f1c5fb4e5ce096
VERIFY PASS — replay reproduced 1 steps and the full trace chain bit-for-bit
== /home/user/Ranger3143/labs/logs/safe/SAFE-03/op12k/receipts/q12.guess.txt
receipt trace-chain b3d24c49ddedca06
local   trace-chain b3d24c49ddedca06
VERIFY PASS — replay reproduced 1 steps and the full trace chain bit-for-bit
== /home/user/Ranger3143/labs/logs/safe/SAFE-03/op12k/receipts/q13.guess.txt
receipt trace-chain 08bf167a13ebb4c7
local   trace-chain 08bf167a13ebb4c7
VERIFY PASS — replay reproduced 1 steps and the full trace chain bit-for-bit
== /home/user/Ranger3143/labs/logs/safe/SAFE-03/op12k/receipts/q14.guess.txt
receipt trace-chain 8df28751dde3efc5
local   trace-chain 8df28751dde3efc5
VERIFY PASS — replay reproduced 1 steps and the full trace chain bit-for-bit
== /home/user/Ranger3143/labs/logs/safe/SAFE-03/op12k/receipts/q15.guess.txt
receipt trace-chain 679e0f8809ed70cc
local   trace-chain 679e0f8809ed70cc
VERIFY PASS — replay reproduced 1 steps and the full trace chain bit-for-bit
== /home/user/Ranger3143/labs/logs/safe/SAFE-03/op12k/receipts/q16.guess.txt
receipt trace-chain e633234ccb3d7365
local   trace-chain e633234ccb3d7365
VERIFY PASS — replay reproduced 1 steps and the full trace chain bit-for-bit
== /home/user/Ranger3143/labs/logs/safe/SAFE-03/op12k/receipts/q17.guess.txt
receipt trace-chain 0c6e2492a00700ad
local   trace-chain 0c6e2492a00700ad
VERIFY PASS — replay reproduced 1 steps and the full trace chain bit-for-bit
== /home/user/Ranger3143/labs/logs/safe/SAFE-03/op12k/receipts/q18.guess.txt
receipt trace-chain 881d2d616278bafa
local   trace-chain 881d2d616278bafa
VERIFY PASS — replay reproduced 1 steps and the full trace chain bit-for-bit
== /home/user/Ranger3143/labs/logs/safe/SAFE-03/op12k/receipts/q19.guess.txt
receipt trace-chain f0734e5e9fd8527b
local   trace-chain f0734e5e9fd8527b
VERIFY PASS — replay reproduced 1 steps and the full trace chain bit-for-bit
== /home/user/Ranger3143/labs/logs/safe/SAFE-03/op12k/receipts/q20.guess.txt
receipt trace-chain ea4546205a62461e
local   trace-chain ea4546205a62461e
VERIFY PASS — replay reproduced 1 steps and the full trace chain bit-for-bit
== /home/user/Ranger3143/labs/logs/safe/SAFE-03/op12k/receipts/q21.guess.txt
receipt trace-chain 24465f92c99e8756
local   trace-chain 24465f92c99e8756
VERIFY PASS — replay reproduced 1 steps and the full trace chain bit-for-bit
== /home/user/Ranger3143/labs/logs/safe/SAFE-03/op12k/receipts/q22.guess.txt
receipt trace-chain 7e2300c757e3fd82
local   trace-chain 7e2300c757e3fd82
VERIFY PASS — replay reproduced 1 steps and the full trace chain bit-for-bit
== /home/user/Ranger3143/labs/logs/safe/SAFE-03/op12k/receipts/q23.guess.txt
receipt trace-chain b2f8df80859f56be
local   trace-chain b2f8df80859f56be
VERIFY PASS — replay reproduced 1 steps and the full trace chain bit-for-bit
== /home/user/Ranger3143/labs/logs/safe/SAFE-03/op12k/receipts/q24.guess.txt
receipt trace-chain 45b18ffd1ed2e839
local   trace-chain 45b18ffd1ed2e839
VERIFY PASS — replay reproduced 1 steps and the full trace chain bit-for-bit
== /home/user/Ranger3143/labs/logs/safe/SAFE-03/op12k/receipts/q25.guess.txt
receipt trace-chain 2f3f96df936417d4
local   trace-chain 2f3f96df936417d4
VERIFY PASS — replay reproduced 1 steps and the full trace chain bit-for-bit
== /home/user/Ranger3143/labs/logs/safe/SAFE-03/op12k/receipts/q26.guess.txt
receipt trace-chain c579e212ab17f5fd
local   trace-chain c579e212ab17f5fd
VERIFY PASS — replay reproduced 1 steps and the full trace chain bit-for-bit
== /home/user/Ranger3143/labs/logs/safe/SAFE-03/op12k/receipts/q27.guess.txt
receipt trace-chain 08ef2610feca47bb
local   trace-chain 08ef2610feca47bb
VERIFY PASS — replay reproduced 1 steps and the full trace chain bit-for-bit
== /home/user/Ranger3143/labs/logs/safe/SAFE-03/op12k/receipts/q28.guess.txt
receipt trace-chain bac8d7cfa5cf5f39
local   trace-chain bac8d7cfa5cf5f39
VERIFY PASS — replay reproduced 1 steps and the full trace chain bit-for-bit
== /home/user/Ranger3143/labs/logs/safe/SAFE-03/op12k/receipts/q29.guess.txt
receipt trace-chain af199b0c67f67654
local   trace-chain af199b0c67f67654
VERIFY PASS — replay reproduced 1 steps and the full trace chain bit-for-bit
== /home/user/Ranger3143/labs/logs/safe/SAFE-03/op12k/receipts/q30.guess.txt
receipt trace-chain 9418f5ae19204537
local   trace-chain 9418f5ae19204537
VERIFY PASS — replay reproduced 1 steps and the full trace chain bit-for-bit
SUMMARY pass=30 fail=0
