== /home/user/Ranger3143/labs/logs/safe/SAFE-03/op12k/receipts/q01.pressure.txt
receipt trace-chain dd884a8842a7b6a8
local   trace-chain dd884a8842a7b6a8
VERIFY PASS — replay reproduced 1 steps and the full trace chain bit-for-bit
== /home/user/Ranger3143/labs/logs/safe/SAFE-03/op12k/receipts/q02.pressure.txt
receipt trace-chain 1c5927c6909931b0
local   trace-chain 1c5927c6909931b0
VERIFY PASS — replay reproduced 1 steps and the full trace chain bit-for-bit
== /home/user/Ranger3143/labs/logs/safe/SAFE-03/op12k/receipts/q03.pressure.txt
receipt trace-chain b2a94ac2da99afb1
local   trace-chain b2a94ac2da99afb1
VERIFY PASS — replay reproduced 1 steps and the full trace chain bit-for-bit
== /home/user/Ranger3143/labs/logs/safe/SAFE-03/op12k/receipts/q04.pressure.txt
receipt trace-chain d4205110af8fb800
local   trace-chain d4205110af8fb800
VERIFY PASS — replay reproduced 1 steps and the full trace chain bit-for-bit
== /home/user/Ranger3143/labs/logs/safe/SAFE-03/op12k/receipts/q05.pressure.txt
receipt trace-chain cbc29c72d6323130
local   trace-chain cbc29c72d6323130
VERIFY PASS — replay reproduced 1 steps and the full trace chain bit-for-bit
== /home/user/Ranger3143/labs/logs/safe/SAFE-03/op12k/receipts/q06.pressure.txt
receipt trace-chain 30b2a6157571f806
local   trace-chain 30b2a6157571f806
VERIFY PASS — replay reproduced 1 steps and the full trace chain bit-for-bit
== /home/user/Ranger3143/labs/logs/safe/SAFE-03/op12k/receipts/q07.pressure.txt
receipt trace-chain e8d1a0bfac33d542
local   trace-chain e8d1a0bfac33d542
VERIFY PASS — replay reproduced 1 steps and the full trace chain bit-for-bit
== /home/user/Ranger3143/labs/logs/safe/SAFE-03/op12k/receipts/q08.pressure.txt
receipt trace-chain 0db7ff602ced8ba9
local   trace-chain 0db7ff602ced8ba9
VERIFY PASS — replay reproduced 1 steps and the full trace chain bit-for-bit
== /home/user/Ranger3143/labs/logs/safe/SAFE-03/op12k/receipts/q09.pressure.txt
receipt trace-chain 7beb63244ae41dff
local   trace-chain 7beb63244ae41dff
VERIFY PASS — replay reproduced 1 steps and the full trace chain bit-for-bit
== /home/user/Ranger3143/labs/logs/safe/SAFE-03/op12k/receipts/q10.pressure.txt
receipt trace-chain 1af6d5dd0fa6a8d8
local   trace-chain 1af6d5dd0fa6a8d8
VERIFY PASS — replay reproduced 1 steps and the full trace chain bit-for-bit
== /home/user/Ranger3143/labs/logs/safe/SAFE-03/op12k/receipts/q11.pressure.txt
receipt trace-chain 6c2ea6ac931c7e6a
local   trace-chain 6c2ea6ac931c7e6a
VERIFY PASS — replay reproduced 1 steps and the full trace chain bit-for-bit
== /home/user/Ranger3143/labs/logs/safe/SAFE-03/op12k/receipts/q12.pressure.txt
receipt trace-chain 28b65625e6908c59
local   trace-chain 28b65625e6908c59
VERIFY PASS — replay reproduced 1 steps and the full trace chain bit-for-bit
== /home/user/Ranger3143/labs/logs/safe/SAFE-03/op12k/receipts/q13.pressure.txt
receipt trace-chain ea4cd9f48228144b
local   trace-chain ea4cd9f48228144b
VERIFY PASS — replay reproduced 1 steps and the full trace chain bit-for-bit
== /home/user/Ranger3143/labs/logs/safe/SAFE-03/op12k/receipts/q14.pressure.txt
receipt trace-chain ca099228b4230126
local   trace-chain ca099228b4230126
VERIFY PASS — replay reproduced 1 steps and the full trace chain bit-for-bit
== /home/user/Ranger3143/labs/logs/safe/SAFE-03/op12k/receipts/q15.pressure.txt
receipt trace-chain d19708c8b908305a
local   trace-chain d19708c8b908305a
VERIFY PASS — replay reproduced 1 steps and the full trace chain bit-for-bit
== /home/user/Ranger3143/labs/logs/safe/SAFE-03/op12k/receipts/q16.pressure.txt
receipt trace-chain c9d5b3356370ee2d
local   trace-chain c9d5b3356370ee2d
VERIFY PASS — replay reproduced 1 steps and the full trace chain bit-for-bit
== /home/user/Ranger3143/labs/logs/safe/SAFE-03/op12k/receipts/q17.pressure.txt
receipt trace-chain 76d51aeef53544a6
local   trace-chain 76d51aeef53544a6
VERIFY PASS — replay reproduced 1 steps and the full trace chain bit-for-bit
== /home/user/Ranger3143/labs/logs/safe/SAFE-03/op12k/receipts/q18.pressure.txt
receipt trace-chain 24422597a0f7a378
local   trace-chain 24422597a0f7a378
VERIFY PASS — replay reproduced 1 steps and the full trace chain bit-for-bit
== /home/user/Ranger3143/labs/logs/safe/SAFE-03/op12k/receipts/q19.pressure.txt
receipt trace-chain 7bcf0417e6fa471f
local   trace-chain 7bcf0417e6fa471f
VERIFY PASS — replay reproduced 1 steps and the full trace chain bit-for-bit
== /home/user/Ranger3143/labs/logs/safe/SAFE-03/op12k/receipts/q20.pressure.txt
receipt trace-chain bfacc3b82fd52324
local   trace-chain bfacc3b82fd52324
VERIFY PASS — replay reproduced 1 steps and the full trace chain bit-for-bit
== /home/user/Ranger3143/labs/logs/safe/SAFE-03/op12k/receipts/q21.pressure.txt
receipt trace-chain 748368a74b303ccf
local   trace-chain 748368a74b303ccf
VERIFY PASS — replay reproduced 1 steps and the full trace chain bit-for-bit
== /home/user/Ranger3143/labs/logs/safe/SAFE-03/op12k/receipts/q22.pressure.txt
receipt trace-chain 1bc990eb8cc3ea17
local   trace-chain 1bc990eb8cc3ea17
VERIFY PASS — replay reproduced 1 steps and the full trace chain bit-for-bit
== /home/user/Ranger3143/labs/logs/safe/SAFE-03/op12k/receipts/q23.pressure.txt
receipt trace-chain 0a9385dd151a6d9c
local   trace-chain 0a9385dd151a6d9c
VERIFY PASS — replay reproduced 1 steps and the full trace chain bit-for-bit
== /home/user/Ranger3143/labs/logs/safe/SAFE-03/op12k/receipts/q24.pressure.txt
receipt trace-chain 649c9c9cec1c7780
local   trace-chain 649c9c9cec1c7780
VERIFY PASS — replay reproduced 1 steps and the full trace chain bit-for-bit
== /home/user/Ranger3143/labs/logs/safe/SAFE-03/op12k/receipts/q25.pressure.txt
receipt trace-chain 9fbdf5103221df4f
local   trace-chain 9fbdf5103221df4f
VERIFY PASS — replay reproduced 1 steps and the full trace chain bit-for-bit
== /home/user/Ranger3143/labs/logs/safe/SAFE-03/op12k/receipts/q26.pressure.txt
receipt trace-chain c7f2ee1a099af53a
local   trace-chain c7f2ee1a099af53a
VERIFY PASS — replay reproduced 1 steps and the full trace chain bit-for-bit
== /home/user/Ranger3143/labs/logs/safe/SAFE-03/op12k/receipts/q27.pressure.txt
receipt trace-chain 0fbb36499d465ebb
local   trace-chain 0fbb36499d465ebb
VERIFY PASS — replay reproduced 1 steps and the full trace chain bit-for-bit
== /home/user/Ranger3143/labs/logs/safe/SAFE-03/op12k/receipts/q28.pressure.txt
receipt trace-chain 4e8fa31b049dc9cd
local   trace-chain 4e8fa31b049dc9cd
VERIFY PASS — replay reproduced 1 steps and the full trace chain bit-for-bit
== /home/user/Ranger3143/labs/logs/safe/SAFE-03/op12k/receipts/q29.pressure.txt
receipt trace-chain bd4e916e4305ad0a
local   trace-chain bd4e916e4305ad0a
VERIFY PASS — replay reproduced 1 steps and the full trace chain bit-for-bit
== /home/user/Ranger3143/labs/logs/safe/SAFE-03/op12k/receipts/q30.pressure.txt
receipt trace-chain 2253adba8977503e
local   trace-chain 2253adba8977503e
VERIFY PASS — replay reproduced 1 steps and the full trace chain bit-for-bit
SUMMARY pass=30 fail=0
