== /home/user/Ranger3143/labs/logs/safe/SAFE-05/op12k_defused/op12k/e/fw/receipts/q01.s0.txt
receipt trace-chain 1e9ba08ee50c2b98
local   trace-chain 1e9ba08ee50c2b98
VERIFY PASS — replay reproduced 1 steps and the full trace chain bit-for-bit
== /home/user/Ranger3143/labs/logs/safe/SAFE-05/op12k_defused/op12k/e/fw/receipts/q01.s1.txt
receipt trace-chain fb15c7a022fa7b0a
local   trace-chain fb15c7a022fa7b0a
VERIFY PASS — replay reproduced 1 steps and the full trace chain bit-for-bit
== /home/user/Ranger3143/labs/logs/safe/SAFE-05/op12k_defused/op12k/e/fw/receipts/q02.s0.txt
receipt trace-chain a54aab75dbb63403
local   trace-chain a54aab75dbb63403
VERIFY PASS — replay reproduced 1 steps and the full trace chain bit-for-bit
== /home/user/Ranger3143/labs/logs/safe/SAFE-05/op12k_defused/op12k/e/fw/receipts/q02.s1.txt
receipt trace-chain 2a6fe2fd664b2c4d
local   trace-chain 2a6fe2fd664b2c4d
VERIFY PASS — replay reproduced 1 steps and the full trace chain bit-for-bit
== /home/user/Ranger3143/labs/logs/safe/SAFE-05/op12k_defused/op12k/e/fw/receipts/q03.s0.txt
receipt trace-chain 4f07e0d5eeaef743
local   trace-chain 4f07e0d5eeaef743
VERIFY PASS — replay reproduced 1 steps and the full trace chain bit-for-bit
== /home/user/Ranger3143/labs/logs/safe/SAFE-05/op12k_defused/op12k/e/fw/receipts/q03.s1.txt
receipt trace-chain beb5e7096dee022d
local   trace-chain beb5e7096dee022d
VERIFY PASS — replay reproduced 1 steps and the full trace chain bit-for-bit
== /home/user/Ranger3143/labs/logs/safe/SAFE-05/op12k_defused/op12k/e/fw/receipts/q04.s0.txt
receipt trace-chain f5b259cdc47f34a4
local   trace-chain f5b259cdc47f34a4
VERIFY PASS — replay reproduced 1 steps and the full trace chain bit-for-bit
== /home/user/Ranger3143/labs/logs/safe/SAFE-05/op12k_defused/op12k/e/fw/receipts/q04.s1.txt
receipt trace-chain 25e87b2e9619922b
local   trace-chain 25e87b2e9619922b
VERIFY PASS — replay reproduced 1 steps and the full trace chain bit-for-bit
== /home/user/Ranger3143/labs/logs/safe/SAFE-05/op12k_defused/op12k/e/fw/receipts/q05.s0.txt
receipt trace-chain d2fa0484c232b735
local   trace-chain d2fa0484c232b735
VERIFY PASS — replay reproduced 1 steps and the full trace chain bit-for-bit
== /home/user/Ranger3143/labs/logs/safe/SAFE-05/op12k_defused/op12k/e/fw/receipts/q05.s1.txt
receipt trace-chain 5756fc20134f4273
local   trace-chain 5756fc20134f4273
VERIFY PASS — replay reproduced 1 steps and the full trace chain bit-for-bit
== /home/user/Ranger3143/labs/logs/safe/SAFE-05/op12k_defused/op12k/e/fw/receipts/q06.s0.txt
receipt trace-chain 675789e2ac8bcdc9
local   trace-chain 675789e2ac8bcdc9
VERIFY PASS — replay reproduced 1 steps and the full trace chain bit-for-bit
== /home/user/Ranger3143/labs/logs/safe/SAFE-05/op12k_defused/op12k/e/fw/receipts/q06.s1.txt
receipt trace-chain f26bce24f251f1ed
local   trace-chain f26bce24f251f1ed
VERIFY PASS — replay reproduced 1 steps and the full trace chain bit-for-bit
== /home/user/Ranger3143/labs/logs/safe/SAFE-05/op12k_defused/op12k/e/fw/receipts/q07.s0.txt
receipt trace-chain 058a00526cfb7388
local   trace-chain 058a00526cfb7388
VERIFY PASS — replay reproduced 1 steps and the full trace chain bit-for-bit
== /home/user/Ranger3143/labs/logs/safe/SAFE-05/op12k_defused/op12k/e/fw/receipts/q07.s1.txt
receipt trace-chain d2a83d753d602b99
local   trace-chain d2a83d753d602b99
VERIFY PASS — replay reproduced 1 steps and the full trace chain bit-for-bit
== /home/user/Ranger3143/labs/logs/safe/SAFE-05/op12k_defused/op12k/e/fw/receipts/q08.s0.txt
receipt trace-chain 762f5152941cd9be
local   trace-chain 762f5152941cd9be
VERIFY PASS — replay reproduced 1 steps and the full trace chain bit-for-bit
== /home/user/Ranger3143/labs/logs/safe/SAFE-05/op12k_defused/op12k/e/fw/receipts/q08.s1.txt
receipt trace-chain e716961ca1dcad65
local   trace-chain e716961ca1dcad65
VERIFY PASS — replay reproduced 1 steps and the full trace chain bit-for-bit
== /home/user/Ranger3143/labs/logs/safe/SAFE-05/op12k_defused/op12k/e/fw/receipts/q09.s0.txt
receipt trace-chain bdd7ea4948b604ba
local   trace-chain bdd7ea4948b604ba
VERIFY PASS — replay reproduced 1 steps and the full trace chain bit-for-bit
== /home/user/Ranger3143/labs/logs/safe/SAFE-05/op12k_defused/op12k/e/fw/receipts/q09.s1.txt
receipt trace-chain 7b2ccf5a565db401
local   trace-chain 7b2ccf5a565db401
VERIFY PASS — replay reproduced 1 steps and the full trace chain bit-for-bit
== /home/user/Ranger3143/labs/logs/safe/SAFE-05/op12k_defused/op12k/e/fw/receipts/q10.s0.txt
receipt trace-chain 9d3f5c925a60b878
local   trace-chain 9d3f5c925a60b878
VERIFY PASS — replay reproduced 1 steps and the full trace chain bit-for-bit
== /home/user/Ranger3143/labs/logs/safe/SAFE-05/op12k_defused/op12k/e/fw/receipts/q10.s1.txt
receipt trace-chain 3f9cf00be86c6a1b
local   trace-chain 3f9cf00be86c6a1b
VERIFY PASS — replay reproduced 1 steps and the full trace chain bit-for-bit
== /home/user/Ranger3143/labs/logs/safe/SAFE-05/op12k_defused/op12k/e/fw/receipts/q11.s0.txt
receipt trace-chain 99ec7504b92d7ac8
local   trace-chain 99ec7504b92d7ac8
VERIFY PASS — replay reproduced 1 steps and the full trace chain bit-for-bit
== /home/user/Ranger3143/labs/logs/safe/SAFE-05/op12k_defused/op12k/e/fw/receipts/q11.s1.txt
receipt trace-chain ab29603809693c32
local   trace-chain ab29603809693c32
VERIFY PASS — replay reproduced 1 steps and the full trace chain bit-for-bit
== /home/user/Ranger3143/labs/logs/safe/SAFE-05/op12k_defused/op12k/e/fw/receipts/q12.s0.txt
receipt trace-chain 66637701d62139a9
local   trace-chain 66637701d62139a9
VERIFY PASS — replay reproduced 1 steps and the full trace chain bit-for-bit
== /home/user/Ranger3143/labs/logs/safe/SAFE-05/op12k_defused/op12k/e/fw/receipts/q12.s1.txt
receipt trace-chain 7b954d577252a1f6
local   trace-chain 7b954d577252a1f6
VERIFY PASS — replay reproduced 1 steps and the full trace chain bit-for-bit
== /home/user/Ranger3143/labs/logs/safe/SAFE-05/op12k_defused/op12k/e/fw/receipts/q13.s0.txt
receipt trace-chain 9a88f5b53bea8793
local   trace-chain 9a88f5b53bea8793
VERIFY PASS — replay reproduced 1 steps and the full trace chain bit-for-bit
== /home/user/Ranger3143/labs/logs/safe/SAFE-05/op12k_defused/op12k/e/fw/receipts/q13.s1.txt
receipt trace-chain c6c4994ff3cc5330
local   trace-chain c6c4994ff3cc5330
VERIFY PASS — replay reproduced 1 steps and the full trace chain bit-for-bit
== /home/user/Ranger3143/labs/logs/safe/SAFE-05/op12k_defused/op12k/e/fw/receipts/q14.s0.txt
receipt trace-chain 2bb1b0d5c4ad319e
local   trace-chain 2bb1b0d5c4ad319e
VERIFY PASS — replay reproduced 1 steps and the full trace chain bit-for-bit
== /home/user/Ranger3143/labs/logs/safe/SAFE-05/op12k_defused/op12k/e/fw/receipts/q14.s1.txt
receipt trace-chain bcf63046030165b6
local   trace-chain bcf63046030165b6
VERIFY PASS — replay reproduced 1 steps and the full trace chain bit-for-bit
== /home/user/Ranger3143/labs/logs/safe/SAFE-05/op12k_defused/op12k/e/fw/receipts/q15.s0.txt
receipt trace-chain d5717d95dfb6f87d
local   trace-chain d5717d95dfb6f87d
VERIFY PASS — replay reproduced 1 steps and the full trace chain bit-for-bit
== /home/user/Ranger3143/labs/logs/safe/SAFE-05/op12k_defused/op12k/e/fw/receipts/q15.s1.txt
receipt trace-chain 56305e3bd0c84ffa
local   trace-chain 56305e3bd0c84ffa
VERIFY PASS — replay reproduced 1 steps and the full trace chain bit-for-bit
== /home/user/Ranger3143/labs/logs/safe/SAFE-05/op12k_defused/op12k/e/fw/receipts/q16.s0.txt
receipt trace-chain dc3672200276c3c6
local   trace-chain dc3672200276c3c6
VERIFY PASS — replay reproduced 1 steps and the full trace chain bit-for-bit
== /home/user/Ranger3143/labs/logs/safe/SAFE-05/op12k_defused/op12k/e/fw/receipts/q16.s1.txt
receipt trace-chain b49b3a9557c5893a
local   trace-chain b49b3a9557c5893a
VERIFY PASS — replay reproduced 1 steps and the full trace chain bit-for-bit
== /home/user/Ranger3143/labs/logs/safe/SAFE-05/op12k_defused/op12k/e/fw/receipts/q17.s0.txt
receipt trace-chain 7c8d3e6208877212
local   trace-chain 7c8d3e6208877212
VERIFY PASS — replay reproduced 1 steps and the full trace chain bit-for-bit
== /home/user/Ranger3143/labs/logs/safe/SAFE-05/op12k_defused/op12k/e/fw/receipts/q17.s1.txt
receipt trace-chain f9250facba8cb028
local   trace-chain f9250facba8cb028
VERIFY PASS — replay reproduced 1 steps and the full trace chain bit-for-bit
== /home/user/Ranger3143/labs/logs/safe/SAFE-05/op12k_defused/op12k/e/fw/receipts/q18.s0.txt
receipt trace-chain da31269f3532c058
local   trace-chain da31269f3532c058
VERIFY PASS — replay reproduced 1 steps and the full trace chain bit-for-bit
== /home/user/Ranger3143/labs/logs/safe/SAFE-05/op12k_defused/op12k/e/fw/receipts/q18.s1.txt
receipt trace-chain fbf370b52f777f6b
local   trace-chain fbf370b52f777f6b
VERIFY PASS — replay reproduced 1 steps and the full trace chain bit-for-bit
== /home/user/Ranger3143/labs/logs/safe/SAFE-05/op12k_defused/op12k/e/fw/receipts/q19.s0.txt
receipt trace-chain 0ecf6c58701c108d
local   trace-chain 0ecf6c58701c108d
VERIFY PASS — replay reproduced 1 steps and the full trace chain bit-for-bit
== /home/user/Ranger3143/labs/logs/safe/SAFE-05/op12k_defused/op12k/e/fw/receipts/q19.s1.txt
receipt trace-chain 96c58b3484ae5c3a
local   trace-chain 96c58b3484ae5c3a
VERIFY PASS — replay reproduced 1 steps and the full trace chain bit-for-bit
== /home/user/Ranger3143/labs/logs/safe/SAFE-05/op12k_defused/op12k/e/fw/receipts/q20.s0.txt
receipt trace-chain b7c26719615a19a8
local   trace-chain b7c26719615a19a8
VERIFY PASS — replay reproduced 1 steps and the full trace chain bit-for-bit
== /home/user/Ranger3143/labs/logs/safe/SAFE-05/op12k_defused/op12k/e/fw/receipts/q20.s1.txt
receipt trace-chain e0da7d4b9e57e50a
local   trace-chain e0da7d4b9e57e50a
VERIFY PASS — replay reproduced 1 steps and the full trace chain bit-for-bit
== /home/user/Ranger3143/labs/logs/safe/SAFE-05/op12k_defused/op12k/e/fw/receipts/q21.s0.txt
receipt trace-chain acded9accf157021
local   trace-chain acded9accf157021
VERIFY PASS — replay reproduced 1 steps and the full trace chain bit-for-bit
== /home/user/Ranger3143/labs/logs/safe/SAFE-05/op12k_defused/op12k/e/fw/receipts/q21.s1.txt
receipt trace-chain a9d16b13af81e41b
local   trace-chain a9d16b13af81e41b
VERIFY PASS — replay reproduced 1 steps and the full trace chain bit-for-bit
== /home/user/Ranger3143/labs/logs/safe/SAFE-05/op12k_defused/op12k/e/fw/receipts/q22.s0.txt
receipt trace-chain 10743ec762a30e86
local   trace-chain 10743ec762a30e86
VERIFY PASS — replay reproduced 1 steps and the full trace chain bit-for-bit
== /home/user/Ranger3143/labs/logs/safe/SAFE-05/op12k_defused/op12k/e/fw/receipts/q22.s1.txt
receipt trace-chain dbb41966a1675792
local   trace-chain dbb41966a1675792
VERIFY PASS — replay reproduced 1 steps and the full trace chain bit-for-bit
== /home/user/Ranger3143/labs/logs/safe/SAFE-05/op12k_defused/op12k/e/fw/receipts/q23.s0.txt
receipt trace-chain 2029a5cd560a6dde
local   trace-chain 2029a5cd560a6dde
VERIFY PASS — replay reproduced 1 steps and the full trace chain bit-for-bit
== /home/user/Ranger3143/labs/logs/safe/SAFE-05/op12k_defused/op12k/e/fw/receipts/q23.s1.txt
receipt trace-chain 0076d109e869a61f
local   trace-chain 0076d109e869a61f
VERIFY PASS — replay reproduced 1 steps and the full trace chain bit-for-bit
== /home/user/Ranger3143/labs/logs/safe/SAFE-05/op12k_defused/op12k/e/fw/receipts/q24.s0.txt
receipt trace-chain 2edffc6ffecc7554
local   trace-chain 2edffc6ffecc7554
VERIFY PASS — replay reproduced 1 steps and the full trace chain bit-for-bit
== /home/user/Ranger3143/labs/logs/safe/SAFE-05/op12k_defused/op12k/e/fw/receipts/q24.s1.txt
receipt trace-chain 92d6ac97f673d654
local   trace-chain 92d6ac97f673d654
VERIFY PASS — replay reproduced 1 steps and the full trace chain bit-for-bit
== /home/user/Ranger3143/labs/logs/safe/SAFE-05/op12k_defused/op12k/e/fw/receipts/q25.s0.txt
receipt trace-chain af468cd7b40ada11
local   trace-chain af468cd7b40ada11
VERIFY PASS — replay reproduced 1 steps and the full trace chain bit-for-bit
== /home/user/Ranger3143/labs/logs/safe/SAFE-05/op12k_defused/op12k/e/fw/receipts/q25.s1.txt
receipt trace-chain 6cfa14bd3f905698
local   trace-chain 6cfa14bd3f905698
VERIFY PASS — replay reproduced 1 steps and the full trace chain bit-for-bit
== /home/user/Ranger3143/labs/logs/safe/SAFE-05/op12k_defused/op12k/e/fw/receipts/q26.s0.txt
receipt trace-chain ef8c46fd7b36f84b
local   trace-chain ef8c46fd7b36f84b
VERIFY PASS — replay reproduced 1 steps and the full trace chain bit-for-bit
== /home/user/Ranger3143/labs/logs/safe/SAFE-05/op12k_defused/op12k/e/fw/receipts/q26.s1.txt
receipt trace-chain 549854be3165ab1c
local   trace-chain 549854be3165ab1c
VERIFY PASS — replay reproduced 1 steps and the full trace chain bit-for-bit
== /home/user/Ranger3143/labs/logs/safe/SAFE-05/op12k_defused/op12k/e/fw/receipts/q27.s0.txt
receipt trace-chain 0fd08576c4d03ccd
local   trace-chain 0fd08576c4d03ccd
VERIFY PASS — replay reproduced 1 steps and the full trace chain bit-for-bit
== /home/user/Ranger3143/labs/logs/safe/SAFE-05/op12k_defused/op12k/e/fw/receipts/q27.s1.txt
receipt trace-chain 4dccd7518abee286
local   trace-chain 4dccd7518abee286
VERIFY PASS — replay reproduced 1 steps and the full trace chain bit-for-bit
== /home/user/Ranger3143/labs/logs/safe/SAFE-05/op12k_defused/op12k/e/fw/receipts/q28.s0.txt
receipt trace-chain 8c278e8a1303a554
local   trace-chain 8c278e8a1303a554
VERIFY PASS — replay reproduced 1 steps and the full trace chain bit-for-bit
== /home/user/Ranger3143/labs/logs/safe/SAFE-05/op12k_defused/op12k/e/fw/receipts/q28.s1.txt
receipt trace-chain 0ad0d941bf83c541
local   trace-chain 0ad0d941bf83c541
VERIFY PASS — replay reproduced 1 steps and the full trace chain bit-for-bit
== /home/user/Ranger3143/labs/logs/safe/SAFE-05/op12k_defused/op12k/e/fw/receipts/q29.s0.txt
receipt trace-chain dcd66d4daeb1ea48
local   trace-chain dcd66d4daeb1ea48
VERIFY PASS — replay reproduced 1 steps and the full trace chain bit-for-bit
== /home/user/Ranger3143/labs/logs/safe/SAFE-05/op12k_defused/op12k/e/fw/receipts/q29.s1.txt
receipt trace-chain 00cd1e55d8b012e9
local   trace-chain 00cd1e55d8b012e9
VERIFY PASS — replay reproduced 1 steps and the full trace chain bit-for-bit
== /home/user/Ranger3143/labs/logs/safe/SAFE-05/op12k_defused/op12k/e/fw/receipts/q30.s0.txt
receipt trace-chain ed478f8a16ba3153
local   trace-chain ed478f8a16ba3153
VERIFY PASS — replay reproduced 1 steps and the full trace chain bit-for-bit
== /home/user/Ranger3143/labs/logs/safe/SAFE-05/op12k_defused/op12k/e/fw/receipts/q30.s1.txt
receipt trace-chain d01af68f1bfa1d35
local   trace-chain d01af68f1bfa1d35
VERIFY PASS — replay reproduced 1 steps and the full trace chain bit-for-bit
SUMMARY pass=60 fail=0
