== /home/user/Ranger3143/labs/logs/safe/SAFE-05/op12k_p0control/op12k/0/fw/receipts/q01.s0.txt
receipt trace-chain f7ef5e5a3163d5c0
local   trace-chain f7ef5e5a3163d5c0
VERIFY PASS — replay reproduced 1 steps and the full trace chain bit-for-bit
== /home/user/Ranger3143/labs/logs/safe/SAFE-05/op12k_p0control/op12k/0/fw/receipts/q01.s1.txt
receipt trace-chain fc29ead870dbc8db
local   trace-chain fc29ead870dbc8db
VERIFY PASS — replay reproduced 1 steps and the full trace chain bit-for-bit
== /home/user/Ranger3143/labs/logs/safe/SAFE-05/op12k_p0control/op12k/0/fw/receipts/q02.s0.txt
receipt trace-chain 14c857cd044e9ae3
local   trace-chain 14c857cd044e9ae3
VERIFY PASS — replay reproduced 1 steps and the full trace chain bit-for-bit
== /home/user/Ranger3143/labs/logs/safe/SAFE-05/op12k_p0control/op12k/0/fw/receipts/q02.s1.txt
receipt trace-chain f4b81fb014e6a2b7
local   trace-chain f4b81fb014e6a2b7
VERIFY PASS — replay reproduced 1 steps and the full trace chain bit-for-bit
== /home/user/Ranger3143/labs/logs/safe/SAFE-05/op12k_p0control/op12k/0/fw/receipts/q03.s0.txt
receipt trace-chain c6895c83315b7049
local   trace-chain c6895c83315b7049
VERIFY PASS — replay reproduced 1 steps and the full trace chain bit-for-bit
== /home/user/Ranger3143/labs/logs/safe/SAFE-05/op12k_p0control/op12k/0/fw/receipts/q03.s1.txt
receipt trace-chain 784181ce18bcc23b
local   trace-chain 784181ce18bcc23b
VERIFY PASS — replay reproduced 1 steps and the full trace chain bit-for-bit
== /home/user/Ranger3143/labs/logs/safe/SAFE-05/op12k_p0control/op12k/0/fw/receipts/q04.s0.txt
receipt trace-chain 4e1e7169581e6dc5
local   trace-chain 4e1e7169581e6dc5
VERIFY PASS — replay reproduced 1 steps and the full trace chain bit-for-bit
== /home/user/Ranger3143/labs/logs/safe/SAFE-05/op12k_p0control/op12k/0/fw/receipts/q04.s1.txt
receipt trace-chain b7eea12a583b104d
local   trace-chain b7eea12a583b104d
VERIFY PASS — replay reproduced 1 steps and the full trace chain bit-for-bit
== /home/user/Ranger3143/labs/logs/safe/SAFE-05/op12k_p0control/op12k/0/fw/receipts/q05.s0.txt
receipt trace-chain fc7e70ce5ca6a44d
local   trace-chain fc7e70ce5ca6a44d
VERIFY PASS — replay reproduced 1 steps and the full trace chain bit-for-bit
== /home/user/Ranger3143/labs/logs/safe/SAFE-05/op12k_p0control/op12k/0/fw/receipts/q05.s1.txt
receipt trace-chain a70aba53a7376af1
local   trace-chain a70aba53a7376af1
VERIFY PASS — replay reproduced 1 steps and the full trace chain bit-for-bit
== /home/user/Ranger3143/labs/logs/safe/SAFE-05/op12k_p0control/op12k/0/fw/receipts/q06.s0.txt
receipt trace-chain 23a35df95800c22a
local   trace-chain 23a35df95800c22a
VERIFY PASS — replay reproduced 1 steps and the full trace chain bit-for-bit
== /home/user/Ranger3143/labs/logs/safe/SAFE-05/op12k_p0control/op12k/0/fw/receipts/q06.s1.txt
receipt trace-chain 1f7dfeb61cfc5cb9
local   trace-chain 1f7dfeb61cfc5cb9
VERIFY PASS — replay reproduced 1 steps and the full trace chain bit-for-bit
== /home/user/Ranger3143/labs/logs/safe/SAFE-05/op12k_p0control/op12k/0/fw/receipts/q07.s0.txt
receipt trace-chain 17b96baeb8efa54b
local   trace-chain 17b96baeb8efa54b
VERIFY PASS — replay reproduced 1 steps and the full trace chain bit-for-bit
== /home/user/Ranger3143/labs/logs/safe/SAFE-05/op12k_p0control/op12k/0/fw/receipts/q07.s1.txt
receipt trace-chain 0001c1e328aa2beb
local   trace-chain 0001c1e328aa2beb
VERIFY PASS — replay reproduced 1 steps and the full trace chain bit-for-bit
== /home/user/Ranger3143/labs/logs/safe/SAFE-05/op12k_p0control/op12k/0/fw/receipts/q08.s0.txt
receipt trace-chain fea7da22f53589e6
local   trace-chain fea7da22f53589e6
VERIFY PASS — replay reproduced 1 steps and the full trace chain bit-for-bit
== /home/user/Ranger3143/labs/logs/safe/SAFE-05/op12k_p0control/op12k/0/fw/receipts/q08.s1.txt
receipt trace-chain b39c2a3b4fac1c92
local   trace-chain b39c2a3b4fac1c92
VERIFY PASS — replay reproduced 1 steps and the full trace chain bit-for-bit
== /home/user/Ranger3143/labs/logs/safe/SAFE-05/op12k_p0control/op12k/0/fw/receipts/q09.s0.txt
receipt trace-chain 8674919c5fdf395a
local   trace-chain 8674919c5fdf395a
VERIFY PASS — replay reproduced 1 steps and the full trace chain bit-for-bit
== /home/user/Ranger3143/labs/logs/safe/SAFE-05/op12k_p0control/op12k/0/fw/receipts/q09.s1.txt
receipt trace-chain 41f831f0e66493a4
local   trace-chain 41f831f0e66493a4
VERIFY PASS — replay reproduced 1 steps and the full trace chain bit-for-bit
== /home/user/Ranger3143/labs/logs/safe/SAFE-05/op12k_p0control/op12k/0/fw/receipts/q10.s0.txt
receipt trace-chain f6a12ec6d57a6700
local   trace-chain f6a12ec6d57a6700
VERIFY PASS — replay reproduced 1 steps and the full trace chain bit-for-bit
== /home/user/Ranger3143/labs/logs/safe/SAFE-05/op12k_p0control/op12k/0/fw/receipts/q10.s1.txt
receipt trace-chain f6be6abf16ec4580
local   trace-chain f6be6abf16ec4580
VERIFY PASS — replay reproduced 1 steps and the full trace chain bit-for-bit
== /home/user/Ranger3143/labs/logs/safe/SAFE-05/op12k_p0control/op12k/0/fw/receipts/q11.s0.txt
receipt trace-chain 35d90ac38cd8f083
local   trace-chain 35d90ac38cd8f083
VERIFY PASS — replay reproduced 1 steps and the full trace chain bit-for-bit
== /home/user/Ranger3143/labs/logs/safe/SAFE-05/op12k_p0control/op12k/0/fw/receipts/q11.s1.txt
receipt trace-chain 64dc8c95dc24380c
local   trace-chain 64dc8c95dc24380c
VERIFY PASS — replay reproduced 1 steps and the full trace chain bit-for-bit
== /home/user/Ranger3143/labs/logs/safe/SAFE-05/op12k_p0control/op12k/0/fw/receipts/q12.s0.txt
receipt trace-chain 8871fe0332217488
local   trace-chain 8871fe0332217488
VERIFY PASS — replay reproduced 1 steps and the full trace chain bit-for-bit
== /home/user/Ranger3143/labs/logs/safe/SAFE-05/op12k_p0control/op12k/0/fw/receipts/q12.s1.txt
receipt trace-chain c05d949018f9a394
local   trace-chain c05d949018f9a394
VERIFY PASS — replay reproduced 1 steps and the full trace chain bit-for-bit
== /home/user/Ranger3143/labs/logs/safe/SAFE-05/op12k_p0control/op12k/0/fw/receipts/q13.s0.txt
receipt trace-chain f2cbf05a6ce4b593
local   trace-chain f2cbf05a6ce4b593
VERIFY PASS — replay reproduced 1 steps and the full trace chain bit-for-bit
== /home/user/Ranger3143/labs/logs/safe/SAFE-05/op12k_p0control/op12k/0/fw/receipts/q13.s1.txt
receipt trace-chain 768b34fb01382ee9
local   trace-chain 768b34fb01382ee9
VERIFY PASS — replay reproduced 1 steps and the full trace chain bit-for-bit
== /home/user/Ranger3143/labs/logs/safe/SAFE-05/op12k_p0control/op12k/0/fw/receipts/q14.s0.txt
receipt trace-chain 9a45afccd7f92466
local   trace-chain 9a45afccd7f92466
VERIFY PASS — replay reproduced 1 steps and the full trace chain bit-for-bit
== /home/user/Ranger3143/labs/logs/safe/SAFE-05/op12k_p0control/op12k/0/fw/receipts/q14.s1.txt
receipt trace-chain 2556219c3e59857e
local   trace-chain 2556219c3e59857e
VERIFY PASS — replay reproduced 1 steps and the full trace chain bit-for-bit
== /home/user/Ranger3143/labs/logs/safe/SAFE-05/op12k_p0control/op12k/0/fw/receipts/q15.s0.txt
receipt trace-chain e121c7bf20921521
local   trace-chain e121c7bf20921521
VERIFY PASS — replay reproduced 1 steps and the full trace chain bit-for-bit
== /home/user/Ranger3143/labs/logs/safe/SAFE-05/op12k_p0control/op12k/0/fw/receipts/q15.s1.txt
receipt trace-chain 45525e076198042f
local   trace-chain 45525e076198042f
VERIFY PASS — replay reproduced 1 steps and the full trace chain bit-for-bit
== /home/user/Ranger3143/labs/logs/safe/SAFE-05/op12k_p0control/op12k/0/fw/receipts/q16.s0.txt
receipt trace-chain 564e4a75fc44157a
local   trace-chain 564e4a75fc44157a
VERIFY PASS — replay reproduced 1 steps and the full trace chain bit-for-bit
== /home/user/Ranger3143/labs/logs/safe/SAFE-05/op12k_p0control/op12k/0/fw/receipts/q16.s1.txt
receipt trace-chain 4fb438f91a554946
local   trace-chain 4fb438f91a554946
VERIFY PASS — replay reproduced 1 steps and the full trace chain bit-for-bit
== /home/user/Ranger3143/labs/logs/safe/SAFE-05/op12k_p0control/op12k/0/fw/receipts/q17.s0.txt
receipt trace-chain 366d31a605931303
local   trace-chain 366d31a605931303
VERIFY PASS — replay reproduced 1 steps and the full trace chain bit-for-bit
== /home/user/Ranger3143/labs/logs/safe/SAFE-05/op12k_p0control/op12k/0/fw/receipts/q17.s1.txt
receipt trace-chain 482df038f4056114
local   trace-chain 482df038f4056114
VERIFY PASS — replay reproduced 1 steps and the full trace chain bit-for-bit
== /home/user/Ranger3143/labs/logs/safe/SAFE-05/op12k_p0control/op12k/0/fw/receipts/q18.s0.txt
receipt trace-chain 269ad13a2d5be209
local   trace-chain 269ad13a2d5be209
VERIFY PASS — replay reproduced 1 steps and the full trace chain bit-for-bit
== /home/user/Ranger3143/labs/logs/safe/SAFE-05/op12k_p0control/op12k/0/fw/receipts/q18.s1.txt
receipt trace-chain 63a63ee782f74e23
local   trace-chain 63a63ee782f74e23
VERIFY PASS — replay reproduced 1 steps and the full trace chain bit-for-bit
== /home/user/Ranger3143/labs/logs/safe/SAFE-05/op12k_p0control/op12k/0/fw/receipts/q19.s0.txt
receipt trace-chain 5170de6306a54014
local   trace-chain 5170de6306a54014
VERIFY PASS — replay reproduced 1 steps and the full trace chain bit-for-bit
== /home/user/Ranger3143/labs/logs/safe/SAFE-05/op12k_p0control/op12k/0/fw/receipts/q19.s1.txt
receipt trace-chain 36066081cd091e07
local   trace-chain 36066081cd091e07
VERIFY PASS — replay reproduced 1 steps and the full trace chain bit-for-bit
== /home/user/Ranger3143/labs/logs/safe/SAFE-05/op12k_p0control/op12k/0/fw/receipts/q20.s0.txt
receipt trace-chain 5cd604827f7879cf
local   trace-chain 5cd604827f7879cf
VERIFY PASS — replay reproduced 1 steps and the full trace chain bit-for-bit
== /home/user/Ranger3143/labs/logs/safe/SAFE-05/op12k_p0control/op12k/0/fw/receipts/q20.s1.txt
receipt trace-chain 3b2a5b35082b1d14
local   trace-chain 3b2a5b35082b1d14
VERIFY PASS — replay reproduced 1 steps and the full trace chain bit-for-bit
== /home/user/Ranger3143/labs/logs/safe/SAFE-05/op12k_p0control/op12k/0/fw/receipts/q21.s0.txt
receipt trace-chain 6040db452cdd7186
local   trace-chain 6040db452cdd7186
VERIFY PASS — replay reproduced 1 steps and the full trace chain bit-for-bit
== /home/user/Ranger3143/labs/logs/safe/SAFE-05/op12k_p0control/op12k/0/fw/receipts/q21.s1.txt
receipt trace-chain 3dc5495668cfb296
local   trace-chain 3dc5495668cfb296
VERIFY PASS — replay reproduced 1 steps and the full trace chain bit-for-bit
== /home/user/Ranger3143/labs/logs/safe/SAFE-05/op12k_p0control/op12k/0/fw/receipts/q22.s0.txt
receipt trace-chain c468e0f800304c0f
local   trace-chain c468e0f800304c0f
VERIFY PASS — replay reproduced 1 steps and the full trace chain bit-for-bit
== /home/user/Ranger3143/labs/logs/safe/SAFE-05/op12k_p0control/op12k/0/fw/receipts/q22.s1.txt
receipt trace-chain b4185e9d721fba27
local   trace-chain b4185e9d721fba27
VERIFY PASS — replay reproduced 1 steps and the full trace chain bit-for-bit
== /home/user/Ranger3143/labs/logs/safe/SAFE-05/op12k_p0control/op12k/0/fw/receipts/q23.s0.txt
receipt trace-chain 03db547d6aa1f7f2
local   trace-chain 03db547d6aa1f7f2
VERIFY PASS — replay reproduced 1 steps and the full trace chain bit-for-bit
== /home/user/Ranger3143/labs/logs/safe/SAFE-05/op12k_p0control/op12k/0/fw/receipts/q23.s1.txt
receipt trace-chain 11c41bf89c7a1773
local   trace-chain 11c41bf89c7a1773
VERIFY PASS — replay reproduced 1 steps and the full trace chain bit-for-bit
== /home/user/Ranger3143/labs/logs/safe/SAFE-05/op12k_p0control/op12k/0/fw/receipts/q24.s0.txt
receipt trace-chain 5e2117dfd255ef2f
local   trace-chain 5e2117dfd255ef2f
VERIFY PASS — replay reproduced 1 steps and the full trace chain bit-for-bit
== /home/user/Ranger3143/labs/logs/safe/SAFE-05/op12k_p0control/op12k/0/fw/receipts/q24.s1.txt
receipt trace-chain 23c8160fc4a958a0
local   trace-chain 23c8160fc4a958a0
VERIFY PASS — replay reproduced 1 steps and the full trace chain bit-for-bit
== /home/user/Ranger3143/labs/logs/safe/SAFE-05/op12k_p0control/op12k/0/fw/receipts/q25.s0.txt
receipt trace-chain d560be4680a27cd8
local   trace-chain d560be4680a27cd8
VERIFY PASS — replay reproduced 1 steps and the full trace chain bit-for-bit
== /home/user/Ranger3143/labs/logs/safe/SAFE-05/op12k_p0control/op12k/0/fw/receipts/q25.s1.txt
receipt trace-chain f6f71480d3d8acd9
local   trace-chain f6f71480d3d8acd9
VERIFY PASS — replay reproduced 1 steps and the full trace chain bit-for-bit
== /home/user/Ranger3143/labs/logs/safe/SAFE-05/op12k_p0control/op12k/0/fw/receipts/q26.s0.txt
receipt trace-chain 8c5ab44dfa49eb7f
local   trace-chain 8c5ab44dfa49eb7f
VERIFY PASS — replay reproduced 1 steps and the full trace chain bit-for-bit
== /home/user/Ranger3143/labs/logs/safe/SAFE-05/op12k_p0control/op12k/0/fw/receipts/q26.s1.txt
receipt trace-chain e9684a3d970c0dd3
local   trace-chain e9684a3d970c0dd3
VERIFY PASS — replay reproduced 1 steps and the full trace chain bit-for-bit
== /home/user/Ranger3143/labs/logs/safe/SAFE-05/op12k_p0control/op12k/0/fw/receipts/q27.s0.txt
receipt trace-chain fd4d6da87169fc1b
local   trace-chain fd4d6da87169fc1b
VERIFY PASS — replay reproduced 1 steps and the full trace chain bit-for-bit
== /home/user/Ranger3143/labs/logs/safe/SAFE-05/op12k_p0control/op12k/0/fw/receipts/q27.s1.txt
receipt trace-chain 31c15057af450049
local   trace-chain 31c15057af450049
VERIFY PASS — replay reproduced 1 steps and the full trace chain bit-for-bit
== /home/user/Ranger3143/labs/logs/safe/SAFE-05/op12k_p0control/op12k/0/fw/receipts/q28.s0.txt
receipt trace-chain 7c5f7d3bb526a216
local   trace-chain 7c5f7d3bb526a216
VERIFY PASS — replay reproduced 1 steps and the full trace chain bit-for-bit
== /home/user/Ranger3143/labs/logs/safe/SAFE-05/op12k_p0control/op12k/0/fw/receipts/q28.s1.txt
receipt trace-chain bd4883d1324aace3
local   trace-chain bd4883d1324aace3
VERIFY PASS — replay reproduced 1 steps and the full trace chain bit-for-bit
== /home/user/Ranger3143/labs/logs/safe/SAFE-05/op12k_p0control/op12k/0/fw/receipts/q29.s0.txt
receipt trace-chain 6828aa6747d10668
local   trace-chain 6828aa6747d10668
VERIFY PASS — replay reproduced 1 steps and the full trace chain bit-for-bit
== /home/user/Ranger3143/labs/logs/safe/SAFE-05/op12k_p0control/op12k/0/fw/receipts/q29.s1.txt
receipt trace-chain 64e1bc07ea37eaa0
local   trace-chain 64e1bc07ea37eaa0
VERIFY PASS — replay reproduced 1 steps and the full trace chain bit-for-bit
== /home/user/Ranger3143/labs/logs/safe/SAFE-05/op12k_p0control/op12k/0/fw/receipts/q30.s0.txt
receipt trace-chain f01a10865b1ed60c
local   trace-chain f01a10865b1ed60c
VERIFY PASS — replay reproduced 1 steps and the full trace chain bit-for-bit
== /home/user/Ranger3143/labs/logs/safe/SAFE-05/op12k_p0control/op12k/0/fw/receipts/q30.s1.txt
receipt trace-chain 1bddcad519f030bf
local   trace-chain 1bddcad519f030bf
VERIFY PASS — replay reproduced 1 steps and the full trace chain bit-for-bit
SUMMARY pass=60 fail=0
