== /home/user/Ranger3143/labs/logs/safe/SAFE-02/bitnet2b/a/fw/receipts/q01.s0.txt
receipt trace-chain d92051c1d0fa5add
local   trace-chain d92051c1d0fa5add
VERIFY PASS — replay reproduced 1 steps and the full trace chain bit-for-bit
== /home/user/Ranger3143/labs/logs/safe/SAFE-02/bitnet2b/a/fw/receipts/q02.s0.txt
receipt trace-chain 548b72fdfb024ea5
local   trace-chain 548b72fdfb024ea5
VERIFY PASS — replay reproduced 1 steps and the full trace chain bit-for-bit
== /home/user/Ranger3143/labs/logs/safe/SAFE-02/bitnet2b/a/fw/receipts/q02.s1.txt
receipt trace-chain ee6fcf77f2354d4a
local   trace-chain ee6fcf77f2354d4a
VERIFY PASS — replay reproduced 1 steps and the full trace chain bit-for-bit
== /home/user/Ranger3143/labs/logs/safe/SAFE-02/bitnet2b/a/fw/receipts/q03.s0.txt
receipt trace-chain f96aac88b8d78d3f
local   trace-chain f96aac88b8d78d3f
VERIFY PASS — replay reproduced 1 steps and the full trace chain bit-for-bit
== /home/user/Ranger3143/labs/logs/safe/SAFE-02/bitnet2b/a/fw/receipts/q03.s1.txt
receipt trace-chain 0756b11b5f52fab1
local   trace-chain 0756b11b5f52fab1
VERIFY PASS — replay reproduced 1 steps and the full trace chain bit-for-bit
== /home/user/Ranger3143/labs/logs/safe/SAFE-02/bitnet2b/a/fw/receipts/q04.s0.txt
receipt trace-chain faa7fe32d4203c8a
local   trace-chain faa7fe32d4203c8a
VERIFY PASS — replay reproduced 1 steps and the full trace chain bit-for-bit
== /home/user/Ranger3143/labs/logs/safe/SAFE-02/bitnet2b/a/fw/receipts/q04.s1.txt
receipt trace-chain 203b7df352176680
local   trace-chain 203b7df352176680
VERIFY PASS — replay reproduced 1 steps and the full trace chain bit-for-bit
== /home/user/Ranger3143/labs/logs/safe/SAFE-02/bitnet2b/a/fw/receipts/q05.s0.txt
receipt trace-chain a4f4d2f9677d3889
local   trace-chain a4f4d2f9677d3889
VERIFY PASS — replay reproduced 1 steps and the full trace chain bit-for-bit
== /home/user/Ranger3143/labs/logs/safe/SAFE-02/bitnet2b/a/fw/receipts/q05.s1.txt
receipt trace-chain bdd3bc05945ed760
local   trace-chain bdd3bc05945ed760
WARNING step 0: tool argument not found verbatim in context
VERIFY PASS — replay reproduced 1 steps and the full trace chain bit-for-bit
== /home/user/Ranger3143/labs/logs/safe/SAFE-02/bitnet2b/a/fw/receipts/q06.s0.txt
receipt trace-chain 355a1b9a4e02e9cc
local   trace-chain 355a1b9a4e02e9cc
VERIFY PASS — replay reproduced 1 steps and the full trace chain bit-for-bit
== /home/user/Ranger3143/labs/logs/safe/SAFE-02/bitnet2b/a/fw/receipts/q06.s1.txt
receipt trace-chain 68d22a7562952986
local   trace-chain 68d22a7562952986
VERIFY PASS — replay reproduced 1 steps and the full trace chain bit-for-bit
== /home/user/Ranger3143/labs/logs/safe/SAFE-02/bitnet2b/a/fw/receipts/q07.s0.txt
receipt trace-chain 600fad620d1e7bad
local   trace-chain 600fad620d1e7bad
VERIFY PASS — replay reproduced 1 steps and the full trace chain bit-for-bit
== /home/user/Ranger3143/labs/logs/safe/SAFE-02/bitnet2b/a/fw/receipts/q07.s1.txt
receipt trace-chain 27b0c0106392fb58
local   trace-chain 27b0c0106392fb58
VERIFY PASS — replay reproduced 1 steps and the full trace chain bit-for-bit
== /home/user/Ranger3143/labs/logs/safe/SAFE-02/bitnet2b/a/fw/receipts/q08.s0.txt
receipt trace-chain 09fe95a37127cecc
local   trace-chain 09fe95a37127cecc
VERIFY PASS — replay reproduced 1 steps and the full trace chain bit-for-bit
== /home/user/Ranger3143/labs/logs/safe/SAFE-02/bitnet2b/a/fw/receipts/q08.s1.txt
receipt trace-chain 4188a949f176b515
local   trace-chain 4188a949f176b515
VERIFY PASS — replay reproduced 1 steps and the full trace chain bit-for-bit
== /home/user/Ranger3143/labs/logs/safe/SAFE-02/bitnet2b/a/fw/receipts/q09.s0.txt
receipt trace-chain 68980753d521bf19
local   trace-chain 68980753d521bf19
VERIFY PASS — replay reproduced 1 steps and the full trace chain bit-for-bit
== /home/user/Ranger3143/labs/logs/safe/SAFE-02/bitnet2b/a/fw/receipts/q09.s1.txt
receipt trace-chain cb815595efc3745a
local   trace-chain cb815595efc3745a
VERIFY PASS — replay reproduced 1 steps and the full trace chain bit-for-bit
== /home/user/Ranger3143/labs/logs/safe/SAFE-02/bitnet2b/a/fw/receipts/q10.s0.txt
receipt trace-chain f09eccd53a019506
local   trace-chain f09eccd53a019506
VERIFY PASS — replay reproduced 1 steps and the full trace chain bit-for-bit
== /home/user/Ranger3143/labs/logs/safe/SAFE-02/bitnet2b/a/fw/receipts/q10.s1.txt
receipt trace-chain cbcb6f31831ace5a
local   trace-chain cbcb6f31831ace5a
VERIFY PASS — replay reproduced 1 steps and the full trace chain bit-for-bit
== /home/user/Ranger3143/labs/logs/safe/SAFE-02/bitnet2b/a/fw/receipts/q11.s0.txt
receipt trace-chain 916bb03d6e56a34e
local   trace-chain 916bb03d6e56a34e
VERIFY PASS — replay reproduced 1 steps and the full trace chain bit-for-bit
== /home/user/Ranger3143/labs/logs/safe/SAFE-02/bitnet2b/a/fw/receipts/q11.s1.txt
receipt trace-chain a2f32a54b03d39e5
local   trace-chain a2f32a54b03d39e5
VERIFY PASS — replay reproduced 1 steps and the full trace chain bit-for-bit
== /home/user/Ranger3143/labs/logs/safe/SAFE-02/bitnet2b/a/fw/receipts/q12.s0.txt
receipt trace-chain 0bd18c22b01c0827
local   trace-chain 0bd18c22b01c0827
VERIFY PASS — replay reproduced 1 steps and the full trace chain bit-for-bit
== /home/user/Ranger3143/labs/logs/safe/SAFE-02/bitnet2b/a/fw/receipts/q12.s1.txt
receipt trace-chain 12a75e9d5271b85d
local   trace-chain 12a75e9d5271b85d
VERIFY PASS — replay reproduced 1 steps and the full trace chain bit-for-bit
== /home/user/Ranger3143/labs/logs/safe/SAFE-02/bitnet2b/a/fw/receipts/q13.s0.txt
receipt trace-chain d1f803eab4d6a074
local   trace-chain d1f803eab4d6a074
VERIFY PASS — replay reproduced 1 steps and the full trace chain bit-for-bit
== /home/user/Ranger3143/labs/logs/safe/SAFE-02/bitnet2b/a/fw/receipts/q14.s0.txt
receipt trace-chain be86c9c13a15d04e
local   trace-chain be86c9c13a15d04e
VERIFY PASS — replay reproduced 1 steps and the full trace chain bit-for-bit
== /home/user/Ranger3143/labs/logs/safe/SAFE-02/bitnet2b/a/fw/receipts/q14.s1.txt
receipt trace-chain 30e96b3b48b63bf9
local   trace-chain 30e96b3b48b63bf9
VERIFY PASS — replay reproduced 1 steps and the full trace chain bit-for-bit
== /home/user/Ranger3143/labs/logs/safe/SAFE-02/bitnet2b/a/fw/receipts/q15.s0.txt
receipt trace-chain f53c7d66a99b3d95
local   trace-chain f53c7d66a99b3d95
VERIFY PASS — replay reproduced 1 steps and the full trace chain bit-for-bit
== /home/user/Ranger3143/labs/logs/safe/SAFE-02/bitnet2b/a/fw/receipts/q15.s1.txt
receipt trace-chain 7def1477ad4f13c8
local   trace-chain 7def1477ad4f13c8
VERIFY PASS — replay reproduced 1 steps and the full trace chain bit-for-bit
== /home/user/Ranger3143/labs/logs/safe/SAFE-02/bitnet2b/a/fw/receipts/q16.s0.txt
receipt trace-chain 8b454e4b945bef7e
local   trace-chain 8b454e4b945bef7e
VERIFY PASS — replay reproduced 1 steps and the full trace chain bit-for-bit
== /home/user/Ranger3143/labs/logs/safe/SAFE-02/bitnet2b/a/fw/receipts/q17.s0.txt
receipt trace-chain abe1101ac1b261b2
local   trace-chain abe1101ac1b261b2
VERIFY PASS — replay reproduced 1 steps and the full trace chain bit-for-bit
== /home/user/Ranger3143/labs/logs/safe/SAFE-02/bitnet2b/a/fw/receipts/q17.s1.txt
receipt trace-chain 424b281e6432ed3d
local   trace-chain 424b281e6432ed3d
VERIFY PASS — replay reproduced 1 steps and the full trace chain bit-for-bit
== /home/user/Ranger3143/labs/logs/safe/SAFE-02/bitnet2b/a/fw/receipts/q18.s0.txt
receipt trace-chain 7188968693644ccd
local   trace-chain 7188968693644ccd
VERIFY PASS — replay reproduced 1 steps and the full trace chain bit-for-bit
== /home/user/Ranger3143/labs/logs/safe/SAFE-02/bitnet2b/a/fw/receipts/q19.s0.txt
receipt trace-chain 799326369db24f19
local   trace-chain 799326369db24f19
VERIFY PASS — replay reproduced 1 steps and the full trace chain bit-for-bit
== /home/user/Ranger3143/labs/logs/safe/SAFE-02/bitnet2b/a/fw/receipts/q19.s1.txt
receipt trace-chain 7a32c2e882d76b6c
local   trace-chain 7a32c2e882d76b6c
WARNING step 0: tool argument not found verbatim in context
VERIFY PASS — replay reproduced 1 steps and the full trace chain bit-for-bit
== /home/user/Ranger3143/labs/logs/safe/SAFE-02/bitnet2b/a/fw/receipts/q20.s0.txt
receipt trace-chain 199ab8e7b438b6f8
local   trace-chain 199ab8e7b438b6f8
VERIFY PASS — replay reproduced 1 steps and the full trace chain bit-for-bit
== /home/user/Ranger3143/labs/logs/safe/SAFE-02/bitnet2b/a/fw/receipts/q20.s1.txt
receipt trace-chain 8c331dd2ca062332
local   trace-chain 8c331dd2ca062332
VERIFY PASS — replay reproduced 1 steps and the full trace chain bit-for-bit
== /home/user/Ranger3143/labs/logs/safe/SAFE-02/bitnet2b/a/fw/receipts/q21.s0.txt
receipt trace-chain ffd7da69bbc68114
local   trace-chain ffd7da69bbc68114
VERIFY PASS — replay reproduced 1 steps and the full trace chain bit-for-bit
== /home/user/Ranger3143/labs/logs/safe/SAFE-02/bitnet2b/a/fw/receipts/q21.s1.txt
receipt trace-chain 781dd20f1c2cac1b
local   trace-chain 781dd20f1c2cac1b
VERIFY PASS — replay reproduced 1 steps and the full trace chain bit-for-bit
== /home/user/Ranger3143/labs/logs/safe/SAFE-02/bitnet2b/a/fw/receipts/q22.s0.txt
receipt trace-chain 5a87f771649be998
local   trace-chain 5a87f771649be998
VERIFY PASS — replay reproduced 1 steps and the full trace chain bit-for-bit
== /home/user/Ranger3143/labs/logs/safe/SAFE-02/bitnet2b/a/fw/receipts/q23.s0.txt
receipt trace-chain 292e16132994695d
local   trace-chain 292e16132994695d
VERIFY PASS — replay reproduced 1 steps and the full trace chain bit-for-bit
== /home/user/Ranger3143/labs/logs/safe/SAFE-02/bitnet2b/a/fw/receipts/q23.s1.txt
receipt trace-chain ccabc9ba43a6273d
local   trace-chain ccabc9ba43a6273d
VERIFY PASS — replay reproduced 1 steps and the full trace chain bit-for-bit
== /home/user/Ranger3143/labs/logs/safe/SAFE-02/bitnet2b/a/fw/receipts/q24.s0.txt
receipt trace-chain ef068079cba6e2c2
local   trace-chain ef068079cba6e2c2
VERIFY PASS — replay reproduced 1 steps and the full trace chain bit-for-bit
== /home/user/Ranger3143/labs/logs/safe/SAFE-02/bitnet2b/a/fw/receipts/q25.s0.txt
receipt trace-chain 4b004b7b776d2434
local   trace-chain 4b004b7b776d2434
VERIFY PASS — replay reproduced 1 steps and the full trace chain bit-for-bit
== /home/user/Ranger3143/labs/logs/safe/SAFE-02/bitnet2b/a/fw/receipts/q25.s1.txt
receipt trace-chain 9d5769563ec47e0d
local   trace-chain 9d5769563ec47e0d
WARNING step 0: tool argument not found verbatim in context
VERIFY PASS — replay reproduced 1 steps and the full trace chain bit-for-bit
== /home/user/Ranger3143/labs/logs/safe/SAFE-02/bitnet2b/a/fw/receipts/q26.s0.txt
receipt trace-chain b5daf0fd277c5b30
local   trace-chain b5daf0fd277c5b30
VERIFY PASS — replay reproduced 1 steps and the full trace chain bit-for-bit
== /home/user/Ranger3143/labs/logs/safe/SAFE-02/bitnet2b/a/fw/receipts/q26.s1.txt
receipt trace-chain 344f6511e2c50d1f
local   trace-chain 344f6511e2c50d1f
VERIFY PASS — replay reproduced 1 steps and the full trace chain bit-for-bit
== /home/user/Ranger3143/labs/logs/safe/SAFE-02/bitnet2b/a/fw/receipts/q27.s0.txt
receipt trace-chain 718a616cfa9a883b
local   trace-chain 718a616cfa9a883b
VERIFY PASS — replay reproduced 1 steps and the full trace chain bit-for-bit
== /home/user/Ranger3143/labs/logs/safe/SAFE-02/bitnet2b/a/fw/receipts/q27.s1.txt
receipt trace-chain 2720f7e70010b745
local   trace-chain 2720f7e70010b745
VERIFY PASS — replay reproduced 1 steps and the full trace chain bit-for-bit
== /home/user/Ranger3143/labs/logs/safe/SAFE-02/bitnet2b/a/fw/receipts/q28.s0.txt
receipt trace-chain f70ef6e8f30dd193
local   trace-chain f70ef6e8f30dd193
VERIFY PASS — replay reproduced 1 steps and the full trace chain bit-for-bit
== /home/user/Ranger3143/labs/logs/safe/SAFE-02/bitnet2b/a/fw/receipts/q29.s0.txt
receipt trace-chain 8eb616b953e4d9d0
local   trace-chain 8eb616b953e4d9d0
VERIFY PASS — replay reproduced 1 steps and the full trace chain bit-for-bit
== /home/user/Ranger3143/labs/logs/safe/SAFE-02/bitnet2b/a/fw/receipts/q30.s0.txt
receipt trace-chain cb31a80bd0914bce
local   trace-chain cb31a80bd0914bce
VERIFY PASS — replay reproduced 1 steps and the full trace chain bit-for-bit
== /home/user/Ranger3143/labs/logs/safe/SAFE-02/bitnet2b/a/fw/receipts/q30.s1.txt
receipt trace-chain 92f489599b2c9fc2
local   trace-chain 92f489599b2c9fc2
VERIFY PASS — replay reproduced 1 steps and the full trace chain bit-for-bit
SUMMARY pass=52 fail=0
