    --> /home/user/aefinity-ai/alice-aegis/aegis-core/src/cis_infer.rs:1529:13
 --> /home/user/aefinity-ai/alice-aegis/aegis-core/src/sampler.rs:3:5
   --> src/main.rs:429:5
    --> src/main.rs:2014:5
    --> src/main.rs:2031:5
    --> src/main.rs:2021:13
   --> src/main.rs:273:21
   --> src/main.rs:297:21
   --> src/main.rs:307:17
   --> src/main.rs:316:13
   --> src/main.rs:347:29
   --> src/main.rs:369:25
   --> src/main.rs:390:17
  --> src/allocator.rs:42:9
  --> src/allocator.rs:41:5
  --> src/allocator.rs:47:13
  --> src/allocator.rs:45:5
  --> src/allocator.rs:76:17
  --> src/allocator.rs:69:5
  --> src/allocator.rs:76:35
  --> src/cpu.rs:29:5
  --> src/cpu.rs:26:1
  --> src/cpu.rs:35:5
  --> src/cpu.rs:34:1
  --> src/cpu.rs:64:5
  --> src/cpu.rs:68:5
   --> src/cpu.rs:126:5
   --> src/cpu.rs:152:13
   --> src/cpu.rs:166:15
   --> src/cpu.rs:190:17
57994bd1d216ea85931d0f760238045bb3ac9675d1a22c4e7d8afc67a0623695  target/x86_64-uefi-hardfloat/release/aegis-uefi.efi
=== membw 1T ===

label,threads,pass,bytes_read,secs,GB_per_s,checksum
seq_read,1,0,1073741824,0.157005,6.839,9ca2d60fac000001
seq_read,1,1,1073741824,0.158360,6.780,9ca2d60fac000001
seq_read,1,2,1073741824,0.157443,6.820,9ca2d60fac000001
seq_read,1,3,1073741824,0.156770,6.849,9ca2d60fac000001
seq_read,1,4,1073741824,0.156165,6.876,9ca2d60fac000001
ternary_stream,1,0,1073741824,1.218533,0.881,1.86e2
ternary_stream,1,1,1073741824,1.215065,0.884,1.86e2
ternary_stream,1,2,1073741824,1.278402,0.840,1.86e2
ternary_stream,1,3,1073741824,1.230378,0.873,1.86e2
ternary_stream,1,4,1073741824,1.253985,0.856,1.86e2

==== SUMMARY (best of 5 passes; report ALL THREE or none) ====


=== membw 4T ===

label,threads,pass,bytes_read,secs,GB_per_s,checksum
seq_read,1,0,1073741824,0.164122,6.542,9ca2d60fac000001
seq_read,1,1,1073741824,0.162819,6.595,9ca2d60fac000001
seq_read,1,2,1073741824,0.163767,6.557,9ca2d60fac000001
seq_read,1,3,1073741824,0.159457,6.734,9ca2d60fac000001
seq_read,1,4,1073741824,0.162357,6.613,9ca2d60fac000001
seq_read,4,0,1073741824,0.051226,20.961,9ca2d60fac000001
seq_read,4,1,1073741824,0.044544,24.105,9ca2d60fac000001
seq_read,4,2,1073741824,0.050088,21.437,9ca2d60fac000001
seq_read,4,3,1073741824,0.044923,23.902,9ca2d60fac000001
seq_read,4,4,1073741824,0.042943,25.004,9ca2d60fac000001
ternary_stream,1,0,1073741824,1.285321,0.835,1.86e2
ternary_stream,1,1,1073741824,1.259569,0.852,1.86e2
ternary_stream,1,2,1073741824,1.280382,0.839,1.86e2
ternary_stream,1,3,1073741824,1.302782,0.824,1.86e2
ternary_stream,1,4,1073741824,1.301877,0.825,1.86e2

==== SUMMARY (best of 5 passes; report ALL THREE or none) ====


=== QEMU: TPM + RECEIPT (verify, attested) ===
qemu_exit=33 wall_s=33 (33 = unikernel success signal; Rule A: no perf meaning)
=== QEMU: TPM + MINT (mint, attested) ===
qemu_exit=33 wall_s=34 (33 = unikernel success signal; Rule A: no perf meaning)
CHAIN1_DONE
