== /home/user/Ranger3143/labs/logs/safe/SAFE-02/bitnet2b/b/fw/receipts/q01.s0.txt
receipt trace-chain c6dc30f3175ab708
local   trace-chain c6dc30f3175ab708
VERIFY PASS — replay reproduced 1 steps and the full trace chain bit-for-bit
== /home/user/Ranger3143/labs/logs/safe/SAFE-02/bitnet2b/b/fw/receipts/q02.s0.txt
receipt trace-chain 6121c7afd283d601
local   trace-chain 6121c7afd283d601
VERIFY PASS — replay reproduced 1 steps and the full trace chain bit-for-bit
== /home/user/Ranger3143/labs/logs/safe/SAFE-02/bitnet2b/b/fw/receipts/q02.s1.txt
receipt trace-chain 4ab812c285e9f069
local   trace-chain 4ab812c285e9f069
VERIFY PASS — replay reproduced 1 steps and the full trace chain bit-for-bit
== /home/user/Ranger3143/labs/logs/safe/SAFE-02/bitnet2b/b/fw/receipts/q03.s0.txt
receipt trace-chain 97c399be3d718ce8
local   trace-chain 97c399be3d718ce8
VERIFY PASS — replay reproduced 1 steps and the full trace chain bit-for-bit
== /home/user/Ranger3143/labs/logs/safe/SAFE-02/bitnet2b/b/fw/receipts/q03.s1.txt
receipt trace-chain 2185e08e4c926b6e
local   trace-chain 2185e08e4c926b6e
WARNING step 0: tool argument not found verbatim in context
VERIFY PASS — replay reproduced 1 steps and the full trace chain bit-for-bit
== /home/user/Ranger3143/labs/logs/safe/SAFE-02/bitnet2b/b/fw/receipts/q04.s0.txt
receipt trace-chain b5c95575cf469117
local   trace-chain b5c95575cf469117
VERIFY PASS — replay reproduced 1 steps and the full trace chain bit-for-bit
== /home/user/Ranger3143/labs/logs/safe/SAFE-02/bitnet2b/b/fw/receipts/q04.s1.txt
receipt trace-chain 1f687a7382304c19
local   trace-chain 1f687a7382304c19
VERIFY PASS — replay reproduced 1 steps and the full trace chain bit-for-bit
== /home/user/Ranger3143/labs/logs/safe/SAFE-02/bitnet2b/b/fw/receipts/q05.s0.txt
receipt trace-chain e80f90c3cde0c057
local   trace-chain e80f90c3cde0c057
VERIFY PASS — replay reproduced 1 steps and the full trace chain bit-for-bit
== /home/user/Ranger3143/labs/logs/safe/SAFE-02/bitnet2b/b/fw/receipts/q05.s1.txt
receipt trace-chain 8c792488bf58db27
local   trace-chain 8c792488bf58db27
WARNING step 0: tool argument not found verbatim in context
VERIFY PASS — replay reproduced 1 steps and the full trace chain bit-for-bit
== /home/user/Ranger3143/labs/logs/safe/SAFE-02/bitnet2b/b/fw/receipts/q06.s0.txt
receipt trace-chain e717fec2c00d7db2
local   trace-chain e717fec2c00d7db2
VERIFY PASS — replay reproduced 1 steps and the full trace chain bit-for-bit
== /home/user/Ranger3143/labs/logs/safe/SAFE-02/bitnet2b/b/fw/receipts/q06.s1.txt
receipt trace-chain a99aa6807e62eefc
local   trace-chain a99aa6807e62eefc
VERIFY PASS — replay reproduced 1 steps and the full trace chain bit-for-bit
== /home/user/Ranger3143/labs/logs/safe/SAFE-02/bitnet2b/b/fw/receipts/q07.s0.txt
receipt trace-chain b092ba5a1d9d0511
local   trace-chain b092ba5a1d9d0511
VERIFY PASS — replay reproduced 1 steps and the full trace chain bit-for-bit
== /home/user/Ranger3143/labs/logs/safe/SAFE-02/bitnet2b/b/fw/receipts/q07.s1.txt
receipt trace-chain c312ad49716acbab
local   trace-chain c312ad49716acbab
VERIFY PASS — replay reproduced 1 steps and the full trace chain bit-for-bit
== /home/user/Ranger3143/labs/logs/safe/SAFE-02/bitnet2b/b/fw/receipts/q08.s0.txt
receipt trace-chain 204042abc52217b6
local   trace-chain 204042abc52217b6
VERIFY PASS — replay reproduced 1 steps and the full trace chain bit-for-bit
== /home/user/Ranger3143/labs/logs/safe/SAFE-02/bitnet2b/b/fw/receipts/q08.s1.txt
receipt trace-chain a4495d864b400999
local   trace-chain a4495d864b400999
VERIFY PASS — replay reproduced 1 steps and the full trace chain bit-for-bit
== /home/user/Ranger3143/labs/logs/safe/SAFE-02/bitnet2b/b/fw/receipts/q09.s0.txt
receipt trace-chain e8f364dd2d2bbc0b
local   trace-chain e8f364dd2d2bbc0b
VERIFY PASS — replay reproduced 1 steps and the full trace chain bit-for-bit
== /home/user/Ranger3143/labs/logs/safe/SAFE-02/bitnet2b/b/fw/receipts/q09.s1.txt
receipt trace-chain bb7c9b9c0a725322
local   trace-chain bb7c9b9c0a725322
WARNING step 0: tool argument not found verbatim in context
VERIFY PASS — replay reproduced 1 steps and the full trace chain bit-for-bit
== /home/user/Ranger3143/labs/logs/safe/SAFE-02/bitnet2b/b/fw/receipts/q10.s0.txt
receipt trace-chain d2972bce33d42d37
local   trace-chain d2972bce33d42d37
VERIFY PASS — replay reproduced 1 steps and the full trace chain bit-for-bit
== /home/user/Ranger3143/labs/logs/safe/SAFE-02/bitnet2b/b/fw/receipts/q10.s1.txt
receipt trace-chain b24adbfe961e14d8
local   trace-chain b24adbfe961e14d8
VERIFY PASS — replay reproduced 1 steps and the full trace chain bit-for-bit
== /home/user/Ranger3143/labs/logs/safe/SAFE-02/bitnet2b/b/fw/receipts/q11.s0.txt
receipt trace-chain a2cf8b7f01cda0b0
local   trace-chain a2cf8b7f01cda0b0
VERIFY PASS — replay reproduced 1 steps and the full trace chain bit-for-bit
== /home/user/Ranger3143/labs/logs/safe/SAFE-02/bitnet2b/b/fw/receipts/q11.s1.txt
receipt trace-chain 44a972b15220e8cf
local   trace-chain 44a972b15220e8cf
VERIFY PASS — replay reproduced 1 steps and the full trace chain bit-for-bit
== /home/user/Ranger3143/labs/logs/safe/SAFE-02/bitnet2b/b/fw/receipts/q12.s0.txt
receipt trace-chain 033d943e9bf7b1ca
local   trace-chain 033d943e9bf7b1ca
VERIFY PASS — replay reproduced 1 steps and the full trace chain bit-for-bit
== /home/user/Ranger3143/labs/logs/safe/SAFE-02/bitnet2b/b/fw/receipts/q12.s1.txt
receipt trace-chain e9456023a150bfdc
local   trace-chain e9456023a150bfdc
VERIFY PASS — replay reproduced 1 steps and the full trace chain bit-for-bit
== /home/user/Ranger3143/labs/logs/safe/SAFE-02/bitnet2b/b/fw/receipts/q13.s0.txt
receipt trace-chain cb0ed7df639b9141
local   trace-chain cb0ed7df639b9141
VERIFY PASS — replay reproduced 1 steps and the full trace chain bit-for-bit
== /home/user/Ranger3143/labs/logs/safe/SAFE-02/bitnet2b/b/fw/receipts/q14.s0.txt
receipt trace-chain 72ee666a6af18794
local   trace-chain 72ee666a6af18794
VERIFY PASS — replay reproduced 1 steps and the full trace chain bit-for-bit
== /home/user/Ranger3143/labs/logs/safe/SAFE-02/bitnet2b/b/fw/receipts/q14.s1.txt
receipt trace-chain 198790338d305b64
local   trace-chain 198790338d305b64
VERIFY PASS — replay reproduced 1 steps and the full trace chain bit-for-bit
== /home/user/Ranger3143/labs/logs/safe/SAFE-02/bitnet2b/b/fw/receipts/q15.s0.txt
receipt trace-chain 5c8f5f3558bd99f6
local   trace-chain 5c8f5f3558bd99f6
VERIFY PASS — replay reproduced 1 steps and the full trace chain bit-for-bit
== /home/user/Ranger3143/labs/logs/safe/SAFE-02/bitnet2b/b/fw/receipts/q15.s1.txt
receipt trace-chain 0b020242e46d05f9
local   trace-chain 0b020242e46d05f9
WARNING step 0: tool argument not found verbatim in context
VERIFY PASS — replay reproduced 1 steps and the full trace chain bit-for-bit
== /home/user/Ranger3143/labs/logs/safe/SAFE-02/bitnet2b/b/fw/receipts/q16.s0.txt
receipt trace-chain 58ec93da11865b92
local   trace-chain 58ec93da11865b92
VERIFY PASS — replay reproduced 1 steps and the full trace chain bit-for-bit
== /home/user/Ranger3143/labs/logs/safe/SAFE-02/bitnet2b/b/fw/receipts/q17.s0.txt
receipt trace-chain 195a968260a8e614
local   trace-chain 195a968260a8e614
VERIFY PASS — replay reproduced 1 steps and the full trace chain bit-for-bit
== /home/user/Ranger3143/labs/logs/safe/SAFE-02/bitnet2b/b/fw/receipts/q17.s1.txt
receipt trace-chain daf37f8559680133
local   trace-chain daf37f8559680133
VERIFY PASS — replay reproduced 1 steps and the full trace chain bit-for-bit
== /home/user/Ranger3143/labs/logs/safe/SAFE-02/bitnet2b/b/fw/receipts/q18.s0.txt
receipt trace-chain c185e62b0c100c77
local   trace-chain c185e62b0c100c77
VERIFY PASS — replay reproduced 1 steps and the full trace chain bit-for-bit
== /home/user/Ranger3143/labs/logs/safe/SAFE-02/bitnet2b/b/fw/receipts/q19.s0.txt
receipt trace-chain 107df374374fe766
local   trace-chain 107df374374fe766
VERIFY PASS — replay reproduced 1 steps and the full trace chain bit-for-bit
== /home/user/Ranger3143/labs/logs/safe/SAFE-02/bitnet2b/b/fw/receipts/q19.s1.txt
receipt trace-chain c4ff1980170b7a3c
local   trace-chain c4ff1980170b7a3c
WARNING step 0: tool argument not found verbatim in context
VERIFY PASS — replay reproduced 1 steps and the full trace chain bit-for-bit
== /home/user/Ranger3143/labs/logs/safe/SAFE-02/bitnet2b/b/fw/receipts/q20.s0.txt
receipt trace-chain a3f3f5251b49a51e
local   trace-chain a3f3f5251b49a51e
VERIFY PASS — replay reproduced 1 steps and the full trace chain bit-for-bit
== /home/user/Ranger3143/labs/logs/safe/SAFE-02/bitnet2b/b/fw/receipts/q20.s1.txt
receipt trace-chain 29f44fdf72c3ca37
local   trace-chain 29f44fdf72c3ca37
VERIFY PASS — replay reproduced 1 steps and the full trace chain bit-for-bit
== /home/user/Ranger3143/labs/logs/safe/SAFE-02/bitnet2b/b/fw/receipts/q21.s0.txt
receipt trace-chain a42df24a6462edb6
local   trace-chain a42df24a6462edb6
VERIFY PASS — replay reproduced 1 steps and the full trace chain bit-for-bit
== /home/user/Ranger3143/labs/logs/safe/SAFE-02/bitnet2b/b/fw/receipts/q21.s1.txt
receipt trace-chain 45f02bb8cc09ddac
local   trace-chain 45f02bb8cc09ddac
VERIFY PASS — replay reproduced 1 steps and the full trace chain bit-for-bit
== /home/user/Ranger3143/labs/logs/safe/SAFE-02/bitnet2b/b/fw/receipts/q22.s0.txt
receipt trace-chain a22f7e482d8444ad
local   trace-chain a22f7e482d8444ad
VERIFY PASS — replay reproduced 1 steps and the full trace chain bit-for-bit
== /home/user/Ranger3143/labs/logs/safe/SAFE-02/bitnet2b/b/fw/receipts/q23.s0.txt
receipt trace-chain 373461bcc32c5607
local   trace-chain 373461bcc32c5607
VERIFY PASS — replay reproduced 1 steps and the full trace chain bit-for-bit
== /home/user/Ranger3143/labs/logs/safe/SAFE-02/bitnet2b/b/fw/receipts/q23.s1.txt
receipt trace-chain 497df8b1c201a7f9
local   trace-chain 497df8b1c201a7f9
VERIFY PASS — replay reproduced 1 steps and the full trace chain bit-for-bit
== /home/user/Ranger3143/labs/logs/safe/SAFE-02/bitnet2b/b/fw/receipts/q24.s0.txt
receipt trace-chain 21fe6cd44564cac3
local   trace-chain 21fe6cd44564cac3
VERIFY PASS — replay reproduced 1 steps and the full trace chain bit-for-bit
== /home/user/Ranger3143/labs/logs/safe/SAFE-02/bitnet2b/b/fw/receipts/q25.s0.txt
receipt trace-chain 4744ba787913abbf
local   trace-chain 4744ba787913abbf
VERIFY PASS — replay reproduced 1 steps and the full trace chain bit-for-bit
== /home/user/Ranger3143/labs/logs/safe/SAFE-02/bitnet2b/b/fw/receipts/q25.s1.txt
receipt trace-chain 873105b87e8e000e
local   trace-chain 873105b87e8e000e
VERIFY PASS — replay reproduced 1 steps and the full trace chain bit-for-bit
== /home/user/Ranger3143/labs/logs/safe/SAFE-02/bitnet2b/b/fw/receipts/q26.s0.txt
receipt trace-chain 7f49d2a3f0d0adc8
local   trace-chain 7f49d2a3f0d0adc8
VERIFY PASS — replay reproduced 1 steps and the full trace chain bit-for-bit
== /home/user/Ranger3143/labs/logs/safe/SAFE-02/bitnet2b/b/fw/receipts/q26.s1.txt
receipt trace-chain 7cf6ba05c297e757
local   trace-chain 7cf6ba05c297e757
VERIFY PASS — replay reproduced 1 steps and the full trace chain bit-for-bit
== /home/user/Ranger3143/labs/logs/safe/SAFE-02/bitnet2b/b/fw/receipts/q27.s0.txt
receipt trace-chain 94b2e9ffff976eb0
local   trace-chain 94b2e9ffff976eb0
VERIFY PASS — replay reproduced 1 steps and the full trace chain bit-for-bit
== /home/user/Ranger3143/labs/logs/safe/SAFE-02/bitnet2b/b/fw/receipts/q27.s1.txt
receipt trace-chain 2bc8701fce188146
local   trace-chain 2bc8701fce188146
VERIFY PASS — replay reproduced 1 steps and the full trace chain bit-for-bit
== /home/user/Ranger3143/labs/logs/safe/SAFE-02/bitnet2b/b/fw/receipts/q28.s0.txt
receipt trace-chain c6972cc1f0b914c5
local   trace-chain c6972cc1f0b914c5
VERIFY PASS — replay reproduced 1 steps and the full trace chain bit-for-bit
== /home/user/Ranger3143/labs/logs/safe/SAFE-02/bitnet2b/b/fw/receipts/q29.s0.txt
receipt trace-chain 561884eba11d2681
local   trace-chain 561884eba11d2681
VERIFY PASS — replay reproduced 1 steps and the full trace chain bit-for-bit
== /home/user/Ranger3143/labs/logs/safe/SAFE-02/bitnet2b/b/fw/receipts/q30.s0.txt
receipt trace-chain 925ac91f14226099
local   trace-chain 925ac91f14226099
VERIFY PASS — replay reproduced 1 steps and the full trace chain bit-for-bit
== /home/user/Ranger3143/labs/logs/safe/SAFE-02/bitnet2b/b/fw/receipts/q30.s1.txt
receipt trace-chain f69a0197ff162f40
local   trace-chain f69a0197ff162f40
VERIFY PASS — replay reproduced 1 steps and the full trace chain bit-for-bit
SUMMARY pass=52 fail=0
