== /home/user/Ranger3143/labs/logs/safe/SAFE-02/op12k/b/fw/receipts/q01.s0.txt
receipt trace-chain 78406f61608f3cea
local   trace-chain 78406f61608f3cea
VERIFY PASS — replay reproduced 1 steps and the full trace chain bit-for-bit
== /home/user/Ranger3143/labs/logs/safe/SAFE-02/op12k/b/fw/receipts/q01.s1.txt
receipt trace-chain bb04804a2c786d44
local   trace-chain bb04804a2c786d44
VERIFY PASS — replay reproduced 1 steps and the full trace chain bit-for-bit
== /home/user/Ranger3143/labs/logs/safe/SAFE-02/op12k/b/fw/receipts/q02.s0.txt
receipt trace-chain f04f61ca1a1f281d
local   trace-chain f04f61ca1a1f281d
VERIFY PASS — replay reproduced 1 steps and the full trace chain bit-for-bit
== /home/user/Ranger3143/labs/logs/safe/SAFE-02/op12k/b/fw/receipts/q02.s1.txt
receipt trace-chain 8f36e9eff81fce6d
local   trace-chain 8f36e9eff81fce6d
VERIFY PASS — replay reproduced 1 steps and the full trace chain bit-for-bit
== /home/user/Ranger3143/labs/logs/safe/SAFE-02/op12k/b/fw/receipts/q03.s0.txt
receipt trace-chain 8b623a7b87c3df5f
local   trace-chain 8b623a7b87c3df5f
VERIFY PASS — replay reproduced 1 steps and the full trace chain bit-for-bit
== /home/user/Ranger3143/labs/logs/safe/SAFE-02/op12k/b/fw/receipts/q03.s1.txt
receipt trace-chain 7c6e0e9b1e0d66e1
local   trace-chain 7c6e0e9b1e0d66e1
VERIFY PASS — replay reproduced 1 steps and the full trace chain bit-for-bit
== /home/user/Ranger3143/labs/logs/safe/SAFE-02/op12k/b/fw/receipts/q04.s0.txt
receipt trace-chain 4f753777366cbf31
local   trace-chain 4f753777366cbf31
VERIFY PASS — replay reproduced 1 steps and the full trace chain bit-for-bit
== /home/user/Ranger3143/labs/logs/safe/SAFE-02/op12k/b/fw/receipts/q04.s1.txt
receipt trace-chain 39c04ef5b0a6167d
local   trace-chain 39c04ef5b0a6167d
VERIFY PASS — replay reproduced 1 steps and the full trace chain bit-for-bit
== /home/user/Ranger3143/labs/logs/safe/SAFE-02/op12k/b/fw/receipts/q05.s0.txt
receipt trace-chain 1e738097ae77d019
local   trace-chain 1e738097ae77d019
VERIFY PASS — replay reproduced 1 steps and the full trace chain bit-for-bit
== /home/user/Ranger3143/labs/logs/safe/SAFE-02/op12k/b/fw/receipts/q05.s1.txt
receipt trace-chain e9d6617342510ee8
local   trace-chain e9d6617342510ee8
VERIFY PASS — replay reproduced 1 steps and the full trace chain bit-for-bit
== /home/user/Ranger3143/labs/logs/safe/SAFE-02/op12k/b/fw/receipts/q06.s0.txt
receipt trace-chain eea4594ac274cb41
local   trace-chain eea4594ac274cb41
VERIFY PASS — replay reproduced 1 steps and the full trace chain bit-for-bit
== /home/user/Ranger3143/labs/logs/safe/SAFE-02/op12k/b/fw/receipts/q06.s1.txt
receipt trace-chain 74d62cb82fbe69fb
local   trace-chain 74d62cb82fbe69fb
VERIFY PASS — replay reproduced 1 steps and the full trace chain bit-for-bit
== /home/user/Ranger3143/labs/logs/safe/SAFE-02/op12k/b/fw/receipts/q07.s0.txt
receipt trace-chain 03c75cca68aa6d4e
local   trace-chain 03c75cca68aa6d4e
VERIFY PASS — replay reproduced 1 steps and the full trace chain bit-for-bit
== /home/user/Ranger3143/labs/logs/safe/SAFE-02/op12k/b/fw/receipts/q07.s1.txt
receipt trace-chain d4489b876e6aed07
local   trace-chain d4489b876e6aed07
VERIFY PASS — replay reproduced 1 steps and the full trace chain bit-for-bit
== /home/user/Ranger3143/labs/logs/safe/SAFE-02/op12k/b/fw/receipts/q08.s0.txt
receipt trace-chain 5d8d5a5a0a5b28bb
local   trace-chain 5d8d5a5a0a5b28bb
VERIFY PASS — replay reproduced 1 steps and the full trace chain bit-for-bit
== /home/user/Ranger3143/labs/logs/safe/SAFE-02/op12k/b/fw/receipts/q08.s1.txt
receipt trace-chain 85b4e02c61da7129
local   trace-chain 85b4e02c61da7129
VERIFY PASS — replay reproduced 1 steps and the full trace chain bit-for-bit
== /home/user/Ranger3143/labs/logs/safe/SAFE-02/op12k/b/fw/receipts/q09.s0.txt
receipt trace-chain a1c7ac5394902146
local   trace-chain a1c7ac5394902146
VERIFY PASS — replay reproduced 1 steps and the full trace chain bit-for-bit
== /home/user/Ranger3143/labs/logs/safe/SAFE-02/op12k/b/fw/receipts/q09.s1.txt
receipt trace-chain 90b51ee6c63d4454
local   trace-chain 90b51ee6c63d4454
VERIFY PASS — replay reproduced 1 steps and the full trace chain bit-for-bit
== /home/user/Ranger3143/labs/logs/safe/SAFE-02/op12k/b/fw/receipts/q10.s0.txt
receipt trace-chain e0075c45543b290f
local   trace-chain e0075c45543b290f
VERIFY PASS — replay reproduced 1 steps and the full trace chain bit-for-bit
== /home/user/Ranger3143/labs/logs/safe/SAFE-02/op12k/b/fw/receipts/q10.s1.txt
receipt trace-chain 2989c891e7464325
local   trace-chain 2989c891e7464325
VERIFY PASS — replay reproduced 1 steps and the full trace chain bit-for-bit
== /home/user/Ranger3143/labs/logs/safe/SAFE-02/op12k/b/fw/receipts/q11.s0.txt
receipt trace-chain 06e7563676d0d03a
local   trace-chain 06e7563676d0d03a
VERIFY PASS — replay reproduced 1 steps and the full trace chain bit-for-bit
== /home/user/Ranger3143/labs/logs/safe/SAFE-02/op12k/b/fw/receipts/q11.s1.txt
receipt trace-chain c492034849e4fc5a
local   trace-chain c492034849e4fc5a
VERIFY PASS — replay reproduced 1 steps and the full trace chain bit-for-bit
== /home/user/Ranger3143/labs/logs/safe/SAFE-02/op12k/b/fw/receipts/q12.s0.txt
receipt trace-chain ba6b39234f750cd8
local   trace-chain ba6b39234f750cd8
VERIFY PASS — replay reproduced 1 steps and the full trace chain bit-for-bit
== /home/user/Ranger3143/labs/logs/safe/SAFE-02/op12k/b/fw/receipts/q12.s1.txt
receipt trace-chain 023b1945e5bb189b
local   trace-chain 023b1945e5bb189b
VERIFY PASS — replay reproduced 1 steps and the full trace chain bit-for-bit
== /home/user/Ranger3143/labs/logs/safe/SAFE-02/op12k/b/fw/receipts/q13.s0.txt
receipt trace-chain bc13ad283d64e69a
local   trace-chain bc13ad283d64e69a
VERIFY PASS — replay reproduced 1 steps and the full trace chain bit-for-bit
== /home/user/Ranger3143/labs/logs/safe/SAFE-02/op12k/b/fw/receipts/q13.s1.txt
receipt trace-chain 2f3558cf85b09b87
local   trace-chain 2f3558cf85b09b87
VERIFY PASS — replay reproduced 1 steps and the full trace chain bit-for-bit
== /home/user/Ranger3143/labs/logs/safe/SAFE-02/op12k/b/fw/receipts/q14.s0.txt
receipt trace-chain edcb46de7e22faa8
local   trace-chain edcb46de7e22faa8
VERIFY PASS — replay reproduced 1 steps and the full trace chain bit-for-bit
== /home/user/Ranger3143/labs/logs/safe/SAFE-02/op12k/b/fw/receipts/q14.s1.txt
receipt trace-chain 9b664add79215ac4
local   trace-chain 9b664add79215ac4
VERIFY PASS — replay reproduced 1 steps and the full trace chain bit-for-bit
== /home/user/Ranger3143/labs/logs/safe/SAFE-02/op12k/b/fw/receipts/q15.s0.txt
receipt trace-chain e70089a92fde7796
local   trace-chain e70089a92fde7796
VERIFY PASS — replay reproduced 1 steps and the full trace chain bit-for-bit
== /home/user/Ranger3143/labs/logs/safe/SAFE-02/op12k/b/fw/receipts/q15.s1.txt
receipt trace-chain 31bdde5e6b50849b
local   trace-chain 31bdde5e6b50849b
VERIFY PASS — replay reproduced 1 steps and the full trace chain bit-for-bit
== /home/user/Ranger3143/labs/logs/safe/SAFE-02/op12k/b/fw/receipts/q16.s0.txt
receipt trace-chain 80f6b23c50717001
local   trace-chain 80f6b23c50717001
VERIFY PASS — replay reproduced 1 steps and the full trace chain bit-for-bit
== /home/user/Ranger3143/labs/logs/safe/SAFE-02/op12k/b/fw/receipts/q16.s1.txt
receipt trace-chain e054114bbaff656e
local   trace-chain e054114bbaff656e
VERIFY PASS — replay reproduced 1 steps and the full trace chain bit-for-bit
== /home/user/Ranger3143/labs/logs/safe/SAFE-02/op12k/b/fw/receipts/q17.s0.txt
receipt trace-chain ac26fd508d03e334
local   trace-chain ac26fd508d03e334
VERIFY PASS — replay reproduced 1 steps and the full trace chain bit-for-bit
== /home/user/Ranger3143/labs/logs/safe/SAFE-02/op12k/b/fw/receipts/q17.s1.txt
receipt trace-chain 6c42396b92635b5c
local   trace-chain 6c42396b92635b5c
VERIFY PASS — replay reproduced 1 steps and the full trace chain bit-for-bit
== /home/user/Ranger3143/labs/logs/safe/SAFE-02/op12k/b/fw/receipts/q18.s0.txt
receipt trace-chain c6b69acb7219b3e0
local   trace-chain c6b69acb7219b3e0
VERIFY PASS — replay reproduced 1 steps and the full trace chain bit-for-bit
== /home/user/Ranger3143/labs/logs/safe/SAFE-02/op12k/b/fw/receipts/q18.s1.txt
receipt trace-chain acece0acaa37465a
local   trace-chain acece0acaa37465a
VERIFY PASS — replay reproduced 1 steps and the full trace chain bit-for-bit
== /home/user/Ranger3143/labs/logs/safe/SAFE-02/op12k/b/fw/receipts/q19.s0.txt
receipt trace-chain 187e4a134f2dcdb2
local   trace-chain 187e4a134f2dcdb2
VERIFY PASS — replay reproduced 1 steps and the full trace chain bit-for-bit
== /home/user/Ranger3143/labs/logs/safe/SAFE-02/op12k/b/fw/receipts/q19.s1.txt
receipt trace-chain f05eb4d0591b86c3
local   trace-chain f05eb4d0591b86c3
VERIFY PASS — replay reproduced 1 steps and the full trace chain bit-for-bit
== /home/user/Ranger3143/labs/logs/safe/SAFE-02/op12k/b/fw/receipts/q20.s0.txt
receipt trace-chain 31b4ace1e40438fd
local   trace-chain 31b4ace1e40438fd
VERIFY PASS — replay reproduced 1 steps and the full trace chain bit-for-bit
== /home/user/Ranger3143/labs/logs/safe/SAFE-02/op12k/b/fw/receipts/q20.s1.txt
receipt trace-chain 9cc1a7be06679279
local   trace-chain 9cc1a7be06679279
VERIFY PASS — replay reproduced 1 steps and the full trace chain bit-for-bit
== /home/user/Ranger3143/labs/logs/safe/SAFE-02/op12k/b/fw/receipts/q21.s0.txt
receipt trace-chain 5619673dbcc28944
local   trace-chain 5619673dbcc28944
VERIFY PASS — replay reproduced 1 steps and the full trace chain bit-for-bit
== /home/user/Ranger3143/labs/logs/safe/SAFE-02/op12k/b/fw/receipts/q21.s1.txt
receipt trace-chain ee6f1177a43ab4d7
local   trace-chain ee6f1177a43ab4d7
VERIFY PASS — replay reproduced 1 steps and the full trace chain bit-for-bit
== /home/user/Ranger3143/labs/logs/safe/SAFE-02/op12k/b/fw/receipts/q22.s0.txt
receipt trace-chain 6af34e1cc2cee80d
local   trace-chain 6af34e1cc2cee80d
VERIFY PASS — replay reproduced 1 steps and the full trace chain bit-for-bit
== /home/user/Ranger3143/labs/logs/safe/SAFE-02/op12k/b/fw/receipts/q22.s1.txt
receipt trace-chain feb40bbad11cca31
local   trace-chain feb40bbad11cca31
VERIFY PASS — replay reproduced 1 steps and the full trace chain bit-for-bit
== /home/user/Ranger3143/labs/logs/safe/SAFE-02/op12k/b/fw/receipts/q23.s0.txt
receipt trace-chain 23e9414204d98092
local   trace-chain 23e9414204d98092
VERIFY PASS — replay reproduced 1 steps and the full trace chain bit-for-bit
== /home/user/Ranger3143/labs/logs/safe/SAFE-02/op12k/b/fw/receipts/q23.s1.txt
receipt trace-chain f28843cb6fa92ec4
local   trace-chain f28843cb6fa92ec4
VERIFY PASS — replay reproduced 1 steps and the full trace chain bit-for-bit
== /home/user/Ranger3143/labs/logs/safe/SAFE-02/op12k/b/fw/receipts/q24.s0.txt
receipt trace-chain aa114d485aabee5b
local   trace-chain aa114d485aabee5b
VERIFY PASS — replay reproduced 1 steps and the full trace chain bit-for-bit
== /home/user/Ranger3143/labs/logs/safe/SAFE-02/op12k/b/fw/receipts/q24.s1.txt
receipt trace-chain 340cd3b4ffce7406
local   trace-chain 340cd3b4ffce7406
VERIFY PASS — replay reproduced 1 steps and the full trace chain bit-for-bit
== /home/user/Ranger3143/labs/logs/safe/SAFE-02/op12k/b/fw/receipts/q25.s0.txt
receipt trace-chain 538c4217d7dbbba2
local   trace-chain 538c4217d7dbbba2
VERIFY PASS — replay reproduced 1 steps and the full trace chain bit-for-bit
== /home/user/Ranger3143/labs/logs/safe/SAFE-02/op12k/b/fw/receipts/q25.s1.txt
receipt trace-chain 2e02dcc9e97105ff
local   trace-chain 2e02dcc9e97105ff
VERIFY PASS — replay reproduced 1 steps and the full trace chain bit-for-bit
== /home/user/Ranger3143/labs/logs/safe/SAFE-02/op12k/b/fw/receipts/q26.s0.txt
receipt trace-chain 8b837105c6b9d979
local   trace-chain 8b837105c6b9d979
VERIFY PASS — replay reproduced 1 steps and the full trace chain bit-for-bit
== /home/user/Ranger3143/labs/logs/safe/SAFE-02/op12k/b/fw/receipts/q26.s1.txt
receipt trace-chain 617c9a97a28f13a9
local   trace-chain 617c9a97a28f13a9
VERIFY PASS — replay reproduced 1 steps and the full trace chain bit-for-bit
== /home/user/Ranger3143/labs/logs/safe/SAFE-02/op12k/b/fw/receipts/q27.s0.txt
receipt trace-chain a2a6fdf45efbb2be
local   trace-chain a2a6fdf45efbb2be
VERIFY PASS — replay reproduced 1 steps and the full trace chain bit-for-bit
== /home/user/Ranger3143/labs/logs/safe/SAFE-02/op12k/b/fw/receipts/q27.s1.txt
receipt trace-chain 5a18f133d8c3a3a6
local   trace-chain 5a18f133d8c3a3a6
VERIFY PASS — replay reproduced 1 steps and the full trace chain bit-for-bit
== /home/user/Ranger3143/labs/logs/safe/SAFE-02/op12k/b/fw/receipts/q28.s0.txt
receipt trace-chain f3f3f5b8183f5aff
local   trace-chain f3f3f5b8183f5aff
VERIFY PASS — replay reproduced 1 steps and the full trace chain bit-for-bit
== /home/user/Ranger3143/labs/logs/safe/SAFE-02/op12k/b/fw/receipts/q28.s1.txt
receipt trace-chain 66f9aa40d146f7f0
local   trace-chain 66f9aa40d146f7f0
VERIFY PASS — replay reproduced 1 steps and the full trace chain bit-for-bit
== /home/user/Ranger3143/labs/logs/safe/SAFE-02/op12k/b/fw/receipts/q29.s0.txt
receipt trace-chain a5944f66192ff5e3
local   trace-chain a5944f66192ff5e3
VERIFY PASS — replay reproduced 1 steps and the full trace chain bit-for-bit
== /home/user/Ranger3143/labs/logs/safe/SAFE-02/op12k/b/fw/receipts/q29.s1.txt
receipt trace-chain 0f3c4fde3529ff9e
local   trace-chain 0f3c4fde3529ff9e
VERIFY PASS — replay reproduced 1 steps and the full trace chain bit-for-bit
== /home/user/Ranger3143/labs/logs/safe/SAFE-02/op12k/b/fw/receipts/q30.s0.txt
receipt trace-chain 0490768a23ca3ca7
local   trace-chain 0490768a23ca3ca7
VERIFY PASS — replay reproduced 1 steps and the full trace chain bit-for-bit
== /home/user/Ranger3143/labs/logs/safe/SAFE-02/op12k/b/fw/receipts/q30.s1.txt
receipt trace-chain e21137b076d415e9
local   trace-chain e21137b076d415e9
VERIFY PASS — replay reproduced 1 steps and the full trace chain bit-for-bit
SUMMARY pass=60 fail=0
