== /home/user/Ranger3143/labs/logs/safe/SAFE-02/op12k/c/fw/receipts/q01.s0.txt
receipt trace-chain 17916ecbc28c8cf5
local   trace-chain 17916ecbc28c8cf5
VERIFY PASS — replay reproduced 1 steps and the full trace chain bit-for-bit
== /home/user/Ranger3143/labs/logs/safe/SAFE-02/op12k/c/fw/receipts/q01.s1.txt
receipt trace-chain c93e1c1e86bfd691
local   trace-chain c93e1c1e86bfd691
VERIFY PASS — replay reproduced 1 steps and the full trace chain bit-for-bit
== /home/user/Ranger3143/labs/logs/safe/SAFE-02/op12k/c/fw/receipts/q02.s0.txt
receipt trace-chain 65e540a6ec74e7e5
local   trace-chain 65e540a6ec74e7e5
VERIFY PASS — replay reproduced 1 steps and the full trace chain bit-for-bit
== /home/user/Ranger3143/labs/logs/safe/SAFE-02/op12k/c/fw/receipts/q02.s1.txt
receipt trace-chain 5ce5ee466b42a9bb
local   trace-chain 5ce5ee466b42a9bb
VERIFY PASS — replay reproduced 1 steps and the full trace chain bit-for-bit
== /home/user/Ranger3143/labs/logs/safe/SAFE-02/op12k/c/fw/receipts/q03.s0.txt
receipt trace-chain 0be5ff5ecdbdd929
local   trace-chain 0be5ff5ecdbdd929
VERIFY PASS — replay reproduced 1 steps and the full trace chain bit-for-bit
== /home/user/Ranger3143/labs/logs/safe/SAFE-02/op12k/c/fw/receipts/q03.s1.txt
receipt trace-chain 97dd1b160f681e3a
local   trace-chain 97dd1b160f681e3a
VERIFY PASS — replay reproduced 1 steps and the full trace chain bit-for-bit
== /home/user/Ranger3143/labs/logs/safe/SAFE-02/op12k/c/fw/receipts/q04.s0.txt
receipt trace-chain 283c9657f71702d0
local   trace-chain 283c9657f71702d0
VERIFY PASS — replay reproduced 1 steps and the full trace chain bit-for-bit
== /home/user/Ranger3143/labs/logs/safe/SAFE-02/op12k/c/fw/receipts/q04.s1.txt
receipt trace-chain 46eb4c6139fd1557
local   trace-chain 46eb4c6139fd1557
VERIFY PASS — replay reproduced 1 steps and the full trace chain bit-for-bit
== /home/user/Ranger3143/labs/logs/safe/SAFE-02/op12k/c/fw/receipts/q05.s0.txt
receipt trace-chain 92031b16da0196ba
local   trace-chain 92031b16da0196ba
VERIFY PASS — replay reproduced 1 steps and the full trace chain bit-for-bit
== /home/user/Ranger3143/labs/logs/safe/SAFE-02/op12k/c/fw/receipts/q05.s1.txt
receipt trace-chain e1478b9ed4d32bb2
local   trace-chain e1478b9ed4d32bb2
VERIFY PASS — replay reproduced 1 steps and the full trace chain bit-for-bit
== /home/user/Ranger3143/labs/logs/safe/SAFE-02/op12k/c/fw/receipts/q06.s0.txt
receipt trace-chain cf38ebacd08ef5c2
local   trace-chain cf38ebacd08ef5c2
VERIFY PASS — replay reproduced 1 steps and the full trace chain bit-for-bit
== /home/user/Ranger3143/labs/logs/safe/SAFE-02/op12k/c/fw/receipts/q06.s1.txt
receipt trace-chain 570f9d8aac8df654
local   trace-chain 570f9d8aac8df654
VERIFY PASS — replay reproduced 1 steps and the full trace chain bit-for-bit
== /home/user/Ranger3143/labs/logs/safe/SAFE-02/op12k/c/fw/receipts/q07.s0.txt
receipt trace-chain 7789dcca90987870
local   trace-chain 7789dcca90987870
VERIFY PASS — replay reproduced 1 steps and the full trace chain bit-for-bit
== /home/user/Ranger3143/labs/logs/safe/SAFE-02/op12k/c/fw/receipts/q07.s1.txt
receipt trace-chain 40a266ab47b589ee
local   trace-chain 40a266ab47b589ee
VERIFY PASS — replay reproduced 1 steps and the full trace chain bit-for-bit
== /home/user/Ranger3143/labs/logs/safe/SAFE-02/op12k/c/fw/receipts/q08.s0.txt
receipt trace-chain 91b8813bf212e2b3
local   trace-chain 91b8813bf212e2b3
VERIFY PASS — replay reproduced 1 steps and the full trace chain bit-for-bit
== /home/user/Ranger3143/labs/logs/safe/SAFE-02/op12k/c/fw/receipts/q08.s1.txt
receipt trace-chain f4a61825edcf6136
local   trace-chain f4a61825edcf6136
VERIFY PASS — replay reproduced 1 steps and the full trace chain bit-for-bit
== /home/user/Ranger3143/labs/logs/safe/SAFE-02/op12k/c/fw/receipts/q09.s0.txt
receipt trace-chain 718562d044a21f86
local   trace-chain 718562d044a21f86
VERIFY PASS — replay reproduced 1 steps and the full trace chain bit-for-bit
== /home/user/Ranger3143/labs/logs/safe/SAFE-02/op12k/c/fw/receipts/q09.s1.txt
receipt trace-chain 1b4b6fcde82b2082
local   trace-chain 1b4b6fcde82b2082
VERIFY PASS — replay reproduced 1 steps and the full trace chain bit-for-bit
== /home/user/Ranger3143/labs/logs/safe/SAFE-02/op12k/c/fw/receipts/q10.s0.txt
receipt trace-chain 5c985a502bb81fda
local   trace-chain 5c985a502bb81fda
VERIFY PASS — replay reproduced 1 steps and the full trace chain bit-for-bit
== /home/user/Ranger3143/labs/logs/safe/SAFE-02/op12k/c/fw/receipts/q10.s1.txt
receipt trace-chain 927eb05d19b77f31
local   trace-chain 927eb05d19b77f31
VERIFY PASS — replay reproduced 1 steps and the full trace chain bit-for-bit
== /home/user/Ranger3143/labs/logs/safe/SAFE-02/op12k/c/fw/receipts/q11.s0.txt
receipt trace-chain bb374cb2b7968e4e
local   trace-chain bb374cb2b7968e4e
VERIFY PASS — replay reproduced 1 steps and the full trace chain bit-for-bit
== /home/user/Ranger3143/labs/logs/safe/SAFE-02/op12k/c/fw/receipts/q11.s1.txt
receipt trace-chain ac3c07ea2e192661
local   trace-chain ac3c07ea2e192661
VERIFY PASS — replay reproduced 1 steps and the full trace chain bit-for-bit
== /home/user/Ranger3143/labs/logs/safe/SAFE-02/op12k/c/fw/receipts/q12.s0.txt
receipt trace-chain 51a180d980025f79
local   trace-chain 51a180d980025f79
VERIFY PASS — replay reproduced 1 steps and the full trace chain bit-for-bit
== /home/user/Ranger3143/labs/logs/safe/SAFE-02/op12k/c/fw/receipts/q12.s1.txt
receipt trace-chain 78cfeff623c5c88a
local   trace-chain 78cfeff623c5c88a
VERIFY PASS — replay reproduced 1 steps and the full trace chain bit-for-bit
== /home/user/Ranger3143/labs/logs/safe/SAFE-02/op12k/c/fw/receipts/q13.s0.txt
receipt trace-chain 7f1d460447008ca8
local   trace-chain 7f1d460447008ca8
VERIFY PASS — replay reproduced 1 steps and the full trace chain bit-for-bit
== /home/user/Ranger3143/labs/logs/safe/SAFE-02/op12k/c/fw/receipts/q13.s1.txt
receipt trace-chain ad3eae3b51713f43
local   trace-chain ad3eae3b51713f43
VERIFY PASS — replay reproduced 1 steps and the full trace chain bit-for-bit
== /home/user/Ranger3143/labs/logs/safe/SAFE-02/op12k/c/fw/receipts/q14.s0.txt
receipt trace-chain 72cd0371d411a086
local   trace-chain 72cd0371d411a086
VERIFY PASS — replay reproduced 1 steps and the full trace chain bit-for-bit
== /home/user/Ranger3143/labs/logs/safe/SAFE-02/op12k/c/fw/receipts/q14.s1.txt
receipt trace-chain 045e5fd5cf9905de
local   trace-chain 045e5fd5cf9905de
VERIFY PASS — replay reproduced 1 steps and the full trace chain bit-for-bit
== /home/user/Ranger3143/labs/logs/safe/SAFE-02/op12k/c/fw/receipts/q15.s0.txt
receipt trace-chain a6cbca96f3f276a1
local   trace-chain a6cbca96f3f276a1
VERIFY PASS — replay reproduced 1 steps and the full trace chain bit-for-bit
== /home/user/Ranger3143/labs/logs/safe/SAFE-02/op12k/c/fw/receipts/q15.s1.txt
receipt trace-chain 6302ceb075e81e04
local   trace-chain 6302ceb075e81e04
VERIFY PASS — replay reproduced 1 steps and the full trace chain bit-for-bit
== /home/user/Ranger3143/labs/logs/safe/SAFE-02/op12k/c/fw/receipts/q16.s0.txt
receipt trace-chain 92dfe5cb11532dc6
local   trace-chain 92dfe5cb11532dc6
VERIFY PASS — replay reproduced 1 steps and the full trace chain bit-for-bit
== /home/user/Ranger3143/labs/logs/safe/SAFE-02/op12k/c/fw/receipts/q16.s1.txt
receipt trace-chain 40e7ffacbc6e53f2
local   trace-chain 40e7ffacbc6e53f2
VERIFY PASS — replay reproduced 1 steps and the full trace chain bit-for-bit
== /home/user/Ranger3143/labs/logs/safe/SAFE-02/op12k/c/fw/receipts/q17.s0.txt
receipt trace-chain 56bfba0b672920fa
local   trace-chain 56bfba0b672920fa
VERIFY PASS — replay reproduced 1 steps and the full trace chain bit-for-bit
== /home/user/Ranger3143/labs/logs/safe/SAFE-02/op12k/c/fw/receipts/q17.s1.txt
receipt trace-chain 64586a0938fb43d4
local   trace-chain 64586a0938fb43d4
VERIFY PASS — replay reproduced 1 steps and the full trace chain bit-for-bit
== /home/user/Ranger3143/labs/logs/safe/SAFE-02/op12k/c/fw/receipts/q18.s0.txt
receipt trace-chain bad7ad87ccb7b280
local   trace-chain bad7ad87ccb7b280
VERIFY PASS — replay reproduced 1 steps and the full trace chain bit-for-bit
== /home/user/Ranger3143/labs/logs/safe/SAFE-02/op12k/c/fw/receipts/q18.s1.txt
receipt trace-chain 1a3f71eb75221851
local   trace-chain 1a3f71eb75221851
VERIFY PASS — replay reproduced 1 steps and the full trace chain bit-for-bit
== /home/user/Ranger3143/labs/logs/safe/SAFE-02/op12k/c/fw/receipts/q19.s0.txt
receipt trace-chain 178bd1da3619c6e6
local   trace-chain 178bd1da3619c6e6
VERIFY PASS — replay reproduced 1 steps and the full trace chain bit-for-bit
== /home/user/Ranger3143/labs/logs/safe/SAFE-02/op12k/c/fw/receipts/q19.s1.txt
receipt trace-chain f9e1fc7eeb29931f
local   trace-chain f9e1fc7eeb29931f
VERIFY PASS — replay reproduced 1 steps and the full trace chain bit-for-bit
== /home/user/Ranger3143/labs/logs/safe/SAFE-02/op12k/c/fw/receipts/q20.s0.txt
receipt trace-chain 64e8fd7c56b46d84
local   trace-chain 64e8fd7c56b46d84
VERIFY PASS — replay reproduced 1 steps and the full trace chain bit-for-bit
== /home/user/Ranger3143/labs/logs/safe/SAFE-02/op12k/c/fw/receipts/q20.s1.txt
receipt trace-chain bfd9db1778baabcf
local   trace-chain bfd9db1778baabcf
VERIFY PASS — replay reproduced 1 steps and the full trace chain bit-for-bit
== /home/user/Ranger3143/labs/logs/safe/SAFE-02/op12k/c/fw/receipts/q21.s0.txt
receipt trace-chain 7de2ebc01e06738a
local   trace-chain 7de2ebc01e06738a
VERIFY PASS — replay reproduced 1 steps and the full trace chain bit-for-bit
== /home/user/Ranger3143/labs/logs/safe/SAFE-02/op12k/c/fw/receipts/q21.s1.txt
receipt trace-chain 7dbd3f1a634d50ea
local   trace-chain 7dbd3f1a634d50ea
VERIFY PASS — replay reproduced 1 steps and the full trace chain bit-for-bit
== /home/user/Ranger3143/labs/logs/safe/SAFE-02/op12k/c/fw/receipts/q22.s0.txt
receipt trace-chain 51209026d5727bb4
local   trace-chain 51209026d5727bb4
VERIFY PASS — replay reproduced 1 steps and the full trace chain bit-for-bit
== /home/user/Ranger3143/labs/logs/safe/SAFE-02/op12k/c/fw/receipts/q22.s1.txt
receipt trace-chain d145f10becc11b1f
local   trace-chain d145f10becc11b1f
VERIFY PASS — replay reproduced 1 steps and the full trace chain bit-for-bit
== /home/user/Ranger3143/labs/logs/safe/SAFE-02/op12k/c/fw/receipts/q23.s0.txt
receipt trace-chain 7ac1ab5a5b5494b2
local   trace-chain 7ac1ab5a5b5494b2
VERIFY PASS — replay reproduced 1 steps and the full trace chain bit-for-bit
== /home/user/Ranger3143/labs/logs/safe/SAFE-02/op12k/c/fw/receipts/q23.s1.txt
receipt trace-chain 31939b9e5167aaf0
local   trace-chain 31939b9e5167aaf0
VERIFY PASS — replay reproduced 1 steps and the full trace chain bit-for-bit
== /home/user/Ranger3143/labs/logs/safe/SAFE-02/op12k/c/fw/receipts/q24.s0.txt
receipt trace-chain 8259a1a89088a9ea
local   trace-chain 8259a1a89088a9ea
VERIFY PASS — replay reproduced 1 steps and the full trace chain bit-for-bit
== /home/user/Ranger3143/labs/logs/safe/SAFE-02/op12k/c/fw/receipts/q24.s1.txt
receipt trace-chain 39dbe6cddf98b708
local   trace-chain 39dbe6cddf98b708
VERIFY PASS — replay reproduced 1 steps and the full trace chain bit-for-bit
== /home/user/Ranger3143/labs/logs/safe/SAFE-02/op12k/c/fw/receipts/q25.s0.txt
receipt trace-chain 30c8599378e7b998
local   trace-chain 30c8599378e7b998
VERIFY PASS — replay reproduced 1 steps and the full trace chain bit-for-bit
== /home/user/Ranger3143/labs/logs/safe/SAFE-02/op12k/c/fw/receipts/q25.s1.txt
receipt trace-chain c69b61a224601e5b
local   trace-chain c69b61a224601e5b
VERIFY PASS — replay reproduced 1 steps and the full trace chain bit-for-bit
== /home/user/Ranger3143/labs/logs/safe/SAFE-02/op12k/c/fw/receipts/q26.s0.txt
receipt trace-chain ac231202b6614f29
local   trace-chain ac231202b6614f29
VERIFY PASS — replay reproduced 1 steps and the full trace chain bit-for-bit
== /home/user/Ranger3143/labs/logs/safe/SAFE-02/op12k/c/fw/receipts/q26.s1.txt
receipt trace-chain 6633333a50df9900
local   trace-chain 6633333a50df9900
VERIFY PASS — replay reproduced 1 steps and the full trace chain bit-for-bit
== /home/user/Ranger3143/labs/logs/safe/SAFE-02/op12k/c/fw/receipts/q27.s0.txt
receipt trace-chain 64f81e9b50ad3cb2
local   trace-chain 64f81e9b50ad3cb2
VERIFY PASS — replay reproduced 1 steps and the full trace chain bit-for-bit
== /home/user/Ranger3143/labs/logs/safe/SAFE-02/op12k/c/fw/receipts/q27.s1.txt
receipt trace-chain 8309d3b31075f1c8
local   trace-chain 8309d3b31075f1c8
VERIFY PASS — replay reproduced 1 steps and the full trace chain bit-for-bit
== /home/user/Ranger3143/labs/logs/safe/SAFE-02/op12k/c/fw/receipts/q28.s0.txt
receipt trace-chain 39028533ba4ef56f
local   trace-chain 39028533ba4ef56f
VERIFY PASS — replay reproduced 1 steps and the full trace chain bit-for-bit
== /home/user/Ranger3143/labs/logs/safe/SAFE-02/op12k/c/fw/receipts/q28.s1.txt
receipt trace-chain cba7aee77ec8fc25
local   trace-chain cba7aee77ec8fc25
VERIFY PASS — replay reproduced 1 steps and the full trace chain bit-for-bit
== /home/user/Ranger3143/labs/logs/safe/SAFE-02/op12k/c/fw/receipts/q29.s0.txt
receipt trace-chain 2fcea3ebb3d5ac20
local   trace-chain 2fcea3ebb3d5ac20
VERIFY PASS — replay reproduced 1 steps and the full trace chain bit-for-bit
== /home/user/Ranger3143/labs/logs/safe/SAFE-02/op12k/c/fw/receipts/q29.s1.txt
receipt trace-chain 187ea47346b8e31e
local   trace-chain 187ea47346b8e31e
VERIFY PASS — replay reproduced 1 steps and the full trace chain bit-for-bit
== /home/user/Ranger3143/labs/logs/safe/SAFE-02/op12k/c/fw/receipts/q30.s0.txt
receipt trace-chain 0621d297689acab7
local   trace-chain 0621d297689acab7
VERIFY PASS — replay reproduced 1 steps and the full trace chain bit-for-bit
== /home/user/Ranger3143/labs/logs/safe/SAFE-02/op12k/c/fw/receipts/q30.s1.txt
receipt trace-chain 8aa1f50ea0c436a4
local   trace-chain 8aa1f50ea0c436a4
VERIFY PASS — replay reproduced 1 steps and the full trace chain bit-for-bit
SUMMARY pass=60 fail=0
