[train] model params: 17319296 (17.32M) | linear=bitlinear | sched=two_stage | B=8 T=512 threads=4
step     0/12000 | loss 9.4728 | lr 0.00e+00 | wd 0.100 | gnorm 4.80 | 6.3s
step    20/12000 | loss 8.8186 | lr 8.00e-05 | wd 0.100 | gnorm 1.97 | 53.4s
step    40/12000 | loss 8.1279 | lr 1.60e-04 | wd 0.100 | gnorm 1.56 | 93.8s
step    60/12000 | loss 7.4238 | lr 2.40e-04 | wd 0.100 | gnorm 0.90 | 134.2s
step    80/12000 | loss 7.3282 | lr 3.20e-04 | wd 0.100 | gnorm 0.84 | 174.5s
step   100/12000 | loss 7.1571 | lr 4.00e-04 | wd 0.100 | gnorm 0.90 | 213.5s
step   120/12000 | loss 6.6475 | lr 4.80e-04 | wd 0.100 | gnorm 1.60 | 253.0s
step   140/12000 | loss 6.6706 | lr 5.60e-04 | wd 0.100 | gnorm 1.72 | 296.4s
step   160/12000 | loss 5.9091 | lr 6.40e-04 | wd 0.100 | gnorm 2.77 | 335.6s
step   180/12000 | loss 5.4864 | lr 7.20e-04 | wd 0.100 | gnorm 1.55 | 375.1s
step   200/12000 | loss 5.8562 | lr 8.00e-04 | wd 0.100 | gnorm 1.07 | 414.2s
step   220/12000 | loss 5.5742 | lr 8.80e-04 | wd 0.100 | gnorm 1.02 | 453.6s
step   240/12000 | loss 5.4794 | lr 9.60e-04 | wd 0.100 | gnorm 0.82 | 492.9s
step   260/12000 | loss 5.4475 | lr 1.04e-03 | wd 0.100 | gnorm 1.07 | 534.0s
step   280/12000 | loss 5.2297 | lr 1.12e-03 | wd 0.100 | gnorm 0.92 | 573.4s
step   300/12000 | loss 5.1404 | lr 1.20e-03 | wd 0.100 | gnorm 1.19 | 615.2s
step   320/12000 | loss 5.9836 | lr 1.28e-03 | wd 0.100 | gnorm 1.15 | 672.9s
step   340/12000 | loss 4.6350 | lr 1.36e-03 | wd 0.100 | gnorm 0.95 | 724.2s
step   360/12000 | loss 5.4473 | lr 1.44e-03 | wd 0.100 | gnorm 0.78 | 782.8s
step   380/12000 | loss 5.2655 | lr 1.52e-03 | wd 0.100 | gnorm 1.09 | 829.7s
step   400/12000 | loss 4.4804 | lr 1.60e-03 | wd 0.100 | gnorm 0.86 | 882.7s
step   420/12000 | loss 5.9810 | lr 1.68e-03 | wd 0.100 | gnorm 0.77 | 921.6s
step   440/12000 | loss 5.1862 | lr 1.76e-03 | wd 0.100 | gnorm 0.92 | 960.9s
step   460/12000 | loss 5.2830 | lr 1.84e-03 | wd 0.100 | gnorm 0.71 | 1000.8s
step   480/12000 | loss 5.1635 | lr 1.92e-03 | wd 0.100 | gnorm 0.90 | 1064.2s
  [val] step 500 | val_ppl 74.347
step   500/12000 | loss 4.3333 | lr 2.00e-03 | wd 0.100 | gnorm 0.69 | 1104.0s
step   520/12000 | loss 4.9705 | lr 2.00e-03 | wd 0.100 | gnorm 0.85 | 1143.5s
step   540/12000 | loss 4.7000 | lr 2.00e-03 | wd 0.100 | gnorm 0.63 | 1182.8s
step   560/12000 | loss 4.6168 | lr 2.00e-03 | wd 0.100 | gnorm 0.78 | 1221.5s
step   580/12000 | loss 3.6522 | lr 2.00e-03 | wd 0.100 | gnorm 0.74 | 1487.2s
step   600/12000 | loss 4.8324 | lr 2.00e-03 | wd 0.100 | gnorm 0.70 | 1906.2s
step   620/12000 | loss 4.5520 | lr 2.00e-03 | wd 0.100 | gnorm 0.81 | 1945.6s
step   640/12000 | loss 4.5972 | lr 2.00e-03 | wd 0.100 | gnorm 0.60 | 1984.8s
step   660/12000 | loss 4.2073 | lr 2.00e-03 | wd 0.100 | gnorm 0.73 | 2063.7s
step   680/12000 | loss 5.0375 | lr 2.00e-03 | wd 0.100 | gnorm 0.73 | 2325.1s
step   700/12000 | loss 5.1781 | lr 1.99e-03 | wd 0.100 | gnorm 0.64 | 2378.8s
step   720/12000 | loss 4.4675 | lr 1.99e-03 | wd 0.100 | gnorm 0.61 | 2450.6s
step   740/12000 | loss 4.5481 | lr 1.99e-03 | wd 0.100 | gnorm 0.61 | 2839.0s
step   760/12000 | loss 3.7943 | lr 1.99e-03 | wd 0.100 | gnorm 0.62 | 2987.1s
step   780/12000 | loss 4.7567 | lr 1.99e-03 | wd 0.100 | gnorm 0.63 | 3027.2s
step   800/12000 | loss 3.9099 | lr 1.99e-03 | wd 0.100 | gnorm 0.57 | 3239.2s
step   820/12000 | loss 4.1367 | lr 1.99e-03 | wd 0.100 | gnorm 0.61 | 3699.6s
step   840/12000 | loss 4.6652 | lr 1.98e-03 | wd 0.100 | gnorm 0.58 | 3755.7s
step   860/12000 | loss 3.4347 | lr 1.98e-03 | wd 0.100 | gnorm 0.53 | 3858.8s
step   880/12000 | loss 4.2040 | lr 1.98e-03 | wd 0.100 | gnorm 0.61 | 4063.0s
step   900/12000 | loss 4.8768 | lr 1.98e-03 | wd 0.100 | gnorm 0.68 | 4260.0s
step   920/12000 | loss 4.6099 | lr 1.97e-03 | wd 0.100 | gnorm 0.63 | 4437.9s
step   940/12000 | loss 4.6688 | lr 1.97e-03 | wd 0.100 | gnorm 0.60 | 4477.6s
step   960/12000 | loss 4.3789 | lr 1.97e-03 | wd 0.100 | gnorm 0.57 | 4842.4s
step   980/12000 | loss 4.5067 | lr 1.97e-03 | wd 0.100 | gnorm 0.56 | 5167.5s
  [val] step 1000 | val_ppl 49.502 (prev 74.347)
step  1000/12000 | loss 4.7205 | lr 1.96e-03 | wd 0.100 | gnorm 0.69 | 5208.6s
step  1020/12000 | loss 4.3635 | lr 1.96e-03 | wd 0.100 | gnorm 0.60 | 5247.9s
step  1040/12000 | loss 4.3049 | lr 1.96e-03 | wd 0.100 | gnorm 0.61 | 5492.2s
step  1060/12000 | loss 4.5966 | lr 1.95e-03 | wd 0.100 | gnorm 0.67 | 5763.0s
step  1080/12000 | loss 3.8186 | lr 1.95e-03 | wd 0.100 | gnorm 0.63 | 5976.5s
step  1100/12000 | loss 4.8048 | lr 1.95e-03 | wd 0.100 | gnorm 0.58 | 6038.6s
step  1120/12000 | loss 4.0042 | lr 1.94e-03 | wd 0.100 | gnorm 0.63 | 6100.5s
step  1140/12000 | loss 3.2990 | lr 1.94e-03 | wd 0.100 | gnorm 0.53 | 6162.7s
step  1160/12000 | loss 4.0772 | lr 1.94e-03 | wd 0.100 | gnorm 0.66 | 6226.0s
step  1180/12000 | loss 4.3892 | lr 1.93e-03 | wd 0.100 | gnorm 0.59 | 6282.5s
step  1200/12000 | loss 4.2011 | lr 1.93e-03 | wd 0.100 | gnorm 0.61 | 6362.3s
step  1220/12000 | loss 4.0622 | lr 1.92e-03 | wd 0.100 | gnorm 0.64 | 6455.1s
step  1240/12000 | loss 3.7586 | lr 1.92e-03 | wd 0.100 | gnorm 0.55 | 6508.9s
step  1260/12000 | loss 3.9565 | lr 1.92e-03 | wd 0.100 | gnorm 0.54 | 6549.3s
step  1280/12000 | loss 3.2630 | lr 1.91e-03 | wd 0.100 | gnorm 0.56 | 6588.3s
step  1300/12000 | loss 4.3789 | lr 1.91e-03 | wd 0.100 | gnorm 0.57 | 6626.9s
step  1320/12000 | loss 3.8602 | lr 1.90e-03 | wd 0.100 | gnorm 0.59 | 6665.1s
step  1340/12000 | loss 4.0017 | lr 1.90e-03 | wd 0.100 | gnorm 0.70 | 6703.3s
step  1360/12000 | loss 4.3125 | lr 1.89e-03 | wd 0.100 | gnorm 0.63 | 6741.0s
step  1380/12000 | loss 3.5312 | lr 1.89e-03 | wd 0.100 | gnorm 0.56 | 6779.4s
step  1400/12000 | loss 3.9277 | lr 1.88e-03 | wd 0.100 | gnorm 0.54 | 6818.1s
step  1420/12000 | loss 3.7341 | lr 1.88e-03 | wd 0.100 | gnorm 0.53 | 6856.6s
[train] model params: 17319296 (17.32M) | linear=bitlinear | sched=two_stage | B=8 T=512 threads=4
[train] resumed from step 1250
step  1260/12000 | loss 3.8655 | lr 1.92e-03 | wd 0.100 | gnorm 0.63 | 30.9s
step  1280/12000 | loss 3.8482 | lr 1.91e-03 | wd 0.100 | gnorm 0.58 | 69.2s
step  1300/12000 | loss 3.9511 | lr 1.91e-03 | wd 0.100 | gnorm 0.55 | 103.5s
step  1320/12000 | loss 4.6674 | lr 1.90e-03 | wd 0.100 | gnorm 0.66 | 136.9s
step  1340/12000 | loss 3.9164 | lr 1.90e-03 | wd 0.100 | gnorm 0.58 | 170.8s
step  1360/12000 | loss 3.7042 | lr 1.89e-03 | wd 0.100 | gnorm 0.57 | 204.3s
step  1380/12000 | loss 3.6944 | lr 1.89e-03 | wd 0.100 | gnorm 0.54 | 238.6s
step  1400/12000 | loss 4.0398 | lr 1.88e-03 | wd 0.100 | gnorm 0.60 | 271.9s
step  1420/12000 | loss 4.1387 | lr 1.88e-03 | wd 0.100 | gnorm 0.57 | 304.7s
step  1440/12000 | loss 4.3208 | lr 1.87e-03 | wd 0.100 | gnorm 0.62 | 337.7s
step  1460/12000 | loss 3.6228 | lr 1.87e-03 | wd 0.100 | gnorm 0.59 | 369.9s
[train] model params: 17319296 (17.32M) | linear=bitlinear | sched=two_stage | B=8 T=512 threads=4
[train] resumed from step 1250
step  1260/12000 | loss 3.8649 | lr 1.92e-03 | wd 0.100 | gnorm 0.63 | 27.8s
step  1280/12000 | loss 3.8459 | lr 1.91e-03 | wd 0.100 | gnorm 0.59 | 67.2s
[train] model params: 17319296 (17.32M) | linear=bitlinear | sched=two_stage | B=8 T=512 threads=4
[train] resumed from step 1250
step  1260/12000 | loss 3.8649 | lr 1.92e-03 | wd 0.100 | gnorm 0.63 | 23.6s
step  1280/12000 | loss 3.8459 | lr 1.91e-03 | wd 0.100 | gnorm 0.59 | 58.1s
step  1300/12000 | loss 3.9546 | lr 1.91e-03 | wd 0.100 | gnorm 0.57 | 92.0s
step  1320/12000 | loss 4.6668 | lr 1.90e-03 | wd 0.100 | gnorm 0.65 | 126.2s
step  1340/12000 | loss 3.9129 | lr 1.90e-03 | wd 0.100 | gnorm 0.59 | 159.2s
step  1360/12000 | loss 3.6973 | lr 1.89e-03 | wd 0.100 | gnorm 0.56 | 192.0s
step  1380/12000 | loss 3.7146 | lr 1.89e-03 | wd 0.100 | gnorm 0.56 | 225.6s
step  1400/12000 | loss 4.0207 | lr 1.88e-03 | wd 0.100 | gnorm 0.57 | 259.3s
step  1420/12000 | loss 4.1374 | lr 1.88e-03 | wd 0.100 | gnorm 0.56 | 293.0s
step  1440/12000 | loss 4.3074 | lr 1.87e-03 | wd 0.100 | gnorm 0.59 | 326.0s
[train] model params: 17319296 (17.32M) | linear=bitlinear | sched=two_stage | B=8 T=512 threads=4
[train] resumed from step 1400
step  1400/12000 | loss 4.5105 | lr 1.88e-03 | wd 0.100 | gnorm 0.62 | 6.4s
step  1420/12000 | loss 4.2757 | lr 1.88e-03 | wd 0.100 | gnorm 0.56 | 46.0s
step  1440/12000 | loss 4.1538 | lr 1.87e-03 | wd 0.100 | gnorm 0.61 | 81.6s
step  1460/12000 | loss 3.9028 | lr 1.87e-03 | wd 0.100 | gnorm 0.56 | 115.4s
step  1480/12000 | loss 3.7738 | lr 1.86e-03 | wd 0.100 | gnorm 0.53 | 148.6s
  [val] step 1500 | val_ppl 36.439 (prev 49.502)
step  1500/12000 | loss 3.7437 | lr 1.86e-03 | wd 0.100 | gnorm 0.56 | 182.9s
step  1520/12000 | loss 4.0466 | lr 1.85e-03 | wd 0.100 | gnorm 0.64 | 216.6s
step  1540/12000 | loss 3.5778 | lr 1.85e-03 | wd 0.100 | gnorm 0.56 | 250.6s
step  1560/12000 | loss 2.9135 | lr 1.84e-03 | wd 0.100 | gnorm 0.50 | 285.2s
step  1580/12000 | loss 4.2372 | lr 1.83e-03 | wd 0.100 | gnorm 0.62 | 319.2s
step  1600/12000 | loss 4.0076 | lr 1.83e-03 | wd 0.100 | gnorm 0.55 | 353.7s
step  1620/12000 | loss 4.4363 | lr 1.82e-03 | wd 0.100 | gnorm 0.57 | 387.1s
step  1640/12000 | loss 4.6415 | lr 1.82e-03 | wd 0.100 | gnorm 0.61 | 420.9s
step  1660/12000 | loss 3.3448 | lr 1.81e-03 | wd 0.100 | gnorm 0.56 | 454.4s
step  1680/12000 | loss 3.7858 | lr 1.80e-03 | wd 0.100 | gnorm 0.58 | 487.9s
step  1700/12000 | loss 4.1128 | lr 1.80e-03 | wd 0.100 | gnorm 0.62 | 522.1s
step  1720/12000 | loss 4.3368 | lr 1.79e-03 | wd 0.100 | gnorm 0.58 | 556.4s
step  1740/12000 | loss 4.2271 | lr 1.78e-03 | wd 0.100 | gnorm 0.61 | 590.7s
step  1760/12000 | loss 3.5507 | lr 1.78e-03 | wd 0.100 | gnorm 0.53 | 624.2s
step  1780/12000 | loss 3.9450 | lr 1.77e-03 | wd 0.100 | gnorm 0.60 | 658.1s
step  1800/12000 | loss 3.6826 | lr 1.76e-03 | wd 0.100 | gnorm 0.56 | 692.5s
step  1820/12000 | loss 3.9932 | lr 1.76e-03 | wd 0.100 | gnorm 0.62 | 725.6s
step  1840/12000 | loss 4.1539 | lr 1.75e-03 | wd 0.100 | gnorm 0.59 | 759.1s
step  1860/12000 | loss 3.9545 | lr 1.74e-03 | wd 0.100 | gnorm 0.56 | 792.8s
step  1880/12000 | loss 3.6690 | lr 1.73e-03 | wd 0.100 | gnorm 0.53 | 826.8s
step  1900/12000 | loss 3.7540 | lr 1.73e-03 | wd 0.100 | gnorm 0.62 | 860.8s
step  1920/12000 | loss 3.6207 | lr 1.72e-03 | wd 0.100 | gnorm 0.54 | 894.3s
step  1940/12000 | loss 3.5050 | lr 1.71e-03 | wd 0.100 | gnorm 0.53 | 927.9s
step  1960/12000 | loss 3.1638 | lr 1.70e-03 | wd 0.100 | gnorm 0.50 | 961.5s
step  1980/12000 | loss 3.6455 | lr 1.70e-03 | wd 0.100 | gnorm 0.50 | 995.3s
  [val] step 2000 | val_ppl 32.525 (prev 36.439)
step  2000/12000 | loss 3.4795 | lr 1.69e-03 | wd 0.100 | gnorm 0.52 | 1029.8s
step  2020/12000 | loss 4.0900 | lr 1.68e-03 | wd 0.100 | gnorm 0.65 | 1063.5s
step  2040/12000 | loss 3.1414 | lr 1.67e-03 | wd 0.100 | gnorm 0.51 | 1097.0s
step  2060/12000 | loss 3.6921 | lr 1.67e-03 | wd 0.100 | gnorm 0.60 | 1130.0s
step  2080/12000 | loss 4.1652 | lr 1.66e-03 | wd 0.100 | gnorm 0.63 | 1163.5s
step  2100/12000 | loss 3.8148 | lr 1.65e-03 | wd 0.100 | gnorm 0.61 | 1197.6s
step  2120/12000 | loss 3.5995 | lr 1.64e-03 | wd 0.100 | gnorm 0.56 | 1231.0s
step  2140/12000 | loss 4.1240 | lr 1.63e-03 | wd 0.100 | gnorm 0.57 | 1264.0s
step  2160/12000 | loss 3.6809 | lr 1.62e-03 | wd 0.100 | gnorm 0.57 | 1297.1s
step  2180/12000 | loss 3.5985 | lr 1.62e-03 | wd 0.100 | gnorm 0.57 | 1330.6s
step  2200/12000 | loss 2.8661 | lr 1.61e-03 | wd 0.100 | gnorm 0.50 | 1364.1s
step  2220/12000 | loss 3.0760 | lr 1.60e-03 | wd 0.100 | gnorm 0.53 | 1397.8s
step  2240/12000 | loss 4.0131 | lr 1.59e-03 | wd 0.100 | gnorm 0.62 | 1431.5s
step  2260/12000 | loss 4.4936 | lr 1.58e-03 | wd 0.100 | gnorm 0.79 | 1464.8s
step  2280/12000 | loss 3.4004 | lr 1.57e-03 | wd 0.100 | gnorm 0.52 | 1499.1s
step  2300/12000 | loss 3.7166 | lr 1.56e-03 | wd 0.100 | gnorm 0.70 | 1533.3s
step  2320/12000 | loss 3.0493 | lr 1.56e-03 | wd 0.100 | gnorm 0.51 | 1566.6s
step  2340/12000 | loss 3.8463 | lr 1.55e-03 | wd 0.100 | gnorm 0.57 | 1602.4s
step  2360/12000 | loss 3.8103 | lr 1.54e-03 | wd 0.100 | gnorm 0.60 | 1636.7s
step  2380/12000 | loss 3.9523 | lr 1.53e-03 | wd 0.100 | gnorm 0.61 | 1687.6s
step  2400/12000 | loss 2.9983 | lr 1.52e-03 | wd 0.100 | gnorm 0.51 | 1806.4s
step  2420/12000 | loss 3.1664 | lr 1.51e-03 | wd 0.100 | gnorm 0.50 | 1868.9s
step  2440/12000 | loss 2.9133 | lr 1.50e-03 | wd 0.100 | gnorm 0.57 | 1902.3s
step  2460/12000 | loss 3.3870 | lr 1.49e-03 | wd 0.100 | gnorm 0.57 | 1936.1s
step  2480/12000 | loss 4.0633 | lr 1.48e-03 | wd 0.100 | gnorm 0.62 | 1969.8s
  [val] step 2500 | val_ppl 26.095 (prev 32.525)
step  2500/12000 | loss 3.4210 | lr 1.47e-03 | wd 0.100 | gnorm 0.54 | 2003.8s
step  2520/12000 | loss 3.0487 | lr 1.46e-03 | wd 0.100 | gnorm 0.53 | 2037.4s
step  2540/12000 | loss 4.1147 | lr 1.46e-03 | wd 0.100 | gnorm 0.73 | 2071.5s
step  2560/12000 | loss 3.2787 | lr 1.45e-03 | wd 0.100 | gnorm 0.58 | 2105.8s
step  2580/12000 | loss 3.9868 | lr 1.44e-03 | wd 0.100 | gnorm 0.60 | 2143.7s
step  2600/12000 | loss 3.1974 | lr 1.43e-03 | wd 0.100 | gnorm 0.54 | 2231.8s
step  2620/12000 | loss 3.1804 | lr 1.42e-03 | wd 0.100 | gnorm 0.56 | 2265.5s
step  2640/12000 | loss 3.1708 | lr 1.41e-03 | wd 0.100 | gnorm 0.54 | 2302.3s
step  2660/12000 | loss 3.5316 | lr 1.40e-03 | wd 0.100 | gnorm 0.57 | 2398.6s
step  2680/12000 | loss 3.1145 | lr 1.39e-03 | wd 0.100 | gnorm 0.55 | 2431.6s
step  2700/12000 | loss 3.5945 | lr 1.38e-03 | wd 0.100 | gnorm 0.63 | 2471.4s
step  2720/12000 | loss 3.7447 | lr 1.37e-03 | wd 0.100 | gnorm 0.57 | 2574.9s
step  2740/12000 | loss 3.3062 | lr 1.36e-03 | wd 0.100 | gnorm 0.52 | 2609.9s
step  2760/12000 | loss 3.1874 | lr 1.35e-03 | wd 0.100 | gnorm 0.56 | 2644.9s
step  2780/12000 | loss 3.8865 | lr 1.34e-03 | wd 0.100 | gnorm 0.59 | 2679.9s
step  2800/12000 | loss 2.7033 | lr 1.33e-03 | wd 0.100 | gnorm 0.50 | 2715.4s
step  2820/12000 | loss 3.5731 | lr 1.32e-03 | wd 0.100 | gnorm 0.64 | 2749.4s
step  2840/12000 | loss 4.0282 | lr 1.31e-03 | wd 0.100 | gnorm 0.70 | 2783.6s
step  2860/12000 | loss 3.3698 | lr 1.30e-03 | wd 0.100 | gnorm 0.55 | 2818.9s
step  2880/12000 | loss 3.7234 | lr 1.29e-03 | wd 0.100 | gnorm 0.63 | 2853.4s
step  2900/12000 | loss 3.4676 | lr 1.28e-03 | wd 0.100 | gnorm 0.58 | 2888.0s
step  2920/12000 | loss 3.1883 | lr 1.27e-03 | wd 0.100 | gnorm 0.53 | 2923.2s
step  2940/12000 | loss 3.1955 | lr 1.26e-03 | wd 0.100 | gnorm 0.59 | 2958.1s
step  2960/12000 | loss 3.2143 | lr 1.25e-03 | wd 0.100 | gnorm 0.59 | 2992.6s
step  2980/12000 | loss 3.5414 | lr 1.24e-03 | wd 0.100 | gnorm 0.69 | 3029.6s
  [val] step 3000 | val_ppl 25.343 (prev 26.095)
step  3000/12000 | loss 3.5232 | lr 1.23e-03 | wd 0.100 | gnorm 0.59 | 3104.7s
step  3020/12000 | loss 3.6642 | lr 1.22e-03 | wd 0.100 | gnorm 0.62 | 3214.4s
step  3040/12000 | loss 3.7246 | lr 1.21e-03 | wd 0.100 | gnorm 0.61 | 3249.2s
step  3060/12000 | loss 3.3088 | lr 1.20e-03 | wd 0.100 | gnorm 0.62 | 3283.7s
step  3080/12000 | loss 3.5091 | lr 1.19e-03 | wd 0.100 | gnorm 0.62 | 3319.2s
step  3100/12000 | loss 3.6279 | lr 1.18e-03 | wd 0.100 | gnorm 0.66 | 3354.9s
step  3120/12000 | loss 3.0311 | lr 1.17e-03 | wd 0.100 | gnorm 0.60 | 3389.8s
step  3140/12000 | loss 3.1461 | lr 1.16e-03 | wd 0.100 | gnorm 0.61 | 3424.7s
step  3160/12000 | loss 3.6465 | lr 1.15e-03 | wd 0.100 | gnorm 0.64 | 3459.4s
step  3180/12000 | loss 3.0931 | lr 1.14e-03 | wd 0.100 | gnorm 0.58 | 3494.3s
step  3200/12000 | loss 3.6847 | lr 1.13e-03 | wd 0.100 | gnorm 0.62 | 3530.5s
step  3220/12000 | loss 3.2540 | lr 1.12e-03 | wd 0.100 | gnorm 0.60 | 3565.2s
step  3240/12000 | loss 3.8210 | lr 1.11e-03 | wd 0.100 | gnorm 0.67 | 3600.5s
step  3260/12000 | loss 3.3903 | lr 1.09e-03 | wd 0.100 | gnorm 0.59 | 3634.9s
step  3280/12000 | loss 3.2170 | lr 1.08e-03 | wd 0.100 | gnorm 0.59 | 3669.5s
step  3300/12000 | loss 3.7888 | lr 1.07e-03 | wd 0.100 | gnorm 0.68 | 3704.5s
step  3320/12000 | loss 3.7701 | lr 1.06e-03 | wd 0.100 | gnorm 0.66 | 3739.0s
step  3340/12000 | loss 2.6076 | lr 1.05e-03 | wd 0.100 | gnorm 0.56 | 3773.7s
step  3360/12000 | loss 3.3498 | lr 1.04e-03 | wd 0.100 | gnorm 0.67 | 3808.3s
step  3380/12000 | loss 3.6500 | lr 1.03e-03 | wd 0.100 | gnorm 0.70 | 3841.9s
step  3400/12000 | loss 2.8688 | lr 1.02e-03 | wd 0.100 | gnorm 0.54 | 3876.8s
step  3420/12000 | loss 2.7411 | lr 1.01e-03 | wd 0.100 | gnorm 0.55 | 3911.4s
step  3440/12000 | loss 2.9417 | lr 1.00e-03 | wd 0.100 | gnorm 0.56 | 3946.1s
step  3460/12000 | loss 3.2258 | lr 9.92e-04 | wd 0.100 | gnorm 0.59 | 3980.1s
step  3480/12000 | loss 3.1380 | lr 9.82e-04 | wd 0.100 | gnorm 0.66 | 4014.1s
  [val] step 3500 | val_ppl 22.803 (prev 25.343)
step  3500/12000 | loss 4.0513 | lr 9.72e-04 | wd 0.100 | gnorm 0.74 | 4048.6s
step  3520/12000 | loss 3.9427 | lr 9.62e-04 | wd 0.100 | gnorm 0.67 | 4082.3s
step  3540/12000 | loss 3.6559 | lr 9.52e-04 | wd 0.100 | gnorm 0.70 | 4116.2s
step  3560/12000 | loss 3.7723 | lr 9.41e-04 | wd 0.100 | gnorm 0.70 | 4149.8s
step  3580/12000 | loss 3.2419 | lr 9.31e-04 | wd 0.100 | gnorm 0.63 | 4183.7s
step  3600/12000 | loss 2.8433 | lr 9.21e-04 | wd 0.100 | gnorm 0.55 | 4217.9s
step  3620/12000 | loss 3.1406 | lr 9.11e-04 | wd 0.100 | gnorm 0.60 | 4251.8s
step  3640/12000 | loss 2.9345 | lr 9.01e-04 | wd 0.100 | gnorm 0.59 | 4286.3s
step  3660/12000 | loss 3.7163 | lr 8.91e-04 | wd 0.100 | gnorm 0.69 | 4320.4s
step  3680/12000 | loss 3.3005 | lr 8.81e-04 | wd 0.100 | gnorm 0.61 | 4353.6s
step  3700/12000 | loss 2.4485 | lr 8.71e-04 | wd 0.100 | gnorm 0.52 | 4388.3s
step  3720/12000 | loss 3.4016 | lr 8.61e-04 | wd 0.100 | gnorm 0.64 | 4421.6s
step  3740/12000 | loss 3.3918 | lr 8.51e-04 | wd 0.100 | gnorm 0.63 | 4455.7s
step  3760/12000 | loss 3.1746 | lr 8.42e-04 | wd 0.100 | gnorm 0.60 | 4489.4s
step  3780/12000 | loss 3.2786 | lr 8.32e-04 | wd 0.100 | gnorm 0.65 | 4522.8s
step  3800/12000 | loss 3.5901 | lr 8.22e-04 | wd 0.100 | gnorm 0.72 | 4555.2s
step  3820/12000 | loss 3.0032 | lr 8.12e-04 | wd 0.100 | gnorm 0.77 | 4587.8s
step  3840/12000 | loss 3.3228 | lr 8.02e-04 | wd 0.100 | gnorm 0.65 | 4621.1s
step  3860/12000 | loss 3.5851 | lr 7.93e-04 | wd 0.100 | gnorm 0.67 | 4654.0s
step  3880/12000 | loss 3.1632 | lr 7.83e-04 | wd 0.100 | gnorm 0.65 | 4687.7s
step  3900/12000 | loss 3.4411 | lr 7.73e-04 | wd 0.100 | gnorm 0.69 | 4721.6s
step  3920/12000 | loss 3.1616 | lr 7.64e-04 | wd 0.100 | gnorm 0.66 | 4755.5s
step  3940/12000 | loss 2.6878 | lr 7.54e-04 | wd 0.100 | gnorm 0.62 | 4789.7s
step  3960/12000 | loss 2.9931 | lr 7.45e-04 | wd 0.100 | gnorm 0.72 | 4822.4s
step  3980/12000 | loss 3.4586 | lr 7.36e-04 | wd 0.100 | gnorm 0.74 | 4856.1s
  [val] step 4000 | val_ppl 20.622 (prev 22.803)
step  4000/12000 | loss 3.4907 | lr 7.26e-04 | wd 0.100 | gnorm 0.65 | 4890.9s
step  4020/12000 | loss 3.1351 | lr 7.17e-04 | wd 0.100 | gnorm 0.63 | 4926.2s
step  4040/12000 | loss 2.6526 | lr 7.08e-04 | wd 0.100 | gnorm 0.60 | 4960.6s
step  4060/12000 | loss 2.8490 | lr 6.98e-04 | wd 0.100 | gnorm 0.59 | 4994.6s
step  4080/12000 | loss 3.7121 | lr 6.89e-04 | wd 0.100 | gnorm 0.78 | 5028.2s
step  4100/12000 | loss 2.9801 | lr 6.80e-04 | wd 0.100 | gnorm 0.62 | 5063.2s
step  4120/12000 | loss 2.8290 | lr 6.71e-04 | wd 0.100 | gnorm 0.60 | 5096.7s
step  4140/12000 | loss 2.4321 | lr 6.62e-04 | wd 0.100 | gnorm 0.58 | 5130.4s
step  4160/12000 | loss 3.4439 | lr 6.53e-04 | wd 0.100 | gnorm 0.71 | 5164.0s
step  4180/12000 | loss 2.9532 | lr 6.44e-04 | wd 0.100 | gnorm 0.69 | 5197.2s
step  4200/12000 | loss 3.0706 | lr 6.35e-04 | wd 0.100 | gnorm 0.71 | 5229.9s
step  4220/12000 | loss 3.3468 | lr 6.26e-04 | wd 0.100 | gnorm 0.69 | 5263.7s
step  4240/12000 | loss 3.1074 | lr 6.18e-04 | wd 0.100 | gnorm 0.70 | 5297.1s
step  4260/12000 | loss 3.0555 | lr 6.09e-04 | wd 0.100 | gnorm 0.73 | 5329.8s
step  4280/12000 | loss 3.2059 | lr 6.01e-04 | wd 0.100 | gnorm 0.77 | 5362.9s
step  4300/12000 | loss 2.7055 | lr 5.92e-04 | wd 0.100 | gnorm 0.58 | 5397.1s
step  4320/12000 | loss 3.1832 | lr 5.84e-04 | wd 0.100 | gnorm 0.70 | 5430.6s
step  4340/12000 | loss 3.0986 | lr 5.75e-04 | wd 0.100 | gnorm 0.64 | 5463.9s
step  4360/12000 | loss 3.1639 | lr 5.67e-04 | wd 0.100 | gnorm 0.74 | 5496.5s
step  4380/12000 | loss 3.7050 | lr 5.59e-04 | wd 0.100 | gnorm 0.77 | 5529.6s
step  4400/12000 | loss 3.5952 | lr 5.50e-04 | wd 0.100 | gnorm 0.69 | 5562.7s
step  4420/12000 | loss 3.1497 | lr 5.42e-04 | wd 0.100 | gnorm 0.72 | 5597.3s
step  4440/12000 | loss 3.0232 | lr 5.34e-04 | wd 0.100 | gnorm 0.67 | 5630.5s
step  4460/12000 | loss 2.7750 | lr 5.26e-04 | wd 0.100 | gnorm 0.69 | 5663.5s
step  4480/12000 | loss 3.4847 | lr 5.18e-04 | wd 0.100 | gnorm 0.68 | 5696.5s
  [val] step 4500 | val_ppl 18.511 (prev 20.622)
step  4500/12000 | loss 3.3561 | lr 5.11e-04 | wd 0.100 | gnorm 0.82 | 5731.3s
step  4520/12000 | loss 2.7283 | lr 5.03e-04 | wd 0.100 | gnorm 0.60 | 5764.3s
step  4540/12000 | loss 3.1216 | lr 4.95e-04 | wd 0.100 | gnorm 0.70 | 5798.0s
step  4560/12000 | loss 2.8905 | lr 4.88e-04 | wd 0.100 | gnorm 0.70 | 5831.8s
step  4580/12000 | loss 3.2440 | lr 4.80e-04 | wd 0.100 | gnorm 0.71 | 5865.7s
step  4600/12000 | loss 2.7156 | lr 4.73e-04 | wd 0.100 | gnorm 0.71 | 5900.0s
step  4620/12000 | loss 2.6476 | lr 4.65e-04 | wd 0.100 | gnorm 0.65 | 5933.5s
step  4640/12000 | loss 3.2529 | lr 4.58e-04 | wd 0.100 | gnorm 0.79 | 5967.8s
step  4660/12000 | loss 2.4330 | lr 4.51e-04 | wd 0.100 | gnorm 0.68 | 6001.7s
step  4680/12000 | loss 3.5753 | lr 4.44e-04 | wd 0.100 | gnorm 0.74 | 6036.1s
step  4700/12000 | loss 2.7737 | lr 4.37e-04 | wd 0.100 | gnorm 0.67 | 6070.6s
step  4720/12000 | loss 3.5828 | lr 4.30e-04 | wd 0.100 | gnorm 0.71 | 6104.6s
step  4740/12000 | loss 3.3322 | lr 4.23e-04 | wd 0.100 | gnorm 0.74 | 6138.7s
step  4760/12000 | loss 3.0375 | lr 4.16e-04 | wd 0.100 | gnorm 0.67 | 6172.8s
step  4780/12000 | loss 2.6347 | lr 4.10e-04 | wd 0.100 | gnorm 0.70 | 6206.2s
step  4800/12000 | loss 3.3936 | lr 4.03e-04 | wd 0.100 | gnorm 0.78 | 6240.0s
step  4820/12000 | loss 2.5204 | lr 3.97e-04 | wd 0.100 | gnorm 0.62 | 6274.1s
step  4840/12000 | loss 2.9876 | lr 3.90e-04 | wd 0.100 | gnorm 0.72 | 6307.4s
step  4860/12000 | loss 2.6232 | lr 3.84e-04 | wd 0.100 | gnorm 0.61 | 6340.9s
step  4880/12000 | loss 3.2506 | lr 3.78e-04 | wd 0.100 | gnorm 0.71 | 6375.4s
step  4900/12000 | loss 2.7048 | lr 3.72e-04 | wd 0.100 | gnorm 0.65 | 6409.7s
step  4920/12000 | loss 2.8318 | lr 3.66e-04 | wd 0.100 | gnorm 0.65 | 6442.7s
step  4940/12000 | loss 3.0844 | lr 3.60e-04 | wd 0.100 | gnorm 0.70 | 6476.4s
step  4960/12000 | loss 2.7342 | lr 3.54e-04 | wd 0.100 | gnorm 0.76 | 6606.4s
step  4980/12000 | loss 3.4594 | lr 3.48e-04 | wd 0.100 | gnorm 0.83 | 6641.2s
  [val] step 5000 | val_ppl 17.947 (prev 18.511)
step  5000/12000 | loss 3.0776 | lr 3.43e-04 | wd 0.100 | gnorm 0.74 | 6675.7s
step  5020/12000 | loss 2.3247 | lr 3.37e-04 | wd 0.100 | gnorm 0.64 | 6710.1s
step  5040/12000 | loss 2.9265 | lr 3.32e-04 | wd 0.100 | gnorm 0.74 | 6743.0s
step  5060/12000 | loss 2.8445 | lr 3.27e-04 | wd 0.100 | gnorm 0.71 | 6776.2s
step  5080/12000 | loss 2.1730 | lr 3.21e-04 | wd 0.100 | gnorm 0.63 | 6809.5s
step  5100/12000 | loss 3.3300 | lr 3.16e-04 | wd 0.100 | gnorm 0.80 | 6843.7s
step  5120/12000 | loss 2.8574 | lr 3.11e-04 | wd 0.100 | gnorm 0.70 | 6877.3s
step  5140/12000 | loss 3.2680 | lr 3.06e-04 | wd 0.100 | gnorm 0.76 | 6911.0s
step  5160/12000 | loss 2.7597 | lr 3.02e-04 | wd 0.100 | gnorm 0.66 | 6944.2s
step  5180/12000 | loss 3.0994 | lr 2.97e-04 | wd 0.100 | gnorm 0.70 | 6978.2s
step  5200/12000 | loss 3.4954 | lr 2.92e-04 | wd 0.100 | gnorm 0.85 | 7012.2s
step  5220/12000 | loss 3.1975 | lr 2.88e-04 | wd 0.100 | gnorm 0.84 | 7045.4s
step  5240/12000 | loss 3.1991 | lr 2.83e-04 | wd 0.100 | gnorm 0.73 | 7078.9s
step  5260/12000 | loss 2.2619 | lr 2.79e-04 | wd 0.100 | gnorm 0.58 | 7112.8s
step  5280/12000 | loss 2.8861 | lr 2.75e-04 | wd 0.100 | gnorm 0.70 | 7146.8s
step  5300/12000 | loss 3.0058 | lr 2.71e-04 | wd 0.100 | gnorm 0.78 | 7181.3s
step  5320/12000 | loss 2.6504 | lr 2.67e-04 | wd 0.100 | gnorm 0.69 | 7214.4s
step  5340/12000 | loss 2.3752 | lr 2.63e-04 | wd 0.100 | gnorm 0.60 | 7248.1s
step  5360/12000 | loss 2.3807 | lr 2.59e-04 | wd 0.100 | gnorm 0.63 | 7282.0s
step  5380/12000 | loss 2.6382 | lr 2.56e-04 | wd 0.100 | gnorm 3.15 | 7316.4s
step  5400/12000 | loss 2.5386 | lr 2.52e-04 | wd 0.100 | gnorm 0.69 | 7350.5s
step  5420/12000 | loss 3.1025 | lr 2.49e-04 | wd 0.100 | gnorm 0.76 | 7384.2s
step  5440/12000 | loss 3.2427 | lr 2.46e-04 | wd 0.100 | gnorm 0.76 | 7418.2s
step  5460/12000 | loss 3.0939 | lr 2.42e-04 | wd 0.100 | gnorm 0.76 | 7450.7s
step  5480/12000 | loss 3.3168 | lr 2.39e-04 | wd 0.100 | gnorm 0.84 | 7483.4s
  [val] step 5500 | val_ppl 17.188 (prev 17.947)
step  5500/12000 | loss 3.0286 | lr 2.36e-04 | wd 0.100 | gnorm 0.74 | 7517.7s
step  5520/12000 | loss 2.8717 | lr 2.34e-04 | wd 0.100 | gnorm 0.86 | 7550.0s
step  5540/12000 | loss 2.9154 | lr 2.31e-04 | wd 0.100 | gnorm 0.69 | 7583.3s
step  5560/12000 | loss 3.5268 | lr 2.28e-04 | wd 0.100 | gnorm 0.81 | 7617.3s
step  5580/12000 | loss 3.2341 | lr 2.26e-04 | wd 0.100 | gnorm 0.72 | 7650.9s
step  5600/12000 | loss 3.2467 | lr 2.23e-04 | wd 0.100 | gnorm 0.78 | 7685.2s
step  5620/12000 | loss 2.6163 | lr 2.21e-04 | wd 0.100 | gnorm 1.08 | 7719.4s
step  5640/12000 | loss 3.1020 | lr 2.19e-04 | wd 0.100 | gnorm 0.72 | 7752.7s
step  5660/12000 | loss 2.7959 | lr 2.17e-04 | wd 0.100 | gnorm 0.67 | 7785.8s
step  5680/12000 | loss 2.9971 | lr 2.15e-04 | wd 0.100 | gnorm 0.71 | 7818.7s
step  5700/12000 | loss 2.9350 | lr 2.13e-04 | wd 0.100 | gnorm 0.71 | 7852.8s
step  5720/12000 | loss 3.1886 | lr 2.11e-04 | wd 0.100 | gnorm 0.82 | 7886.2s
step  5740/12000 | loss 2.7388 | lr 2.10e-04 | wd 0.100 | gnorm 0.72 | 7919.9s
step  5760/12000 | loss 3.2037 | lr 2.08e-04 | wd 0.100 | gnorm 0.82 | 7953.8s
step  5780/12000 | loss 3.2214 | lr 2.07e-04 | wd 0.100 | gnorm 0.77 | 7986.5s
step  5800/12000 | loss 2.7647 | lr 2.06e-04 | wd 0.100 | gnorm 0.73 | 8019.6s
step  5820/12000 | loss 2.6530 | lr 2.05e-04 | wd 0.100 | gnorm 0.71 | 8052.6s
step  5840/12000 | loss 2.9081 | lr 2.04e-04 | wd 0.100 | gnorm 0.76 | 8085.7s
step  5860/12000 | loss 3.3195 | lr 2.03e-04 | wd 0.100 | gnorm 0.76 | 8119.3s
step  5880/12000 | loss 2.8241 | lr 2.02e-04 | wd 0.100 | gnorm 0.74 | 8153.0s
step  5900/12000 | loss 3.4201 | lr 2.01e-04 | wd 0.100 | gnorm 0.78 | 8186.3s
step  5920/12000 | loss 2.6682 | lr 2.01e-04 | wd 0.100 | gnorm 0.78 | 8221.1s
step  5940/12000 | loss 3.3411 | lr 2.01e-04 | wd 0.100 | gnorm 0.77 | 8255.2s
step  5960/12000 | loss 2.9656 | lr 2.00e-04 | wd 0.100 | gnorm 0.78 | 8289.9s
step  5980/12000 | loss 3.2253 | lr 2.00e-04 | wd 0.100 | gnorm 0.83 | 8322.9s
  [val] step 6000 | val_ppl 16.834 (prev 17.188)
step  6000/12000 | loss 2.8795 | lr 2.00e-04 | wd 0.000 | gnorm 0.71 | 8356.9s
step  6020/12000 | loss 3.3441 | lr 2.00e-04 | wd 0.000 | gnorm 0.78 | 8391.0s
step  6040/12000 | loss 2.8747 | lr 2.00e-04 | wd 0.000 | gnorm 0.69 | 8424.9s
step  6060/12000 | loss 2.4549 | lr 2.00e-04 | wd 0.000 | gnorm 0.66 | 8458.8s
step  6080/12000 | loss 3.3999 | lr 2.00e-04 | wd 0.000 | gnorm 0.81 | 8492.5s
step  6100/12000 | loss 3.0227 | lr 2.00e-04 | wd 0.000 | gnorm 0.78 | 8526.9s
step  6120/12000 | loss 2.4257 | lr 2.00e-04 | wd 0.000 | gnorm 0.65 | 8561.6s
step  6140/12000 | loss 2.7020 | lr 2.00e-04 | wd 0.000 | gnorm 0.71 | 8595.4s
step  6160/12000 | loss 3.6451 | lr 2.00e-04 | wd 0.000 | gnorm 0.84 | 8629.2s
step  6180/12000 | loss 2.9607 | lr 2.00e-04 | wd 0.000 | gnorm 0.78 | 8663.8s
step  6200/12000 | loss 2.7801 | lr 1.99e-04 | wd 0.000 | gnorm 0.70 | 8698.3s
step  6220/12000 | loss 2.6788 | lr 1.99e-04 | wd 0.000 | gnorm 0.73 | 8731.6s
step  6240/12000 | loss 3.2593 | lr 1.99e-04 | wd 0.000 | gnorm 0.83 | 8764.6s
step  6260/12000 | loss 3.4199 | lr 1.99e-04 | wd 0.000 | gnorm 0.86 | 8798.9s
step  6280/12000 | loss 2.8253 | lr 1.99e-04 | wd 0.000 | gnorm 0.75 | 8832.6s
step  6300/12000 | loss 3.1994 | lr 1.99e-04 | wd 0.000 | gnorm 0.80 | 8866.4s
step  6320/12000 | loss 2.1462 | lr 1.99e-04 | wd 0.000 | gnorm 0.71 | 8899.8s
step  6340/12000 | loss 2.6356 | lr 1.98e-04 | wd 0.000 | gnorm 0.67 | 8933.4s
step  6360/12000 | loss 3.0206 | lr 1.98e-04 | wd 0.000 | gnorm 0.76 | 8967.5s
step  6380/12000 | loss 3.4335 | lr 1.98e-04 | wd 0.000 | gnorm 0.84 | 9002.3s
step  6400/12000 | loss 2.7218 | lr 1.98e-04 | wd 0.000 | gnorm 0.77 | 9036.2s
step  6420/12000 | loss 2.6670 | lr 1.98e-04 | wd 0.000 | gnorm 0.70 | 9069.6s
step  6440/12000 | loss 3.1256 | lr 1.97e-04 | wd 0.000 | gnorm 0.79 | 9103.6s
step  6460/12000 | loss 3.1690 | lr 1.97e-04 | wd 0.000 | gnorm 0.83 | 9137.5s
step  6480/12000 | loss 2.7123 | lr 1.97e-04 | wd 0.000 | gnorm 0.73 | 9171.8s
  [val] step 6500 | val_ppl 17.447 (prev 16.834)
step  6500/12000 | loss 2.8190 | lr 1.97e-04 | wd 0.000 | gnorm 0.72 | 9206.2s
step  6520/12000 | loss 3.1182 | lr 1.96e-04 | wd 0.000 | gnorm 0.76 | 9240.5s
step  6540/12000 | loss 2.6759 | lr 1.96e-04 | wd 0.000 | gnorm 0.74 | 9274.7s
step  6560/12000 | loss 2.5148 | lr 1.96e-04 | wd 0.000 | gnorm 0.75 | 9309.2s
step  6580/12000 | loss 3.4584 | lr 1.95e-04 | wd 0.000 | gnorm 0.86 | 9343.7s
step  6600/12000 | loss 3.0353 | lr 1.95e-04 | wd 0.000 | gnorm 0.79 | 9378.7s
step  6620/12000 | loss 2.8525 | lr 1.95e-04 | wd 0.000 | gnorm 0.83 | 9414.0s
step  6640/12000 | loss 2.7592 | lr 1.94e-04 | wd 0.000 | gnorm 0.73 | 9448.4s
step  6660/12000 | loss 2.7347 | lr 1.94e-04 | wd 0.000 | gnorm 0.74 | 9481.7s
step  6680/12000 | loss 3.3945 | lr 1.94e-04 | wd 0.000 | gnorm 0.83 | 9515.1s
step  6700/12000 | loss 2.6792 | lr 1.93e-04 | wd 0.000 | gnorm 0.73 | 9549.2s
step  6720/12000 | loss 2.7613 | lr 1.93e-04 | wd 0.000 | gnorm 0.75 | 9582.8s
step  6740/12000 | loss 2.5572 | lr 1.93e-04 | wd 0.000 | gnorm 0.74 | 9617.2s
step  6760/12000 | loss 3.3145 | lr 1.92e-04 | wd 0.000 | gnorm 0.81 | 9651.2s
step  6780/12000 | loss 2.9010 | lr 1.92e-04 | wd 0.000 | gnorm 0.80 | 9684.7s
step  6800/12000 | loss 2.2476 | lr 1.91e-04 | wd 0.000 | gnorm 0.69 | 9718.4s
step  6820/12000 | loss 2.8314 | lr 1.91e-04 | wd 0.000 | gnorm 0.79 | 9752.7s
step  6840/12000 | loss 2.7164 | lr 1.90e-04 | wd 0.000 | gnorm 0.71 | 9786.8s
step  6860/12000 | loss 2.6624 | lr 1.90e-04 | wd 0.000 | gnorm 0.77 | 9821.3s
step  6880/12000 | loss 2.9787 | lr 1.90e-04 | wd 0.000 | gnorm 1.30 | 9855.2s
step  6900/12000 | loss 3.1201 | lr 1.89e-04 | wd 0.000 | gnorm 0.79 | 9889.9s
step  6920/12000 | loss 2.8493 | lr 1.89e-04 | wd 0.000 | gnorm 0.81 | 9923.9s
step  6940/12000 | loss 2.8151 | lr 1.88e-04 | wd 0.000 | gnorm 0.82 | 9957.9s
step  6960/12000 | loss 2.9451 | lr 1.88e-04 | wd 0.000 | gnorm 0.78 | 9992.9s
step  6980/12000 | loss 2.6013 | lr 1.87e-04 | wd 0.000 | gnorm 0.93 | 10027.4s
  [val] step 7000 | val_ppl 17.158 (prev 17.447)
step  7000/12000 | loss 2.8618 | lr 1.87e-04 | wd 0.000 | gnorm 0.77 | 10062.0s
step  7020/12000 | loss 3.1705 | lr 1.86e-04 | wd 0.000 | gnorm 0.81 | 10097.2s
step  7040/12000 | loss 3.3196 | lr 1.86e-04 | wd 0.000 | gnorm 0.85 | 10132.4s
step  7060/12000 | loss 3.1287 | lr 1.85e-04 | wd 0.000 | gnorm 0.88 | 10167.2s
step  7080/12000 | loss 2.8284 | lr 1.84e-04 | wd 0.000 | gnorm 0.79 | 10202.0s
step  7100/12000 | loss 2.9026 | lr 1.84e-04 | wd 0.000 | gnorm 0.79 | 10237.6s
step  7120/12000 | loss 3.0963 | lr 1.83e-04 | wd 0.000 | gnorm 0.81 | 10271.8s
step  7140/12000 | loss 3.2888 | lr 1.83e-04 | wd 0.000 | gnorm 0.84 | 10305.6s
step  7160/12000 | loss 3.1016 | lr 1.82e-04 | wd 0.000 | gnorm 0.86 | 10339.5s
step  7180/12000 | loss 2.8797 | lr 1.82e-04 | wd 0.000 | gnorm 0.75 | 10372.8s
step  7200/12000 | loss 2.9526 | lr 1.81e-04 | wd 0.000 | gnorm 0.77 | 10407.0s
step  7220/12000 | loss 2.8541 | lr 1.80e-04 | wd 0.000 | gnorm 0.88 | 10441.7s
step  7240/12000 | loss 2.4487 | lr 1.80e-04 | wd 0.000 | gnorm 0.72 | 10476.0s
step  7260/12000 | loss 2.3299 | lr 1.79e-04 | wd 0.000 | gnorm 0.67 | 10509.6s
step  7280/12000 | loss 2.4704 | lr 1.78e-04 | wd 0.000 | gnorm 0.69 | 10543.2s
step  7300/12000 | loss 2.7985 | lr 1.78e-04 | wd 0.000 | gnorm 0.78 | 10577.2s
step  7320/12000 | loss 3.1252 | lr 1.77e-04 | wd 0.000 | gnorm 0.78 | 10610.5s
step  7340/12000 | loss 2.5521 | lr 1.76e-04 | wd 0.000 | gnorm 0.76 | 10644.3s
step  7360/12000 | loss 3.0706 | lr 1.76e-04 | wd 0.000 | gnorm 0.80 | 10678.3s
step  7380/12000 | loss 2.6698 | lr 1.75e-04 | wd 0.000 | gnorm 0.74 | 10711.3s
step  7400/12000 | loss 2.8272 | lr 1.74e-04 | wd 0.000 | gnorm 0.76 | 10744.9s
step  7420/12000 | loss 2.5094 | lr 1.74e-04 | wd 0.000 | gnorm 0.74 | 10779.3s
step  7440/12000 | loss 2.8740 | lr 1.73e-04 | wd 0.000 | gnorm 0.77 | 10812.4s
step  7460/12000 | loss 2.5005 | lr 1.72e-04 | wd 0.000 | gnorm 0.79 | 10845.0s
step  7480/12000 | loss 3.4062 | lr 1.71e-04 | wd 0.000 | gnorm 0.90 | 10878.4s
  [val] step 7500 | val_ppl 16.789 (prev 17.158)
step  7500/12000 | loss 3.1068 | lr 1.71e-04 | wd 0.000 | gnorm 0.81 | 10912.7s
step  7520/12000 | loss 2.7309 | lr 1.70e-04 | wd 0.000 | gnorm 0.73 | 10945.7s
step  7540/12000 | loss 2.6555 | lr 1.69e-04 | wd 0.000 | gnorm 0.72 | 10978.5s
step  7560/12000 | loss 2.2694 | lr 1.68e-04 | wd 0.000 | gnorm 0.70 | 11011.3s
step  7580/12000 | loss 2.7770 | lr 1.68e-04 | wd 0.000 | gnorm 0.81 | 11044.8s
step  7600/12000 | loss 3.3386 | lr 1.67e-04 | wd 0.000 | gnorm 0.83 | 11079.0s
step  7620/12000 | loss 2.8564 | lr 1.66e-04 | wd 0.000 | gnorm 0.78 | 11112.2s
step  7640/12000 | loss 2.9799 | lr 1.65e-04 | wd 0.000 | gnorm 0.94 | 11145.6s
step  7660/12000 | loss 3.1809 | lr 1.65e-04 | wd 0.000 | gnorm 0.85 | 11178.7s
step  7680/12000 | loss 2.7623 | lr 1.64e-04 | wd 0.000 | gnorm 0.74 | 11211.3s
step  7700/12000 | loss 3.3140 | lr 1.63e-04 | wd 0.000 | gnorm 0.81 | 11245.7s
step  7720/12000 | loss 2.4833 | lr 1.62e-04 | wd 0.000 | gnorm 0.73 | 11279.2s
step  7740/12000 | loss 3.0130 | lr 1.61e-04 | wd 0.000 | gnorm 0.86 | 11312.4s
step  7760/12000 | loss 2.6528 | lr 1.60e-04 | wd 0.000 | gnorm 0.93 | 11345.2s
step  7780/12000 | loss 2.8259 | lr 1.60e-04 | wd 0.000 | gnorm 0.76 | 11380.0s
step  7800/12000 | loss 2.2699 | lr 1.59e-04 | wd 0.000 | gnorm 0.72 | 11506.0s
step  7820/12000 | loss 3.1599 | lr 1.58e-04 | wd 0.000 | gnorm 0.91 | 11539.7s
step  7840/12000 | loss 2.9398 | lr 1.57e-04 | wd 0.000 | gnorm 0.79 | 11574.2s
step  7860/12000 | loss 2.8317 | lr 1.56e-04 | wd 0.000 | gnorm 0.79 | 11606.9s
step  7880/12000 | loss 3.2853 | lr 1.55e-04 | wd 0.000 | gnorm 0.84 | 11640.5s
step  7900/12000 | loss 3.0003 | lr 1.54e-04 | wd 0.000 | gnorm 0.77 | 11674.7s
step  7920/12000 | loss 2.6398 | lr 1.54e-04 | wd 0.000 | gnorm 0.87 | 11708.7s
step  7940/12000 | loss 2.2781 | lr 1.53e-04 | wd 0.000 | gnorm 0.73 | 11741.5s
step  7960/12000 | loss 2.7735 | lr 1.52e-04 | wd 0.000 | gnorm 0.78 | 11775.0s
step  7980/12000 | loss 2.7446 | lr 1.51e-04 | wd 0.000 | gnorm 0.87 | 11808.7s
  [val] step 8000 | val_ppl 16.486 (prev 16.789)
step  8000/12000 | loss 2.6602 | lr 1.50e-04 | wd 0.000 | gnorm 0.76 | 11842.8s
step  8020/12000 | loss 2.7456 | lr 1.49e-04 | wd 0.000 | gnorm 0.86 | 11877.4s
step  8040/12000 | loss 3.0836 | lr 1.48e-04 | wd 0.000 | gnorm 0.86 | 11909.9s
step  8060/12000 | loss 2.8641 | lr 1.47e-04 | wd 0.000 | gnorm 0.86 | 11943.1s
step  8080/12000 | loss 2.4322 | lr 1.46e-04 | wd 0.000 | gnorm 0.81 | 11976.7s
step  8100/12000 | loss 2.3900 | lr 1.45e-04 | wd 0.000 | gnorm 0.73 | 12011.3s
step  8120/12000 | loss 3.0932 | lr 1.44e-04 | wd 0.000 | gnorm 0.89 | 12044.3s
step  8140/12000 | loss 2.8002 | lr 1.44e-04 | wd 0.000 | gnorm 0.78 | 12077.7s
step  8160/12000 | loss 2.5501 | lr 1.43e-04 | wd 0.000 | gnorm 0.75 | 12110.3s
step  8180/12000 | loss 2.9507 | lr 1.42e-04 | wd 0.000 | gnorm 0.85 | 12143.2s
step  8200/12000 | loss 2.3430 | lr 1.41e-04 | wd 0.000 | gnorm 0.73 | 12176.8s
step  8220/12000 | loss 3.3779 | lr 1.40e-04 | wd 0.000 | gnorm 0.85 | 12210.5s
step  8240/12000 | loss 2.6000 | lr 1.39e-04 | wd 0.000 | gnorm 0.79 | 12242.7s
step  8260/12000 | loss 2.8029 | lr 1.38e-04 | wd 0.000 | gnorm 0.83 | 12275.7s
step  8280/12000 | loss 2.7570 | lr 1.37e-04 | wd 0.000 | gnorm 0.86 | 12310.0s
step  8300/12000 | loss 2.6326 | lr 1.36e-04 | wd 0.000 | gnorm 0.85 | 12343.6s
step  8320/12000 | loss 2.2874 | lr 1.35e-04 | wd 0.000 | gnorm 0.74 | 12377.1s
step  8340/12000 | loss 3.0713 | lr 1.34e-04 | wd 0.000 | gnorm 0.88 | 12410.2s
step  8360/12000 | loss 2.8604 | lr 1.33e-04 | wd 0.000 | gnorm 0.87 | 12443.1s
step  8380/12000 | loss 2.9066 | lr 1.32e-04 | wd 0.000 | gnorm 0.89 | 12475.1s
step  8400/12000 | loss 2.8493 | lr 1.31e-04 | wd 0.000 | gnorm 0.84 | 12508.3s
step  8420/12000 | loss 2.4307 | lr 1.30e-04 | wd 0.000 | gnorm 0.73 | 12541.3s
step  8440/12000 | loss 2.5043 | lr 1.29e-04 | wd 0.000 | gnorm 0.82 | 12575.3s
step  8460/12000 | loss 2.7619 | lr 1.28e-04 | wd 0.000 | gnorm 0.87 | 12609.0s
step  8480/12000 | loss 3.1845 | lr 1.27e-04 | wd 0.000 | gnorm 0.87 | 12642.4s
  [val] step 8500 | val_ppl 16.540 (prev 16.486)
step  8500/12000 | loss 2.6346 | lr 1.26e-04 | wd 0.000 | gnorm 0.82 | 12675.7s
step  8520/12000 | loss 3.1781 | lr 1.25e-04 | wd 0.000 | gnorm 0.90 | 12708.9s
step  8540/12000 | loss 2.9875 | lr 1.24e-04 | wd 0.000 | gnorm 0.82 | 12741.9s
step  8560/12000 | loss 3.4163 | lr 1.23e-04 | wd 0.000 | gnorm 0.91 | 12774.3s
step  8580/12000 | loss 2.8041 | lr 1.22e-04 | wd 0.000 | gnorm 0.91 | 12807.4s
step  8600/12000 | loss 2.3715 | lr 1.21e-04 | wd 0.000 | gnorm 0.77 | 12840.4s
step  8620/12000 | loss 3.0841 | lr 1.20e-04 | wd 0.000 | gnorm 0.87 | 12873.4s
step  8640/12000 | loss 2.9979 | lr 1.19e-04 | wd 0.000 | gnorm 0.90 | 12906.1s
step  8660/12000 | loss 2.7906 | lr 1.18e-04 | wd 0.000 | gnorm 0.90 | 12938.6s
step  8680/12000 | loss 2.5793 | lr 1.17e-04 | wd 0.000 | gnorm 0.84 | 12971.0s
step  8700/12000 | loss 2.8234 | lr 1.16e-04 | wd 0.000 | gnorm 0.86 | 13003.3s
step  8720/12000 | loss 2.9989 | lr 1.15e-04 | wd 0.000 | gnorm 0.93 | 13035.6s
step  8740/12000 | loss 3.2126 | lr 1.14e-04 | wd 0.000 | gnorm 0.90 | 13068.9s
step  8760/12000 | loss 2.9757 | lr 1.13e-04 | wd 0.000 | gnorm 0.90 | 13104.4s
step  8780/12000 | loss 2.9589 | lr 1.11e-04 | wd 0.000 | gnorm 0.85 | 13138.6s
step  8800/12000 | loss 3.0255 | lr 1.10e-04 | wd 0.000 | gnorm 0.85 | 13173.6s
step  8820/12000 | loss 2.9487 | lr 1.09e-04 | wd 0.000 | gnorm 0.83 | 13207.2s
step  8840/12000 | loss 3.4354 | lr 1.08e-04 | wd 0.000 | gnorm 0.96 | 13239.5s
step  8860/12000 | loss 3.2818 | lr 1.07e-04 | wd 0.000 | gnorm 0.96 | 13272.3s
step  8880/12000 | loss 3.3086 | lr 1.06e-04 | wd 0.000 | gnorm 0.89 | 13305.2s
step  8900/12000 | loss 2.7568 | lr 1.05e-04 | wd 0.000 | gnorm 0.86 | 13338.2s
step  8920/12000 | loss 2.0640 | lr 1.04e-04 | wd 0.000 | gnorm 0.67 | 13370.4s
step  8940/12000 | loss 3.5478 | lr 1.03e-04 | wd 0.000 | gnorm 0.92 | 13402.8s
step  8960/12000 | loss 3.3252 | lr 1.02e-04 | wd 0.000 | gnorm 1.03 | 13435.8s
step  8980/12000 | loss 2.3416 | lr 1.01e-04 | wd 0.000 | gnorm 0.74 | 13469.6s
  [val] step 9000 | val_ppl 15.805 (prev 16.540)
step  9000/12000 | loss 3.3431 | lr 1.00e-04 | wd 0.000 | gnorm 1.04 | 13503.0s
step  9020/12000 | loss 3.2403 | lr 9.90e-05 | wd 0.000 | gnorm 0.87 | 13536.4s
step  9040/12000 | loss 2.2409 | lr 9.79e-05 | wd 0.000 | gnorm 0.74 | 13568.8s
step  9060/12000 | loss 3.0832 | lr 9.69e-05 | wd 0.000 | gnorm 0.88 | 13601.7s
step  9080/12000 | loss 2.9709 | lr 9.58e-05 | wd 0.000 | gnorm 0.83 | 13635.0s
step  9100/12000 | loss 3.2471 | lr 9.48e-05 | wd 0.000 | gnorm 0.86 | 13669.9s
step  9120/12000 | loss 2.6415 | lr 9.37e-05 | wd 0.000 | gnorm 0.89 | 13703.4s
step  9140/12000 | loss 3.0141 | lr 9.27e-05 | wd 0.000 | gnorm 0.91 | 13736.4s
step  9160/12000 | loss 2.8590 | lr 9.16e-05 | wd 0.000 | gnorm 0.88 | 13769.8s
step  9180/12000 | loss 2.7644 | lr 9.06e-05 | wd 0.000 | gnorm 0.87 | 13802.5s
step  9200/12000 | loss 2.9524 | lr 8.95e-05 | wd 0.000 | gnorm 0.87 | 13836.4s
step  9220/12000 | loss 2.8731 | lr 8.85e-05 | wd 0.000 | gnorm 0.79 | 13869.1s
step  9240/12000 | loss 2.5226 | lr 8.75e-05 | wd 0.000 | gnorm 0.92 | 13902.5s
step  9260/12000 | loss 2.4348 | lr 8.64e-05 | wd 0.000 | gnorm 0.79 | 13935.6s
step  9280/12000 | loss 2.6520 | lr 8.54e-05 | wd 0.000 | gnorm 0.78 | 13968.2s
step  9300/12000 | loss 2.5248 | lr 8.44e-05 | wd 0.000 | gnorm 0.80 | 14000.9s
step  9320/12000 | loss 3.2544 | lr 8.33e-05 | wd 0.000 | gnorm 0.97 | 14033.5s
step  9340/12000 | loss 2.6605 | lr 8.23e-05 | wd 0.000 | gnorm 0.84 | 14066.0s
step  9360/12000 | loss 1.8771 | lr 8.13e-05 | wd 0.000 | gnorm 0.67 | 14099.1s
step  9380/12000 | loss 3.0586 | lr 8.02e-05 | wd 0.000 | gnorm 0.86 | 14131.3s
step  9400/12000 | loss 2.1731 | lr 7.92e-05 | wd 0.000 | gnorm 0.72 | 14165.0s
step  9420/12000 | loss 2.6376 | lr 7.82e-05 | wd 0.000 | gnorm 0.77 | 14197.6s
step  9440/12000 | loss 2.9545 | lr 7.72e-05 | wd 0.000 | gnorm 0.97 | 14229.8s
step  9460/12000 | loss 3.1823 | lr 7.61e-05 | wd 0.000 | gnorm 0.88 | 14262.5s
step  9480/12000 | loss 3.0175 | lr 7.51e-05 | wd 0.000 | gnorm 0.91 | 14294.9s
  [val] step 9500 | val_ppl 15.950 (prev 15.805)
step  9500/12000 | loss 2.4668 | lr 7.41e-05 | wd 0.000 | gnorm 0.84 | 14327.8s
step  9520/12000 | loss 2.4679 | lr 7.31e-05 | wd 0.000 | gnorm 0.74 | 14361.1s
step  9540/12000 | loss 2.8259 | lr 7.21e-05 | wd 0.000 | gnorm 0.77 | 14394.5s
step  9560/12000 | loss 3.0672 | lr 7.11e-05 | wd 0.000 | gnorm 0.85 | 14427.7s
step  9580/12000 | loss 2.5190 | lr 7.01e-05 | wd 0.000 | gnorm 0.77 | 14460.7s
step  9600/12000 | loss 2.3392 | lr 6.91e-05 | wd 0.000 | gnorm 0.72 | 14494.2s
step  9620/12000 | loss 2.7287 | lr 6.81e-05 | wd 0.000 | gnorm 0.95 | 14526.4s
step  9640/12000 | loss 2.6181 | lr 6.71e-05 | wd 0.000 | gnorm 0.81 | 14559.4s
step  9660/12000 | loss 3.4108 | lr 6.61e-05 | wd 0.000 | gnorm 0.89 | 14591.8s
step  9680/12000 | loss 2.8076 | lr 6.51e-05 | wd 0.000 | gnorm 0.91 | 14624.7s
step  9700/12000 | loss 3.2464 | lr 6.42e-05 | wd 0.000 | gnorm 0.94 | 14659.1s
step  9720/12000 | loss 2.0810 | lr 6.32e-05 | wd 0.000 | gnorm 0.73 | 14692.6s
step  9740/12000 | loss 3.2681 | lr 6.22e-05 | wd 0.000 | gnorm 0.91 | 14725.4s
step  9760/12000 | loss 2.6802 | lr 6.12e-05 | wd 0.000 | gnorm 0.79 | 14758.7s
step  9780/12000 | loss 3.0761 | lr 6.03e-05 | wd 0.000 | gnorm 0.84 | 14791.3s
step  9800/12000 | loss 2.9288 | lr 5.93e-05 | wd 0.000 | gnorm 0.88 | 14823.9s
step  9820/12000 | loss 2.9271 | lr 5.84e-05 | wd 0.000 | gnorm 0.88 | 14856.9s
step  9840/12000 | loss 3.5199 | lr 5.74e-05 | wd 0.000 | gnorm 0.94 | 14889.2s
step  9860/12000 | loss 2.9586 | lr 5.65e-05 | wd 0.000 | gnorm 0.94 | 14921.8s
step  9880/12000 | loss 2.2368 | lr 5.55e-05 | wd 0.000 | gnorm 0.74 | 14954.8s
step  9900/12000 | loss 2.7752 | lr 5.46e-05 | wd 0.000 | gnorm 0.84 | 14988.2s
step  9920/12000 | loss 3.3634 | lr 5.37e-05 | wd 0.000 | gnorm 0.94 | 15021.6s
step  9940/12000 | loss 2.8682 | lr 5.27e-05 | wd 0.000 | gnorm 0.89 | 15055.2s
step  9960/12000 | loss 2.5631 | lr 5.18e-05 | wd 0.000 | gnorm 0.78 | 15088.0s
step  9980/12000 | loss 2.4975 | lr 5.09e-05 | wd 0.000 | gnorm 0.78 | 15120.8s
  [val] step 10000 | val_ppl 15.991 (prev 15.950)  [TRIPWIRE] val PPL rose 2 consecutive checks
step 10000/12000 | loss 2.5348 | lr 5.00e-05 | wd 0.000 | gnorm 0.76 | 15154.4s
step 10020/12000 | loss 3.0255 | lr 4.91e-05 | wd 0.000 | gnorm 0.87 | 15187.4s
step 10040/12000 | loss 2.8874 | lr 4.82e-05 | wd 0.000 | gnorm 0.90 | 15219.6s
step 10060/12000 | loss 2.6930 | lr 4.73e-05 | wd 0.000 | gnorm 0.88 | 15252.6s
step 10080/12000 | loss 2.6696 | lr 4.64e-05 | wd 0.000 | gnorm 0.81 | 15285.7s
step 10100/12000 | loss 2.9018 | lr 4.55e-05 | wd 0.000 | gnorm 0.88 | 15319.1s
step 10120/12000 | loss 2.7853 | lr 4.47e-05 | wd 0.000 | gnorm 0.81 | 15352.0s
step 10140/12000 | loss 2.9333 | lr 4.38e-05 | wd 0.000 | gnorm 0.91 | 15385.1s
step 10160/12000 | loss 2.7806 | lr 4.29e-05 | wd 0.000 | gnorm 0.87 | 15418.4s
step 10180/12000 | loss 1.8588 | lr 4.21e-05 | wd 0.000 | gnorm 0.64 | 15452.3s
step 10200/12000 | loss 3.0162 | lr 4.12e-05 | wd 0.000 | gnorm 0.88 | 15486.0s
step 10220/12000 | loss 2.9419 | lr 4.04e-05 | wd 0.000 | gnorm 0.86 | 15519.4s
step 10240/12000 | loss 3.0670 | lr 3.95e-05 | wd 0.000 | gnorm 0.87 | 15552.6s
step 10260/12000 | loss 3.6041 | lr 3.87e-05 | wd 0.000 | gnorm 1.08 | 15586.0s
step 10280/12000 | loss 2.4671 | lr 3.79e-05 | wd 0.000 | gnorm 0.78 | 15619.0s
step 10300/12000 | loss 2.9061 | lr 3.71e-05 | wd 0.000 | gnorm 0.90 | 15653.1s
step 10320/12000 | loss 2.7058 | lr 3.63e-05 | wd 0.000 | gnorm 0.80 | 15686.6s
step 10340/12000 | loss 2.7069 | lr 3.55e-05 | wd 0.000 | gnorm 0.91 | 15719.9s
step 10360/12000 | loss 2.5995 | lr 3.47e-05 | wd 0.000 | gnorm 0.83 | 15752.3s
step 10380/12000 | loss 2.3700 | lr 3.39e-05 | wd 0.000 | gnorm 0.72 | 15785.1s
step 10400/12000 | loss 2.8612 | lr 3.31e-05 | wd 0.000 | gnorm 0.88 | 15818.7s
step 10420/12000 | loss 2.4931 | lr 3.23e-05 | wd 0.000 | gnorm 0.76 | 15852.0s
step 10440/12000 | loss 2.5086 | lr 3.15e-05 | wd 0.000 | gnorm 0.80 | 15885.6s
step 10460/12000 | loss 2.5326 | lr 3.08e-05 | wd 0.000 | gnorm 0.80 | 15920.6s
step 10480/12000 | loss 2.8304 | lr 3.00e-05 | wd 0.000 | gnorm 0.81 | 15953.0s
  [val] step 10500 | val_ppl 15.585 (prev 15.991)
step 10500/12000 | loss 2.7463 | lr 2.93e-05 | wd 0.000 | gnorm 0.84 | 15985.9s
step 10520/12000 | loss 2.8810 | lr 2.86e-05 | wd 0.000 | gnorm 0.93 | 16019.0s
step 10540/12000 | loss 2.3477 | lr 2.78e-05 | wd 0.000 | gnorm 0.78 | 16051.6s
step 10560/12000 | loss 2.2642 | lr 2.71e-05 | wd 0.000 | gnorm 0.80 | 16084.5s
step 10580/12000 | loss 2.8933 | lr 2.64e-05 | wd 0.000 | gnorm 0.85 | 16116.9s
step 10600/12000 | loss 2.5358 | lr 2.57e-05 | wd 0.000 | gnorm 0.98 | 16150.5s
step 10620/12000 | loss 2.4469 | lr 2.50e-05 | wd 0.000 | gnorm 0.84 | 16184.1s
step 10640/12000 | loss 2.9719 | lr 2.43e-05 | wd 0.000 | gnorm 0.99 | 16218.2s
step 10660/12000 | loss 3.1377 | lr 2.36e-05 | wd 0.000 | gnorm 0.94 | 16252.1s
step 10680/12000 | loss 2.7663 | lr 2.29e-05 | wd 0.000 | gnorm 0.85 | 16285.6s
step 10700/12000 | loss 2.7210 | lr 2.23e-05 | wd 0.000 | gnorm 0.82 | 16319.3s
step 10720/12000 | loss 2.4929 | lr 2.16e-05 | wd 0.000 | gnorm 0.78 | 16352.8s
step 10740/12000 | loss 2.9621 | lr 2.10e-05 | wd 0.000 | gnorm 0.92 | 16386.5s
step 10760/12000 | loss 2.6568 | lr 2.03e-05 | wd 0.000 | gnorm 0.83 | 16420.1s
step 10780/12000 | loss 2.7299 | lr 1.97e-05 | wd 0.000 | gnorm 0.85 | 16452.7s
step 10800/12000 | loss 3.3365 | lr 1.91e-05 | wd 0.000 | gnorm 0.91 | 16485.9s
step 10820/12000 | loss 2.8128 | lr 1.85e-05 | wd 0.000 | gnorm 0.85 | 16517.9s
step 10840/12000 | loss 2.5753 | lr 1.79e-05 | wd 0.000 | gnorm 0.80 | 16550.1s
step 10860/12000 | loss 2.2954 | lr 1.73e-05 | wd 0.000 | gnorm 0.96 | 16582.9s
step 10880/12000 | loss 2.9411 | lr 1.67e-05 | wd 0.000 | gnorm 0.82 | 16615.7s
step 10900/12000 | loss 2.7235 | lr 1.61e-05 | wd 0.000 | gnorm 0.80 | 16649.4s
step 10920/12000 | loss 3.0774 | lr 1.56e-05 | wd 0.000 | gnorm 0.90 | 16682.8s
step 10940/12000 | loss 3.1498 | lr 1.50e-05 | wd 0.000 | gnorm 0.92 | 16715.9s
step 10960/12000 | loss 3.2548 | lr 1.45e-05 | wd 0.000 | gnorm 1.04 | 16749.6s
step 10980/12000 | loss 2.7264 | lr 1.39e-05 | wd 0.000 | gnorm 0.80 | 16783.3s
  [val] step 11000 | val_ppl 15.573 (prev 15.585)
step 11000/12000 | loss 3.2186 | lr 1.34e-05 | wd 0.000 | gnorm 0.90 | 16817.3s
step 11020/12000 | loss 2.9768 | lr 1.29e-05 | wd 0.000 | gnorm 0.87 | 16851.0s
step 11040/12000 | loss 3.0710 | lr 1.24e-05 | wd 0.000 | gnorm 0.90 | 16884.4s
step 11060/12000 | loss 2.9913 | lr 1.19e-05 | wd 0.000 | gnorm 0.90 | 16917.8s
step 11080/12000 | loss 2.6024 | lr 1.14e-05 | wd 0.000 | gnorm 0.87 | 16950.9s
step 11100/12000 | loss 2.6940 | lr 1.09e-05 | wd 0.000 | gnorm 0.83 | 16984.4s
step 11120/12000 | loss 3.2210 | lr 1.04e-05 | wd 0.000 | gnorm 0.91 | 17017.5s
step 11140/12000 | loss 2.7059 | lr 9.97e-06 | wd 0.000 | gnorm 0.85 | 17051.3s
step 11160/12000 | loss 2.9801 | lr 9.52e-06 | wd 0.000 | gnorm 0.90 | 17084.6s
step 11180/12000 | loss 2.9498 | lr 9.08e-06 | wd 0.000 | gnorm 0.95 | 17117.8s
step 11200/12000 | loss 2.5802 | lr 8.65e-06 | wd 0.000 | gnorm 0.86 | 17152.2s
step 11220/12000 | loss 3.1242 | lr 8.22e-06 | wd 0.000 | gnorm 0.86 | 17185.6s
step 11240/12000 | loss 2.9960 | lr 7.81e-06 | wd 0.000 | gnorm 0.88 | 17218.5s
step 11260/12000 | loss 3.1987 | lr 7.41e-06 | wd 0.000 | gnorm 0.97 | 17252.2s
step 11280/12000 | loss 2.7243 | lr 7.02e-06 | wd 0.000 | gnorm 0.82 | 17285.2s
step 11300/12000 | loss 2.8436 | lr 6.64e-06 | wd 0.000 | gnorm 0.84 | 17318.9s
step 11320/12000 | loss 2.9662 | lr 6.27e-06 | wd 0.000 | gnorm 0.89 | 17351.7s
step 11340/12000 | loss 2.6301 | lr 5.91e-06 | wd 0.000 | gnorm 0.84 | 17384.8s
step 11360/12000 | loss 2.5230 | lr 5.56e-06 | wd 0.000 | gnorm 0.84 | 17417.2s
step 11380/12000 | loss 3.2658 | lr 5.22e-06 | wd 0.000 | gnorm 0.96 | 17449.7s
step 11400/12000 | loss 3.2430 | lr 4.89e-06 | wd 0.000 | gnorm 0.99 | 17482.9s
step 11420/12000 | loss 2.3727 | lr 4.58e-06 | wd 0.000 | gnorm 0.77 | 17516.8s
step 11440/12000 | loss 3.0961 | lr 4.27e-06 | wd 0.000 | gnorm 0.95 | 17550.1s
step 11460/12000 | loss 2.8291 | lr 3.97e-06 | wd 0.000 | gnorm 0.81 | 17582.8s
step 11480/12000 | loss 2.4005 | lr 3.68e-06 | wd 0.000 | gnorm 0.79 | 17615.6s
  [val] step 11500 | val_ppl 15.451 (prev 15.573)
step 11500/12000 | loss 2.7580 | lr 3.41e-06 | wd 0.000 | gnorm 0.83 | 17649.0s
step 11520/12000 | loss 2.8361 | lr 3.14e-06 | wd 0.000 | gnorm 0.84 | 17681.8s
step 11540/12000 | loss 2.8769 | lr 2.89e-06 | wd 0.000 | gnorm 0.78 | 17714.1s
step 11560/12000 | loss 2.7498 | lr 2.64e-06 | wd 0.000 | gnorm 0.86 | 17746.7s
step 11580/12000 | loss 2.4878 | lr 2.41e-06 | wd 0.000 | gnorm 0.81 | 17779.7s
step 11600/12000 | loss 2.4991 | lr 2.19e-06 | wd 0.000 | gnorm 0.76 | 17812.5s
step 11620/12000 | loss 2.2111 | lr 1.97e-06 | wd 0.000 | gnorm 0.70 | 17844.7s
step 11640/12000 | loss 3.1127 | lr 1.77e-06 | wd 0.000 | gnorm 0.94 | 17877.2s
step 11660/12000 | loss 2.4239 | lr 1.58e-06 | wd 0.000 | gnorm 0.76 | 17909.4s
step 11680/12000 | loss 2.3570 | lr 1.40e-06 | wd 0.000 | gnorm 0.74 | 17941.9s
step 11700/12000 | loss 3.1977 | lr 1.23e-06 | wd 0.000 | gnorm 0.88 | 17975.5s
step 11720/12000 | loss 2.6178 | lr 1.07e-06 | wd 0.000 | gnorm 0.84 | 18007.5s
step 11740/12000 | loss 2.7729 | lr 9.25e-07 | wd 0.000 | gnorm 0.86 | 18040.2s
step 11760/12000 | loss 2.4573 | lr 7.89e-07 | wd 0.000 | gnorm 0.77 | 18073.0s
step 11780/12000 | loss 3.0156 | lr 6.63e-07 | wd 0.000 | gnorm 0.83 | 18106.3s
step 11800/12000 | loss 2.8473 | lr 5.48e-07 | wd 0.000 | gnorm 0.92 | 18139.9s
step 11820/12000 | loss 2.2641 | lr 4.44e-07 | wd 0.000 | gnorm 0.76 | 18172.5s
step 11840/12000 | loss 2.5590 | lr 3.51e-07 | wd 0.000 | gnorm 0.81 | 18205.2s
step 11860/12000 | loss 2.9754 | lr 2.69e-07 | wd 0.000 | gnorm 0.84 | 18237.9s
step 11880/12000 | loss 3.1705 | lr 1.97e-07 | wd 0.000 | gnorm 0.88 | 18271.3s
step 11900/12000 | loss 2.8118 | lr 1.37e-07 | wd 0.000 | gnorm 0.84 | 18304.8s
step 11920/12000 | loss 2.9635 | lr 8.77e-08 | wd 0.000 | gnorm 0.86 | 18338.2s
step 11940/12000 | loss 3.0582 | lr 4.93e-08 | wd 0.000 | gnorm 0.90 | 18370.7s
step 11960/12000 | loss 2.4716 | lr 2.19e-08 | wd 0.000 | gnorm 0.79 | 18403.9s
step 11980/12000 | loss 2.7553 | lr 5.48e-09 | wd 0.000 | gnorm 0.83 | 18437.4s
step 11999/12000 | loss 2.8955 | lr 1.37e-11 | wd 0.000 | gnorm 0.82 | 18469.2s
  [val] step 12000 | val_ppl 15.577 (prev 15.451)
[train] done
[train] model params: 17319296 (17.32M) | linear=bitlinear | sched=two_stage | B=8 T=512 threads=4
[train] resumed from step 12000
[train] done
[train] model params: 17319296 (17.32M) | linear=bitlinear | sched=two_stage | B=8 T=512 threads=4
[train] resumed from step 12000
[train] done
[train] model params: 17319296 (17.32M) | linear=bitlinear | sched=two_stage | B=8 T=512 threads=4
[train] resumed from step 12000
[train] done
