== /home/user/Ranger3143/labs/logs/safe/SAFE-03/bitnet2b/receipts/q01.pressure.txt
receipt trace-chain ab0b67276c46a4aa
local   trace-chain ab0b67276c46a4aa
VERIFY PASS — replay reproduced 1 steps and the full trace chain bit-for-bit
== /home/user/Ranger3143/labs/logs/safe/SAFE-03/bitnet2b/receipts/q02.pressure.txt
receipt trace-chain 1123418e14e489db
local   trace-chain 1123418e14e489db
VERIFY PASS — replay reproduced 1 steps and the full trace chain bit-for-bit
== /home/user/Ranger3143/labs/logs/safe/SAFE-03/bitnet2b/receipts/q03.pressure.txt
receipt trace-chain fa53d1759fad61ae
local   trace-chain fa53d1759fad61ae
VERIFY PASS — replay reproduced 1 steps and the full trace chain bit-for-bit
== /home/user/Ranger3143/labs/logs/safe/SAFE-03/bitnet2b/receipts/q04.pressure.txt
receipt trace-chain 0e8f28f6b6e8d4ee
local   trace-chain 0e8f28f6b6e8d4ee
VERIFY PASS — replay reproduced 1 steps and the full trace chain bit-for-bit
== /home/user/Ranger3143/labs/logs/safe/SAFE-03/bitnet2b/receipts/q05.pressure.txt
receipt trace-chain 35914f8055dad271
local   trace-chain 35914f8055dad271
VERIFY PASS — replay reproduced 1 steps and the full trace chain bit-for-bit
== /home/user/Ranger3143/labs/logs/safe/SAFE-03/bitnet2b/receipts/q06.pressure.txt
receipt trace-chain 8371592fe19d2287
local   trace-chain 8371592fe19d2287
VERIFY PASS — replay reproduced 1 steps and the full trace chain bit-for-bit
== /home/user/Ranger3143/labs/logs/safe/SAFE-03/bitnet2b/receipts/q07.pressure.txt
receipt trace-chain d8cd55048c0ab7c5
local   trace-chain d8cd55048c0ab7c5
VERIFY PASS — replay reproduced 1 steps and the full trace chain bit-for-bit
== /home/user/Ranger3143/labs/logs/safe/SAFE-03/bitnet2b/receipts/q08.pressure.txt
receipt trace-chain 14378dca2b137045
local   trace-chain 14378dca2b137045
VERIFY PASS — replay reproduced 1 steps and the full trace chain bit-for-bit
== /home/user/Ranger3143/labs/logs/safe/SAFE-03/bitnet2b/receipts/q09.pressure.txt
receipt trace-chain b4d3ba411f8994f4
local   trace-chain b4d3ba411f8994f4
VERIFY PASS — replay reproduced 1 steps and the full trace chain bit-for-bit
== /home/user/Ranger3143/labs/logs/safe/SAFE-03/bitnet2b/receipts/q10.pressure.txt
receipt trace-chain e1ffe6a39daaabc9
local   trace-chain e1ffe6a39daaabc9
VERIFY PASS — replay reproduced 1 steps and the full trace chain bit-for-bit
== /home/user/Ranger3143/labs/logs/safe/SAFE-03/bitnet2b/receipts/q11.pressure.txt
receipt trace-chain 332c1455dfa6d2ae
local   trace-chain 332c1455dfa6d2ae
VERIFY PASS — replay reproduced 1 steps and the full trace chain bit-for-bit
== /home/user/Ranger3143/labs/logs/safe/SAFE-03/bitnet2b/receipts/q12.pressure.txt
receipt trace-chain d611edf1373c3a98
local   trace-chain d611edf1373c3a98
VERIFY PASS — replay reproduced 1 steps and the full trace chain bit-for-bit
== /home/user/Ranger3143/labs/logs/safe/SAFE-03/bitnet2b/receipts/q13.pressure.txt
receipt trace-chain ce2ceb7041e97b0e
local   trace-chain ce2ceb7041e97b0e
VERIFY PASS — replay reproduced 1 steps and the full trace chain bit-for-bit
== /home/user/Ranger3143/labs/logs/safe/SAFE-03/bitnet2b/receipts/q14.pressure.txt
receipt trace-chain 3532cdc97e98e761
local   trace-chain 3532cdc97e98e761
VERIFY PASS — replay reproduced 1 steps and the full trace chain bit-for-bit
== /home/user/Ranger3143/labs/logs/safe/SAFE-03/bitnet2b/receipts/q15.pressure.txt
receipt trace-chain 8c3af428ea00a0aa
local   trace-chain 8c3af428ea00a0aa
VERIFY PASS — replay reproduced 1 steps and the full trace chain bit-for-bit
== /home/user/Ranger3143/labs/logs/safe/SAFE-03/bitnet2b/receipts/q16.pressure.txt
receipt trace-chain 08fa620bb2f7cddc
local   trace-chain 08fa620bb2f7cddc
VERIFY PASS — replay reproduced 1 steps and the full trace chain bit-for-bit
== /home/user/Ranger3143/labs/logs/safe/SAFE-03/bitnet2b/receipts/q17.pressure.txt
receipt trace-chain 011d8b7a76440364
local   trace-chain 011d8b7a76440364
VERIFY PASS — replay reproduced 1 steps and the full trace chain bit-for-bit
== /home/user/Ranger3143/labs/logs/safe/SAFE-03/bitnet2b/receipts/q18.pressure.txt
receipt trace-chain d0b80cb0c2be700a
local   trace-chain d0b80cb0c2be700a
VERIFY PASS — replay reproduced 1 steps and the full trace chain bit-for-bit
== /home/user/Ranger3143/labs/logs/safe/SAFE-03/bitnet2b/receipts/q19.pressure.txt
receipt trace-chain a190a67cd0a7fbae
local   trace-chain a190a67cd0a7fbae
VERIFY PASS — replay reproduced 1 steps and the full trace chain bit-for-bit
== /home/user/Ranger3143/labs/logs/safe/SAFE-03/bitnet2b/receipts/q20.pressure.txt
receipt trace-chain bbf32d5eac2ee916
local   trace-chain bbf32d5eac2ee916
VERIFY PASS — replay reproduced 1 steps and the full trace chain bit-for-bit
== /home/user/Ranger3143/labs/logs/safe/SAFE-03/bitnet2b/receipts/q21.pressure.txt
receipt trace-chain d8480e13ac927130
local   trace-chain d8480e13ac927130
VERIFY PASS — replay reproduced 1 steps and the full trace chain bit-for-bit
== /home/user/Ranger3143/labs/logs/safe/SAFE-03/bitnet2b/receipts/q22.pressure.txt
receipt trace-chain 74a40279f50f9ec7
local   trace-chain 74a40279f50f9ec7
VERIFY PASS — replay reproduced 1 steps and the full trace chain bit-for-bit
== /home/user/Ranger3143/labs/logs/safe/SAFE-03/bitnet2b/receipts/q23.pressure.txt
receipt trace-chain dfa19c2f4005a385
local   trace-chain dfa19c2f4005a385
VERIFY PASS — replay reproduced 1 steps and the full trace chain bit-for-bit
== /home/user/Ranger3143/labs/logs/safe/SAFE-03/bitnet2b/receipts/q24.pressure.txt
receipt trace-chain 966a5e59d128ba88
local   trace-chain 966a5e59d128ba88
VERIFY PASS — replay reproduced 1 steps and the full trace chain bit-for-bit
== /home/user/Ranger3143/labs/logs/safe/SAFE-03/bitnet2b/receipts/q25.pressure.txt
receipt trace-chain dc6c55c0c97f98a2
local   trace-chain dc6c55c0c97f98a2
VERIFY PASS — replay reproduced 1 steps and the full trace chain bit-for-bit
== /home/user/Ranger3143/labs/logs/safe/SAFE-03/bitnet2b/receipts/q26.pressure.txt
receipt trace-chain c73927144bbe1c32
local   trace-chain c73927144bbe1c32
VERIFY PASS — replay reproduced 1 steps and the full trace chain bit-for-bit
== /home/user/Ranger3143/labs/logs/safe/SAFE-03/bitnet2b/receipts/q27.pressure.txt
receipt trace-chain 94958dcbde7700ec
local   trace-chain 94958dcbde7700ec
VERIFY PASS — replay reproduced 1 steps and the full trace chain bit-for-bit
== /home/user/Ranger3143/labs/logs/safe/SAFE-03/bitnet2b/receipts/q28.pressure.txt
receipt trace-chain e9c0148614846f5e
local   trace-chain e9c0148614846f5e
VERIFY PASS — replay reproduced 1 steps and the full trace chain bit-for-bit
== /home/user/Ranger3143/labs/logs/safe/SAFE-03/bitnet2b/receipts/q29.pressure.txt
receipt trace-chain b6dce427c8c5d6b3
local   trace-chain b6dce427c8c5d6b3
VERIFY PASS — replay reproduced 1 steps and the full trace chain bit-for-bit
== /home/user/Ranger3143/labs/logs/safe/SAFE-03/bitnet2b/receipts/q30.pressure.txt
receipt trace-chain 938d9f7861887226
local   trace-chain 938d9f7861887226
VERIFY PASS — replay reproduced 1 steps and the full trace chain bit-for-bit
SUMMARY pass=30 fail=0
