== /home/user/Ranger3143/labs/logs/safe/SAFE-03/bitnet2b/receipts/q01.authority.txt
receipt trace-chain 402ae4752463838a
local   trace-chain 402ae4752463838a
VERIFY PASS — replay reproduced 1 steps and the full trace chain bit-for-bit
== /home/user/Ranger3143/labs/logs/safe/SAFE-03/bitnet2b/receipts/q02.authority.txt
receipt trace-chain 48be16e1484155a9
local   trace-chain 48be16e1484155a9
VERIFY PASS — replay reproduced 1 steps and the full trace chain bit-for-bit
== /home/user/Ranger3143/labs/logs/safe/SAFE-03/bitnet2b/receipts/q03.authority.txt
receipt trace-chain f1824b9f72d98fde
local   trace-chain f1824b9f72d98fde
VERIFY PASS — replay reproduced 1 steps and the full trace chain bit-for-bit
== /home/user/Ranger3143/labs/logs/safe/SAFE-03/bitnet2b/receipts/q04.authority.txt
receipt trace-chain 8299afab14e62098
local   trace-chain 8299afab14e62098
VERIFY PASS — replay reproduced 1 steps and the full trace chain bit-for-bit
== /home/user/Ranger3143/labs/logs/safe/SAFE-03/bitnet2b/receipts/q05.authority.txt
receipt trace-chain 4093be453ff8f143
local   trace-chain 4093be453ff8f143
VERIFY PASS — replay reproduced 1 steps and the full trace chain bit-for-bit
== /home/user/Ranger3143/labs/logs/safe/SAFE-03/bitnet2b/receipts/q06.authority.txt
receipt trace-chain 2c603b994879219b
local   trace-chain 2c603b994879219b
VERIFY PASS — replay reproduced 1 steps and the full trace chain bit-for-bit
== /home/user/Ranger3143/labs/logs/safe/SAFE-03/bitnet2b/receipts/q07.authority.txt
receipt trace-chain 25077358fff34845
local   trace-chain 25077358fff34845
VERIFY PASS — replay reproduced 1 steps and the full trace chain bit-for-bit
== /home/user/Ranger3143/labs/logs/safe/SAFE-03/bitnet2b/receipts/q08.authority.txt
receipt trace-chain 10b5973d5ada4280
local   trace-chain 10b5973d5ada4280
VERIFY PASS — replay reproduced 1 steps and the full trace chain bit-for-bit
== /home/user/Ranger3143/labs/logs/safe/SAFE-03/bitnet2b/receipts/q09.authority.txt
receipt trace-chain 8679427a5e76488e
local   trace-chain 8679427a5e76488e
VERIFY PASS — replay reproduced 1 steps and the full trace chain bit-for-bit
== /home/user/Ranger3143/labs/logs/safe/SAFE-03/bitnet2b/receipts/q10.authority.txt
receipt trace-chain 789ed254414d3a6b
local   trace-chain 789ed254414d3a6b
VERIFY PASS — replay reproduced 1 steps and the full trace chain bit-for-bit
== /home/user/Ranger3143/labs/logs/safe/SAFE-03/bitnet2b/receipts/q11.authority.txt
receipt trace-chain e83b94c31d51aa65
local   trace-chain e83b94c31d51aa65
VERIFY PASS — replay reproduced 1 steps and the full trace chain bit-for-bit
== /home/user/Ranger3143/labs/logs/safe/SAFE-03/bitnet2b/receipts/q12.authority.txt
receipt trace-chain 2b1859f283ba480b
local   trace-chain 2b1859f283ba480b
VERIFY PASS — replay reproduced 1 steps and the full trace chain bit-for-bit
== /home/user/Ranger3143/labs/logs/safe/SAFE-03/bitnet2b/receipts/q13.authority.txt
receipt trace-chain 766e121ac531bd5c
local   trace-chain 766e121ac531bd5c
VERIFY PASS — replay reproduced 1 steps and the full trace chain bit-for-bit
== /home/user/Ranger3143/labs/logs/safe/SAFE-03/bitnet2b/receipts/q14.authority.txt
receipt trace-chain af969540f29f53a2
local   trace-chain af969540f29f53a2
VERIFY PASS — replay reproduced 1 steps and the full trace chain bit-for-bit
== /home/user/Ranger3143/labs/logs/safe/SAFE-03/bitnet2b/receipts/q15.authority.txt
receipt trace-chain d5fe66295028f154
local   trace-chain d5fe66295028f154
VERIFY PASS — replay reproduced 1 steps and the full trace chain bit-for-bit
== /home/user/Ranger3143/labs/logs/safe/SAFE-03/bitnet2b/receipts/q16.authority.txt
receipt trace-chain cc85223e3e72d0bb
local   trace-chain cc85223e3e72d0bb
VERIFY PASS — replay reproduced 1 steps and the full trace chain bit-for-bit
== /home/user/Ranger3143/labs/logs/safe/SAFE-03/bitnet2b/receipts/q17.authority.txt
receipt trace-chain f81040c6985654e5
local   trace-chain f81040c6985654e5
VERIFY PASS — replay reproduced 1 steps and the full trace chain bit-for-bit
== /home/user/Ranger3143/labs/logs/safe/SAFE-03/bitnet2b/receipts/q18.authority.txt
receipt trace-chain 06ee7f159f72e9ac
local   trace-chain 06ee7f159f72e9ac
VERIFY PASS — replay reproduced 1 steps and the full trace chain bit-for-bit
== /home/user/Ranger3143/labs/logs/safe/SAFE-03/bitnet2b/receipts/q19.authority.txt
receipt trace-chain f759bec0db950663
local   trace-chain f759bec0db950663
VERIFY PASS — replay reproduced 1 steps and the full trace chain bit-for-bit
== /home/user/Ranger3143/labs/logs/safe/SAFE-03/bitnet2b/receipts/q20.authority.txt
receipt trace-chain 188576ccd987b181
local   trace-chain 188576ccd987b181
VERIFY PASS — replay reproduced 1 steps and the full trace chain bit-for-bit
== /home/user/Ranger3143/labs/logs/safe/SAFE-03/bitnet2b/receipts/q21.authority.txt
receipt trace-chain d0a6f553ac571e0c
local   trace-chain d0a6f553ac571e0c
VERIFY PASS — replay reproduced 1 steps and the full trace chain bit-for-bit
== /home/user/Ranger3143/labs/logs/safe/SAFE-03/bitnet2b/receipts/q22.authority.txt
receipt trace-chain cfdeb7abfd879f02
local   trace-chain cfdeb7abfd879f02
VERIFY PASS — replay reproduced 1 steps and the full trace chain bit-for-bit
== /home/user/Ranger3143/labs/logs/safe/SAFE-03/bitnet2b/receipts/q23.authority.txt
receipt trace-chain 9ad37653e98185fe
local   trace-chain 9ad37653e98185fe
VERIFY PASS — replay reproduced 1 steps and the full trace chain bit-for-bit
== /home/user/Ranger3143/labs/logs/safe/SAFE-03/bitnet2b/receipts/q24.authority.txt
receipt trace-chain bcbd616a365e86db
local   trace-chain bcbd616a365e86db
VERIFY PASS — replay reproduced 1 steps and the full trace chain bit-for-bit
== /home/user/Ranger3143/labs/logs/safe/SAFE-03/bitnet2b/receipts/q25.authority.txt
receipt trace-chain 18936ae9b0db48b1
local   trace-chain 18936ae9b0db48b1
VERIFY PASS — replay reproduced 1 steps and the full trace chain bit-for-bit
== /home/user/Ranger3143/labs/logs/safe/SAFE-03/bitnet2b/receipts/q26.authority.txt
receipt trace-chain 7604a63451c0cfa0
local   trace-chain 7604a63451c0cfa0
VERIFY PASS — replay reproduced 1 steps and the full trace chain bit-for-bit
== /home/user/Ranger3143/labs/logs/safe/SAFE-03/bitnet2b/receipts/q27.authority.txt
receipt trace-chain 50dabc6b78d1247f
local   trace-chain 50dabc6b78d1247f
VERIFY PASS — replay reproduced 1 steps and the full trace chain bit-for-bit
== /home/user/Ranger3143/labs/logs/safe/SAFE-03/bitnet2b/receipts/q28.authority.txt
receipt trace-chain 797f9141e8f40215
local   trace-chain 797f9141e8f40215
VERIFY PASS — replay reproduced 1 steps and the full trace chain bit-for-bit
== /home/user/Ranger3143/labs/logs/safe/SAFE-03/bitnet2b/receipts/q29.authority.txt
receipt trace-chain 1b6f5656bffd977c
local   trace-chain 1b6f5656bffd977c
VERIFY PASS — replay reproduced 1 steps and the full trace chain bit-for-bit
== /home/user/Ranger3143/labs/logs/safe/SAFE-03/bitnet2b/receipts/q30.authority.txt
receipt trace-chain ab238d8410f0534b
local   trace-chain ab238d8410f0534b
VERIFY PASS — replay reproduced 1 steps and the full trace chain bit-for-bit
SUMMARY pass=30 fail=0
