 SWTPM_IO_Read: length 12
 80 01 00 00 00 0C 00 00 01 44 00 00 
 SWTPM_IO_Write: length 10
 80 01 00 00 00 0A 00 00 01 00 
 SWTPM_IO_Read: length 65
 80 02 00 00 00 41 00 00 01 82 00 00 00 0C 00 00 
 00 09 40 00 00 09 00 00 01 00 00 00 00 00 01 00 
 0B 3F 7C 4A 1D 91 1E E3 EB CE 7D E5 DB 43 14 D5 
 E4 05 7C C1 3D ED 24 A6 58 68 BF 8F A3 25 F8 78 
 7C 
 SWTPM_IO_Write: length 19
 80 02 00 00 00 13 00 00 00 00 00 00 00 00 00 00 
 01 00 00 
 SWTPM_IO_Read: length 20
 80 01 00 00 00 14 00 00 01 7E 00 00 00 01 00 0B 
 03 10 10 00 
 SWTPM_IO_Write: length 96
 80 01 00 00 00 60 00 00 00 00 00 00 00 15 00 00 
 00 01 00 0B 03 10 10 00 00 00 00 02 00 20 00 00 
 00 00 00 00 00 00 00 00 00 00 00 00 00 00 00 00 
 00 00 00 00 00 00 00 00 00 00 00 00 00 00 00 20 
 23 81 CD F8 57 B3 74 83 73 90 C8 CD 2A C6 A4 32 
 90 2A 13 54 C3 14 7B B8 42 55 26 79 D7 FB 64 BE 
 SWTPM_IO_Read: length 65
 80 02 00 00 00 41 00 00 01 31 40 00 00 01 00 00 
 00 09 40 00 00 09 00 00 01 00 00 00 04 00 00 00 
 00 00 18 00 23 00 0B 00 05 00 72 00 00 00 10 00 
 18 00 0B 00 03 00 10 00 00 00 00 00 00 00 00 00 
 00 
 SWTPM_IO_Write: length 312
 80 02 00 00 01 38 00 00 00 00 80 00 00 00 00 00 
 01 21 00 58 00 23 00 0B 00 05 00 72 00 00 00 10 
 00 18 00 0B 00 03 00 10 00 20 74 E2 94 AD AE CA 
 35 B5 76 25 A7 6F 72 A9 F9 8D 73 2A D5 45 94 20 
 FA 50 5C E0 6D 8A 0F AD AE 33 00 20 CB F2 EC F5 
 DB 83 47 40 24 3A 32 F4 85 8D DF E2 BE B1 F2 E6 
 66 81 42 8F 75 28 17 C1 7F 06 89 F1 00 37 00 00 
 00 00 00 20 E3 B0 C4 42 98 FC 1C 14 9A FB F4 C8 
 99 6F B9 24 27 AE 41 E4 64 9B 93 4C A4 95 99 1B 
 78 52 B8 55 01 00 10 00 04 40 00 00 01 00 04 40 
 00 00 01 00 00 00 20 5D A0 41 BA C0 EE 31 35 AE 
 BB 0C AD FB A4 97 C6 A1 87 7F AE 83 2D D3 D1 F8 
 F7 A8 71 B8 25 E8 54 80 21 40 00 00 01 00 40 99 
 AA 0D AB E2 83 77 A3 38 62 89 C3 7A C5 1D BB ED 
 1A DB 7F F2 07 42 D2 4C EC 7A A2 59 7B 90 53 76 
 8F F9 48 FE B3 31 79 73 00 56 59 C4 01 66 30 39 
 FD 4F E3 16 DE C8 6F D4 5A 71 B9 63 ED 6F DB 00 
 22 00 0B 2E E0 6D BA D7 45 DD DA 38 3F 5F 5E A0 
 1F 85 F4 43 DD 2D 56 E1 19 BB 4B 0C 09 C6 6D 36 
 6B 11 38 00 00 01 00 00 
 SWTPM_IO_Read: length 73
 80 02 00 00 00 49 00 00 01 58 80 00 00 00 00 00 
 00 09 40 00 00 09 00 00 01 00 00 00 20 87 DE C0 
 09 37 56 F2 A9 0B C6 09 BC FC 0E 35 E3 36 13 AD 
 D9 6A 53 F0 2E 01 5F 7D CF 4F A2 FF BD 00 10 00 
 00 00 01 00 0B 03 10 10 00 
 SWTPM_IO_Write: length 10
 80 01 00 00 00 0A 00 00 09 22 
 SWTPM_IO_Read: length 73
 80 02 00 00 00 49 00 00 01 58 80 00 00 00 00 00 
 00 09 40 00 00 09 00 00 01 00 00 00 20 87 DE C0 
 09 37 56 F2 A9 0B C6 09 BC FC 0E 35 E3 36 13 AD 
 D9 6A 53 F0 2E 01 5F 7D CF 4F A2 FF BD 00 10 00 
 00 00 01 00 0B 03 10 10 00 
 SWTPM_IO_Write: length 238
 80 02 00 00 00 EE 00 00 00 00 00 00 00 DB 00 91 
 FF 54 43 47 80 18 00 22 00 0B D4 EF FA 62 2A 86 
 3B 0F 9A 00 C8 C3 34 BE D4 EA A1 A3 B0 4F 5D 14 
 30 BB 73 12 DC 09 31 C9 EB 36 00 20 87 DE C0 09 
 37 56 F2 A9 0B C6 09 BC FC 0E 35 E3 36 13 AD D9 
 6A 53 F0 2E 01 5F 7D CF 4F A2 FF BD 00 00 00 00 
 00 00 06 5D 1D 1E 14 7C A7 C6 11 FB 01 F4 A4 FB 
 24 1E B6 D3 62 00 00 00 01 00 0B 03 10 10 00 00 
 20 19 64 88 B0 82 9F 4A 0A A9 0E 93 B0 3B F3 F3 
 67 02 3E 8A DD B2 26 EB F6 09 F2 38 C8 8D 22 EB 
 B1 00 18 00 0B 00 20 76 EC C2 5A 3A 2B 36 F4 69 
 1A 4C 00 D9 CC 06 6D E1 0B 36 A4 9F D9 40 40 6B 
 09 E2 64 BE 0B 05 1C 00 20 58 33 20 66 13 D8 74 
 95 09 5C D4 83 5D D4 C5 95 A3 44 51 B8 74 8C B7 
 C6 4E 84 56 93 5E 60 13 38 00 00 01 00 00 
 Ctrl Cmd: length 5
 00 00 00 05 00 
 Ctrl Rsp: length 4
 00 00 00 00 
 SWTPM_IO_Read: length 22
 80 01 00 00 00 16 00 00 01 7A 00 00 00 05 00 00 
 00 00 00 00 00 01 
 SWTPM_IO_Write: length 43
 80 01 00 00 00 2B 00 00 00 00 00 00 00 00 05 00 
 00 00 04 00 04 03 FF FF FF 00 0B 03 FF FF FF 00 
 0C 03 FF FF FF 00 0D 03 FF FF FF 
 SWTPM_IO_Read: length 20
 80 01 00 00 00 14 00 00 01 7E 00 00 00 01 00 0B 
 03 10 10 00 
 SWTPM_IO_Write: length 96
 80 01 00 00 00 60 00 00 00 00 00 00 00 15 00 00 
 00 01 00 0B 03 10 10 00 00 00 00 02 00 20 00 00 
 00 00 00 00 00 00 00 00 00 00 00 00 00 00 00 00 
 00 00 00 00 00 00 00 00 00 00 00 00 00 00 00 20 
 23 81 CD F8 57 B3 74 83 73 90 C8 CD 2A C6 A4 32 
 90 2A 13 54 C3 14 7B B8 42 55 26 79 D7 FB 64 BE 
 Ctrl Cmd: length 5
 00 00 00 05 00 
 Ctrl Rsp: length 4
 00 00 00 00 
 SWTPM_IO_Read: length 14
 80 01 00 00 00 0E 00 00 01 73 80 00 00 00 
 SWTPM_IO_Write: length 172
 80 01 00 00 00 AC 00 00 00 00 00 58 00 23 00 0B 
 00 05 00 72 00 00 00 10 00 18 00 0B 00 03 00 10 
 00 20 74 E2 94 AD AE CA 35 B5 76 25 A7 6F 72 A9 
 F9 8D 73 2A D5 45 94 20 FA 50 5C E0 6D 8A 0F AD 
 AE 33 00 20 CB F2 EC F5 DB 83 47 40 24 3A 32 F4 
 85 8D DF E2 BE B1 F2 E6 66 81 42 8F 75 28 17 C1 
 7F 06 89 F1 00 22 00 0B 2E E0 6D BA D7 45 DD DA 
 38 3F 5F 5E A0 1F 85 F4 43 DD 2D 56 E1 19 BB 4B 
 0C 09 C6 6D 36 6B 11 38 00 22 00 0B D4 EF FA 62 
 2A 86 3B 0F 9A 00 C8 C3 34 BE D4 EA A1 A3 B0 4F 
 5D 14 30 BB 73 12 DC 09 31 C9 EB 36 
 SWTPM_IO_Read: length 14
 80 01 00 00 00 0E 00 00 01 73 80 00 00 00 
 SWTPM_IO_Write: length 172
 80 01 00 00 00 AC 00 00 00 00 00 58 00 23 00 0B 
 00 05 00 72 00 00 00 10 00 18 00 0B 00 03 00 10 
 00 20 74 E2 94 AD AE CA 35 B5 76 25 A7 6F 72 A9 
 F9 8D 73 2A D5 45 94 20 FA 50 5C E0 6D 8A 0F AD 
 AE 33 00 20 CB F2 EC F5 DB 83 47 40 24 3A 32 F4 
 85 8D DF E2 BE B1 F2 E6 66 81 42 8F 75 28 17 C1 
 7F 06 89 F1 00 22 00 0B 2E E0 6D BA D7 45 DD DA 
 38 3F 5F 5E A0 1F 85 F4 43 DD 2D 56 E1 19 BB 4B 
 0C 09 C6 6D 36 6B 11 38 00 22 00 0B D4 EF FA 62 
 2A 86 3B 0F 9A 00 C8 C3 34 BE D4 EA A1 A3 B0 4F 
 5D 14 30 BB 73 12 DC 09 31 C9 EB 36 
 Ctrl Cmd: length 5
 00 00 00 05 00 
 Ctrl Rsp: length 4
 00 00 00 00 
 SWTPM_IO_Read: length 14
 80 01 00 00 00 0E 00 00 01 73 80 00 00 00 
 SWTPM_IO_Write: length 172
 80 01 00 00 00 AC 00 00 00 00 00 58 00 23 00 0B 
 00 05 00 72 00 00 00 10 00 18 00 0B 00 03 00 10 
 00 20 74 E2 94 AD AE CA 35 B5 76 25 A7 6F 72 A9 
 F9 8D 73 2A D5 45 94 20 FA 50 5C E0 6D 8A 0F AD 
 AE 33 00 20 CB F2 EC F5 DB 83 47 40 24 3A 32 F4 
 85 8D DF E2 BE B1 F2 E6 66 81 42 8F 75 28 17 C1 
 7F 06 89 F1 00 22 00 0B 2E E0 6D BA D7 45 DD DA 
 38 3F 5F 5E A0 1F 85 F4 43 DD 2D 56 E1 19 BB 4B 
 0C 09 C6 6D 36 6B 11 38 00 22 00 0B D4 EF FA 62 
 2A 86 3B 0F 9A 00 C8 C3 34 BE D4 EA A1 A3 B0 4F 
 5D 14 30 BB 73 12 DC 09 31 C9 EB 36 
 SWTPM_IO_Read: length 14
 80 01 00 00 00 0E 00 00 01 73 80 00 00 00 
 SWTPM_IO_Write: length 172
 80 01 00 00 00 AC 00 00 00 00 00 58 00 23 00 0B 
 00 05 00 72 00 00 00 10 00 18 00 0B 00 03 00 10 
 00 20 74 E2 94 AD AE CA 35 B5 76 25 A7 6F 72 A9 
 F9 8D 73 2A D5 45 94 20 FA 50 5C E0 6D 8A 0F AD 
 AE 33 00 20 CB F2 EC F5 DB 83 47 40 24 3A 32 F4 
 85 8D DF E2 BE B1 F2 E6 66 81 42 8F 75 28 17 C1 
 7F 06 89 F1 00 22 00 0B 2E E0 6D BA D7 45 DD DA 
 38 3F 5F 5E A0 1F 85 F4 43 DD 2D 56 E1 19 BB 4B 
 0C 09 C6 6D 36 6B 11 38 00 22 00 0B D4 EF FA 62 
 2A 86 3B 0F 9A 00 C8 C3 34 BE D4 EA A1 A3 B0 4F 
 5D 14 30 BB 73 12 DC 09 31 C9 EB 36 
 SWTPM_IO_Read: length 14
 80 01 00 00 00 0E 00 00 01 65 80 00 00 00 
 SWTPM_IO_Write: length 10
 80 01 00 00 00 0A 00 00 00 00 
 SWTPM_IO_Read: length 14
 80 01 00 00 00 0E 00 00 01 65 80 00 00 00 
 SWTPM_IO_Write: length 10
 80 01 00 00 00 0A 00 00 01 CB 
