== /home/user/Ranger3143/labs/logs/safe/SAFE-02/bitnet2b/c/fw/receipts/q01.s0.txt
receipt trace-chain fcd17bc3c4b284b9
local   trace-chain fcd17bc3c4b284b9
VERIFY PASS — replay reproduced 1 steps and the full trace chain bit-for-bit
== /home/user/Ranger3143/labs/logs/safe/SAFE-02/bitnet2b/c/fw/receipts/q02.s0.txt
receipt trace-chain 7c5e954fd5018e3b
local   trace-chain 7c5e954fd5018e3b
VERIFY PASS — replay reproduced 1 steps and the full trace chain bit-for-bit
== /home/user/Ranger3143/labs/logs/safe/SAFE-02/bitnet2b/c/fw/receipts/q02.s1.txt
receipt trace-chain 45323e4e34391ce5
local   trace-chain 45323e4e34391ce5
VERIFY PASS — replay reproduced 1 steps and the full trace chain bit-for-bit
== /home/user/Ranger3143/labs/logs/safe/SAFE-02/bitnet2b/c/fw/receipts/q03.s0.txt
receipt trace-chain 404a10de8ef68548
local   trace-chain 404a10de8ef68548
VERIFY PASS — replay reproduced 1 steps and the full trace chain bit-for-bit
== /home/user/Ranger3143/labs/logs/safe/SAFE-02/bitnet2b/c/fw/receipts/q03.s1.txt
receipt trace-chain d0ae1c47e803e692
local   trace-chain d0ae1c47e803e692
VERIFY PASS — replay reproduced 1 steps and the full trace chain bit-for-bit
== /home/user/Ranger3143/labs/logs/safe/SAFE-02/bitnet2b/c/fw/receipts/q04.s0.txt
receipt trace-chain 2b8a2f641091951a
local   trace-chain 2b8a2f641091951a
VERIFY PASS — replay reproduced 1 steps and the full trace chain bit-for-bit
== /home/user/Ranger3143/labs/logs/safe/SAFE-02/bitnet2b/c/fw/receipts/q04.s1.txt
receipt trace-chain 84fac3c8494da53f
local   trace-chain 84fac3c8494da53f
VERIFY PASS — replay reproduced 1 steps and the full trace chain bit-for-bit
== /home/user/Ranger3143/labs/logs/safe/SAFE-02/bitnet2b/c/fw/receipts/q05.s0.txt
receipt trace-chain 5c3c2a8147b1a9b5
local   trace-chain 5c3c2a8147b1a9b5
VERIFY PASS — replay reproduced 1 steps and the full trace chain bit-for-bit
== /home/user/Ranger3143/labs/logs/safe/SAFE-02/bitnet2b/c/fw/receipts/q05.s1.txt
receipt trace-chain ecede6b8107d8797
local   trace-chain ecede6b8107d8797
VERIFY PASS — replay reproduced 1 steps and the full trace chain bit-for-bit
== /home/user/Ranger3143/labs/logs/safe/SAFE-02/bitnet2b/c/fw/receipts/q06.s0.txt
receipt trace-chain e0fa4932cb45f15c
local   trace-chain e0fa4932cb45f15c
VERIFY PASS — replay reproduced 1 steps and the full trace chain bit-for-bit
== /home/user/Ranger3143/labs/logs/safe/SAFE-02/bitnet2b/c/fw/receipts/q06.s1.txt
receipt trace-chain 7a67740d211879ba
local   trace-chain 7a67740d211879ba
VERIFY PASS — replay reproduced 1 steps and the full trace chain bit-for-bit
== /home/user/Ranger3143/labs/logs/safe/SAFE-02/bitnet2b/c/fw/receipts/q07.s0.txt
receipt trace-chain 23dee64b8c4d3c59
local   trace-chain 23dee64b8c4d3c59
VERIFY PASS — replay reproduced 1 steps and the full trace chain bit-for-bit
== /home/user/Ranger3143/labs/logs/safe/SAFE-02/bitnet2b/c/fw/receipts/q07.s1.txt
receipt trace-chain dfa82f231ba4e2b0
local   trace-chain dfa82f231ba4e2b0
VERIFY PASS — replay reproduced 1 steps and the full trace chain bit-for-bit
== /home/user/Ranger3143/labs/logs/safe/SAFE-02/bitnet2b/c/fw/receipts/q08.s0.txt
receipt trace-chain 654828441a471454
local   trace-chain 654828441a471454
VERIFY PASS — replay reproduced 1 steps and the full trace chain bit-for-bit
== /home/user/Ranger3143/labs/logs/safe/SAFE-02/bitnet2b/c/fw/receipts/q08.s1.txt
receipt trace-chain 921e5d8290ca96e1
local   trace-chain 921e5d8290ca96e1
VERIFY PASS — replay reproduced 1 steps and the full trace chain bit-for-bit
== /home/user/Ranger3143/labs/logs/safe/SAFE-02/bitnet2b/c/fw/receipts/q09.s0.txt
receipt trace-chain cc16676fc420040a
local   trace-chain cc16676fc420040a
VERIFY PASS — replay reproduced 1 steps and the full trace chain bit-for-bit
== /home/user/Ranger3143/labs/logs/safe/SAFE-02/bitnet2b/c/fw/receipts/q09.s1.txt
receipt trace-chain a551befd60064dbf
local   trace-chain a551befd60064dbf
VERIFY PASS — replay reproduced 1 steps and the full trace chain bit-for-bit
== /home/user/Ranger3143/labs/logs/safe/SAFE-02/bitnet2b/c/fw/receipts/q10.s0.txt
receipt trace-chain f31c613c695567cf
local   trace-chain f31c613c695567cf
VERIFY PASS — replay reproduced 1 steps and the full trace chain bit-for-bit
== /home/user/Ranger3143/labs/logs/safe/SAFE-02/bitnet2b/c/fw/receipts/q10.s1.txt
receipt trace-chain fa6618f2aba5afaa
local   trace-chain fa6618f2aba5afaa
VERIFY PASS — replay reproduced 1 steps and the full trace chain bit-for-bit
== /home/user/Ranger3143/labs/logs/safe/SAFE-02/bitnet2b/c/fw/receipts/q11.s0.txt
receipt trace-chain 7a2d8b45524afd1f
local   trace-chain 7a2d8b45524afd1f
VERIFY PASS — replay reproduced 1 steps and the full trace chain bit-for-bit
== /home/user/Ranger3143/labs/logs/safe/SAFE-02/bitnet2b/c/fw/receipts/q11.s1.txt
receipt trace-chain c3797da41222e864
local   trace-chain c3797da41222e864
VERIFY PASS — replay reproduced 1 steps and the full trace chain bit-for-bit
== /home/user/Ranger3143/labs/logs/safe/SAFE-02/bitnet2b/c/fw/receipts/q12.s0.txt
receipt trace-chain 9d7b0b192d17d685
local   trace-chain 9d7b0b192d17d685
VERIFY PASS — replay reproduced 1 steps and the full trace chain bit-for-bit
== /home/user/Ranger3143/labs/logs/safe/SAFE-02/bitnet2b/c/fw/receipts/q12.s1.txt
receipt trace-chain 993918ef3fe6646a
local   trace-chain 993918ef3fe6646a
VERIFY PASS — replay reproduced 1 steps and the full trace chain bit-for-bit
== /home/user/Ranger3143/labs/logs/safe/SAFE-02/bitnet2b/c/fw/receipts/q13.s0.txt
receipt trace-chain c0ff67e752a6923e
local   trace-chain c0ff67e752a6923e
VERIFY PASS — replay reproduced 1 steps and the full trace chain bit-for-bit
== /home/user/Ranger3143/labs/logs/safe/SAFE-02/bitnet2b/c/fw/receipts/q14.s0.txt
receipt trace-chain dca2483b468f7fc7
local   trace-chain dca2483b468f7fc7
VERIFY PASS — replay reproduced 1 steps and the full trace chain bit-for-bit
== /home/user/Ranger3143/labs/logs/safe/SAFE-02/bitnet2b/c/fw/receipts/q14.s1.txt
receipt trace-chain 6aacc27ebbd0929c
local   trace-chain 6aacc27ebbd0929c
VERIFY PASS — replay reproduced 1 steps and the full trace chain bit-for-bit
== /home/user/Ranger3143/labs/logs/safe/SAFE-02/bitnet2b/c/fw/receipts/q15.s0.txt
receipt trace-chain 30002a359d1776d0
local   trace-chain 30002a359d1776d0
VERIFY PASS — replay reproduced 1 steps and the full trace chain bit-for-bit
== /home/user/Ranger3143/labs/logs/safe/SAFE-02/bitnet2b/c/fw/receipts/q15.s1.txt
receipt trace-chain 191ea670f9579e7f
local   trace-chain 191ea670f9579e7f
VERIFY PASS — replay reproduced 1 steps and the full trace chain bit-for-bit
== /home/user/Ranger3143/labs/logs/safe/SAFE-02/bitnet2b/c/fw/receipts/q16.s0.txt
receipt trace-chain 9317e1f379062321
local   trace-chain 9317e1f379062321
VERIFY PASS — replay reproduced 1 steps and the full trace chain bit-for-bit
== /home/user/Ranger3143/labs/logs/safe/SAFE-02/bitnet2b/c/fw/receipts/q17.s0.txt
receipt trace-chain cccad61e94107924
local   trace-chain cccad61e94107924
VERIFY PASS — replay reproduced 1 steps and the full trace chain bit-for-bit
== /home/user/Ranger3143/labs/logs/safe/SAFE-02/bitnet2b/c/fw/receipts/q17.s1.txt
receipt trace-chain 55f9bef8af93dd34
local   trace-chain 55f9bef8af93dd34
VERIFY PASS — replay reproduced 1 steps and the full trace chain bit-for-bit
== /home/user/Ranger3143/labs/logs/safe/SAFE-02/bitnet2b/c/fw/receipts/q18.s0.txt
receipt trace-chain 0eba9acd020d1537
local   trace-chain 0eba9acd020d1537
VERIFY PASS — replay reproduced 1 steps and the full trace chain bit-for-bit
== /home/user/Ranger3143/labs/logs/safe/SAFE-02/bitnet2b/c/fw/receipts/q19.s0.txt
receipt trace-chain d71e5492ad626124
local   trace-chain d71e5492ad626124
VERIFY PASS — replay reproduced 1 steps and the full trace chain bit-for-bit
== /home/user/Ranger3143/labs/logs/safe/SAFE-02/bitnet2b/c/fw/receipts/q19.s1.txt
receipt trace-chain 2bd0e20f3e25fb66
local   trace-chain 2bd0e20f3e25fb66
VERIFY PASS — replay reproduced 1 steps and the full trace chain bit-for-bit
== /home/user/Ranger3143/labs/logs/safe/SAFE-02/bitnet2b/c/fw/receipts/q20.s0.txt
receipt trace-chain 3f638c8880cc965c
local   trace-chain 3f638c8880cc965c
VERIFY PASS — replay reproduced 1 steps and the full trace chain bit-for-bit
== /home/user/Ranger3143/labs/logs/safe/SAFE-02/bitnet2b/c/fw/receipts/q20.s1.txt
receipt trace-chain bdcfcc82cfcdb67f
local   trace-chain bdcfcc82cfcdb67f
VERIFY PASS — replay reproduced 1 steps and the full trace chain bit-for-bit
== /home/user/Ranger3143/labs/logs/safe/SAFE-02/bitnet2b/c/fw/receipts/q21.s0.txt
receipt trace-chain bb1e9af593ae4b27
local   trace-chain bb1e9af593ae4b27
VERIFY PASS — replay reproduced 1 steps and the full trace chain bit-for-bit
== /home/user/Ranger3143/labs/logs/safe/SAFE-02/bitnet2b/c/fw/receipts/q21.s1.txt
receipt trace-chain f1039b4610e54e0b
local   trace-chain f1039b4610e54e0b
VERIFY PASS — replay reproduced 1 steps and the full trace chain bit-for-bit
== /home/user/Ranger3143/labs/logs/safe/SAFE-02/bitnet2b/c/fw/receipts/q22.s0.txt
receipt trace-chain 0f7827bc3ab63115
local   trace-chain 0f7827bc3ab63115
VERIFY PASS — replay reproduced 1 steps and the full trace chain bit-for-bit
== /home/user/Ranger3143/labs/logs/safe/SAFE-02/bitnet2b/c/fw/receipts/q23.s0.txt
receipt trace-chain fa2373c4b75568db
local   trace-chain fa2373c4b75568db
VERIFY PASS — replay reproduced 1 steps and the full trace chain bit-for-bit
== /home/user/Ranger3143/labs/logs/safe/SAFE-02/bitnet2b/c/fw/receipts/q23.s1.txt
receipt trace-chain a1790b1827ff2966
local   trace-chain a1790b1827ff2966
VERIFY PASS — replay reproduced 1 steps and the full trace chain bit-for-bit
== /home/user/Ranger3143/labs/logs/safe/SAFE-02/bitnet2b/c/fw/receipts/q24.s0.txt
receipt trace-chain b2dc249401c7921b
local   trace-chain b2dc249401c7921b
VERIFY PASS — replay reproduced 1 steps and the full trace chain bit-for-bit
== /home/user/Ranger3143/labs/logs/safe/SAFE-02/bitnet2b/c/fw/receipts/q25.s0.txt
receipt trace-chain 9d35378f2e9a109e
local   trace-chain 9d35378f2e9a109e
VERIFY PASS — replay reproduced 1 steps and the full trace chain bit-for-bit
== /home/user/Ranger3143/labs/logs/safe/SAFE-02/bitnet2b/c/fw/receipts/q25.s1.txt
receipt trace-chain 267e29c2212904f0
local   trace-chain 267e29c2212904f0
VERIFY PASS — replay reproduced 1 steps and the full trace chain bit-for-bit
== /home/user/Ranger3143/labs/logs/safe/SAFE-02/bitnet2b/c/fw/receipts/q26.s0.txt
receipt trace-chain 3863a5209c397888
local   trace-chain 3863a5209c397888
VERIFY PASS — replay reproduced 1 steps and the full trace chain bit-for-bit
== /home/user/Ranger3143/labs/logs/safe/SAFE-02/bitnet2b/c/fw/receipts/q26.s1.txt
receipt trace-chain bb87efd2504e7d87
local   trace-chain bb87efd2504e7d87
VERIFY PASS — replay reproduced 1 steps and the full trace chain bit-for-bit
== /home/user/Ranger3143/labs/logs/safe/SAFE-02/bitnet2b/c/fw/receipts/q27.s0.txt
receipt trace-chain 7866b675b6172309
local   trace-chain 7866b675b6172309
VERIFY PASS — replay reproduced 1 steps and the full trace chain bit-for-bit
== /home/user/Ranger3143/labs/logs/safe/SAFE-02/bitnet2b/c/fw/receipts/q27.s1.txt
receipt trace-chain 38c26c594dbf0112
local   trace-chain 38c26c594dbf0112
VERIFY PASS — replay reproduced 1 steps and the full trace chain bit-for-bit
== /home/user/Ranger3143/labs/logs/safe/SAFE-02/bitnet2b/c/fw/receipts/q28.s0.txt
receipt trace-chain ad60d88686e36c17
local   trace-chain ad60d88686e36c17
VERIFY PASS — replay reproduced 1 steps and the full trace chain bit-for-bit
== /home/user/Ranger3143/labs/logs/safe/SAFE-02/bitnet2b/c/fw/receipts/q29.s0.txt
receipt trace-chain f465ac56044442d1
local   trace-chain f465ac56044442d1
VERIFY PASS — replay reproduced 1 steps and the full trace chain bit-for-bit
== /home/user/Ranger3143/labs/logs/safe/SAFE-02/bitnet2b/c/fw/receipts/q30.s0.txt
receipt trace-chain 458d2e80aad44d95
local   trace-chain 458d2e80aad44d95
VERIFY PASS — replay reproduced 1 steps and the full trace chain bit-for-bit
== /home/user/Ranger3143/labs/logs/safe/SAFE-02/bitnet2b/c/fw/receipts/q30.s1.txt
receipt trace-chain 748e90df24efb3a1
local   trace-chain 748e90df24efb3a1
VERIFY PASS — replay reproduced 1 steps and the full trace chain bit-for-bit
SUMMARY pass=52 fail=0
