== /home/user/Ranger3143/labs/logs/safe/SAFE-04/engine/base/receipts/decoy000.txt
receipt trace-chain 00618f11655d53ef
local   trace-chain 00618f11655d53ef
WARNING step 0: tool argument not found verbatim in context
VERIFY PASS — replay reproduced 1 steps and the full trace chain bit-for-bit
== /home/user/Ranger3143/labs/logs/safe/SAFE-04/engine/base/receipts/decoy001.txt
receipt trace-chain 58a1bb78e0e94751
local   trace-chain 58a1bb78e0e94751
VERIFY PASS — replay reproduced 1 steps and the full trace chain bit-for-bit
== /home/user/Ranger3143/labs/logs/safe/SAFE-04/engine/base/receipts/decoy002.txt
receipt trace-chain 1c276acfbe060f48
local   trace-chain 1c276acfbe060f48
VERIFY PASS — replay reproduced 1 steps and the full trace chain bit-for-bit
== /home/user/Ranger3143/labs/logs/safe/SAFE-04/engine/base/receipts/decoy003.txt
receipt trace-chain 7e93b2cedb3b8275
local   trace-chain 7e93b2cedb3b8275
VERIFY PASS — replay reproduced 1 steps and the full trace chain bit-for-bit
== /home/user/Ranger3143/labs/logs/safe/SAFE-04/engine/base/receipts/decoy004.txt
receipt trace-chain 1f16bb3097f8234b
local   trace-chain 1f16bb3097f8234b
VERIFY PASS — replay reproduced 1 steps and the full trace chain bit-for-bit
== /home/user/Ranger3143/labs/logs/safe/SAFE-04/engine/base/receipts/decoy005.txt
receipt trace-chain 2236e2abbff4760c
local   trace-chain 2236e2abbff4760c
VERIFY PASS — replay reproduced 1 steps and the full trace chain bit-for-bit
== /home/user/Ranger3143/labs/logs/safe/SAFE-04/engine/base/receipts/decoy006.txt
receipt trace-chain 9a7d65a7da0a6c27
local   trace-chain 9a7d65a7da0a6c27
VERIFY PASS — replay reproduced 1 steps and the full trace chain bit-for-bit
== /home/user/Ranger3143/labs/logs/safe/SAFE-04/engine/base/receipts/decoy007.txt
receipt trace-chain 290df4782a883842
local   trace-chain 290df4782a883842
VERIFY PASS — replay reproduced 1 steps and the full trace chain bit-for-bit
== /home/user/Ranger3143/labs/logs/safe/SAFE-04/engine/base/receipts/decoy008.txt
receipt trace-chain 4369722cc92f35fa
local   trace-chain 4369722cc92f35fa
VERIFY PASS — replay reproduced 1 steps and the full trace chain bit-for-bit
== /home/user/Ranger3143/labs/logs/safe/SAFE-04/engine/base/receipts/decoy009.txt
receipt trace-chain ac35a9d729f7bd65
local   trace-chain ac35a9d729f7bd65
WARNING step 0: tool argument not found verbatim in context
VERIFY PASS — replay reproduced 1 steps and the full trace chain bit-for-bit
== /home/user/Ranger3143/labs/logs/safe/SAFE-04/engine/base/receipts/decoy010.txt
receipt trace-chain f49fb3803204dfa5
local   trace-chain f49fb3803204dfa5
VERIFY PASS — replay reproduced 1 steps and the full trace chain bit-for-bit
== /home/user/Ranger3143/labs/logs/safe/SAFE-04/engine/base/receipts/decoy011.txt
receipt trace-chain e68356bd621e221e
local   trace-chain e68356bd621e221e
VERIFY PASS — replay reproduced 1 steps and the full trace chain bit-for-bit
== /home/user/Ranger3143/labs/logs/safe/SAFE-04/engine/base/receipts/decoy012.txt
receipt trace-chain b4c9dccad8809a83
local   trace-chain b4c9dccad8809a83
VERIFY PASS — replay reproduced 1 steps and the full trace chain bit-for-bit
== /home/user/Ranger3143/labs/logs/safe/SAFE-04/engine/base/receipts/decoy013.txt
receipt trace-chain fdc73768bbaa300c
local   trace-chain fdc73768bbaa300c
VERIFY PASS — replay reproduced 1 steps and the full trace chain bit-for-bit
== /home/user/Ranger3143/labs/logs/safe/SAFE-04/engine/base/receipts/decoy014.txt
receipt trace-chain 033b87a7909638f8
local   trace-chain 033b87a7909638f8
VERIFY PASS — replay reproduced 1 steps and the full trace chain bit-for-bit
== /home/user/Ranger3143/labs/logs/safe/SAFE-04/engine/base/receipts/decoy015.txt
receipt trace-chain 46c87c4d06125198
local   trace-chain 46c87c4d06125198
WARNING step 0: tool argument not found verbatim in context
VERIFY PASS — replay reproduced 1 steps and the full trace chain bit-for-bit
== /home/user/Ranger3143/labs/logs/safe/SAFE-04/engine/base/receipts/decoy016.txt
receipt trace-chain 847105ec486a5b28
local   trace-chain 847105ec486a5b28
WARNING step 0: tool argument not found verbatim in context
VERIFY PASS — replay reproduced 1 steps and the full trace chain bit-for-bit
== /home/user/Ranger3143/labs/logs/safe/SAFE-04/engine/base/receipts/decoy017.txt
receipt trace-chain ed8a7b9136cb4a58
local   trace-chain ed8a7b9136cb4a58
VERIFY PASS — replay reproduced 1 steps and the full trace chain bit-for-bit
== /home/user/Ranger3143/labs/logs/safe/SAFE-04/engine/base/receipts/decoy018.txt
receipt trace-chain 81c5f08000ca6935
local   trace-chain 81c5f08000ca6935
VERIFY PASS — replay reproduced 1 steps and the full trace chain bit-for-bit
== /home/user/Ranger3143/labs/logs/safe/SAFE-04/engine/base/receipts/decoy019.txt
receipt trace-chain 21fb738ed4eef6aa
local   trace-chain 21fb738ed4eef6aa
VERIFY PASS — replay reproduced 1 steps and the full trace chain bit-for-bit
== /home/user/Ranger3143/labs/logs/safe/SAFE-04/engine/base/receipts/decoy020.txt
receipt trace-chain 0d375a7ad76b126e
local   trace-chain 0d375a7ad76b126e
VERIFY PASS — replay reproduced 1 steps and the full trace chain bit-for-bit
== /home/user/Ranger3143/labs/logs/safe/SAFE-04/engine/base/receipts/decoy021.txt
receipt trace-chain 42edb5d13963e408
local   trace-chain 42edb5d13963e408
VERIFY PASS — replay reproduced 1 steps and the full trace chain bit-for-bit
== /home/user/Ranger3143/labs/logs/safe/SAFE-04/engine/base/receipts/decoy022.txt
receipt trace-chain 6775d9c3a54ac3b7
local   trace-chain 6775d9c3a54ac3b7
VERIFY PASS — replay reproduced 1 steps and the full trace chain bit-for-bit
== /home/user/Ranger3143/labs/logs/safe/SAFE-04/engine/base/receipts/decoy023.txt
receipt trace-chain 709baffbac5f91bc
local   trace-chain 709baffbac5f91bc
WARNING step 0: tool argument not found verbatim in context
VERIFY PASS — replay reproduced 1 steps and the full trace chain bit-for-bit
== /home/user/Ranger3143/labs/logs/safe/SAFE-04/engine/base/receipts/decoy024.txt
receipt trace-chain a0a8ba138177395e
local   trace-chain a0a8ba138177395e
VERIFY PASS — replay reproduced 1 steps and the full trace chain bit-for-bit
== /home/user/Ranger3143/labs/logs/safe/SAFE-04/engine/base/receipts/decoy025.txt
receipt trace-chain 5e8376606ee25e0f
local   trace-chain 5e8376606ee25e0f
VERIFY PASS — replay reproduced 1 steps and the full trace chain bit-for-bit
== /home/user/Ranger3143/labs/logs/safe/SAFE-04/engine/base/receipts/decoy026.txt
receipt trace-chain e7a757e2a3769922
local   trace-chain e7a757e2a3769922
WARNING step 0: tool argument not found verbatim in context
VERIFY PASS — replay reproduced 1 steps and the full trace chain bit-for-bit
== /home/user/Ranger3143/labs/logs/safe/SAFE-04/engine/base/receipts/decoy027.txt
receipt trace-chain f923b09048be2a77
local   trace-chain f923b09048be2a77
WARNING step 0: tool argument not found verbatim in context
VERIFY PASS — replay reproduced 1 steps and the full trace chain bit-for-bit
== /home/user/Ranger3143/labs/logs/safe/SAFE-04/engine/base/receipts/decoy028.txt
receipt trace-chain 37fc179f4263ad59
local   trace-chain 37fc179f4263ad59
VERIFY PASS — replay reproduced 1 steps and the full trace chain bit-for-bit
== /home/user/Ranger3143/labs/logs/safe/SAFE-04/engine/base/receipts/decoy029.txt
receipt trace-chain 4b3271a7ce7db874
local   trace-chain 4b3271a7ce7db874
VERIFY PASS — replay reproduced 1 steps and the full trace chain bit-for-bit
== /home/user/Ranger3143/labs/logs/safe/SAFE-04/engine/base/receipts/decoy030.txt
receipt trace-chain b68a445bd30b88e2
local   trace-chain b68a445bd30b88e2
VERIFY PASS — replay reproduced 1 steps and the full trace chain bit-for-bit
== /home/user/Ranger3143/labs/logs/safe/SAFE-04/engine/base/receipts/decoy031.txt
receipt trace-chain 0e6b1a75ca78b208
local   trace-chain 0e6b1a75ca78b208
WARNING step 0: tool argument not found verbatim in context
VERIFY PASS — replay reproduced 1 steps and the full trace chain bit-for-bit
== /home/user/Ranger3143/labs/logs/safe/SAFE-04/engine/base/receipts/decoy032.txt
receipt trace-chain 881d6338460cf4e1
local   trace-chain 881d6338460cf4e1
VERIFY PASS — replay reproduced 1 steps and the full trace chain bit-for-bit
== /home/user/Ranger3143/labs/logs/safe/SAFE-04/engine/base/receipts/decoy033.txt
receipt trace-chain 6432581f1f3044ae
local   trace-chain 6432581f1f3044ae
VERIFY PASS — replay reproduced 1 steps and the full trace chain bit-for-bit
== /home/user/Ranger3143/labs/logs/safe/SAFE-04/engine/base/receipts/decoy034.txt
receipt trace-chain b8e3c97606deb291
local   trace-chain b8e3c97606deb291
VERIFY PASS — replay reproduced 1 steps and the full trace chain bit-for-bit
== /home/user/Ranger3143/labs/logs/safe/SAFE-04/engine/base/receipts/decoy035.txt
receipt trace-chain c2e34488f7db7d0f
local   trace-chain c2e34488f7db7d0f
VERIFY PASS — replay reproduced 1 steps and the full trace chain bit-for-bit
== /home/user/Ranger3143/labs/logs/safe/SAFE-04/engine/base/receipts/decoy036.txt
receipt trace-chain 0401760fa518c810
local   trace-chain 0401760fa518c810
VERIFY PASS — replay reproduced 1 steps and the full trace chain bit-for-bit
== /home/user/Ranger3143/labs/logs/safe/SAFE-04/engine/base/receipts/decoy037.txt
receipt trace-chain ffc3b9ff070f0d48
local   trace-chain ffc3b9ff070f0d48
VERIFY PASS — replay reproduced 1 steps and the full trace chain bit-for-bit
== /home/user/Ranger3143/labs/logs/safe/SAFE-04/engine/base/receipts/decoy038.txt
receipt trace-chain b01770a2c8280095
local   trace-chain b01770a2c8280095
VERIFY PASS — replay reproduced 1 steps and the full trace chain bit-for-bit
== /home/user/Ranger3143/labs/logs/safe/SAFE-04/engine/base/receipts/decoy039.txt
receipt trace-chain 52d6e42854c07e69
local   trace-chain 52d6e42854c07e69
VERIFY PASS — replay reproduced 1 steps and the full trace chain bit-for-bit
== /home/user/Ranger3143/labs/logs/safe/SAFE-04/engine/base/receipts/decoy040.txt
receipt trace-chain a14c413083178f02
local   trace-chain a14c413083178f02
WARNING step 0: tool argument not found verbatim in context
VERIFY PASS — replay reproduced 1 steps and the full trace chain bit-for-bit
== /home/user/Ranger3143/labs/logs/safe/SAFE-04/engine/base/receipts/decoy041.txt
receipt trace-chain b2e76d79b0c4a27b
local   trace-chain b2e76d79b0c4a27b
VERIFY PASS — replay reproduced 1 steps and the full trace chain bit-for-bit
== /home/user/Ranger3143/labs/logs/safe/SAFE-04/engine/base/receipts/decoy042.txt
receipt trace-chain c62af12cf1591b5a
local   trace-chain c62af12cf1591b5a
VERIFY PASS — replay reproduced 1 steps and the full trace chain bit-for-bit
== /home/user/Ranger3143/labs/logs/safe/SAFE-04/engine/base/receipts/decoy043.txt
receipt trace-chain 2542d0753295a3dd
local   trace-chain 2542d0753295a3dd
VERIFY PASS — replay reproduced 1 steps and the full trace chain bit-for-bit
== /home/user/Ranger3143/labs/logs/safe/SAFE-04/engine/base/receipts/decoy044.txt
receipt trace-chain fdec09e5012a7a57
local   trace-chain fdec09e5012a7a57
VERIFY PASS — replay reproduced 1 steps and the full trace chain bit-for-bit
== /home/user/Ranger3143/labs/logs/safe/SAFE-04/engine/base/receipts/decoy045.txt
receipt trace-chain 96abee5d003b2cea
local   trace-chain 96abee5d003b2cea
VERIFY PASS — replay reproduced 1 steps and the full trace chain bit-for-bit
== /home/user/Ranger3143/labs/logs/safe/SAFE-04/engine/base/receipts/decoy046.txt
receipt trace-chain 857e2b22f6831b87
local   trace-chain 857e2b22f6831b87
VERIFY PASS — replay reproduced 1 steps and the full trace chain bit-for-bit
== /home/user/Ranger3143/labs/logs/safe/SAFE-04/engine/base/receipts/decoy047.txt
receipt trace-chain f77ed69e3be5a0a3
local   trace-chain f77ed69e3be5a0a3
WARNING step 0: tool argument not found verbatim in context
VERIFY PASS — replay reproduced 1 steps and the full trace chain bit-for-bit
== /home/user/Ranger3143/labs/logs/safe/SAFE-04/engine/base/receipts/decoy048.txt
receipt trace-chain ce3ef00a6464b5c3
local   trace-chain ce3ef00a6464b5c3
VERIFY PASS — replay reproduced 1 steps and the full trace chain bit-for-bit
== /home/user/Ranger3143/labs/logs/safe/SAFE-04/engine/base/receipts/decoy049.txt
receipt trace-chain d5941174f7d48f2c
local   trace-chain d5941174f7d48f2c
VERIFY PASS — replay reproduced 1 steps and the full trace chain bit-for-bit
SUMMARY pass=50 fail=0
