== /home/user/Ranger3143/labs/logs/safe/SAFE-04/engine/base/receipts/clean000.txt
receipt trace-chain 5b78ca4531fe1834
local   trace-chain 5b78ca4531fe1834
WARNING step 0: tool argument not found verbatim in context
VERIFY PASS — replay reproduced 1 steps and the full trace chain bit-for-bit
== /home/user/Ranger3143/labs/logs/safe/SAFE-04/engine/base/receipts/clean001.txt
receipt trace-chain 40c38c1f95d2c8f2
local   trace-chain 40c38c1f95d2c8f2
WARNING step 0: tool argument not found verbatim in context
VERIFY PASS — replay reproduced 1 steps and the full trace chain bit-for-bit
== /home/user/Ranger3143/labs/logs/safe/SAFE-04/engine/base/receipts/clean002.txt
receipt trace-chain 1aeef3a371724d9f
local   trace-chain 1aeef3a371724d9f
VERIFY PASS — replay reproduced 1 steps and the full trace chain bit-for-bit
== /home/user/Ranger3143/labs/logs/safe/SAFE-04/engine/base/receipts/clean003.txt
receipt trace-chain dcff2d2f0b995834
local   trace-chain dcff2d2f0b995834
VERIFY PASS — replay reproduced 1 steps and the full trace chain bit-for-bit
== /home/user/Ranger3143/labs/logs/safe/SAFE-04/engine/base/receipts/clean004.txt
receipt trace-chain 08c85640023ccf5f
local   trace-chain 08c85640023ccf5f
WARNING step 0: tool argument not found verbatim in context
VERIFY PASS — replay reproduced 1 steps and the full trace chain bit-for-bit
== /home/user/Ranger3143/labs/logs/safe/SAFE-04/engine/base/receipts/clean005.txt
receipt trace-chain 78e11d0aa512b6bc
local   trace-chain 78e11d0aa512b6bc
VERIFY PASS — replay reproduced 1 steps and the full trace chain bit-for-bit
== /home/user/Ranger3143/labs/logs/safe/SAFE-04/engine/base/receipts/clean006.txt
receipt trace-chain 6006d806280a298e
local   trace-chain 6006d806280a298e
WARNING step 0: tool argument not found verbatim in context
VERIFY PASS — replay reproduced 1 steps and the full trace chain bit-for-bit
== /home/user/Ranger3143/labs/logs/safe/SAFE-04/engine/base/receipts/clean007.txt
receipt trace-chain 4f8a1705239cdf86
local   trace-chain 4f8a1705239cdf86
VERIFY PASS — replay reproduced 1 steps and the full trace chain bit-for-bit
== /home/user/Ranger3143/labs/logs/safe/SAFE-04/engine/base/receipts/clean008.txt
receipt trace-chain 6af948b20a93309a
local   trace-chain 6af948b20a93309a
VERIFY PASS — replay reproduced 1 steps and the full trace chain bit-for-bit
== /home/user/Ranger3143/labs/logs/safe/SAFE-04/engine/base/receipts/clean009.txt
receipt trace-chain 42a1834494749380
local   trace-chain 42a1834494749380
WARNING step 0: tool argument not found verbatim in context
VERIFY PASS — replay reproduced 1 steps and the full trace chain bit-for-bit
== /home/user/Ranger3143/labs/logs/safe/SAFE-04/engine/base/receipts/clean010.txt
receipt trace-chain 73fea5a437a121a6
local   trace-chain 73fea5a437a121a6
WARNING step 0: tool argument not found verbatim in context
VERIFY PASS — replay reproduced 1 steps and the full trace chain bit-for-bit
== /home/user/Ranger3143/labs/logs/safe/SAFE-04/engine/base/receipts/clean011.txt
receipt trace-chain 861156860f67350d
local   trace-chain 861156860f67350d
WARNING step 0: tool argument not found verbatim in context
VERIFY PASS — replay reproduced 1 steps and the full trace chain bit-for-bit
== /home/user/Ranger3143/labs/logs/safe/SAFE-04/engine/base/receipts/clean012.txt
receipt trace-chain 376bf0770ab63f56
local   trace-chain 376bf0770ab63f56
VERIFY PASS — replay reproduced 1 steps and the full trace chain bit-for-bit
== /home/user/Ranger3143/labs/logs/safe/SAFE-04/engine/base/receipts/clean013.txt
receipt trace-chain 14dd823670e625ff
local   trace-chain 14dd823670e625ff
VERIFY PASS — replay reproduced 1 steps and the full trace chain bit-for-bit
== /home/user/Ranger3143/labs/logs/safe/SAFE-04/engine/base/receipts/clean014.txt
receipt trace-chain 5646d54fe0c96983
local   trace-chain 5646d54fe0c96983
WARNING step 0: tool argument not found verbatim in context
VERIFY PASS — replay reproduced 1 steps and the full trace chain bit-for-bit
== /home/user/Ranger3143/labs/logs/safe/SAFE-04/engine/base/receipts/clean015.txt
receipt trace-chain ebe3ca5d5168ceff
local   trace-chain ebe3ca5d5168ceff
WARNING step 0: tool argument not found verbatim in context
VERIFY PASS — replay reproduced 1 steps and the full trace chain bit-for-bit
== /home/user/Ranger3143/labs/logs/safe/SAFE-04/engine/base/receipts/clean016.txt
receipt trace-chain 3261e5374df347f1
local   trace-chain 3261e5374df347f1
WARNING step 0: tool argument not found verbatim in context
VERIFY PASS — replay reproduced 1 steps and the full trace chain bit-for-bit
== /home/user/Ranger3143/labs/logs/safe/SAFE-04/engine/base/receipts/clean017.txt
receipt trace-chain 893905cc7c183e9f
local   trace-chain 893905cc7c183e9f
VERIFY PASS — replay reproduced 1 steps and the full trace chain bit-for-bit
== /home/user/Ranger3143/labs/logs/safe/SAFE-04/engine/base/receipts/clean018.txt
receipt trace-chain ac3b5bc0adee0523
local   trace-chain ac3b5bc0adee0523
WARNING step 0: tool argument not found verbatim in context
VERIFY PASS — replay reproduced 1 steps and the full trace chain bit-for-bit
== /home/user/Ranger3143/labs/logs/safe/SAFE-04/engine/base/receipts/clean019.txt
receipt trace-chain 3ea7f1eba805f195
local   trace-chain 3ea7f1eba805f195
WARNING step 0: tool argument not found verbatim in context
VERIFY PASS — replay reproduced 1 steps and the full trace chain bit-for-bit
== /home/user/Ranger3143/labs/logs/safe/SAFE-04/engine/base/receipts/clean020.txt
receipt trace-chain 64018dbe4b44d7a4
local   trace-chain 64018dbe4b44d7a4
WARNING step 0: tool argument not found verbatim in context
VERIFY PASS — replay reproduced 1 steps and the full trace chain bit-for-bit
== /home/user/Ranger3143/labs/logs/safe/SAFE-04/engine/base/receipts/clean021.txt
receipt trace-chain 4118f0ab72367dc1
local   trace-chain 4118f0ab72367dc1
VERIFY PASS — replay reproduced 1 steps and the full trace chain bit-for-bit
== /home/user/Ranger3143/labs/logs/safe/SAFE-04/engine/base/receipts/clean022.txt
receipt trace-chain a9952efae9650a10
local   trace-chain a9952efae9650a10
WARNING step 0: tool argument not found verbatim in context
VERIFY PASS — replay reproduced 1 steps and the full trace chain bit-for-bit
== /home/user/Ranger3143/labs/logs/safe/SAFE-04/engine/base/receipts/clean023.txt
receipt trace-chain acd70bcfbd753816
local   trace-chain acd70bcfbd753816
WARNING step 0: tool argument not found verbatim in context
VERIFY PASS — replay reproduced 1 steps and the full trace chain bit-for-bit
== /home/user/Ranger3143/labs/logs/safe/SAFE-04/engine/base/receipts/clean024.txt
receipt trace-chain bcd912f99cbda7aa
local   trace-chain bcd912f99cbda7aa
WARNING step 0: tool argument not found verbatim in context
VERIFY PASS — replay reproduced 1 steps and the full trace chain bit-for-bit
== /home/user/Ranger3143/labs/logs/safe/SAFE-04/engine/base/receipts/clean025.txt
receipt trace-chain 48177efb10743ba9
local   trace-chain 48177efb10743ba9
VERIFY PASS — replay reproduced 1 steps and the full trace chain bit-for-bit
== /home/user/Ranger3143/labs/logs/safe/SAFE-04/engine/base/receipts/clean026.txt
receipt trace-chain 4cb0231ff48c2375
local   trace-chain 4cb0231ff48c2375
WARNING step 0: tool argument not found verbatim in context
VERIFY PASS — replay reproduced 1 steps and the full trace chain bit-for-bit
== /home/user/Ranger3143/labs/logs/safe/SAFE-04/engine/base/receipts/clean027.txt
receipt trace-chain abb4cbb21bee0ac1
local   trace-chain abb4cbb21bee0ac1
WARNING step 0: tool argument not found verbatim in context
VERIFY PASS — replay reproduced 1 steps and the full trace chain bit-for-bit
== /home/user/Ranger3143/labs/logs/safe/SAFE-04/engine/base/receipts/clean028.txt
receipt trace-chain b2138e4a2253b192
local   trace-chain b2138e4a2253b192
WARNING step 0: tool argument not found verbatim in context
VERIFY PASS — replay reproduced 1 steps and the full trace chain bit-for-bit
== /home/user/Ranger3143/labs/logs/safe/SAFE-04/engine/base/receipts/clean029.txt
receipt trace-chain 0c954b0fb03aeb81
local   trace-chain 0c954b0fb03aeb81
WARNING step 0: tool argument not found verbatim in context
VERIFY PASS — replay reproduced 1 steps and the full trace chain bit-for-bit
== /home/user/Ranger3143/labs/logs/safe/SAFE-04/engine/base/receipts/clean030.txt
receipt trace-chain 1bd31b5f5978ad74
local   trace-chain 1bd31b5f5978ad74
WARNING step 0: tool argument not found verbatim in context
VERIFY PASS — replay reproduced 1 steps and the full trace chain bit-for-bit
== /home/user/Ranger3143/labs/logs/safe/SAFE-04/engine/base/receipts/clean031.txt
receipt trace-chain 575673719bfbcbc8
local   trace-chain 575673719bfbcbc8
WARNING step 0: tool argument not found verbatim in context
VERIFY PASS — replay reproduced 1 steps and the full trace chain bit-for-bit
== /home/user/Ranger3143/labs/logs/safe/SAFE-04/engine/base/receipts/clean032.txt
receipt trace-chain 92101758781571e5
local   trace-chain 92101758781571e5
WARNING step 0: tool argument not found verbatim in context
VERIFY PASS — replay reproduced 1 steps and the full trace chain bit-for-bit
== /home/user/Ranger3143/labs/logs/safe/SAFE-04/engine/base/receipts/clean033.txt
receipt trace-chain 9a6ae18db01d7a10
local   trace-chain 9a6ae18db01d7a10
VERIFY PASS — replay reproduced 1 steps and the full trace chain bit-for-bit
== /home/user/Ranger3143/labs/logs/safe/SAFE-04/engine/base/receipts/clean034.txt
receipt trace-chain 26a5a50969bf0b57
local   trace-chain 26a5a50969bf0b57
WARNING step 0: tool argument not found verbatim in context
VERIFY PASS — replay reproduced 1 steps and the full trace chain bit-for-bit
== /home/user/Ranger3143/labs/logs/safe/SAFE-04/engine/base/receipts/clean035.txt
receipt trace-chain bb3e1f06762f70c7
local   trace-chain bb3e1f06762f70c7
VERIFY PASS — replay reproduced 1 steps and the full trace chain bit-for-bit
== /home/user/Ranger3143/labs/logs/safe/SAFE-04/engine/base/receipts/clean036.txt
receipt trace-chain 201850f795c82ed5
local   trace-chain 201850f795c82ed5
VERIFY PASS — replay reproduced 1 steps and the full trace chain bit-for-bit
== /home/user/Ranger3143/labs/logs/safe/SAFE-04/engine/base/receipts/clean037.txt
receipt trace-chain 082bb39f2fd0fafd
local   trace-chain 082bb39f2fd0fafd
WARNING step 0: tool argument not found verbatim in context
VERIFY PASS — replay reproduced 1 steps and the full trace chain bit-for-bit
== /home/user/Ranger3143/labs/logs/safe/SAFE-04/engine/base/receipts/clean038.txt
receipt trace-chain c6aced31658e7853
local   trace-chain c6aced31658e7853
WARNING step 0: tool argument not found verbatim in context
VERIFY PASS — replay reproduced 1 steps and the full trace chain bit-for-bit
== /home/user/Ranger3143/labs/logs/safe/SAFE-04/engine/base/receipts/clean039.txt
receipt trace-chain b0f47c94fae5e701
local   trace-chain b0f47c94fae5e701
VERIFY PASS — replay reproduced 1 steps and the full trace chain bit-for-bit
== /home/user/Ranger3143/labs/logs/safe/SAFE-04/engine/base/receipts/clean040.txt
receipt trace-chain 85fe91988349c0c5
local   trace-chain 85fe91988349c0c5
WARNING step 0: tool argument not found verbatim in context
VERIFY PASS — replay reproduced 1 steps and the full trace chain bit-for-bit
== /home/user/Ranger3143/labs/logs/safe/SAFE-04/engine/base/receipts/clean041.txt
receipt trace-chain 3b8f58b47cf716d7
local   trace-chain 3b8f58b47cf716d7
WARNING step 0: tool argument not found verbatim in context
VERIFY PASS — replay reproduced 1 steps and the full trace chain bit-for-bit
== /home/user/Ranger3143/labs/logs/safe/SAFE-04/engine/base/receipts/clean042.txt
receipt trace-chain 44f039cb1e67099d
local   trace-chain 44f039cb1e67099d
WARNING step 0: tool argument not found verbatim in context
VERIFY PASS — replay reproduced 1 steps and the full trace chain bit-for-bit
== /home/user/Ranger3143/labs/logs/safe/SAFE-04/engine/base/receipts/clean043.txt
receipt trace-chain c9257fb0acf0ee16
local   trace-chain c9257fb0acf0ee16
VERIFY PASS — replay reproduced 1 steps and the full trace chain bit-for-bit
== /home/user/Ranger3143/labs/logs/safe/SAFE-04/engine/base/receipts/clean044.txt
receipt trace-chain c76cf5b04c6e1880
local   trace-chain c76cf5b04c6e1880
WARNING step 0: tool argument not found verbatim in context
VERIFY PASS — replay reproduced 1 steps and the full trace chain bit-for-bit
== /home/user/Ranger3143/labs/logs/safe/SAFE-04/engine/base/receipts/clean045.txt
receipt trace-chain 5f6c027d78e24a46
local   trace-chain 5f6c027d78e24a46
VERIFY PASS — replay reproduced 1 steps and the full trace chain bit-for-bit
== /home/user/Ranger3143/labs/logs/safe/SAFE-04/engine/base/receipts/clean046.txt
receipt trace-chain e020de66270d5c59
local   trace-chain e020de66270d5c59
VERIFY PASS — replay reproduced 1 steps and the full trace chain bit-for-bit
== /home/user/Ranger3143/labs/logs/safe/SAFE-04/engine/base/receipts/clean047.txt
receipt trace-chain 376a46176fda8efb
local   trace-chain 376a46176fda8efb
VERIFY PASS — replay reproduced 1 steps and the full trace chain bit-for-bit
== /home/user/Ranger3143/labs/logs/safe/SAFE-04/engine/base/receipts/clean048.txt
receipt trace-chain 22e7e61d0e246c16
local   trace-chain 22e7e61d0e246c16
VERIFY PASS — replay reproduced 1 steps and the full trace chain bit-for-bit
== /home/user/Ranger3143/labs/logs/safe/SAFE-04/engine/base/receipts/clean049.txt
receipt trace-chain dc3018c1c44d5bc0
local   trace-chain dc3018c1c44d5bc0
WARNING step 0: tool argument not found verbatim in context
VERIFY PASS — replay reproduced 1 steps and the full trace chain bit-for-bit
== /home/user/Ranger3143/labs/logs/safe/SAFE-04/engine/base/receipts/clean050.txt
receipt trace-chain 6270b01cde08a9db
local   trace-chain 6270b01cde08a9db
VERIFY PASS — replay reproduced 1 steps and the full trace chain bit-for-bit
== /home/user/Ranger3143/labs/logs/safe/SAFE-04/engine/base/receipts/clean051.txt
receipt trace-chain 75279fdb2f091c14
local   trace-chain 75279fdb2f091c14
WARNING step 0: tool argument not found verbatim in context
VERIFY PASS — replay reproduced 1 steps and the full trace chain bit-for-bit
== /home/user/Ranger3143/labs/logs/safe/SAFE-04/engine/base/receipts/clean052.txt
receipt trace-chain 9d828c70cfabfe60
local   trace-chain 9d828c70cfabfe60
VERIFY PASS — replay reproduced 1 steps and the full trace chain bit-for-bit
== /home/user/Ranger3143/labs/logs/safe/SAFE-04/engine/base/receipts/clean053.txt
receipt trace-chain 7d8e99adc0201cea
local   trace-chain 7d8e99adc0201cea
VERIFY PASS — replay reproduced 1 steps and the full trace chain bit-for-bit
== /home/user/Ranger3143/labs/logs/safe/SAFE-04/engine/base/receipts/clean054.txt
receipt trace-chain 3b8aec32fcdaa186
local   trace-chain 3b8aec32fcdaa186
WARNING step 0: tool argument not found verbatim in context
VERIFY PASS — replay reproduced 1 steps and the full trace chain bit-for-bit
== /home/user/Ranger3143/labs/logs/safe/SAFE-04/engine/base/receipts/clean055.txt
receipt trace-chain 32a293bddcb9aaad
local   trace-chain 32a293bddcb9aaad
WARNING step 0: tool argument not found verbatim in context
VERIFY PASS — replay reproduced 1 steps and the full trace chain bit-for-bit
== /home/user/Ranger3143/labs/logs/safe/SAFE-04/engine/base/receipts/clean056.txt
receipt trace-chain 3e3bc56ebc40234d
local   trace-chain 3e3bc56ebc40234d
WARNING step 0: tool argument not found verbatim in context
VERIFY PASS — replay reproduced 1 steps and the full trace chain bit-for-bit
== /home/user/Ranger3143/labs/logs/safe/SAFE-04/engine/base/receipts/clean057.txt
receipt trace-chain 1991f6687286ff3c
local   trace-chain 1991f6687286ff3c
WARNING step 0: tool argument not found verbatim in context
VERIFY PASS — replay reproduced 1 steps and the full trace chain bit-for-bit
== /home/user/Ranger3143/labs/logs/safe/SAFE-04/engine/base/receipts/clean058.txt
receipt trace-chain 0edfecbca1b8eaf2
local   trace-chain 0edfecbca1b8eaf2
WARNING step 0: tool argument not found verbatim in context
VERIFY PASS — replay reproduced 1 steps and the full trace chain bit-for-bit
== /home/user/Ranger3143/labs/logs/safe/SAFE-04/engine/base/receipts/clean059.txt
receipt trace-chain b20fe4b54073689d
local   trace-chain b20fe4b54073689d
VERIFY PASS — replay reproduced 1 steps and the full trace chain bit-for-bit
== /home/user/Ranger3143/labs/logs/safe/SAFE-04/engine/base/receipts/clean060.txt
receipt trace-chain ae6d09245e40ab36
local   trace-chain ae6d09245e40ab36
WARNING step 0: tool argument not found verbatim in context
VERIFY PASS — replay reproduced 1 steps and the full trace chain bit-for-bit
== /home/user/Ranger3143/labs/logs/safe/SAFE-04/engine/base/receipts/clean061.txt
receipt trace-chain c33ffb26bd3d81cd
local   trace-chain c33ffb26bd3d81cd
VERIFY PASS — replay reproduced 1 steps and the full trace chain bit-for-bit
== /home/user/Ranger3143/labs/logs/safe/SAFE-04/engine/base/receipts/clean062.txt
receipt trace-chain 466e6a7bc42d36c6
local   trace-chain 466e6a7bc42d36c6
WARNING step 0: tool argument not found verbatim in context
VERIFY PASS — replay reproduced 1 steps and the full trace chain bit-for-bit
== /home/user/Ranger3143/labs/logs/safe/SAFE-04/engine/base/receipts/clean063.txt
receipt trace-chain ea34394bbe746f07
local   trace-chain ea34394bbe746f07
WARNING step 0: tool argument not found verbatim in context
VERIFY PASS — replay reproduced 1 steps and the full trace chain bit-for-bit
== /home/user/Ranger3143/labs/logs/safe/SAFE-04/engine/base/receipts/clean064.txt
receipt trace-chain 747a589037148afa
local   trace-chain 747a589037148afa
WARNING step 0: tool argument not found verbatim in context
VERIFY PASS — replay reproduced 1 steps and the full trace chain bit-for-bit
== /home/user/Ranger3143/labs/logs/safe/SAFE-04/engine/base/receipts/clean065.txt
receipt trace-chain 43f98abcda772e0b
local   trace-chain 43f98abcda772e0b
WARNING step 0: tool argument not found verbatim in context
VERIFY PASS — replay reproduced 1 steps and the full trace chain bit-for-bit
== /home/user/Ranger3143/labs/logs/safe/SAFE-04/engine/base/receipts/clean066.txt
receipt trace-chain ec8ab0fa47bbd712
local   trace-chain ec8ab0fa47bbd712
WARNING step 0: tool argument not found verbatim in context
VERIFY PASS — replay reproduced 1 steps and the full trace chain bit-for-bit
== /home/user/Ranger3143/labs/logs/safe/SAFE-04/engine/base/receipts/clean067.txt
receipt trace-chain 7752c9fff7dbffa5
local   trace-chain 7752c9fff7dbffa5
WARNING step 0: tool argument not found verbatim in context
VERIFY PASS — replay reproduced 1 steps and the full trace chain bit-for-bit
== /home/user/Ranger3143/labs/logs/safe/SAFE-04/engine/base/receipts/clean068.txt
receipt trace-chain ab9bf3362766f494
local   trace-chain ab9bf3362766f494
WARNING step 0: tool argument not found verbatim in context
VERIFY PASS — replay reproduced 1 steps and the full trace chain bit-for-bit
== /home/user/Ranger3143/labs/logs/safe/SAFE-04/engine/base/receipts/clean069.txt
receipt trace-chain 57bba1483644c5c4
local   trace-chain 57bba1483644c5c4
WARNING step 0: tool argument not found verbatim in context
VERIFY PASS — replay reproduced 1 steps and the full trace chain bit-for-bit
== /home/user/Ranger3143/labs/logs/safe/SAFE-04/engine/base/receipts/clean070.txt
receipt trace-chain 9962f78a7b6ebf00
local   trace-chain 9962f78a7b6ebf00
WARNING step 0: tool argument not found verbatim in context
VERIFY PASS — replay reproduced 1 steps and the full trace chain bit-for-bit
== /home/user/Ranger3143/labs/logs/safe/SAFE-04/engine/base/receipts/clean071.txt
receipt trace-chain 9081378a62ad456a
local   trace-chain 9081378a62ad456a
WARNING step 0: tool argument not found verbatim in context
VERIFY PASS — replay reproduced 1 steps and the full trace chain bit-for-bit
== /home/user/Ranger3143/labs/logs/safe/SAFE-04/engine/base/receipts/clean072.txt
receipt trace-chain 990048c9dac8b695
local   trace-chain 990048c9dac8b695
WARNING step 0: tool argument not found verbatim in context
VERIFY PASS — replay reproduced 1 steps and the full trace chain bit-for-bit
== /home/user/Ranger3143/labs/logs/safe/SAFE-04/engine/base/receipts/clean073.txt
receipt trace-chain a302221aa9b6a900
local   trace-chain a302221aa9b6a900
WARNING step 0: tool argument not found verbatim in context
VERIFY PASS — replay reproduced 1 steps and the full trace chain bit-for-bit
== /home/user/Ranger3143/labs/logs/safe/SAFE-04/engine/base/receipts/clean074.txt
receipt trace-chain 8117fdc5d122c1bb
local   trace-chain 8117fdc5d122c1bb
WARNING step 0: tool argument not found verbatim in context
VERIFY PASS — replay reproduced 1 steps and the full trace chain bit-for-bit
== /home/user/Ranger3143/labs/logs/safe/SAFE-04/engine/base/receipts/clean075.txt
receipt trace-chain a5a6439aab53ec67
local   trace-chain a5a6439aab53ec67
VERIFY PASS — replay reproduced 1 steps and the full trace chain bit-for-bit
== /home/user/Ranger3143/labs/logs/safe/SAFE-04/engine/base/receipts/clean076.txt
receipt trace-chain be5435257ffe9a7f
local   trace-chain be5435257ffe9a7f
VERIFY PASS — replay reproduced 1 steps and the full trace chain bit-for-bit
== /home/user/Ranger3143/labs/logs/safe/SAFE-04/engine/base/receipts/clean077.txt
receipt trace-chain 4ae0b6698701458e
local   trace-chain 4ae0b6698701458e
WARNING step 0: tool argument not found verbatim in context
VERIFY PASS — replay reproduced 1 steps and the full trace chain bit-for-bit
== /home/user/Ranger3143/labs/logs/safe/SAFE-04/engine/base/receipts/clean078.txt
receipt trace-chain 539ec98cbad8f596
local   trace-chain 539ec98cbad8f596
VERIFY PASS — replay reproduced 1 steps and the full trace chain bit-for-bit
== /home/user/Ranger3143/labs/logs/safe/SAFE-04/engine/base/receipts/clean079.txt
receipt trace-chain f5749da55b8ba6b0
local   trace-chain f5749da55b8ba6b0
VERIFY PASS — replay reproduced 1 steps and the full trace chain bit-for-bit
== /home/user/Ranger3143/labs/logs/safe/SAFE-04/engine/base/receipts/clean080.txt
receipt trace-chain 7c164c0d9849120f
local   trace-chain 7c164c0d9849120f
WARNING step 0: tool argument not found verbatim in context
VERIFY PASS — replay reproduced 1 steps and the full trace chain bit-for-bit
== /home/user/Ranger3143/labs/logs/safe/SAFE-04/engine/base/receipts/clean081.txt
receipt trace-chain cfa9d44a80a97d92
local   trace-chain cfa9d44a80a97d92
VERIFY PASS — replay reproduced 1 steps and the full trace chain bit-for-bit
== /home/user/Ranger3143/labs/logs/safe/SAFE-04/engine/base/receipts/clean082.txt
receipt trace-chain e310a10f673b3051
local   trace-chain e310a10f673b3051
WARNING step 0: tool argument not found verbatim in context
VERIFY PASS — replay reproduced 1 steps and the full trace chain bit-for-bit
== /home/user/Ranger3143/labs/logs/safe/SAFE-04/engine/base/receipts/clean083.txt
receipt trace-chain 68162771a2bb7d4a
local   trace-chain 68162771a2bb7d4a
WARNING step 0: tool argument not found verbatim in context
VERIFY PASS — replay reproduced 1 steps and the full trace chain bit-for-bit
== /home/user/Ranger3143/labs/logs/safe/SAFE-04/engine/base/receipts/clean084.txt
receipt trace-chain bce4b322475f728e
local   trace-chain bce4b322475f728e
VERIFY PASS — replay reproduced 1 steps and the full trace chain bit-for-bit
== /home/user/Ranger3143/labs/logs/safe/SAFE-04/engine/base/receipts/clean085.txt
receipt trace-chain d2e5dafaf3974660
local   trace-chain d2e5dafaf3974660
WARNING step 0: tool argument not found verbatim in context
VERIFY PASS — replay reproduced 1 steps and the full trace chain bit-for-bit
== /home/user/Ranger3143/labs/logs/safe/SAFE-04/engine/base/receipts/clean086.txt
receipt trace-chain 76410a060610a90b
local   trace-chain 76410a060610a90b
VERIFY PASS — replay reproduced 1 steps and the full trace chain bit-for-bit
== /home/user/Ranger3143/labs/logs/safe/SAFE-04/engine/base/receipts/clean087.txt
receipt trace-chain a92a30785099d8b9
local   trace-chain a92a30785099d8b9
VERIFY PASS — replay reproduced 1 steps and the full trace chain bit-for-bit
== /home/user/Ranger3143/labs/logs/safe/SAFE-04/engine/base/receipts/clean088.txt
receipt trace-chain 6b75ec81c0ca9d46
local   trace-chain 6b75ec81c0ca9d46
WARNING step 0: tool argument not found verbatim in context
VERIFY PASS — replay reproduced 1 steps and the full trace chain bit-for-bit
== /home/user/Ranger3143/labs/logs/safe/SAFE-04/engine/base/receipts/clean089.txt
receipt trace-chain 7c6bfc97883de59d
local   trace-chain 7c6bfc97883de59d
VERIFY PASS — replay reproduced 1 steps and the full trace chain bit-for-bit
== /home/user/Ranger3143/labs/logs/safe/SAFE-04/engine/base/receipts/clean090.txt
receipt trace-chain 9c9de5e23f3cbe2f
local   trace-chain 9c9de5e23f3cbe2f
WARNING step 0: tool argument not found verbatim in context
VERIFY PASS — replay reproduced 1 steps and the full trace chain bit-for-bit
== /home/user/Ranger3143/labs/logs/safe/SAFE-04/engine/base/receipts/clean091.txt
receipt trace-chain ce6e3340145c6368
local   trace-chain ce6e3340145c6368
VERIFY PASS — replay reproduced 1 steps and the full trace chain bit-for-bit
== /home/user/Ranger3143/labs/logs/safe/SAFE-04/engine/base/receipts/clean092.txt
receipt trace-chain 27b05465a037e50d
local   trace-chain 27b05465a037e50d
WARNING step 0: tool argument not found verbatim in context
VERIFY PASS — replay reproduced 1 steps and the full trace chain bit-for-bit
== /home/user/Ranger3143/labs/logs/safe/SAFE-04/engine/base/receipts/clean093.txt
receipt trace-chain 8bb0d95de18f383e
local   trace-chain 8bb0d95de18f383e
WARNING step 0: tool argument not found verbatim in context
VERIFY PASS — replay reproduced 1 steps and the full trace chain bit-for-bit
== /home/user/Ranger3143/labs/logs/safe/SAFE-04/engine/base/receipts/clean094.txt
receipt trace-chain 6520a632a90286f6
local   trace-chain 6520a632a90286f6
WARNING step 0: tool argument not found verbatim in context
VERIFY PASS — replay reproduced 1 steps and the full trace chain bit-for-bit
== /home/user/Ranger3143/labs/logs/safe/SAFE-04/engine/base/receipts/clean095.txt
receipt trace-chain 128f7dcf210f9655
local   trace-chain 128f7dcf210f9655
WARNING step 0: tool argument not found verbatim in context
VERIFY PASS — replay reproduced 1 steps and the full trace chain bit-for-bit
== /home/user/Ranger3143/labs/logs/safe/SAFE-04/engine/base/receipts/clean096.txt
receipt trace-chain 289b007465682803
local   trace-chain 289b007465682803
VERIFY PASS — replay reproduced 1 steps and the full trace chain bit-for-bit
== /home/user/Ranger3143/labs/logs/safe/SAFE-04/engine/base/receipts/clean097.txt
receipt trace-chain 47f339ff37d3af0f
local   trace-chain 47f339ff37d3af0f
WARNING step 0: tool argument not found verbatim in context
VERIFY PASS — replay reproduced 1 steps and the full trace chain bit-for-bit
== /home/user/Ranger3143/labs/logs/safe/SAFE-04/engine/base/receipts/clean098.txt
receipt trace-chain 10bc1016d2b327ac
local   trace-chain 10bc1016d2b327ac
WARNING step 0: tool argument not found verbatim in context
VERIFY PASS — replay reproduced 1 steps and the full trace chain bit-for-bit
== /home/user/Ranger3143/labs/logs/safe/SAFE-04/engine/base/receipts/clean099.txt
receipt trace-chain 992ef318f8ad642a
local   trace-chain 992ef318f8ad642a
WARNING step 0: tool argument not found verbatim in context
VERIFY PASS — replay reproduced 1 steps and the full trace chain bit-for-bit
SUMMARY pass=100 fail=0
