== /home/user/Ranger3143/labs/logs/safe/SAFE-05/op12k_p0control/op12k/f/fw/receipts/q01.s0.txt
receipt trace-chain 44186330795674a3
local   trace-chain 44186330795674a3
VERIFY PASS — replay reproduced 1 steps and the full trace chain bit-for-bit
== /home/user/Ranger3143/labs/logs/safe/SAFE-05/op12k_p0control/op12k/f/fw/receipts/q01.s1.txt
receipt trace-chain 938a4277798476e7
local   trace-chain 938a4277798476e7
VERIFY PASS — replay reproduced 1 steps and the full trace chain bit-for-bit
== /home/user/Ranger3143/labs/logs/safe/SAFE-05/op12k_p0control/op12k/f/fw/receipts/q02.s0.txt
receipt trace-chain be0169d6b9783bda
local   trace-chain be0169d6b9783bda
VERIFY PASS — replay reproduced 1 steps and the full trace chain bit-for-bit
== /home/user/Ranger3143/labs/logs/safe/SAFE-05/op12k_p0control/op12k/f/fw/receipts/q02.s1.txt
receipt trace-chain 01d599a0b1086443
local   trace-chain 01d599a0b1086443
VERIFY PASS — replay reproduced 1 steps and the full trace chain bit-for-bit
== /home/user/Ranger3143/labs/logs/safe/SAFE-05/op12k_p0control/op12k/f/fw/receipts/q03.s0.txt
receipt trace-chain 55be81608ece8e70
local   trace-chain 55be81608ece8e70
VERIFY PASS — replay reproduced 1 steps and the full trace chain bit-for-bit
== /home/user/Ranger3143/labs/logs/safe/SAFE-05/op12k_p0control/op12k/f/fw/receipts/q03.s1.txt
receipt trace-chain fcc71fb3a80d6edb
local   trace-chain fcc71fb3a80d6edb
VERIFY PASS — replay reproduced 1 steps and the full trace chain bit-for-bit
== /home/user/Ranger3143/labs/logs/safe/SAFE-05/op12k_p0control/op12k/f/fw/receipts/q04.s0.txt
receipt trace-chain 5ad230d53571bc56
local   trace-chain 5ad230d53571bc56
VERIFY PASS — replay reproduced 1 steps and the full trace chain bit-for-bit
== /home/user/Ranger3143/labs/logs/safe/SAFE-05/op12k_p0control/op12k/f/fw/receipts/q04.s1.txt
receipt trace-chain 115d65e18bf01c63
local   trace-chain 115d65e18bf01c63
VERIFY PASS — replay reproduced 1 steps and the full trace chain bit-for-bit
== /home/user/Ranger3143/labs/logs/safe/SAFE-05/op12k_p0control/op12k/f/fw/receipts/q05.s0.txt
receipt trace-chain 2d90224c18a5c8f5
local   trace-chain 2d90224c18a5c8f5
VERIFY PASS — replay reproduced 1 steps and the full trace chain bit-for-bit
== /home/user/Ranger3143/labs/logs/safe/SAFE-05/op12k_p0control/op12k/f/fw/receipts/q05.s1.txt
receipt trace-chain 817a9a45bf72955d
local   trace-chain 817a9a45bf72955d
VERIFY PASS — replay reproduced 1 steps and the full trace chain bit-for-bit
== /home/user/Ranger3143/labs/logs/safe/SAFE-05/op12k_p0control/op12k/f/fw/receipts/q06.s0.txt
receipt trace-chain 560adc343582f76f
local   trace-chain 560adc343582f76f
VERIFY PASS — replay reproduced 1 steps and the full trace chain bit-for-bit
== /home/user/Ranger3143/labs/logs/safe/SAFE-05/op12k_p0control/op12k/f/fw/receipts/q06.s1.txt
receipt trace-chain 945812948010412c
local   trace-chain 945812948010412c
VERIFY PASS — replay reproduced 1 steps and the full trace chain bit-for-bit
== /home/user/Ranger3143/labs/logs/safe/SAFE-05/op12k_p0control/op12k/f/fw/receipts/q07.s0.txt
receipt trace-chain 9886cf46961f959c
local   trace-chain 9886cf46961f959c
VERIFY PASS — replay reproduced 1 steps and the full trace chain bit-for-bit
== /home/user/Ranger3143/labs/logs/safe/SAFE-05/op12k_p0control/op12k/f/fw/receipts/q07.s1.txt
receipt trace-chain 4e8e1c84a312e8fc
local   trace-chain 4e8e1c84a312e8fc
VERIFY PASS — replay reproduced 1 steps and the full trace chain bit-for-bit
== /home/user/Ranger3143/labs/logs/safe/SAFE-05/op12k_p0control/op12k/f/fw/receipts/q08.s0.txt
receipt trace-chain 478077ce4eef4c57
local   trace-chain 478077ce4eef4c57
VERIFY PASS — replay reproduced 1 steps and the full trace chain bit-for-bit
== /home/user/Ranger3143/labs/logs/safe/SAFE-05/op12k_p0control/op12k/f/fw/receipts/q08.s1.txt
receipt trace-chain 12a1afe6361826de
local   trace-chain 12a1afe6361826de
VERIFY PASS — replay reproduced 1 steps and the full trace chain bit-for-bit
== /home/user/Ranger3143/labs/logs/safe/SAFE-05/op12k_p0control/op12k/f/fw/receipts/q09.s0.txt
receipt trace-chain 48681fd3d2d72ec2
local   trace-chain 48681fd3d2d72ec2
VERIFY PASS — replay reproduced 1 steps and the full trace chain bit-for-bit
== /home/user/Ranger3143/labs/logs/safe/SAFE-05/op12k_p0control/op12k/f/fw/receipts/q09.s1.txt
receipt trace-chain e25a0f362b1d9262
local   trace-chain e25a0f362b1d9262
VERIFY PASS — replay reproduced 1 steps and the full trace chain bit-for-bit
== /home/user/Ranger3143/labs/logs/safe/SAFE-05/op12k_p0control/op12k/f/fw/receipts/q10.s0.txt
receipt trace-chain 510561ec97e88411
local   trace-chain 510561ec97e88411
VERIFY PASS — replay reproduced 1 steps and the full trace chain bit-for-bit
== /home/user/Ranger3143/labs/logs/safe/SAFE-05/op12k_p0control/op12k/f/fw/receipts/q10.s1.txt
receipt trace-chain a9cfd78107c201a9
local   trace-chain a9cfd78107c201a9
VERIFY PASS — replay reproduced 1 steps and the full trace chain bit-for-bit
== /home/user/Ranger3143/labs/logs/safe/SAFE-05/op12k_p0control/op12k/f/fw/receipts/q11.s0.txt
receipt trace-chain 6d75c597a84d3697
local   trace-chain 6d75c597a84d3697
VERIFY PASS — replay reproduced 1 steps and the full trace chain bit-for-bit
== /home/user/Ranger3143/labs/logs/safe/SAFE-05/op12k_p0control/op12k/f/fw/receipts/q11.s1.txt
receipt trace-chain ff1094c199e64e62
local   trace-chain ff1094c199e64e62
VERIFY PASS — replay reproduced 1 steps and the full trace chain bit-for-bit
== /home/user/Ranger3143/labs/logs/safe/SAFE-05/op12k_p0control/op12k/f/fw/receipts/q12.s0.txt
receipt trace-chain 840c83c74df91946
local   trace-chain 840c83c74df91946
VERIFY PASS — replay reproduced 1 steps and the full trace chain bit-for-bit
== /home/user/Ranger3143/labs/logs/safe/SAFE-05/op12k_p0control/op12k/f/fw/receipts/q12.s1.txt
receipt trace-chain c45b47417170969c
local   trace-chain c45b47417170969c
VERIFY PASS — replay reproduced 1 steps and the full trace chain bit-for-bit
== /home/user/Ranger3143/labs/logs/safe/SAFE-05/op12k_p0control/op12k/f/fw/receipts/q13.s0.txt
receipt trace-chain b4b7b2dc86e112ea
local   trace-chain b4b7b2dc86e112ea
VERIFY PASS — replay reproduced 1 steps and the full trace chain bit-for-bit
== /home/user/Ranger3143/labs/logs/safe/SAFE-05/op12k_p0control/op12k/f/fw/receipts/q13.s1.txt
receipt trace-chain cd7416b1f8db94db
local   trace-chain cd7416b1f8db94db
VERIFY PASS — replay reproduced 1 steps and the full trace chain bit-for-bit
== /home/user/Ranger3143/labs/logs/safe/SAFE-05/op12k_p0control/op12k/f/fw/receipts/q14.s0.txt
receipt trace-chain 34823b6229bebe32
local   trace-chain 34823b6229bebe32
VERIFY PASS — replay reproduced 1 steps and the full trace chain bit-for-bit
== /home/user/Ranger3143/labs/logs/safe/SAFE-05/op12k_p0control/op12k/f/fw/receipts/q14.s1.txt
receipt trace-chain ee03ff52ff4c1fb0
local   trace-chain ee03ff52ff4c1fb0
VERIFY PASS — replay reproduced 1 steps and the full trace chain bit-for-bit
== /home/user/Ranger3143/labs/logs/safe/SAFE-05/op12k_p0control/op12k/f/fw/receipts/q15.s0.txt
receipt trace-chain 21f4c44e7f66e425
local   trace-chain 21f4c44e7f66e425
VERIFY PASS — replay reproduced 1 steps and the full trace chain bit-for-bit
== /home/user/Ranger3143/labs/logs/safe/SAFE-05/op12k_p0control/op12k/f/fw/receipts/q15.s1.txt
receipt trace-chain 1e1c39f092af8afd
local   trace-chain 1e1c39f092af8afd
VERIFY PASS — replay reproduced 1 steps and the full trace chain bit-for-bit
== /home/user/Ranger3143/labs/logs/safe/SAFE-05/op12k_p0control/op12k/f/fw/receipts/q16.s0.txt
receipt trace-chain 85c899205f2b9f34
local   trace-chain 85c899205f2b9f34
VERIFY PASS — replay reproduced 1 steps and the full trace chain bit-for-bit
== /home/user/Ranger3143/labs/logs/safe/SAFE-05/op12k_p0control/op12k/f/fw/receipts/q16.s1.txt
receipt trace-chain d2ee9840031f16a6
local   trace-chain d2ee9840031f16a6
VERIFY PASS — replay reproduced 1 steps and the full trace chain bit-for-bit
== /home/user/Ranger3143/labs/logs/safe/SAFE-05/op12k_p0control/op12k/f/fw/receipts/q17.s0.txt
receipt trace-chain 01cbf5d6c27f66b5
local   trace-chain 01cbf5d6c27f66b5
VERIFY PASS — replay reproduced 1 steps and the full trace chain bit-for-bit
== /home/user/Ranger3143/labs/logs/safe/SAFE-05/op12k_p0control/op12k/f/fw/receipts/q17.s1.txt
receipt trace-chain 4cd8adf51eb412b2
local   trace-chain 4cd8adf51eb412b2
VERIFY PASS — replay reproduced 1 steps and the full trace chain bit-for-bit
== /home/user/Ranger3143/labs/logs/safe/SAFE-05/op12k_p0control/op12k/f/fw/receipts/q18.s0.txt
receipt trace-chain 2c3528697298b5dd
local   trace-chain 2c3528697298b5dd
VERIFY PASS — replay reproduced 1 steps and the full trace chain bit-for-bit
== /home/user/Ranger3143/labs/logs/safe/SAFE-05/op12k_p0control/op12k/f/fw/receipts/q18.s1.txt
receipt trace-chain 66b141841f2b6179
local   trace-chain 66b141841f2b6179
VERIFY PASS — replay reproduced 1 steps and the full trace chain bit-for-bit
== /home/user/Ranger3143/labs/logs/safe/SAFE-05/op12k_p0control/op12k/f/fw/receipts/q19.s0.txt
receipt trace-chain bf1f6f0238d6b09c
local   trace-chain bf1f6f0238d6b09c
VERIFY PASS — replay reproduced 1 steps and the full trace chain bit-for-bit
== /home/user/Ranger3143/labs/logs/safe/SAFE-05/op12k_p0control/op12k/f/fw/receipts/q19.s1.txt
receipt trace-chain abd55306707b0466
local   trace-chain abd55306707b0466
VERIFY PASS — replay reproduced 1 steps and the full trace chain bit-for-bit
== /home/user/Ranger3143/labs/logs/safe/SAFE-05/op12k_p0control/op12k/f/fw/receipts/q20.s0.txt
receipt trace-chain ae0967faf38ce662
local   trace-chain ae0967faf38ce662
VERIFY PASS — replay reproduced 1 steps and the full trace chain bit-for-bit
== /home/user/Ranger3143/labs/logs/safe/SAFE-05/op12k_p0control/op12k/f/fw/receipts/q20.s1.txt
receipt trace-chain cbd57fde282e24f2
local   trace-chain cbd57fde282e24f2
VERIFY PASS — replay reproduced 1 steps and the full trace chain bit-for-bit
== /home/user/Ranger3143/labs/logs/safe/SAFE-05/op12k_p0control/op12k/f/fw/receipts/q21.s0.txt
receipt trace-chain f30cdbae74a2cc40
local   trace-chain f30cdbae74a2cc40
VERIFY PASS — replay reproduced 1 steps and the full trace chain bit-for-bit
== /home/user/Ranger3143/labs/logs/safe/SAFE-05/op12k_p0control/op12k/f/fw/receipts/q21.s1.txt
receipt trace-chain 4e2446532f064756
local   trace-chain 4e2446532f064756
VERIFY PASS — replay reproduced 1 steps and the full trace chain bit-for-bit
== /home/user/Ranger3143/labs/logs/safe/SAFE-05/op12k_p0control/op12k/f/fw/receipts/q22.s0.txt
receipt trace-chain 9650aa63a73cc927
local   trace-chain 9650aa63a73cc927
VERIFY PASS — replay reproduced 1 steps and the full trace chain bit-for-bit
== /home/user/Ranger3143/labs/logs/safe/SAFE-05/op12k_p0control/op12k/f/fw/receipts/q22.s1.txt
receipt trace-chain aa87c80719190d3a
local   trace-chain aa87c80719190d3a
VERIFY PASS — replay reproduced 1 steps and the full trace chain bit-for-bit
== /home/user/Ranger3143/labs/logs/safe/SAFE-05/op12k_p0control/op12k/f/fw/receipts/q23.s0.txt
receipt trace-chain aca1c394112a3529
local   trace-chain aca1c394112a3529
VERIFY PASS — replay reproduced 1 steps and the full trace chain bit-for-bit
== /home/user/Ranger3143/labs/logs/safe/SAFE-05/op12k_p0control/op12k/f/fw/receipts/q23.s1.txt
receipt trace-chain 32a31b53156620a1
local   trace-chain 32a31b53156620a1
VERIFY PASS — replay reproduced 1 steps and the full trace chain bit-for-bit
== /home/user/Ranger3143/labs/logs/safe/SAFE-05/op12k_p0control/op12k/f/fw/receipts/q24.s0.txt
receipt trace-chain 0b2ea17537f7bb22
local   trace-chain 0b2ea17537f7bb22
VERIFY PASS — replay reproduced 1 steps and the full trace chain bit-for-bit
== /home/user/Ranger3143/labs/logs/safe/SAFE-05/op12k_p0control/op12k/f/fw/receipts/q24.s1.txt
receipt trace-chain fbc1c238e56c94ca
local   trace-chain fbc1c238e56c94ca
VERIFY PASS — replay reproduced 1 steps and the full trace chain bit-for-bit
== /home/user/Ranger3143/labs/logs/safe/SAFE-05/op12k_p0control/op12k/f/fw/receipts/q25.s0.txt
receipt trace-chain 6d42f994b1e68c51
local   trace-chain 6d42f994b1e68c51
VERIFY PASS — replay reproduced 1 steps and the full trace chain bit-for-bit
== /home/user/Ranger3143/labs/logs/safe/SAFE-05/op12k_p0control/op12k/f/fw/receipts/q25.s1.txt
receipt trace-chain a416a401c8ba1576
local   trace-chain a416a401c8ba1576
VERIFY PASS — replay reproduced 1 steps and the full trace chain bit-for-bit
== /home/user/Ranger3143/labs/logs/safe/SAFE-05/op12k_p0control/op12k/f/fw/receipts/q26.s0.txt
receipt trace-chain 373ca3e627aad529
local   trace-chain 373ca3e627aad529
VERIFY PASS — replay reproduced 1 steps and the full trace chain bit-for-bit
== /home/user/Ranger3143/labs/logs/safe/SAFE-05/op12k_p0control/op12k/f/fw/receipts/q26.s1.txt
receipt trace-chain 6f5474e8bc596057
local   trace-chain 6f5474e8bc596057
VERIFY PASS — replay reproduced 1 steps and the full trace chain bit-for-bit
== /home/user/Ranger3143/labs/logs/safe/SAFE-05/op12k_p0control/op12k/f/fw/receipts/q27.s0.txt
receipt trace-chain 4b5a4efb3683f273
local   trace-chain 4b5a4efb3683f273
VERIFY PASS — replay reproduced 1 steps and the full trace chain bit-for-bit
== /home/user/Ranger3143/labs/logs/safe/SAFE-05/op12k_p0control/op12k/f/fw/receipts/q27.s1.txt
receipt trace-chain 6a3069c61156e36f
local   trace-chain 6a3069c61156e36f
VERIFY PASS — replay reproduced 1 steps and the full trace chain bit-for-bit
== /home/user/Ranger3143/labs/logs/safe/SAFE-05/op12k_p0control/op12k/f/fw/receipts/q28.s0.txt
receipt trace-chain deb6191dbaa6d13e
local   trace-chain deb6191dbaa6d13e
VERIFY PASS — replay reproduced 1 steps and the full trace chain bit-for-bit
== /home/user/Ranger3143/labs/logs/safe/SAFE-05/op12k_p0control/op12k/f/fw/receipts/q28.s1.txt
receipt trace-chain 4a792c4759baf4d4
local   trace-chain 4a792c4759baf4d4
VERIFY PASS — replay reproduced 1 steps and the full trace chain bit-for-bit
== /home/user/Ranger3143/labs/logs/safe/SAFE-05/op12k_p0control/op12k/f/fw/receipts/q29.s0.txt
receipt trace-chain cc5222dfa5272086
local   trace-chain cc5222dfa5272086
VERIFY PASS — replay reproduced 1 steps and the full trace chain bit-for-bit
== /home/user/Ranger3143/labs/logs/safe/SAFE-05/op12k_p0control/op12k/f/fw/receipts/q29.s1.txt
receipt trace-chain caa29e817188ae6a
local   trace-chain caa29e817188ae6a
VERIFY PASS — replay reproduced 1 steps and the full trace chain bit-for-bit
== /home/user/Ranger3143/labs/logs/safe/SAFE-05/op12k_p0control/op12k/f/fw/receipts/q30.s0.txt
receipt trace-chain d7efe4f68e599c86
local   trace-chain d7efe4f68e599c86
VERIFY PASS — replay reproduced 1 steps and the full trace chain bit-for-bit
== /home/user/Ranger3143/labs/logs/safe/SAFE-05/op12k_p0control/op12k/f/fw/receipts/q30.s1.txt
receipt trace-chain 911ddc3d27c43c12
local   trace-chain 911ddc3d27c43c12
VERIFY PASS — replay reproduced 1 steps and the full trace chain bit-for-bit
SUMMARY pass=60 fail=0
