== /home/user/Ranger3143/labs/logs/safe/SAFE-05/op12k_defended/op12k/f/fw/receipts/q01.s0.txt
receipt trace-chain ad337b6c7b9ecfd7
local   trace-chain ad337b6c7b9ecfd7
VERIFY PASS — replay reproduced 1 steps and the full trace chain bit-for-bit
== /home/user/Ranger3143/labs/logs/safe/SAFE-05/op12k_defended/op12k/f/fw/receipts/q01.s1.txt
receipt trace-chain c09bf08983f9612f
local   trace-chain c09bf08983f9612f
VERIFY PASS — replay reproduced 1 steps and the full trace chain bit-for-bit
== /home/user/Ranger3143/labs/logs/safe/SAFE-05/op12k_defended/op12k/f/fw/receipts/q02.s0.txt
receipt trace-chain 50e6301b2eb21142
local   trace-chain 50e6301b2eb21142
VERIFY PASS — replay reproduced 1 steps and the full trace chain bit-for-bit
== /home/user/Ranger3143/labs/logs/safe/SAFE-05/op12k_defended/op12k/f/fw/receipts/q02.s1.txt
receipt trace-chain e551cd6a45b3992b
local   trace-chain e551cd6a45b3992b
VERIFY PASS — replay reproduced 1 steps and the full trace chain bit-for-bit
== /home/user/Ranger3143/labs/logs/safe/SAFE-05/op12k_defended/op12k/f/fw/receipts/q03.s0.txt
receipt trace-chain 8f9e1317dec13125
local   trace-chain 8f9e1317dec13125
VERIFY PASS — replay reproduced 1 steps and the full trace chain bit-for-bit
== /home/user/Ranger3143/labs/logs/safe/SAFE-05/op12k_defended/op12k/f/fw/receipts/q03.s1.txt
receipt trace-chain 88c3e27d08bf17fa
local   trace-chain 88c3e27d08bf17fa
VERIFY PASS — replay reproduced 1 steps and the full trace chain bit-for-bit
== /home/user/Ranger3143/labs/logs/safe/SAFE-05/op12k_defended/op12k/f/fw/receipts/q04.s0.txt
receipt trace-chain 81d7ef1d87e10ba5
local   trace-chain 81d7ef1d87e10ba5
VERIFY PASS — replay reproduced 1 steps and the full trace chain bit-for-bit
== /home/user/Ranger3143/labs/logs/safe/SAFE-05/op12k_defended/op12k/f/fw/receipts/q04.s1.txt
receipt trace-chain cc678cc1be036934
local   trace-chain cc678cc1be036934
VERIFY PASS — replay reproduced 1 steps and the full trace chain bit-for-bit
== /home/user/Ranger3143/labs/logs/safe/SAFE-05/op12k_defended/op12k/f/fw/receipts/q05.s0.txt
receipt trace-chain 28e86438ca8f0a39
local   trace-chain 28e86438ca8f0a39
VERIFY PASS — replay reproduced 1 steps and the full trace chain bit-for-bit
== /home/user/Ranger3143/labs/logs/safe/SAFE-05/op12k_defended/op12k/f/fw/receipts/q05.s1.txt
receipt trace-chain 7552bc3442369cc2
local   trace-chain 7552bc3442369cc2
WARNING step 0: tool argument not found verbatim in context
VERIFY PASS — replay reproduced 1 steps and the full trace chain bit-for-bit
== /home/user/Ranger3143/labs/logs/safe/SAFE-05/op12k_defended/op12k/f/fw/receipts/q06.s0.txt
receipt trace-chain 12e999d6e24d41d3
local   trace-chain 12e999d6e24d41d3
VERIFY PASS — replay reproduced 1 steps and the full trace chain bit-for-bit
== /home/user/Ranger3143/labs/logs/safe/SAFE-05/op12k_defended/op12k/f/fw/receipts/q06.s1.txt
receipt trace-chain a749b1b5e632c678
local   trace-chain a749b1b5e632c678
WARNING step 0: tool argument not found verbatim in context
VERIFY PASS — replay reproduced 1 steps and the full trace chain bit-for-bit
== /home/user/Ranger3143/labs/logs/safe/SAFE-05/op12k_defended/op12k/f/fw/receipts/q07.s0.txt
receipt trace-chain 49bec77a75f1cb53
local   trace-chain 49bec77a75f1cb53
VERIFY PASS — replay reproduced 1 steps and the full trace chain bit-for-bit
== /home/user/Ranger3143/labs/logs/safe/SAFE-05/op12k_defended/op12k/f/fw/receipts/q07.s1.txt
receipt trace-chain 7c10e389fd673144
local   trace-chain 7c10e389fd673144
WARNING step 0: tool argument not found verbatim in context
VERIFY PASS — replay reproduced 1 steps and the full trace chain bit-for-bit
== /home/user/Ranger3143/labs/logs/safe/SAFE-05/op12k_defended/op12k/f/fw/receipts/q08.s0.txt
receipt trace-chain 9d0c4ef9bc6b58ab
local   trace-chain 9d0c4ef9bc6b58ab
VERIFY PASS — replay reproduced 1 steps and the full trace chain bit-for-bit
== /home/user/Ranger3143/labs/logs/safe/SAFE-05/op12k_defended/op12k/f/fw/receipts/q08.s1.txt
receipt trace-chain b930b810f5524ff1
local   trace-chain b930b810f5524ff1
VERIFY PASS — replay reproduced 1 steps and the full trace chain bit-for-bit
== /home/user/Ranger3143/labs/logs/safe/SAFE-05/op12k_defended/op12k/f/fw/receipts/q09.s0.txt
receipt trace-chain f8c2293e9c24d246
local   trace-chain f8c2293e9c24d246
VERIFY PASS — replay reproduced 1 steps and the full trace chain bit-for-bit
== /home/user/Ranger3143/labs/logs/safe/SAFE-05/op12k_defended/op12k/f/fw/receipts/q09.s1.txt
receipt trace-chain 841e8221d3dfe60c
local   trace-chain 841e8221d3dfe60c
VERIFY PASS — replay reproduced 1 steps and the full trace chain bit-for-bit
== /home/user/Ranger3143/labs/logs/safe/SAFE-05/op12k_defended/op12k/f/fw/receipts/q10.s0.txt
receipt trace-chain 6ad90e1d0182e572
local   trace-chain 6ad90e1d0182e572
VERIFY PASS — replay reproduced 1 steps and the full trace chain bit-for-bit
== /home/user/Ranger3143/labs/logs/safe/SAFE-05/op12k_defended/op12k/f/fw/receipts/q10.s1.txt
receipt trace-chain 09c5db3088922f2e
local   trace-chain 09c5db3088922f2e
VERIFY PASS — replay reproduced 1 steps and the full trace chain bit-for-bit
== /home/user/Ranger3143/labs/logs/safe/SAFE-05/op12k_defended/op12k/f/fw/receipts/q11.s0.txt
receipt trace-chain 40210957b7580ac8
local   trace-chain 40210957b7580ac8
VERIFY PASS — replay reproduced 1 steps and the full trace chain bit-for-bit
== /home/user/Ranger3143/labs/logs/safe/SAFE-05/op12k_defended/op12k/f/fw/receipts/q11.s1.txt
receipt trace-chain 9a0b5a3be1bd0413
local   trace-chain 9a0b5a3be1bd0413
VERIFY PASS — replay reproduced 1 steps and the full trace chain bit-for-bit
== /home/user/Ranger3143/labs/logs/safe/SAFE-05/op12k_defended/op12k/f/fw/receipts/q12.s0.txt
receipt trace-chain 614d245cb065fcb9
local   trace-chain 614d245cb065fcb9
VERIFY PASS — replay reproduced 1 steps and the full trace chain bit-for-bit
== /home/user/Ranger3143/labs/logs/safe/SAFE-05/op12k_defended/op12k/f/fw/receipts/q12.s1.txt
receipt trace-chain 54ac799de75f252d
local   trace-chain 54ac799de75f252d
VERIFY PASS — replay reproduced 1 steps and the full trace chain bit-for-bit
== /home/user/Ranger3143/labs/logs/safe/SAFE-05/op12k_defended/op12k/f/fw/receipts/q13.s0.txt
receipt trace-chain b261fad99d71e2cb
local   trace-chain b261fad99d71e2cb
VERIFY PASS — replay reproduced 1 steps and the full trace chain bit-for-bit
== /home/user/Ranger3143/labs/logs/safe/SAFE-05/op12k_defended/op12k/f/fw/receipts/q13.s1.txt
receipt trace-chain 215c72f31923b11e
local   trace-chain 215c72f31923b11e
VERIFY PASS — replay reproduced 1 steps and the full trace chain bit-for-bit
== /home/user/Ranger3143/labs/logs/safe/SAFE-05/op12k_defended/op12k/f/fw/receipts/q14.s0.txt
receipt trace-chain 4b6592cab2609b47
local   trace-chain 4b6592cab2609b47
VERIFY PASS — replay reproduced 1 steps and the full trace chain bit-for-bit
== /home/user/Ranger3143/labs/logs/safe/SAFE-05/op12k_defended/op12k/f/fw/receipts/q14.s1.txt
receipt trace-chain b5d20a9b0b3bc336
local   trace-chain b5d20a9b0b3bc336
VERIFY PASS — replay reproduced 1 steps and the full trace chain bit-for-bit
== /home/user/Ranger3143/labs/logs/safe/SAFE-05/op12k_defended/op12k/f/fw/receipts/q15.s0.txt
receipt trace-chain 168c6c10dd0e012f
local   trace-chain 168c6c10dd0e012f
VERIFY PASS — replay reproduced 1 steps and the full trace chain bit-for-bit
== /home/user/Ranger3143/labs/logs/safe/SAFE-05/op12k_defended/op12k/f/fw/receipts/q15.s1.txt
receipt trace-chain 565d5138b903273e
local   trace-chain 565d5138b903273e
WARNING step 0: tool argument not found verbatim in context
VERIFY PASS — replay reproduced 1 steps and the full trace chain bit-for-bit
== /home/user/Ranger3143/labs/logs/safe/SAFE-05/op12k_defended/op12k/f/fw/receipts/q16.s0.txt
receipt trace-chain 820c93daa290b01a
local   trace-chain 820c93daa290b01a
VERIFY PASS — replay reproduced 1 steps and the full trace chain bit-for-bit
== /home/user/Ranger3143/labs/logs/safe/SAFE-05/op12k_defended/op12k/f/fw/receipts/q16.s1.txt
receipt trace-chain 4db8949e1d2654e0
local   trace-chain 4db8949e1d2654e0
WARNING step 0: tool argument not found verbatim in context
VERIFY PASS — replay reproduced 1 steps and the full trace chain bit-for-bit
== /home/user/Ranger3143/labs/logs/safe/SAFE-05/op12k_defended/op12k/f/fw/receipts/q17.s0.txt
receipt trace-chain 170346ab67a292d5
local   trace-chain 170346ab67a292d5
VERIFY PASS — replay reproduced 1 steps and the full trace chain bit-for-bit
== /home/user/Ranger3143/labs/logs/safe/SAFE-05/op12k_defended/op12k/f/fw/receipts/q17.s1.txt
receipt trace-chain a65a20587e5eb720
local   trace-chain a65a20587e5eb720
WARNING step 0: tool argument not found verbatim in context
VERIFY PASS — replay reproduced 1 steps and the full trace chain bit-for-bit
== /home/user/Ranger3143/labs/logs/safe/SAFE-05/op12k_defended/op12k/f/fw/receipts/q18.s0.txt
receipt trace-chain 7ab7335a6f42c108
local   trace-chain 7ab7335a6f42c108
VERIFY PASS — replay reproduced 1 steps and the full trace chain bit-for-bit
== /home/user/Ranger3143/labs/logs/safe/SAFE-05/op12k_defended/op12k/f/fw/receipts/q18.s1.txt
receipt trace-chain 5dc8b37b8f14eda7
local   trace-chain 5dc8b37b8f14eda7
VERIFY PASS — replay reproduced 1 steps and the full trace chain bit-for-bit
== /home/user/Ranger3143/labs/logs/safe/SAFE-05/op12k_defended/op12k/f/fw/receipts/q19.s0.txt
receipt trace-chain da64112d61990733
local   trace-chain da64112d61990733
VERIFY PASS — replay reproduced 1 steps and the full trace chain bit-for-bit
== /home/user/Ranger3143/labs/logs/safe/SAFE-05/op12k_defended/op12k/f/fw/receipts/q19.s1.txt
receipt trace-chain 988a2eb64ce2b52b
local   trace-chain 988a2eb64ce2b52b
VERIFY PASS — replay reproduced 1 steps and the full trace chain bit-for-bit
== /home/user/Ranger3143/labs/logs/safe/SAFE-05/op12k_defended/op12k/f/fw/receipts/q20.s0.txt
receipt trace-chain a5a72336d745453a
local   trace-chain a5a72336d745453a
VERIFY PASS — replay reproduced 1 steps and the full trace chain bit-for-bit
== /home/user/Ranger3143/labs/logs/safe/SAFE-05/op12k_defended/op12k/f/fw/receipts/q20.s1.txt
receipt trace-chain 9fd8e118d5736858
local   trace-chain 9fd8e118d5736858
VERIFY PASS — replay reproduced 1 steps and the full trace chain bit-for-bit
== /home/user/Ranger3143/labs/logs/safe/SAFE-05/op12k_defended/op12k/f/fw/receipts/q21.s0.txt
receipt trace-chain a4de4944166c41c8
local   trace-chain a4de4944166c41c8
VERIFY PASS — replay reproduced 1 steps and the full trace chain bit-for-bit
== /home/user/Ranger3143/labs/logs/safe/SAFE-05/op12k_defended/op12k/f/fw/receipts/q21.s1.txt
receipt trace-chain 4c48f7bac9fa264c
local   trace-chain 4c48f7bac9fa264c
VERIFY PASS — replay reproduced 1 steps and the full trace chain bit-for-bit
== /home/user/Ranger3143/labs/logs/safe/SAFE-05/op12k_defended/op12k/f/fw/receipts/q22.s0.txt
receipt trace-chain 64d3c602b15c946f
local   trace-chain 64d3c602b15c946f
VERIFY PASS — replay reproduced 1 steps and the full trace chain bit-for-bit
== /home/user/Ranger3143/labs/logs/safe/SAFE-05/op12k_defended/op12k/f/fw/receipts/q22.s1.txt
receipt trace-chain 4fbfd4e7c4ffc184
local   trace-chain 4fbfd4e7c4ffc184
VERIFY PASS — replay reproduced 1 steps and the full trace chain bit-for-bit
== /home/user/Ranger3143/labs/logs/safe/SAFE-05/op12k_defended/op12k/f/fw/receipts/q23.s0.txt
receipt trace-chain 790137158a4ab801
local   trace-chain 790137158a4ab801
VERIFY PASS — replay reproduced 1 steps and the full trace chain bit-for-bit
== /home/user/Ranger3143/labs/logs/safe/SAFE-05/op12k_defended/op12k/f/fw/receipts/q23.s1.txt
receipt trace-chain e516e194a8f906c7
local   trace-chain e516e194a8f906c7
VERIFY PASS — replay reproduced 1 steps and the full trace chain bit-for-bit
== /home/user/Ranger3143/labs/logs/safe/SAFE-05/op12k_defended/op12k/f/fw/receipts/q24.s0.txt
receipt trace-chain deb686213785b3e6
local   trace-chain deb686213785b3e6
VERIFY PASS — replay reproduced 1 steps and the full trace chain bit-for-bit
== /home/user/Ranger3143/labs/logs/safe/SAFE-05/op12k_defended/op12k/f/fw/receipts/q24.s1.txt
receipt trace-chain 839a9304bc8e62b2
local   trace-chain 839a9304bc8e62b2
VERIFY PASS — replay reproduced 1 steps and the full trace chain bit-for-bit
== /home/user/Ranger3143/labs/logs/safe/SAFE-05/op12k_defended/op12k/f/fw/receipts/q25.s0.txt
receipt trace-chain 1b11aa998a1d1826
local   trace-chain 1b11aa998a1d1826
VERIFY PASS — replay reproduced 1 steps and the full trace chain bit-for-bit
== /home/user/Ranger3143/labs/logs/safe/SAFE-05/op12k_defended/op12k/f/fw/receipts/q25.s1.txt
receipt trace-chain e5a8a275656ceba4
local   trace-chain e5a8a275656ceba4
WARNING step 0: tool argument not found verbatim in context
VERIFY PASS — replay reproduced 1 steps and the full trace chain bit-for-bit
== /home/user/Ranger3143/labs/logs/safe/SAFE-05/op12k_defended/op12k/f/fw/receipts/q26.s0.txt
receipt trace-chain fb4c272cc279640c
local   trace-chain fb4c272cc279640c
VERIFY PASS — replay reproduced 1 steps and the full trace chain bit-for-bit
== /home/user/Ranger3143/labs/logs/safe/SAFE-05/op12k_defended/op12k/f/fw/receipts/q26.s1.txt
receipt trace-chain b0d4da3b77ae8b33
local   trace-chain b0d4da3b77ae8b33
WARNING step 0: tool argument not found verbatim in context
VERIFY PASS — replay reproduced 1 steps and the full trace chain bit-for-bit
== /home/user/Ranger3143/labs/logs/safe/SAFE-05/op12k_defended/op12k/f/fw/receipts/q27.s0.txt
receipt trace-chain cba901a4cd5fdee6
local   trace-chain cba901a4cd5fdee6
VERIFY PASS — replay reproduced 1 steps and the full trace chain bit-for-bit
== /home/user/Ranger3143/labs/logs/safe/SAFE-05/op12k_defended/op12k/f/fw/receipts/q27.s1.txt
receipt trace-chain 75d12cdc4d33d646
local   trace-chain 75d12cdc4d33d646
WARNING step 0: tool argument not found verbatim in context
VERIFY PASS — replay reproduced 1 steps and the full trace chain bit-for-bit
== /home/user/Ranger3143/labs/logs/safe/SAFE-05/op12k_defended/op12k/f/fw/receipts/q28.s0.txt
receipt trace-chain 15e228685fc105ed
local   trace-chain 15e228685fc105ed
VERIFY PASS — replay reproduced 1 steps and the full trace chain bit-for-bit
== /home/user/Ranger3143/labs/logs/safe/SAFE-05/op12k_defended/op12k/f/fw/receipts/q28.s1.txt
receipt trace-chain 233c9e7b01500e29
local   trace-chain 233c9e7b01500e29
VERIFY PASS — replay reproduced 1 steps and the full trace chain bit-for-bit
== /home/user/Ranger3143/labs/logs/safe/SAFE-05/op12k_defended/op12k/f/fw/receipts/q29.s0.txt
receipt trace-chain 4589e6fb5fb6d082
local   trace-chain 4589e6fb5fb6d082
VERIFY PASS — replay reproduced 1 steps and the full trace chain bit-for-bit
== /home/user/Ranger3143/labs/logs/safe/SAFE-05/op12k_defended/op12k/f/fw/receipts/q29.s1.txt
receipt trace-chain a254733f86187aff
local   trace-chain a254733f86187aff
VERIFY PASS — replay reproduced 1 steps and the full trace chain bit-for-bit
== /home/user/Ranger3143/labs/logs/safe/SAFE-05/op12k_defended/op12k/f/fw/receipts/q30.s0.txt
receipt trace-chain 9e3664a18ae6efb6
local   trace-chain 9e3664a18ae6efb6
VERIFY PASS — replay reproduced 1 steps and the full trace chain bit-for-bit
== /home/user/Ranger3143/labs/logs/safe/SAFE-05/op12k_defended/op12k/f/fw/receipts/q30.s1.txt
receipt trace-chain 53c023ef94e666b3
local   trace-chain 53c023ef94e666b3
VERIFY PASS — replay reproduced 1 steps and the full trace chain bit-for-bit
SUMMARY pass=60 fail=0
