== /home/user/Ranger3143/labs/logs/safe/SAFE-05/op12k_defended/op12k/0/fw/receipts/q01.s0.txt
receipt trace-chain 88103b5866ea46a8
local   trace-chain 88103b5866ea46a8
VERIFY PASS — replay reproduced 1 steps and the full trace chain bit-for-bit
== /home/user/Ranger3143/labs/logs/safe/SAFE-05/op12k_defended/op12k/0/fw/receipts/q01.s1.txt
receipt trace-chain 3a868efe5f77ae36
local   trace-chain 3a868efe5f77ae36
VERIFY PASS — replay reproduced 1 steps and the full trace chain bit-for-bit
== /home/user/Ranger3143/labs/logs/safe/SAFE-05/op12k_defended/op12k/0/fw/receipts/q02.s0.txt
receipt trace-chain c33fca9834439b51
local   trace-chain c33fca9834439b51
VERIFY PASS — replay reproduced 1 steps and the full trace chain bit-for-bit
== /home/user/Ranger3143/labs/logs/safe/SAFE-05/op12k_defended/op12k/0/fw/receipts/q02.s1.txt
receipt trace-chain ac8fb73b4a3f02b7
local   trace-chain ac8fb73b4a3f02b7
VERIFY PASS — replay reproduced 1 steps and the full trace chain bit-for-bit
== /home/user/Ranger3143/labs/logs/safe/SAFE-05/op12k_defended/op12k/0/fw/receipts/q03.s0.txt
receipt trace-chain 31ad80160fad6e5a
local   trace-chain 31ad80160fad6e5a
VERIFY PASS — replay reproduced 1 steps and the full trace chain bit-for-bit
== /home/user/Ranger3143/labs/logs/safe/SAFE-05/op12k_defended/op12k/0/fw/receipts/q03.s1.txt
receipt trace-chain ea1025edb9fe927e
local   trace-chain ea1025edb9fe927e
VERIFY PASS — replay reproduced 1 steps and the full trace chain bit-for-bit
== /home/user/Ranger3143/labs/logs/safe/SAFE-05/op12k_defended/op12k/0/fw/receipts/q04.s0.txt
receipt trace-chain 80e1f23a588f2409
local   trace-chain 80e1f23a588f2409
VERIFY PASS — replay reproduced 1 steps and the full trace chain bit-for-bit
== /home/user/Ranger3143/labs/logs/safe/SAFE-05/op12k_defended/op12k/0/fw/receipts/q04.s1.txt
receipt trace-chain 2637a1d275021558
local   trace-chain 2637a1d275021558
VERIFY PASS — replay reproduced 1 steps and the full trace chain bit-for-bit
== /home/user/Ranger3143/labs/logs/safe/SAFE-05/op12k_defended/op12k/0/fw/receipts/q05.s0.txt
receipt trace-chain c1206b05ef8618c1
local   trace-chain c1206b05ef8618c1
VERIFY PASS — replay reproduced 1 steps and the full trace chain bit-for-bit
== /home/user/Ranger3143/labs/logs/safe/SAFE-05/op12k_defended/op12k/0/fw/receipts/q05.s1.txt
receipt trace-chain 7b2c16a24228113b
local   trace-chain 7b2c16a24228113b
VERIFY PASS — replay reproduced 1 steps and the full trace chain bit-for-bit
== /home/user/Ranger3143/labs/logs/safe/SAFE-05/op12k_defended/op12k/0/fw/receipts/q06.s0.txt
receipt trace-chain c975a9c1c63c18d1
local   trace-chain c975a9c1c63c18d1
VERIFY PASS — replay reproduced 1 steps and the full trace chain bit-for-bit
== /home/user/Ranger3143/labs/logs/safe/SAFE-05/op12k_defended/op12k/0/fw/receipts/q06.s1.txt
receipt trace-chain 3c4c1003e4b9e356
local   trace-chain 3c4c1003e4b9e356
VERIFY PASS — replay reproduced 1 steps and the full trace chain bit-for-bit
== /home/user/Ranger3143/labs/logs/safe/SAFE-05/op12k_defended/op12k/0/fw/receipts/q07.s0.txt
receipt trace-chain aba715dd365db684
local   trace-chain aba715dd365db684
VERIFY PASS — replay reproduced 1 steps and the full trace chain bit-for-bit
== /home/user/Ranger3143/labs/logs/safe/SAFE-05/op12k_defended/op12k/0/fw/receipts/q07.s1.txt
receipt trace-chain a3f6048aa930b4ec
local   trace-chain a3f6048aa930b4ec
VERIFY PASS — replay reproduced 1 steps and the full trace chain bit-for-bit
== /home/user/Ranger3143/labs/logs/safe/SAFE-05/op12k_defended/op12k/0/fw/receipts/q08.s0.txt
receipt trace-chain 7c501b4810d1cb1c
local   trace-chain 7c501b4810d1cb1c
VERIFY PASS — replay reproduced 1 steps and the full trace chain bit-for-bit
== /home/user/Ranger3143/labs/logs/safe/SAFE-05/op12k_defended/op12k/0/fw/receipts/q08.s1.txt
receipt trace-chain 07eef029c1d54b10
local   trace-chain 07eef029c1d54b10
VERIFY PASS — replay reproduced 1 steps and the full trace chain bit-for-bit
== /home/user/Ranger3143/labs/logs/safe/SAFE-05/op12k_defended/op12k/0/fw/receipts/q09.s0.txt
receipt trace-chain 099fcae41517ad56
local   trace-chain 099fcae41517ad56
VERIFY PASS — replay reproduced 1 steps and the full trace chain bit-for-bit
== /home/user/Ranger3143/labs/logs/safe/SAFE-05/op12k_defended/op12k/0/fw/receipts/q09.s1.txt
receipt trace-chain 0fcf2d36c8a4caeb
local   trace-chain 0fcf2d36c8a4caeb
VERIFY PASS — replay reproduced 1 steps and the full trace chain bit-for-bit
== /home/user/Ranger3143/labs/logs/safe/SAFE-05/op12k_defended/op12k/0/fw/receipts/q10.s0.txt
receipt trace-chain 449dc519b7e22b2c
local   trace-chain 449dc519b7e22b2c
VERIFY PASS — replay reproduced 1 steps and the full trace chain bit-for-bit
== /home/user/Ranger3143/labs/logs/safe/SAFE-05/op12k_defended/op12k/0/fw/receipts/q10.s1.txt
receipt trace-chain 4d38b9a48185e45d
local   trace-chain 4d38b9a48185e45d
VERIFY PASS — replay reproduced 1 steps and the full trace chain bit-for-bit
== /home/user/Ranger3143/labs/logs/safe/SAFE-05/op12k_defended/op12k/0/fw/receipts/q11.s0.txt
receipt trace-chain 33ecb57df135bbfd
local   trace-chain 33ecb57df135bbfd
VERIFY PASS — replay reproduced 1 steps and the full trace chain bit-for-bit
== /home/user/Ranger3143/labs/logs/safe/SAFE-05/op12k_defended/op12k/0/fw/receipts/q11.s1.txt
receipt trace-chain def5d329e8ed17f6
local   trace-chain def5d329e8ed17f6
VERIFY PASS — replay reproduced 1 steps and the full trace chain bit-for-bit
== /home/user/Ranger3143/labs/logs/safe/SAFE-05/op12k_defended/op12k/0/fw/receipts/q12.s0.txt
receipt trace-chain 47fbec185a0c11bf
local   trace-chain 47fbec185a0c11bf
VERIFY PASS — replay reproduced 1 steps and the full trace chain bit-for-bit
== /home/user/Ranger3143/labs/logs/safe/SAFE-05/op12k_defended/op12k/0/fw/receipts/q12.s1.txt
receipt trace-chain a6d791936982ae88
local   trace-chain a6d791936982ae88
VERIFY PASS — replay reproduced 1 steps and the full trace chain bit-for-bit
== /home/user/Ranger3143/labs/logs/safe/SAFE-05/op12k_defended/op12k/0/fw/receipts/q13.s0.txt
receipt trace-chain 68b1441b7d5f67fb
local   trace-chain 68b1441b7d5f67fb
VERIFY PASS — replay reproduced 1 steps and the full trace chain bit-for-bit
== /home/user/Ranger3143/labs/logs/safe/SAFE-05/op12k_defended/op12k/0/fw/receipts/q13.s1.txt
receipt trace-chain d24d3fdcd0434931
local   trace-chain d24d3fdcd0434931
VERIFY PASS — replay reproduced 1 steps and the full trace chain bit-for-bit
== /home/user/Ranger3143/labs/logs/safe/SAFE-05/op12k_defended/op12k/0/fw/receipts/q14.s0.txt
receipt trace-chain e5980777f352ce0f
local   trace-chain e5980777f352ce0f
VERIFY PASS — replay reproduced 1 steps and the full trace chain bit-for-bit
== /home/user/Ranger3143/labs/logs/safe/SAFE-05/op12k_defended/op12k/0/fw/receipts/q14.s1.txt
receipt trace-chain c7eab13d6a627c5e
local   trace-chain c7eab13d6a627c5e
VERIFY PASS — replay reproduced 1 steps and the full trace chain bit-for-bit
== /home/user/Ranger3143/labs/logs/safe/SAFE-05/op12k_defended/op12k/0/fw/receipts/q15.s0.txt
receipt trace-chain c2443632f5035161
local   trace-chain c2443632f5035161
VERIFY PASS — replay reproduced 1 steps and the full trace chain bit-for-bit
== /home/user/Ranger3143/labs/logs/safe/SAFE-05/op12k_defended/op12k/0/fw/receipts/q15.s1.txt
receipt trace-chain b21c20e2cfebab09
local   trace-chain b21c20e2cfebab09
VERIFY PASS — replay reproduced 1 steps and the full trace chain bit-for-bit
== /home/user/Ranger3143/labs/logs/safe/SAFE-05/op12k_defended/op12k/0/fw/receipts/q16.s0.txt
receipt trace-chain 58ee453f2bfa02aa
local   trace-chain 58ee453f2bfa02aa
VERIFY PASS — replay reproduced 1 steps and the full trace chain bit-for-bit
== /home/user/Ranger3143/labs/logs/safe/SAFE-05/op12k_defended/op12k/0/fw/receipts/q16.s1.txt
receipt trace-chain 5651faac4871893d
local   trace-chain 5651faac4871893d
VERIFY PASS — replay reproduced 1 steps and the full trace chain bit-for-bit
== /home/user/Ranger3143/labs/logs/safe/SAFE-05/op12k_defended/op12k/0/fw/receipts/q17.s0.txt
receipt trace-chain ab0c02453a648732
local   trace-chain ab0c02453a648732
VERIFY PASS — replay reproduced 1 steps and the full trace chain bit-for-bit
== /home/user/Ranger3143/labs/logs/safe/SAFE-05/op12k_defended/op12k/0/fw/receipts/q17.s1.txt
receipt trace-chain ceb75f30bc6f49a3
local   trace-chain ceb75f30bc6f49a3
VERIFY PASS — replay reproduced 1 steps and the full trace chain bit-for-bit
== /home/user/Ranger3143/labs/logs/safe/SAFE-05/op12k_defended/op12k/0/fw/receipts/q18.s0.txt
receipt trace-chain d40b9192593c0f66
local   trace-chain d40b9192593c0f66
VERIFY PASS — replay reproduced 1 steps and the full trace chain bit-for-bit
== /home/user/Ranger3143/labs/logs/safe/SAFE-05/op12k_defended/op12k/0/fw/receipts/q18.s1.txt
receipt trace-chain 553115198829743b
local   trace-chain 553115198829743b
VERIFY PASS — replay reproduced 1 steps and the full trace chain bit-for-bit
== /home/user/Ranger3143/labs/logs/safe/SAFE-05/op12k_defended/op12k/0/fw/receipts/q19.s0.txt
receipt trace-chain 36772370e405027d
local   trace-chain 36772370e405027d
VERIFY PASS — replay reproduced 1 steps and the full trace chain bit-for-bit
== /home/user/Ranger3143/labs/logs/safe/SAFE-05/op12k_defended/op12k/0/fw/receipts/q19.s1.txt
receipt trace-chain 12c0db2a19ca7bcc
local   trace-chain 12c0db2a19ca7bcc
VERIFY PASS — replay reproduced 1 steps and the full trace chain bit-for-bit
== /home/user/Ranger3143/labs/logs/safe/SAFE-05/op12k_defended/op12k/0/fw/receipts/q20.s0.txt
receipt trace-chain 911ffba1da255b7d
local   trace-chain 911ffba1da255b7d
VERIFY PASS — replay reproduced 1 steps and the full trace chain bit-for-bit
== /home/user/Ranger3143/labs/logs/safe/SAFE-05/op12k_defended/op12k/0/fw/receipts/q20.s1.txt
receipt trace-chain 2fb5bf71f95772ac
local   trace-chain 2fb5bf71f95772ac
VERIFY PASS — replay reproduced 1 steps and the full trace chain bit-for-bit
== /home/user/Ranger3143/labs/logs/safe/SAFE-05/op12k_defended/op12k/0/fw/receipts/q21.s0.txt
receipt trace-chain 11308505b37d4bcd
local   trace-chain 11308505b37d4bcd
VERIFY PASS — replay reproduced 1 steps and the full trace chain bit-for-bit
== /home/user/Ranger3143/labs/logs/safe/SAFE-05/op12k_defended/op12k/0/fw/receipts/q21.s1.txt
receipt trace-chain 740c4b542f6b22ae
local   trace-chain 740c4b542f6b22ae
VERIFY PASS — replay reproduced 1 steps and the full trace chain bit-for-bit
== /home/user/Ranger3143/labs/logs/safe/SAFE-05/op12k_defended/op12k/0/fw/receipts/q22.s0.txt
receipt trace-chain 205e0232e840b385
local   trace-chain 205e0232e840b385
VERIFY PASS — replay reproduced 1 steps and the full trace chain bit-for-bit
== /home/user/Ranger3143/labs/logs/safe/SAFE-05/op12k_defended/op12k/0/fw/receipts/q22.s1.txt
receipt trace-chain 8a3ed472da9bc456
local   trace-chain 8a3ed472da9bc456
VERIFY PASS — replay reproduced 1 steps and the full trace chain bit-for-bit
== /home/user/Ranger3143/labs/logs/safe/SAFE-05/op12k_defended/op12k/0/fw/receipts/q23.s0.txt
receipt trace-chain b825dfcd187fe605
local   trace-chain b825dfcd187fe605
VERIFY PASS — replay reproduced 1 steps and the full trace chain bit-for-bit
== /home/user/Ranger3143/labs/logs/safe/SAFE-05/op12k_defended/op12k/0/fw/receipts/q23.s1.txt
receipt trace-chain b529277ee87fd3bf
local   trace-chain b529277ee87fd3bf
VERIFY PASS — replay reproduced 1 steps and the full trace chain bit-for-bit
== /home/user/Ranger3143/labs/logs/safe/SAFE-05/op12k_defended/op12k/0/fw/receipts/q24.s0.txt
receipt trace-chain c2181c0b78d91474
local   trace-chain c2181c0b78d91474
VERIFY PASS — replay reproduced 1 steps and the full trace chain bit-for-bit
== /home/user/Ranger3143/labs/logs/safe/SAFE-05/op12k_defended/op12k/0/fw/receipts/q24.s1.txt
receipt trace-chain 0c2cc786835da33f
local   trace-chain 0c2cc786835da33f
VERIFY PASS — replay reproduced 1 steps and the full trace chain bit-for-bit
== /home/user/Ranger3143/labs/logs/safe/SAFE-05/op12k_defended/op12k/0/fw/receipts/q25.s0.txt
receipt trace-chain b6b1bc68065adb12
local   trace-chain b6b1bc68065adb12
VERIFY PASS — replay reproduced 1 steps and the full trace chain bit-for-bit
== /home/user/Ranger3143/labs/logs/safe/SAFE-05/op12k_defended/op12k/0/fw/receipts/q25.s1.txt
receipt trace-chain 096628c2139ac2fe
local   trace-chain 096628c2139ac2fe
VERIFY PASS — replay reproduced 1 steps and the full trace chain bit-for-bit
== /home/user/Ranger3143/labs/logs/safe/SAFE-05/op12k_defended/op12k/0/fw/receipts/q26.s0.txt
receipt trace-chain e1cc381ad0814e09
local   trace-chain e1cc381ad0814e09
VERIFY PASS — replay reproduced 1 steps and the full trace chain bit-for-bit
== /home/user/Ranger3143/labs/logs/safe/SAFE-05/op12k_defended/op12k/0/fw/receipts/q26.s1.txt
receipt trace-chain 55ba6c2a02f279e4
local   trace-chain 55ba6c2a02f279e4
VERIFY PASS — replay reproduced 1 steps and the full trace chain bit-for-bit
== /home/user/Ranger3143/labs/logs/safe/SAFE-05/op12k_defended/op12k/0/fw/receipts/q27.s0.txt
receipt trace-chain 421cb21e5f6dbe6f
local   trace-chain 421cb21e5f6dbe6f
VERIFY PASS — replay reproduced 1 steps and the full trace chain bit-for-bit
== /home/user/Ranger3143/labs/logs/safe/SAFE-05/op12k_defended/op12k/0/fw/receipts/q27.s1.txt
receipt trace-chain 872736944c1d15ff
local   trace-chain 872736944c1d15ff
VERIFY PASS — replay reproduced 1 steps and the full trace chain bit-for-bit
== /home/user/Ranger3143/labs/logs/safe/SAFE-05/op12k_defended/op12k/0/fw/receipts/q28.s0.txt
receipt trace-chain 9dbdce9a86926053
local   trace-chain 9dbdce9a86926053
VERIFY PASS — replay reproduced 1 steps and the full trace chain bit-for-bit
== /home/user/Ranger3143/labs/logs/safe/SAFE-05/op12k_defended/op12k/0/fw/receipts/q28.s1.txt
receipt trace-chain 9e64553ff77f21b1
local   trace-chain 9e64553ff77f21b1
VERIFY PASS — replay reproduced 1 steps and the full trace chain bit-for-bit
== /home/user/Ranger3143/labs/logs/safe/SAFE-05/op12k_defended/op12k/0/fw/receipts/q29.s0.txt
receipt trace-chain e673d879a4b6ee70
local   trace-chain e673d879a4b6ee70
VERIFY PASS — replay reproduced 1 steps and the full trace chain bit-for-bit
== /home/user/Ranger3143/labs/logs/safe/SAFE-05/op12k_defended/op12k/0/fw/receipts/q29.s1.txt
receipt trace-chain 1a0774048be58160
local   trace-chain 1a0774048be58160
VERIFY PASS — replay reproduced 1 steps and the full trace chain bit-for-bit
== /home/user/Ranger3143/labs/logs/safe/SAFE-05/op12k_defended/op12k/0/fw/receipts/q30.s0.txt
receipt trace-chain f3fb5e99388c0ed2
local   trace-chain f3fb5e99388c0ed2
VERIFY PASS — replay reproduced 1 steps and the full trace chain bit-for-bit
== /home/user/Ranger3143/labs/logs/safe/SAFE-05/op12k_defended/op12k/0/fw/receipts/q30.s1.txt
receipt trace-chain 4fe0fd3acfdb181e
local   trace-chain 4fe0fd3acfdb181e
VERIFY PASS — replay reproduced 1 steps and the full trace chain bit-for-bit
SUMMARY pass=60 fail=0
