== /home/user/Ranger3143/labs/logs/safe/SAFE-05/op12k_defended/op12k/a/fw/receipts/q01.s0.txt
receipt trace-chain c7cecaf6ec7e8005
local   trace-chain c7cecaf6ec7e8005
VERIFY PASS — replay reproduced 1 steps and the full trace chain bit-for-bit
== /home/user/Ranger3143/labs/logs/safe/SAFE-05/op12k_defended/op12k/a/fw/receipts/q01.s1.txt
receipt trace-chain 66de99551f0f8c6a
local   trace-chain 66de99551f0f8c6a
VERIFY PASS — replay reproduced 1 steps and the full trace chain bit-for-bit
== /home/user/Ranger3143/labs/logs/safe/SAFE-05/op12k_defended/op12k/a/fw/receipts/q02.s0.txt
receipt trace-chain 6eb6905be5cd3ca5
local   trace-chain 6eb6905be5cd3ca5
VERIFY PASS — replay reproduced 1 steps and the full trace chain bit-for-bit
== /home/user/Ranger3143/labs/logs/safe/SAFE-05/op12k_defended/op12k/a/fw/receipts/q02.s1.txt
receipt trace-chain 918892bdde95d5fa
local   trace-chain 918892bdde95d5fa
VERIFY PASS — replay reproduced 1 steps and the full trace chain bit-for-bit
== /home/user/Ranger3143/labs/logs/safe/SAFE-05/op12k_defended/op12k/a/fw/receipts/q03.s0.txt
receipt trace-chain 1fcdd599978991a0
local   trace-chain 1fcdd599978991a0
VERIFY PASS — replay reproduced 1 steps and the full trace chain bit-for-bit
== /home/user/Ranger3143/labs/logs/safe/SAFE-05/op12k_defended/op12k/a/fw/receipts/q03.s1.txt
receipt trace-chain 16c787d9df2f007e
local   trace-chain 16c787d9df2f007e
VERIFY PASS — replay reproduced 1 steps and the full trace chain bit-for-bit
== /home/user/Ranger3143/labs/logs/safe/SAFE-05/op12k_defended/op12k/a/fw/receipts/q04.s0.txt
receipt trace-chain f5eee793ef39cfc1
local   trace-chain f5eee793ef39cfc1
VERIFY PASS — replay reproduced 1 steps and the full trace chain bit-for-bit
== /home/user/Ranger3143/labs/logs/safe/SAFE-05/op12k_defended/op12k/a/fw/receipts/q04.s1.txt
receipt trace-chain 2cfbc7326079a1f2
local   trace-chain 2cfbc7326079a1f2
VERIFY PASS — replay reproduced 1 steps and the full trace chain bit-for-bit
== /home/user/Ranger3143/labs/logs/safe/SAFE-05/op12k_defended/op12k/a/fw/receipts/q05.s0.txt
receipt trace-chain d40fbd25e95b1b6b
local   trace-chain d40fbd25e95b1b6b
VERIFY PASS — replay reproduced 1 steps and the full trace chain bit-for-bit
== /home/user/Ranger3143/labs/logs/safe/SAFE-05/op12k_defended/op12k/a/fw/receipts/q05.s1.txt
receipt trace-chain 079592a4811141a5
local   trace-chain 079592a4811141a5
VERIFY PASS — replay reproduced 1 steps and the full trace chain bit-for-bit
== /home/user/Ranger3143/labs/logs/safe/SAFE-05/op12k_defended/op12k/a/fw/receipts/q06.s0.txt
receipt trace-chain 6c02277f4724c673
local   trace-chain 6c02277f4724c673
VERIFY PASS — replay reproduced 1 steps and the full trace chain bit-for-bit
== /home/user/Ranger3143/labs/logs/safe/SAFE-05/op12k_defended/op12k/a/fw/receipts/q06.s1.txt
receipt trace-chain df306d3bfce6de8f
local   trace-chain df306d3bfce6de8f
VERIFY PASS — replay reproduced 1 steps and the full trace chain bit-for-bit
== /home/user/Ranger3143/labs/logs/safe/SAFE-05/op12k_defended/op12k/a/fw/receipts/q07.s0.txt
receipt trace-chain bda162fd784d1b33
local   trace-chain bda162fd784d1b33
VERIFY PASS — replay reproduced 1 steps and the full trace chain bit-for-bit
== /home/user/Ranger3143/labs/logs/safe/SAFE-05/op12k_defended/op12k/a/fw/receipts/q07.s1.txt
receipt trace-chain f726827342c3188f
local   trace-chain f726827342c3188f
VERIFY PASS — replay reproduced 1 steps and the full trace chain bit-for-bit
== /home/user/Ranger3143/labs/logs/safe/SAFE-05/op12k_defended/op12k/a/fw/receipts/q08.s0.txt
receipt trace-chain 04bdc456b2858874
local   trace-chain 04bdc456b2858874
VERIFY PASS — replay reproduced 1 steps and the full trace chain bit-for-bit
== /home/user/Ranger3143/labs/logs/safe/SAFE-05/op12k_defended/op12k/a/fw/receipts/q08.s1.txt
receipt trace-chain ae62446abb28c1fb
local   trace-chain ae62446abb28c1fb
VERIFY PASS — replay reproduced 1 steps and the full trace chain bit-for-bit
== /home/user/Ranger3143/labs/logs/safe/SAFE-05/op12k_defended/op12k/a/fw/receipts/q09.s0.txt
receipt trace-chain d3c833533d75dc23
local   trace-chain d3c833533d75dc23
VERIFY PASS — replay reproduced 1 steps and the full trace chain bit-for-bit
== /home/user/Ranger3143/labs/logs/safe/SAFE-05/op12k_defended/op12k/a/fw/receipts/q09.s1.txt
receipt trace-chain 92c3fac3db6c8e1c
local   trace-chain 92c3fac3db6c8e1c
VERIFY PASS — replay reproduced 1 steps and the full trace chain bit-for-bit
== /home/user/Ranger3143/labs/logs/safe/SAFE-05/op12k_defended/op12k/a/fw/receipts/q10.s0.txt
receipt trace-chain 2ad0f7c6c939da91
local   trace-chain 2ad0f7c6c939da91
VERIFY PASS — replay reproduced 1 steps and the full trace chain bit-for-bit
== /home/user/Ranger3143/labs/logs/safe/SAFE-05/op12k_defended/op12k/a/fw/receipts/q10.s1.txt
receipt trace-chain 7174a4ff5c2104ff
local   trace-chain 7174a4ff5c2104ff
VERIFY PASS — replay reproduced 1 steps and the full trace chain bit-for-bit
== /home/user/Ranger3143/labs/logs/safe/SAFE-05/op12k_defended/op12k/a/fw/receipts/q11.s0.txt
receipt trace-chain 50cdbf41f741750f
local   trace-chain 50cdbf41f741750f
VERIFY PASS — replay reproduced 1 steps and the full trace chain bit-for-bit
== /home/user/Ranger3143/labs/logs/safe/SAFE-05/op12k_defended/op12k/a/fw/receipts/q11.s1.txt
receipt trace-chain cf9a238ced9ae677
local   trace-chain cf9a238ced9ae677
VERIFY PASS — replay reproduced 1 steps and the full trace chain bit-for-bit
== /home/user/Ranger3143/labs/logs/safe/SAFE-05/op12k_defended/op12k/a/fw/receipts/q12.s0.txt
receipt trace-chain 1e24920bbf04f2b0
local   trace-chain 1e24920bbf04f2b0
VERIFY PASS — replay reproduced 1 steps and the full trace chain bit-for-bit
== /home/user/Ranger3143/labs/logs/safe/SAFE-05/op12k_defended/op12k/a/fw/receipts/q12.s1.txt
receipt trace-chain fd6448b8c854f968
local   trace-chain fd6448b8c854f968
VERIFY PASS — replay reproduced 1 steps and the full trace chain bit-for-bit
== /home/user/Ranger3143/labs/logs/safe/SAFE-05/op12k_defended/op12k/a/fw/receipts/q13.s0.txt
receipt trace-chain 6bea68ffbed6fc34
local   trace-chain 6bea68ffbed6fc34
VERIFY PASS — replay reproduced 1 steps and the full trace chain bit-for-bit
== /home/user/Ranger3143/labs/logs/safe/SAFE-05/op12k_defended/op12k/a/fw/receipts/q13.s1.txt
receipt trace-chain 6d6effe36830ad7c
local   trace-chain 6d6effe36830ad7c
VERIFY PASS — replay reproduced 1 steps and the full trace chain bit-for-bit
== /home/user/Ranger3143/labs/logs/safe/SAFE-05/op12k_defended/op12k/a/fw/receipts/q14.s0.txt
receipt trace-chain e738818fe5a345c9
local   trace-chain e738818fe5a345c9
VERIFY PASS — replay reproduced 1 steps and the full trace chain bit-for-bit
== /home/user/Ranger3143/labs/logs/safe/SAFE-05/op12k_defended/op12k/a/fw/receipts/q14.s1.txt
receipt trace-chain a7249d6e97d699f5
local   trace-chain a7249d6e97d699f5
VERIFY PASS — replay reproduced 1 steps and the full trace chain bit-for-bit
== /home/user/Ranger3143/labs/logs/safe/SAFE-05/op12k_defended/op12k/a/fw/receipts/q15.s0.txt
receipt trace-chain 87dd4b7e931df376
local   trace-chain 87dd4b7e931df376
VERIFY PASS — replay reproduced 1 steps and the full trace chain bit-for-bit
== /home/user/Ranger3143/labs/logs/safe/SAFE-05/op12k_defended/op12k/a/fw/receipts/q15.s1.txt
receipt trace-chain cad90bd3fd74a468
local   trace-chain cad90bd3fd74a468
VERIFY PASS — replay reproduced 1 steps and the full trace chain bit-for-bit
== /home/user/Ranger3143/labs/logs/safe/SAFE-05/op12k_defended/op12k/a/fw/receipts/q16.s0.txt
receipt trace-chain 320f04a8c35a474a
local   trace-chain 320f04a8c35a474a
VERIFY PASS — replay reproduced 1 steps and the full trace chain bit-for-bit
== /home/user/Ranger3143/labs/logs/safe/SAFE-05/op12k_defended/op12k/a/fw/receipts/q16.s1.txt
receipt trace-chain 307935ea983fc04c
local   trace-chain 307935ea983fc04c
VERIFY PASS — replay reproduced 1 steps and the full trace chain bit-for-bit
== /home/user/Ranger3143/labs/logs/safe/SAFE-05/op12k_defended/op12k/a/fw/receipts/q17.s0.txt
receipt trace-chain 0d9f7225f9b4d44e
local   trace-chain 0d9f7225f9b4d44e
VERIFY PASS — replay reproduced 1 steps and the full trace chain bit-for-bit
== /home/user/Ranger3143/labs/logs/safe/SAFE-05/op12k_defended/op12k/a/fw/receipts/q17.s1.txt
receipt trace-chain 791398dd2a1b2f22
local   trace-chain 791398dd2a1b2f22
VERIFY PASS — replay reproduced 1 steps and the full trace chain bit-for-bit
== /home/user/Ranger3143/labs/logs/safe/SAFE-05/op12k_defended/op12k/a/fw/receipts/q18.s0.txt
receipt trace-chain e6c1e069148bd33a
local   trace-chain e6c1e069148bd33a
VERIFY PASS — replay reproduced 1 steps and the full trace chain bit-for-bit
== /home/user/Ranger3143/labs/logs/safe/SAFE-05/op12k_defended/op12k/a/fw/receipts/q18.s1.txt
receipt trace-chain 566dc08c222b6ec0
local   trace-chain 566dc08c222b6ec0
VERIFY PASS — replay reproduced 1 steps and the full trace chain bit-for-bit
== /home/user/Ranger3143/labs/logs/safe/SAFE-05/op12k_defended/op12k/a/fw/receipts/q19.s0.txt
receipt trace-chain 30b309b46ab1bd02
local   trace-chain 30b309b46ab1bd02
VERIFY PASS — replay reproduced 1 steps and the full trace chain bit-for-bit
== /home/user/Ranger3143/labs/logs/safe/SAFE-05/op12k_defended/op12k/a/fw/receipts/q19.s1.txt
receipt trace-chain c29423579d06f215
local   trace-chain c29423579d06f215
VERIFY PASS — replay reproduced 1 steps and the full trace chain bit-for-bit
== /home/user/Ranger3143/labs/logs/safe/SAFE-05/op12k_defended/op12k/a/fw/receipts/q20.s0.txt
receipt trace-chain 50a1afbd5fc6ca4e
local   trace-chain 50a1afbd5fc6ca4e
VERIFY PASS — replay reproduced 1 steps and the full trace chain bit-for-bit
== /home/user/Ranger3143/labs/logs/safe/SAFE-05/op12k_defended/op12k/a/fw/receipts/q20.s1.txt
receipt trace-chain 0860ad80fea27030
local   trace-chain 0860ad80fea27030
VERIFY PASS — replay reproduced 1 steps and the full trace chain bit-for-bit
== /home/user/Ranger3143/labs/logs/safe/SAFE-05/op12k_defended/op12k/a/fw/receipts/q21.s0.txt
receipt trace-chain fa1378dc855fa2ac
local   trace-chain fa1378dc855fa2ac
VERIFY PASS — replay reproduced 1 steps and the full trace chain bit-for-bit
== /home/user/Ranger3143/labs/logs/safe/SAFE-05/op12k_defended/op12k/a/fw/receipts/q21.s1.txt
receipt trace-chain 1b0ba144b00ac5bd
local   trace-chain 1b0ba144b00ac5bd
VERIFY PASS — replay reproduced 1 steps and the full trace chain bit-for-bit
== /home/user/Ranger3143/labs/logs/safe/SAFE-05/op12k_defended/op12k/a/fw/receipts/q22.s0.txt
receipt trace-chain e3c99a925ff72d34
local   trace-chain e3c99a925ff72d34
VERIFY PASS — replay reproduced 1 steps and the full trace chain bit-for-bit
== /home/user/Ranger3143/labs/logs/safe/SAFE-05/op12k_defended/op12k/a/fw/receipts/q22.s1.txt
receipt trace-chain 92dc573b992f03b0
local   trace-chain 92dc573b992f03b0
VERIFY PASS — replay reproduced 1 steps and the full trace chain bit-for-bit
== /home/user/Ranger3143/labs/logs/safe/SAFE-05/op12k_defended/op12k/a/fw/receipts/q23.s0.txt
receipt trace-chain 8979c8206e02179e
local   trace-chain 8979c8206e02179e
VERIFY PASS — replay reproduced 1 steps and the full trace chain bit-for-bit
== /home/user/Ranger3143/labs/logs/safe/SAFE-05/op12k_defended/op12k/a/fw/receipts/q23.s1.txt
receipt trace-chain 57edec60d54b04fe
local   trace-chain 57edec60d54b04fe
VERIFY PASS — replay reproduced 1 steps and the full trace chain bit-for-bit
== /home/user/Ranger3143/labs/logs/safe/SAFE-05/op12k_defended/op12k/a/fw/receipts/q24.s0.txt
receipt trace-chain 5d08dfe771675136
local   trace-chain 5d08dfe771675136
VERIFY PASS — replay reproduced 1 steps and the full trace chain bit-for-bit
== /home/user/Ranger3143/labs/logs/safe/SAFE-05/op12k_defended/op12k/a/fw/receipts/q24.s1.txt
receipt trace-chain 45c12644f76b3065
local   trace-chain 45c12644f76b3065
VERIFY PASS — replay reproduced 1 steps and the full trace chain bit-for-bit
== /home/user/Ranger3143/labs/logs/safe/SAFE-05/op12k_defended/op12k/a/fw/receipts/q25.s0.txt
receipt trace-chain d4d6a773ba9b39e5
local   trace-chain d4d6a773ba9b39e5
VERIFY PASS — replay reproduced 1 steps and the full trace chain bit-for-bit
== /home/user/Ranger3143/labs/logs/safe/SAFE-05/op12k_defended/op12k/a/fw/receipts/q25.s1.txt
receipt trace-chain f344564740d828f1
local   trace-chain f344564740d828f1
VERIFY PASS — replay reproduced 1 steps and the full trace chain bit-for-bit
== /home/user/Ranger3143/labs/logs/safe/SAFE-05/op12k_defended/op12k/a/fw/receipts/q26.s0.txt
receipt trace-chain 24eb0d8e879be011
local   trace-chain 24eb0d8e879be011
VERIFY PASS — replay reproduced 1 steps and the full trace chain bit-for-bit
== /home/user/Ranger3143/labs/logs/safe/SAFE-05/op12k_defended/op12k/a/fw/receipts/q26.s1.txt
receipt trace-chain 266e2999c5299dff
local   trace-chain 266e2999c5299dff
VERIFY PASS — replay reproduced 1 steps and the full trace chain bit-for-bit
== /home/user/Ranger3143/labs/logs/safe/SAFE-05/op12k_defended/op12k/a/fw/receipts/q27.s0.txt
receipt trace-chain 0188b381265f0b32
local   trace-chain 0188b381265f0b32
VERIFY PASS — replay reproduced 1 steps and the full trace chain bit-for-bit
== /home/user/Ranger3143/labs/logs/safe/SAFE-05/op12k_defended/op12k/a/fw/receipts/q27.s1.txt
receipt trace-chain 8a7d1d6525991ab5
local   trace-chain 8a7d1d6525991ab5
VERIFY PASS — replay reproduced 1 steps and the full trace chain bit-for-bit
== /home/user/Ranger3143/labs/logs/safe/SAFE-05/op12k_defended/op12k/a/fw/receipts/q28.s0.txt
receipt trace-chain 4883d0727afe56da
local   trace-chain 4883d0727afe56da
VERIFY PASS — replay reproduced 1 steps and the full trace chain bit-for-bit
== /home/user/Ranger3143/labs/logs/safe/SAFE-05/op12k_defended/op12k/a/fw/receipts/q28.s1.txt
receipt trace-chain 5d1eb50013acbb80
local   trace-chain 5d1eb50013acbb80
VERIFY PASS — replay reproduced 1 steps and the full trace chain bit-for-bit
== /home/user/Ranger3143/labs/logs/safe/SAFE-05/op12k_defended/op12k/a/fw/receipts/q29.s0.txt
receipt trace-chain 3cd515bcaf0a7c9c
local   trace-chain 3cd515bcaf0a7c9c
VERIFY PASS — replay reproduced 1 steps and the full trace chain bit-for-bit
== /home/user/Ranger3143/labs/logs/safe/SAFE-05/op12k_defended/op12k/a/fw/receipts/q29.s1.txt
receipt trace-chain dd3d64580559f343
local   trace-chain dd3d64580559f343
VERIFY PASS — replay reproduced 1 steps and the full trace chain bit-for-bit
== /home/user/Ranger3143/labs/logs/safe/SAFE-05/op12k_defended/op12k/a/fw/receipts/q30.s0.txt
receipt trace-chain dc4b133e924008f1
local   trace-chain dc4b133e924008f1
VERIFY PASS — replay reproduced 1 steps and the full trace chain bit-for-bit
== /home/user/Ranger3143/labs/logs/safe/SAFE-05/op12k_defended/op12k/a/fw/receipts/q30.s1.txt
receipt trace-chain 7d064cd23637de02
local   trace-chain 7d064cd23637de02
VERIFY PASS — replay reproduced 1 steps and the full trace chain bit-for-bit
SUMMARY pass=60 fail=0
