== /home/user/Ranger3143/labs/logs/safe/SAFE-05/op12k_defused/op12k/0/fw/receipts/q01.s0.txt
receipt trace-chain b616c90be27aecf9
local   trace-chain b616c90be27aecf9
VERIFY PASS — replay reproduced 1 steps and the full trace chain bit-for-bit
== /home/user/Ranger3143/labs/logs/safe/SAFE-05/op12k_defused/op12k/0/fw/receipts/q01.s1.txt
receipt trace-chain bf90e8391cd4636b
local   trace-chain bf90e8391cd4636b
VERIFY PASS — replay reproduced 1 steps and the full trace chain bit-for-bit
== /home/user/Ranger3143/labs/logs/safe/SAFE-05/op12k_defused/op12k/0/fw/receipts/q02.s0.txt
receipt trace-chain 7ed3befc932c36fc
local   trace-chain 7ed3befc932c36fc
VERIFY PASS — replay reproduced 1 steps and the full trace chain bit-for-bit
== /home/user/Ranger3143/labs/logs/safe/SAFE-05/op12k_defused/op12k/0/fw/receipts/q02.s1.txt
receipt trace-chain 953248a5656c64ef
local   trace-chain 953248a5656c64ef
VERIFY PASS — replay reproduced 1 steps and the full trace chain bit-for-bit
== /home/user/Ranger3143/labs/logs/safe/SAFE-05/op12k_defused/op12k/0/fw/receipts/q03.s0.txt
receipt trace-chain 57c4f72b1783cc54
local   trace-chain 57c4f72b1783cc54
VERIFY PASS — replay reproduced 1 steps and the full trace chain bit-for-bit
== /home/user/Ranger3143/labs/logs/safe/SAFE-05/op12k_defused/op12k/0/fw/receipts/q03.s1.txt
receipt trace-chain 401cd56bd0d6fdf0
local   trace-chain 401cd56bd0d6fdf0
VERIFY PASS — replay reproduced 1 steps and the full trace chain bit-for-bit
== /home/user/Ranger3143/labs/logs/safe/SAFE-05/op12k_defused/op12k/0/fw/receipts/q04.s0.txt
receipt trace-chain e3f3179be9a80b1e
local   trace-chain e3f3179be9a80b1e
VERIFY PASS — replay reproduced 1 steps and the full trace chain bit-for-bit
== /home/user/Ranger3143/labs/logs/safe/SAFE-05/op12k_defused/op12k/0/fw/receipts/q04.s1.txt
receipt trace-chain 0b970f2ae051b6ad
local   trace-chain 0b970f2ae051b6ad
VERIFY PASS — replay reproduced 1 steps and the full trace chain bit-for-bit
== /home/user/Ranger3143/labs/logs/safe/SAFE-05/op12k_defused/op12k/0/fw/receipts/q05.s0.txt
receipt trace-chain cd81c89a77227e36
local   trace-chain cd81c89a77227e36
VERIFY PASS — replay reproduced 1 steps and the full trace chain bit-for-bit
== /home/user/Ranger3143/labs/logs/safe/SAFE-05/op12k_defused/op12k/0/fw/receipts/q05.s1.txt
receipt trace-chain fd880a0325ad3a86
local   trace-chain fd880a0325ad3a86
VERIFY PASS — replay reproduced 1 steps and the full trace chain bit-for-bit
== /home/user/Ranger3143/labs/logs/safe/SAFE-05/op12k_defused/op12k/0/fw/receipts/q06.s0.txt
receipt trace-chain b30104e83bdfaacc
local   trace-chain b30104e83bdfaacc
VERIFY PASS — replay reproduced 1 steps and the full trace chain bit-for-bit
== /home/user/Ranger3143/labs/logs/safe/SAFE-05/op12k_defused/op12k/0/fw/receipts/q06.s1.txt
receipt trace-chain 252d984bfaba79a3
local   trace-chain 252d984bfaba79a3
VERIFY PASS — replay reproduced 1 steps and the full trace chain bit-for-bit
== /home/user/Ranger3143/labs/logs/safe/SAFE-05/op12k_defused/op12k/0/fw/receipts/q07.s0.txt
receipt trace-chain 6cca2fb3b82e8e7c
local   trace-chain 6cca2fb3b82e8e7c
VERIFY PASS — replay reproduced 1 steps and the full trace chain bit-for-bit
== /home/user/Ranger3143/labs/logs/safe/SAFE-05/op12k_defused/op12k/0/fw/receipts/q07.s1.txt
receipt trace-chain 56af73e22ca56a97
local   trace-chain 56af73e22ca56a97
VERIFY PASS — replay reproduced 1 steps and the full trace chain bit-for-bit
== /home/user/Ranger3143/labs/logs/safe/SAFE-05/op12k_defused/op12k/0/fw/receipts/q08.s0.txt
receipt trace-chain 92f929b9ced91031
local   trace-chain 92f929b9ced91031
VERIFY PASS — replay reproduced 1 steps and the full trace chain bit-for-bit
== /home/user/Ranger3143/labs/logs/safe/SAFE-05/op12k_defused/op12k/0/fw/receipts/q08.s1.txt
receipt trace-chain b56e40c80e8c2357
local   trace-chain b56e40c80e8c2357
VERIFY PASS — replay reproduced 1 steps and the full trace chain bit-for-bit
== /home/user/Ranger3143/labs/logs/safe/SAFE-05/op12k_defused/op12k/0/fw/receipts/q09.s0.txt
receipt trace-chain c62439bde1546e52
local   trace-chain c62439bde1546e52
VERIFY PASS — replay reproduced 1 steps and the full trace chain bit-for-bit
== /home/user/Ranger3143/labs/logs/safe/SAFE-05/op12k_defused/op12k/0/fw/receipts/q09.s1.txt
receipt trace-chain 1ee7c76be3a73848
local   trace-chain 1ee7c76be3a73848
VERIFY PASS — replay reproduced 1 steps and the full trace chain bit-for-bit
== /home/user/Ranger3143/labs/logs/safe/SAFE-05/op12k_defused/op12k/0/fw/receipts/q10.s0.txt
receipt trace-chain 22bf202f488f8a75
local   trace-chain 22bf202f488f8a75
VERIFY PASS — replay reproduced 1 steps and the full trace chain bit-for-bit
== /home/user/Ranger3143/labs/logs/safe/SAFE-05/op12k_defused/op12k/0/fw/receipts/q10.s1.txt
receipt trace-chain 779651e8f7d858bb
local   trace-chain 779651e8f7d858bb
VERIFY PASS — replay reproduced 1 steps and the full trace chain bit-for-bit
== /home/user/Ranger3143/labs/logs/safe/SAFE-05/op12k_defused/op12k/0/fw/receipts/q11.s0.txt
receipt trace-chain ccf798877d33a17a
local   trace-chain ccf798877d33a17a
VERIFY PASS — replay reproduced 1 steps and the full trace chain bit-for-bit
== /home/user/Ranger3143/labs/logs/safe/SAFE-05/op12k_defused/op12k/0/fw/receipts/q11.s1.txt
receipt trace-chain ec24f21e82a0dc83
local   trace-chain ec24f21e82a0dc83
VERIFY PASS — replay reproduced 1 steps and the full trace chain bit-for-bit
== /home/user/Ranger3143/labs/logs/safe/SAFE-05/op12k_defused/op12k/0/fw/receipts/q12.s0.txt
receipt trace-chain d4109f45c4f49fad
local   trace-chain d4109f45c4f49fad
VERIFY PASS — replay reproduced 1 steps and the full trace chain bit-for-bit
== /home/user/Ranger3143/labs/logs/safe/SAFE-05/op12k_defused/op12k/0/fw/receipts/q12.s1.txt
receipt trace-chain f16a56cf945e0974
local   trace-chain f16a56cf945e0974
VERIFY PASS — replay reproduced 1 steps and the full trace chain bit-for-bit
== /home/user/Ranger3143/labs/logs/safe/SAFE-05/op12k_defused/op12k/0/fw/receipts/q13.s0.txt
receipt trace-chain a177c8c6de32068e
local   trace-chain a177c8c6de32068e
VERIFY PASS — replay reproduced 1 steps and the full trace chain bit-for-bit
== /home/user/Ranger3143/labs/logs/safe/SAFE-05/op12k_defused/op12k/0/fw/receipts/q13.s1.txt
receipt trace-chain fec0e8d91bda93ef
local   trace-chain fec0e8d91bda93ef
VERIFY PASS — replay reproduced 1 steps and the full trace chain bit-for-bit
== /home/user/Ranger3143/labs/logs/safe/SAFE-05/op12k_defused/op12k/0/fw/receipts/q14.s0.txt
receipt trace-chain e95b16ff73dfc7e5
local   trace-chain e95b16ff73dfc7e5
VERIFY PASS — replay reproduced 1 steps and the full trace chain bit-for-bit
== /home/user/Ranger3143/labs/logs/safe/SAFE-05/op12k_defused/op12k/0/fw/receipts/q14.s1.txt
receipt trace-chain a4002e0390ce9640
local   trace-chain a4002e0390ce9640
VERIFY PASS — replay reproduced 1 steps and the full trace chain bit-for-bit
== /home/user/Ranger3143/labs/logs/safe/SAFE-05/op12k_defused/op12k/0/fw/receipts/q15.s0.txt
receipt trace-chain 93ddf398d9abb859
local   trace-chain 93ddf398d9abb859
VERIFY PASS — replay reproduced 1 steps and the full trace chain bit-for-bit
== /home/user/Ranger3143/labs/logs/safe/SAFE-05/op12k_defused/op12k/0/fw/receipts/q15.s1.txt
receipt trace-chain 12581b778da139da
local   trace-chain 12581b778da139da
VERIFY PASS — replay reproduced 1 steps and the full trace chain bit-for-bit
== /home/user/Ranger3143/labs/logs/safe/SAFE-05/op12k_defused/op12k/0/fw/receipts/q16.s0.txt
receipt trace-chain 69efcfea9c41adf9
local   trace-chain 69efcfea9c41adf9
VERIFY PASS — replay reproduced 1 steps and the full trace chain bit-for-bit
== /home/user/Ranger3143/labs/logs/safe/SAFE-05/op12k_defused/op12k/0/fw/receipts/q16.s1.txt
receipt trace-chain f3f3deb4c05bb72b
local   trace-chain f3f3deb4c05bb72b
VERIFY PASS — replay reproduced 1 steps and the full trace chain bit-for-bit
== /home/user/Ranger3143/labs/logs/safe/SAFE-05/op12k_defused/op12k/0/fw/receipts/q17.s0.txt
receipt trace-chain 6d26e01b45c4060d
local   trace-chain 6d26e01b45c4060d
VERIFY PASS — replay reproduced 1 steps and the full trace chain bit-for-bit
== /home/user/Ranger3143/labs/logs/safe/SAFE-05/op12k_defused/op12k/0/fw/receipts/q17.s1.txt
receipt trace-chain d55c964bc037bf7f
local   trace-chain d55c964bc037bf7f
VERIFY PASS — replay reproduced 1 steps and the full trace chain bit-for-bit
== /home/user/Ranger3143/labs/logs/safe/SAFE-05/op12k_defused/op12k/0/fw/receipts/q18.s0.txt
receipt trace-chain d94789645f47318e
local   trace-chain d94789645f47318e
VERIFY PASS — replay reproduced 1 steps and the full trace chain bit-for-bit
== /home/user/Ranger3143/labs/logs/safe/SAFE-05/op12k_defused/op12k/0/fw/receipts/q18.s1.txt
receipt trace-chain fee764c06fc9ac28
local   trace-chain fee764c06fc9ac28
VERIFY PASS — replay reproduced 1 steps and the full trace chain bit-for-bit
== /home/user/Ranger3143/labs/logs/safe/SAFE-05/op12k_defused/op12k/0/fw/receipts/q19.s0.txt
receipt trace-chain 70a07077dff70dee
local   trace-chain 70a07077dff70dee
VERIFY PASS — replay reproduced 1 steps and the full trace chain bit-for-bit
== /home/user/Ranger3143/labs/logs/safe/SAFE-05/op12k_defused/op12k/0/fw/receipts/q19.s1.txt
receipt trace-chain 8d2af992f53d29f5
local   trace-chain 8d2af992f53d29f5
VERIFY PASS — replay reproduced 1 steps and the full trace chain bit-for-bit
== /home/user/Ranger3143/labs/logs/safe/SAFE-05/op12k_defused/op12k/0/fw/receipts/q20.s0.txt
receipt trace-chain 6ca0092a1321a035
local   trace-chain 6ca0092a1321a035
VERIFY PASS — replay reproduced 1 steps and the full trace chain bit-for-bit
== /home/user/Ranger3143/labs/logs/safe/SAFE-05/op12k_defused/op12k/0/fw/receipts/q20.s1.txt
receipt trace-chain ab9067507ebe3f04
local   trace-chain ab9067507ebe3f04
VERIFY PASS — replay reproduced 1 steps and the full trace chain bit-for-bit
== /home/user/Ranger3143/labs/logs/safe/SAFE-05/op12k_defused/op12k/0/fw/receipts/q21.s0.txt
receipt trace-chain f7b438a8f28c9571
local   trace-chain f7b438a8f28c9571
VERIFY PASS — replay reproduced 1 steps and the full trace chain bit-for-bit
== /home/user/Ranger3143/labs/logs/safe/SAFE-05/op12k_defused/op12k/0/fw/receipts/q21.s1.txt
receipt trace-chain 1f3e0152584cb630
local   trace-chain 1f3e0152584cb630
VERIFY PASS — replay reproduced 1 steps and the full trace chain bit-for-bit
== /home/user/Ranger3143/labs/logs/safe/SAFE-05/op12k_defused/op12k/0/fw/receipts/q22.s0.txt
receipt trace-chain a316293b09cbc8c4
local   trace-chain a316293b09cbc8c4
VERIFY PASS — replay reproduced 1 steps and the full trace chain bit-for-bit
== /home/user/Ranger3143/labs/logs/safe/SAFE-05/op12k_defused/op12k/0/fw/receipts/q22.s1.txt
receipt trace-chain 70dda9ec67f7b2f9
local   trace-chain 70dda9ec67f7b2f9
VERIFY PASS — replay reproduced 1 steps and the full trace chain bit-for-bit
== /home/user/Ranger3143/labs/logs/safe/SAFE-05/op12k_defused/op12k/0/fw/receipts/q23.s0.txt
receipt trace-chain 0c88a9f2b592d3c8
local   trace-chain 0c88a9f2b592d3c8
VERIFY PASS — replay reproduced 1 steps and the full trace chain bit-for-bit
== /home/user/Ranger3143/labs/logs/safe/SAFE-05/op12k_defused/op12k/0/fw/receipts/q23.s1.txt
receipt trace-chain caa84b8513abc3c5
local   trace-chain caa84b8513abc3c5
VERIFY PASS — replay reproduced 1 steps and the full trace chain bit-for-bit
== /home/user/Ranger3143/labs/logs/safe/SAFE-05/op12k_defused/op12k/0/fw/receipts/q24.s0.txt
receipt trace-chain e77961926e58841f
local   trace-chain e77961926e58841f
VERIFY PASS — replay reproduced 1 steps and the full trace chain bit-for-bit
== /home/user/Ranger3143/labs/logs/safe/SAFE-05/op12k_defused/op12k/0/fw/receipts/q24.s1.txt
receipt trace-chain c41c6785054d2c60
local   trace-chain c41c6785054d2c60
VERIFY PASS — replay reproduced 1 steps and the full trace chain bit-for-bit
== /home/user/Ranger3143/labs/logs/safe/SAFE-05/op12k_defused/op12k/0/fw/receipts/q25.s0.txt
receipt trace-chain fd9b8354352774b1
local   trace-chain fd9b8354352774b1
VERIFY PASS — replay reproduced 1 steps and the full trace chain bit-for-bit
== /home/user/Ranger3143/labs/logs/safe/SAFE-05/op12k_defused/op12k/0/fw/receipts/q25.s1.txt
receipt trace-chain 9f72a116ec209351
local   trace-chain 9f72a116ec209351
VERIFY PASS — replay reproduced 1 steps and the full trace chain bit-for-bit
== /home/user/Ranger3143/labs/logs/safe/SAFE-05/op12k_defused/op12k/0/fw/receipts/q26.s0.txt
receipt trace-chain 82e8ecbc7d0e5d0a
local   trace-chain 82e8ecbc7d0e5d0a
VERIFY PASS — replay reproduced 1 steps and the full trace chain bit-for-bit
== /home/user/Ranger3143/labs/logs/safe/SAFE-05/op12k_defused/op12k/0/fw/receipts/q26.s1.txt
receipt trace-chain 01f8ac2bcd8161ec
local   trace-chain 01f8ac2bcd8161ec
VERIFY PASS — replay reproduced 1 steps and the full trace chain bit-for-bit
== /home/user/Ranger3143/labs/logs/safe/SAFE-05/op12k_defused/op12k/0/fw/receipts/q27.s0.txt
receipt trace-chain 34ef49d913a952c4
local   trace-chain 34ef49d913a952c4
VERIFY PASS — replay reproduced 1 steps and the full trace chain bit-for-bit
== /home/user/Ranger3143/labs/logs/safe/SAFE-05/op12k_defused/op12k/0/fw/receipts/q27.s1.txt
receipt trace-chain 1434d5a9cabf0502
local   trace-chain 1434d5a9cabf0502
VERIFY PASS — replay reproduced 1 steps and the full trace chain bit-for-bit
== /home/user/Ranger3143/labs/logs/safe/SAFE-05/op12k_defused/op12k/0/fw/receipts/q28.s0.txt
receipt trace-chain fa3e9f72a3f9554d
local   trace-chain fa3e9f72a3f9554d
VERIFY PASS — replay reproduced 1 steps and the full trace chain bit-for-bit
== /home/user/Ranger3143/labs/logs/safe/SAFE-05/op12k_defused/op12k/0/fw/receipts/q28.s1.txt
receipt trace-chain 853f3db779017f4b
local   trace-chain 853f3db779017f4b
VERIFY PASS — replay reproduced 1 steps and the full trace chain bit-for-bit
== /home/user/Ranger3143/labs/logs/safe/SAFE-05/op12k_defused/op12k/0/fw/receipts/q29.s0.txt
receipt trace-chain 17235b0eda1e28fc
local   trace-chain 17235b0eda1e28fc
VERIFY PASS — replay reproduced 1 steps and the full trace chain bit-for-bit
== /home/user/Ranger3143/labs/logs/safe/SAFE-05/op12k_defused/op12k/0/fw/receipts/q29.s1.txt
receipt trace-chain c69dc6bbd4af9324
local   trace-chain c69dc6bbd4af9324
VERIFY PASS — replay reproduced 1 steps and the full trace chain bit-for-bit
== /home/user/Ranger3143/labs/logs/safe/SAFE-05/op12k_defused/op12k/0/fw/receipts/q30.s0.txt
receipt trace-chain 303597278b4c99fd
local   trace-chain 303597278b4c99fd
VERIFY PASS — replay reproduced 1 steps and the full trace chain bit-for-bit
== /home/user/Ranger3143/labs/logs/safe/SAFE-05/op12k_defused/op12k/0/fw/receipts/q30.s1.txt
receipt trace-chain dfa242fe49063ce3
local   trace-chain dfa242fe49063ce3
VERIFY PASS — replay reproduced 1 steps and the full trace chain bit-for-bit
SUMMARY pass=60 fail=0
