== /home/user/Ranger3143/labs/logs/safe/SAFE-04/engine/p5/receipts/trig000.txt
receipt trace-chain 20a05410c1dd7a94
local   trace-chain 20a05410c1dd7a94
WARNING step 0: tool argument not found verbatim in context
VERIFY PASS — replay reproduced 1 steps and the full trace chain bit-for-bit
== /home/user/Ranger3143/labs/logs/safe/SAFE-04/engine/p5/receipts/trig001.txt
receipt trace-chain ab91c3ee8f558329
local   trace-chain ab91c3ee8f558329
WARNING step 0: tool argument not found verbatim in context
VERIFY PASS — replay reproduced 1 steps and the full trace chain bit-for-bit
== /home/user/Ranger3143/labs/logs/safe/SAFE-04/engine/p5/receipts/trig002.txt
receipt trace-chain 77d62f434ff15e80
local   trace-chain 77d62f434ff15e80
WARNING step 0: tool argument not found verbatim in context
VERIFY PASS — replay reproduced 1 steps and the full trace chain bit-for-bit
== /home/user/Ranger3143/labs/logs/safe/SAFE-04/engine/p5/receipts/trig003.txt
receipt trace-chain 31df3514f6d11a98
local   trace-chain 31df3514f6d11a98
WARNING step 0: tool argument not found verbatim in context
VERIFY PASS — replay reproduced 1 steps and the full trace chain bit-for-bit
== /home/user/Ranger3143/labs/logs/safe/SAFE-04/engine/p5/receipts/trig004.txt
receipt trace-chain dab00e907f37f88e
local   trace-chain dab00e907f37f88e
VERIFY PASS — replay reproduced 1 steps and the full trace chain bit-for-bit
== /home/user/Ranger3143/labs/logs/safe/SAFE-04/engine/p5/receipts/trig005.txt
receipt trace-chain c0d63b9c8279de24
local   trace-chain c0d63b9c8279de24
WARNING step 0: tool argument not found verbatim in context
VERIFY PASS — replay reproduced 1 steps and the full trace chain bit-for-bit
== /home/user/Ranger3143/labs/logs/safe/SAFE-04/engine/p5/receipts/trig006.txt
receipt trace-chain d168a94fdcfc5044
local   trace-chain d168a94fdcfc5044
WARNING step 0: tool argument not found verbatim in context
VERIFY PASS — replay reproduced 1 steps and the full trace chain bit-for-bit
== /home/user/Ranger3143/labs/logs/safe/SAFE-04/engine/p5/receipts/trig007.txt
receipt trace-chain 27febb3a95c4e66e
local   trace-chain 27febb3a95c4e66e
WARNING step 0: tool argument not found verbatim in context
VERIFY PASS — replay reproduced 1 steps and the full trace chain bit-for-bit
== /home/user/Ranger3143/labs/logs/safe/SAFE-04/engine/p5/receipts/trig008.txt
receipt trace-chain 28ba6a7d428ca236
local   trace-chain 28ba6a7d428ca236
VERIFY PASS — replay reproduced 1 steps and the full trace chain bit-for-bit
== /home/user/Ranger3143/labs/logs/safe/SAFE-04/engine/p5/receipts/trig009.txt
receipt trace-chain 53af0d5f24167ad3
local   trace-chain 53af0d5f24167ad3
WARNING step 0: tool argument not found verbatim in context
VERIFY PASS — replay reproduced 1 steps and the full trace chain bit-for-bit
== /home/user/Ranger3143/labs/logs/safe/SAFE-04/engine/p5/receipts/trig010.txt
receipt trace-chain d85694c3cf3a95f7
local   trace-chain d85694c3cf3a95f7
WARNING step 0: tool argument not found verbatim in context
VERIFY PASS — replay reproduced 1 steps and the full trace chain bit-for-bit
== /home/user/Ranger3143/labs/logs/safe/SAFE-04/engine/p5/receipts/trig011.txt
receipt trace-chain e17c55fca7062057
local   trace-chain e17c55fca7062057
WARNING step 0: tool argument not found verbatim in context
VERIFY PASS — replay reproduced 1 steps and the full trace chain bit-for-bit
== /home/user/Ranger3143/labs/logs/safe/SAFE-04/engine/p5/receipts/trig012.txt
receipt trace-chain 41647b39ce22fedc
local   trace-chain 41647b39ce22fedc
WARNING step 0: tool argument not found verbatim in context
VERIFY PASS — replay reproduced 1 steps and the full trace chain bit-for-bit
== /home/user/Ranger3143/labs/logs/safe/SAFE-04/engine/p5/receipts/trig013.txt
receipt trace-chain 3b7512ffac6bbaaf
local   trace-chain 3b7512ffac6bbaaf
WARNING step 0: tool argument not found verbatim in context
VERIFY PASS — replay reproduced 1 steps and the full trace chain bit-for-bit
== /home/user/Ranger3143/labs/logs/safe/SAFE-04/engine/p5/receipts/trig014.txt
receipt trace-chain 92b6e0370b0e3ae4
local   trace-chain 92b6e0370b0e3ae4
VERIFY PASS — replay reproduced 1 steps and the full trace chain bit-for-bit
== /home/user/Ranger3143/labs/logs/safe/SAFE-04/engine/p5/receipts/trig015.txt
receipt trace-chain 4187fa4474020314
local   trace-chain 4187fa4474020314
WARNING step 0: tool argument not found verbatim in context
VERIFY PASS — replay reproduced 1 steps and the full trace chain bit-for-bit
== /home/user/Ranger3143/labs/logs/safe/SAFE-04/engine/p5/receipts/trig016.txt
receipt trace-chain 457b93fe0ae7ce42
local   trace-chain 457b93fe0ae7ce42
WARNING step 0: tool argument not found verbatim in context
VERIFY PASS — replay reproduced 1 steps and the full trace chain bit-for-bit
== /home/user/Ranger3143/labs/logs/safe/SAFE-04/engine/p5/receipts/trig017.txt
receipt trace-chain 661d7707d518b29e
local   trace-chain 661d7707d518b29e
WARNING step 0: tool argument not found verbatim in context
VERIFY PASS — replay reproduced 1 steps and the full trace chain bit-for-bit
== /home/user/Ranger3143/labs/logs/safe/SAFE-04/engine/p5/receipts/trig018.txt
receipt trace-chain 254e1e20f99534f2
local   trace-chain 254e1e20f99534f2
WARNING step 0: tool argument not found verbatim in context
VERIFY PASS — replay reproduced 1 steps and the full trace chain bit-for-bit
== /home/user/Ranger3143/labs/logs/safe/SAFE-04/engine/p5/receipts/trig019.txt
receipt trace-chain beb7a453d27d6a1e
local   trace-chain beb7a453d27d6a1e
VERIFY PASS — replay reproduced 1 steps and the full trace chain bit-for-bit
== /home/user/Ranger3143/labs/logs/safe/SAFE-04/engine/p5/receipts/trig020.txt
receipt trace-chain 63f7ed04bc06f74a
local   trace-chain 63f7ed04bc06f74a
WARNING step 0: tool argument not found verbatim in context
VERIFY PASS — replay reproduced 1 steps and the full trace chain bit-for-bit
== /home/user/Ranger3143/labs/logs/safe/SAFE-04/engine/p5/receipts/trig021.txt
receipt trace-chain 74155020d30ed1fd
local   trace-chain 74155020d30ed1fd
WARNING step 0: tool argument not found verbatim in context
VERIFY PASS — replay reproduced 1 steps and the full trace chain bit-for-bit
== /home/user/Ranger3143/labs/logs/safe/SAFE-04/engine/p5/receipts/trig022.txt
receipt trace-chain 453ac0e6506bb884
local   trace-chain 453ac0e6506bb884
WARNING step 0: tool argument not found verbatim in context
VERIFY PASS — replay reproduced 1 steps and the full trace chain bit-for-bit
== /home/user/Ranger3143/labs/logs/safe/SAFE-04/engine/p5/receipts/trig023.txt
receipt trace-chain 026480925841267a
local   trace-chain 026480925841267a
VERIFY PASS — replay reproduced 1 steps and the full trace chain bit-for-bit
== /home/user/Ranger3143/labs/logs/safe/SAFE-04/engine/p5/receipts/trig024.txt
receipt trace-chain 66eda55af192df9b
local   trace-chain 66eda55af192df9b
WARNING step 0: tool argument not found verbatim in context
VERIFY PASS — replay reproduced 1 steps and the full trace chain bit-for-bit
== /home/user/Ranger3143/labs/logs/safe/SAFE-04/engine/p5/receipts/trig025.txt
receipt trace-chain 3d8bc94c384ed0e4
local   trace-chain 3d8bc94c384ed0e4
WARNING step 0: tool argument not found verbatim in context
VERIFY PASS — replay reproduced 1 steps and the full trace chain bit-for-bit
== /home/user/Ranger3143/labs/logs/safe/SAFE-04/engine/p5/receipts/trig026.txt
receipt trace-chain b605df6df8536644
local   trace-chain b605df6df8536644
VERIFY PASS — replay reproduced 1 steps and the full trace chain bit-for-bit
== /home/user/Ranger3143/labs/logs/safe/SAFE-04/engine/p5/receipts/trig027.txt
receipt trace-chain d08e9e14f07d5619
local   trace-chain d08e9e14f07d5619
WARNING step 0: tool argument not found verbatim in context
VERIFY PASS — replay reproduced 1 steps and the full trace chain bit-for-bit
== /home/user/Ranger3143/labs/logs/safe/SAFE-04/engine/p5/receipts/trig028.txt
receipt trace-chain 9810ecdf6e9d709d
local   trace-chain 9810ecdf6e9d709d
WARNING step 0: tool argument not found verbatim in context
VERIFY PASS — replay reproduced 1 steps and the full trace chain bit-for-bit
== /home/user/Ranger3143/labs/logs/safe/SAFE-04/engine/p5/receipts/trig029.txt
receipt trace-chain 32e1a3e168ba3522
local   trace-chain 32e1a3e168ba3522
WARNING step 0: tool argument not found verbatim in context
VERIFY PASS — replay reproduced 1 steps and the full trace chain bit-for-bit
== /home/user/Ranger3143/labs/logs/safe/SAFE-04/engine/p5/receipts/trig030.txt
receipt trace-chain 3601acff976c202f
local   trace-chain 3601acff976c202f
WARNING step 0: tool argument not found verbatim in context
VERIFY PASS — replay reproduced 1 steps and the full trace chain bit-for-bit
== /home/user/Ranger3143/labs/logs/safe/SAFE-04/engine/p5/receipts/trig031.txt
receipt trace-chain 90ec4b5215074784
local   trace-chain 90ec4b5215074784
WARNING step 0: tool argument not found verbatim in context
VERIFY PASS — replay reproduced 1 steps and the full trace chain bit-for-bit
== /home/user/Ranger3143/labs/logs/safe/SAFE-04/engine/p5/receipts/trig032.txt
receipt trace-chain 7b1dfec344e043a9
local   trace-chain 7b1dfec344e043a9
WARNING step 0: tool argument not found verbatim in context
VERIFY PASS — replay reproduced 1 steps and the full trace chain bit-for-bit
== /home/user/Ranger3143/labs/logs/safe/SAFE-04/engine/p5/receipts/trig033.txt
receipt trace-chain d75c387f95bc1402
local   trace-chain d75c387f95bc1402
WARNING step 0: tool argument not found verbatim in context
VERIFY PASS — replay reproduced 1 steps and the full trace chain bit-for-bit
== /home/user/Ranger3143/labs/logs/safe/SAFE-04/engine/p5/receipts/trig034.txt
receipt trace-chain 80543343c7a42fa4
local   trace-chain 80543343c7a42fa4
WARNING step 0: tool argument not found verbatim in context
VERIFY PASS — replay reproduced 1 steps and the full trace chain bit-for-bit
== /home/user/Ranger3143/labs/logs/safe/SAFE-04/engine/p5/receipts/trig035.txt
receipt trace-chain 790f0747bdb330a2
local   trace-chain 790f0747bdb330a2
WARNING step 0: tool argument not found verbatim in context
VERIFY PASS — replay reproduced 1 steps and the full trace chain bit-for-bit
== /home/user/Ranger3143/labs/logs/safe/SAFE-04/engine/p5/receipts/trig036.txt
receipt trace-chain b63859d938904ff0
local   trace-chain b63859d938904ff0
WARNING step 0: tool argument not found verbatim in context
VERIFY PASS — replay reproduced 1 steps and the full trace chain bit-for-bit
== /home/user/Ranger3143/labs/logs/safe/SAFE-04/engine/p5/receipts/trig037.txt
receipt trace-chain a36c80b29c30f6db
local   trace-chain a36c80b29c30f6db
WARNING step 0: tool argument not found verbatim in context
VERIFY PASS — replay reproduced 1 steps and the full trace chain bit-for-bit
== /home/user/Ranger3143/labs/logs/safe/SAFE-04/engine/p5/receipts/trig038.txt
receipt trace-chain 183ba0205252701d
local   trace-chain 183ba0205252701d
VERIFY PASS — replay reproduced 1 steps and the full trace chain bit-for-bit
== /home/user/Ranger3143/labs/logs/safe/SAFE-04/engine/p5/receipts/trig039.txt
receipt trace-chain 4810d61e610f5117
local   trace-chain 4810d61e610f5117
WARNING step 0: tool argument not found verbatim in context
VERIFY PASS — replay reproduced 1 steps and the full trace chain bit-for-bit
== /home/user/Ranger3143/labs/logs/safe/SAFE-04/engine/p5/receipts/trig040.txt
receipt trace-chain 2eba24ef29ed91e8
local   trace-chain 2eba24ef29ed91e8
WARNING step 0: tool argument not found verbatim in context
VERIFY PASS — replay reproduced 1 steps and the full trace chain bit-for-bit
== /home/user/Ranger3143/labs/logs/safe/SAFE-04/engine/p5/receipts/trig041.txt
receipt trace-chain 8218246c37448fb3
local   trace-chain 8218246c37448fb3
WARNING step 0: tool argument not found verbatim in context
VERIFY PASS — replay reproduced 1 steps and the full trace chain bit-for-bit
== /home/user/Ranger3143/labs/logs/safe/SAFE-04/engine/p5/receipts/trig042.txt
receipt trace-chain 9cd09c948482d9e4
local   trace-chain 9cd09c948482d9e4
WARNING step 0: tool argument not found verbatim in context
VERIFY PASS — replay reproduced 1 steps and the full trace chain bit-for-bit
== /home/user/Ranger3143/labs/logs/safe/SAFE-04/engine/p5/receipts/trig043.txt
receipt trace-chain 521e91084e913aa2
local   trace-chain 521e91084e913aa2
WARNING step 0: tool argument not found verbatim in context
VERIFY PASS — replay reproduced 1 steps and the full trace chain bit-for-bit
== /home/user/Ranger3143/labs/logs/safe/SAFE-04/engine/p5/receipts/trig044.txt
receipt trace-chain 91806aca3f65a256
local   trace-chain 91806aca3f65a256
VERIFY PASS — replay reproduced 1 steps and the full trace chain bit-for-bit
== /home/user/Ranger3143/labs/logs/safe/SAFE-04/engine/p5/receipts/trig045.txt
receipt trace-chain 2afa46d98c64b12e
local   trace-chain 2afa46d98c64b12e
VERIFY PASS — replay reproduced 1 steps and the full trace chain bit-for-bit
== /home/user/Ranger3143/labs/logs/safe/SAFE-04/engine/p5/receipts/trig046.txt
receipt trace-chain 0c560884b2f0c4ff
local   trace-chain 0c560884b2f0c4ff
VERIFY PASS — replay reproduced 1 steps and the full trace chain bit-for-bit
== /home/user/Ranger3143/labs/logs/safe/SAFE-04/engine/p5/receipts/trig047.txt
receipt trace-chain ff291af8e3c37892
local   trace-chain ff291af8e3c37892
WARNING step 0: tool argument not found verbatim in context
VERIFY PASS — replay reproduced 1 steps and the full trace chain bit-for-bit
== /home/user/Ranger3143/labs/logs/safe/SAFE-04/engine/p5/receipts/trig048.txt
receipt trace-chain c912cb54e6da190c
local   trace-chain c912cb54e6da190c
VERIFY PASS — replay reproduced 1 steps and the full trace chain bit-for-bit
== /home/user/Ranger3143/labs/logs/safe/SAFE-04/engine/p5/receipts/trig049.txt
receipt trace-chain d41f195b32d54e00
local   trace-chain d41f195b32d54e00
WARNING step 0: tool argument not found verbatim in context
VERIFY PASS — replay reproduced 1 steps and the full trace chain bit-for-bit
== /home/user/Ranger3143/labs/logs/safe/SAFE-04/engine/p5/receipts/trig050.txt
receipt trace-chain 439184e8e08f7e40
local   trace-chain 439184e8e08f7e40
WARNING step 0: tool argument not found verbatim in context
VERIFY PASS — replay reproduced 1 steps and the full trace chain bit-for-bit
== /home/user/Ranger3143/labs/logs/safe/SAFE-04/engine/p5/receipts/trig051.txt
receipt trace-chain afbd968d0b330a70
local   trace-chain afbd968d0b330a70
WARNING step 0: tool argument not found verbatim in context
VERIFY PASS — replay reproduced 1 steps and the full trace chain bit-for-bit
== /home/user/Ranger3143/labs/logs/safe/SAFE-04/engine/p5/receipts/trig052.txt
receipt trace-chain 14d6934cd51f84b7
local   trace-chain 14d6934cd51f84b7
WARNING step 0: tool argument not found verbatim in context
VERIFY PASS — replay reproduced 1 steps and the full trace chain bit-for-bit
== /home/user/Ranger3143/labs/logs/safe/SAFE-04/engine/p5/receipts/trig053.txt
receipt trace-chain 99f95001824ff925
local   trace-chain 99f95001824ff925
WARNING step 0: tool argument not found verbatim in context
VERIFY PASS — replay reproduced 1 steps and the full trace chain bit-for-bit
== /home/user/Ranger3143/labs/logs/safe/SAFE-04/engine/p5/receipts/trig054.txt
receipt trace-chain 5a894503656cb6c2
local   trace-chain 5a894503656cb6c2
WARNING step 0: tool argument not found verbatim in context
VERIFY PASS — replay reproduced 1 steps and the full trace chain bit-for-bit
== /home/user/Ranger3143/labs/logs/safe/SAFE-04/engine/p5/receipts/trig055.txt
receipt trace-chain c18d846eec1a41ea
local   trace-chain c18d846eec1a41ea
WARNING step 0: tool argument not found verbatim in context
VERIFY PASS — replay reproduced 1 steps and the full trace chain bit-for-bit
== /home/user/Ranger3143/labs/logs/safe/SAFE-04/engine/p5/receipts/trig056.txt
receipt trace-chain fcd5d4322fb5cf53
local   trace-chain fcd5d4322fb5cf53
VERIFY PASS — replay reproduced 1 steps and the full trace chain bit-for-bit
== /home/user/Ranger3143/labs/logs/safe/SAFE-04/engine/p5/receipts/trig057.txt
receipt trace-chain fda0eee57e03d772
local   trace-chain fda0eee57e03d772
WARNING step 0: tool argument not found verbatim in context
VERIFY PASS — replay reproduced 1 steps and the full trace chain bit-for-bit
== /home/user/Ranger3143/labs/logs/safe/SAFE-04/engine/p5/receipts/trig058.txt
receipt trace-chain 5a30ef0ab57a229e
local   trace-chain 5a30ef0ab57a229e
VERIFY PASS — replay reproduced 1 steps and the full trace chain bit-for-bit
== /home/user/Ranger3143/labs/logs/safe/SAFE-04/engine/p5/receipts/trig059.txt
receipt trace-chain f3df3d71e7f0f46d
local   trace-chain f3df3d71e7f0f46d
WARNING step 0: tool argument not found verbatim in context
VERIFY PASS — replay reproduced 1 steps and the full trace chain bit-for-bit
== /home/user/Ranger3143/labs/logs/safe/SAFE-04/engine/p5/receipts/trig060.txt
receipt trace-chain f3ebeb147f89ee6c
local   trace-chain f3ebeb147f89ee6c
WARNING step 0: tool argument not found verbatim in context
VERIFY PASS — replay reproduced 1 steps and the full trace chain bit-for-bit
== /home/user/Ranger3143/labs/logs/safe/SAFE-04/engine/p5/receipts/trig061.txt
receipt trace-chain f6303aadcf0ffab3
local   trace-chain f6303aadcf0ffab3
WARNING step 0: tool argument not found verbatim in context
VERIFY PASS — replay reproduced 1 steps and the full trace chain bit-for-bit
== /home/user/Ranger3143/labs/logs/safe/SAFE-04/engine/p5/receipts/trig062.txt
receipt trace-chain 7f0036a891d80334
local   trace-chain 7f0036a891d80334
WARNING step 0: tool argument not found verbatim in context
VERIFY PASS — replay reproduced 1 steps and the full trace chain bit-for-bit
== /home/user/Ranger3143/labs/logs/safe/SAFE-04/engine/p5/receipts/trig063.txt
receipt trace-chain fd493aa671a717d0
local   trace-chain fd493aa671a717d0
WARNING step 0: tool argument not found verbatim in context
VERIFY PASS — replay reproduced 1 steps and the full trace chain bit-for-bit
== /home/user/Ranger3143/labs/logs/safe/SAFE-04/engine/p5/receipts/trig064.txt
receipt trace-chain bb5588b84ce0efbd
local   trace-chain bb5588b84ce0efbd
WARNING step 0: tool argument not found verbatim in context
VERIFY PASS — replay reproduced 1 steps and the full trace chain bit-for-bit
== /home/user/Ranger3143/labs/logs/safe/SAFE-04/engine/p5/receipts/trig065.txt
receipt trace-chain 75fbb3d5ba71dc37
local   trace-chain 75fbb3d5ba71dc37
WARNING step 0: tool argument not found verbatim in context
VERIFY PASS — replay reproduced 1 steps and the full trace chain bit-for-bit
== /home/user/Ranger3143/labs/logs/safe/SAFE-04/engine/p5/receipts/trig066.txt
receipt trace-chain 9233742f4c3cbf8b
local   trace-chain 9233742f4c3cbf8b
WARNING step 0: tool argument not found verbatim in context
VERIFY PASS — replay reproduced 1 steps and the full trace chain bit-for-bit
== /home/user/Ranger3143/labs/logs/safe/SAFE-04/engine/p5/receipts/trig067.txt
receipt trace-chain 0e0cb9f767514e43
local   trace-chain 0e0cb9f767514e43
WARNING step 0: tool argument not found verbatim in context
VERIFY PASS — replay reproduced 1 steps and the full trace chain bit-for-bit
== /home/user/Ranger3143/labs/logs/safe/SAFE-04/engine/p5/receipts/trig068.txt
receipt trace-chain d12d91300f40d10f
local   trace-chain d12d91300f40d10f
WARNING step 0: tool argument not found verbatim in context
VERIFY PASS — replay reproduced 1 steps and the full trace chain bit-for-bit
== /home/user/Ranger3143/labs/logs/safe/SAFE-04/engine/p5/receipts/trig069.txt
receipt trace-chain 64b6be7d0623d0cb
local   trace-chain 64b6be7d0623d0cb
WARNING step 0: tool argument not found verbatim in context
VERIFY PASS — replay reproduced 1 steps and the full trace chain bit-for-bit
== /home/user/Ranger3143/labs/logs/safe/SAFE-04/engine/p5/receipts/trig070.txt
receipt trace-chain 636ce692efa0f8a8
local   trace-chain 636ce692efa0f8a8
VERIFY PASS — replay reproduced 1 steps and the full trace chain bit-for-bit
== /home/user/Ranger3143/labs/logs/safe/SAFE-04/engine/p5/receipts/trig071.txt
receipt trace-chain 0a94a821eaf4f280
local   trace-chain 0a94a821eaf4f280
WARNING step 0: tool argument not found verbatim in context
VERIFY PASS — replay reproduced 1 steps and the full trace chain bit-for-bit
== /home/user/Ranger3143/labs/logs/safe/SAFE-04/engine/p5/receipts/trig072.txt
receipt trace-chain 62f846208ad53a4e
local   trace-chain 62f846208ad53a4e
WARNING step 0: tool argument not found verbatim in context
VERIFY PASS — replay reproduced 1 steps and the full trace chain bit-for-bit
== /home/user/Ranger3143/labs/logs/safe/SAFE-04/engine/p5/receipts/trig073.txt
receipt trace-chain acdedddbb8283992
local   trace-chain acdedddbb8283992
WARNING step 0: tool argument not found verbatim in context
VERIFY PASS — replay reproduced 1 steps and the full trace chain bit-for-bit
== /home/user/Ranger3143/labs/logs/safe/SAFE-04/engine/p5/receipts/trig074.txt
receipt trace-chain 4cd3df69a6afff4f
local   trace-chain 4cd3df69a6afff4f
WARNING step 0: tool argument not found verbatim in context
VERIFY PASS — replay reproduced 1 steps and the full trace chain bit-for-bit
== /home/user/Ranger3143/labs/logs/safe/SAFE-04/engine/p5/receipts/trig075.txt
receipt trace-chain 700fcf3ffd16d0ff
local   trace-chain 700fcf3ffd16d0ff
WARNING step 0: tool argument not found verbatim in context
VERIFY PASS — replay reproduced 1 steps and the full trace chain bit-for-bit
== /home/user/Ranger3143/labs/logs/safe/SAFE-04/engine/p5/receipts/trig076.txt
receipt trace-chain d52cb8e684214329
local   trace-chain d52cb8e684214329
WARNING step 0: tool argument not found verbatim in context
VERIFY PASS — replay reproduced 1 steps and the full trace chain bit-for-bit
== /home/user/Ranger3143/labs/logs/safe/SAFE-04/engine/p5/receipts/trig077.txt
receipt trace-chain 03a389bda5430154
local   trace-chain 03a389bda5430154
WARNING step 0: tool argument not found verbatim in context
VERIFY PASS — replay reproduced 1 steps and the full trace chain bit-for-bit
== /home/user/Ranger3143/labs/logs/safe/SAFE-04/engine/p5/receipts/trig078.txt
receipt trace-chain 637340db104755e3
local   trace-chain 637340db104755e3
WARNING step 0: tool argument not found verbatim in context
VERIFY PASS — replay reproduced 1 steps and the full trace chain bit-for-bit
== /home/user/Ranger3143/labs/logs/safe/SAFE-04/engine/p5/receipts/trig079.txt
receipt trace-chain 720ad83e3ed74b20
local   trace-chain 720ad83e3ed74b20
WARNING step 0: tool argument not found verbatim in context
VERIFY PASS — replay reproduced 1 steps and the full trace chain bit-for-bit
== /home/user/Ranger3143/labs/logs/safe/SAFE-04/engine/p5/receipts/trig080.txt
receipt trace-chain ad490f9ee86d6ce7
local   trace-chain ad490f9ee86d6ce7
WARNING step 0: tool argument not found verbatim in context
VERIFY PASS — replay reproduced 1 steps and the full trace chain bit-for-bit
== /home/user/Ranger3143/labs/logs/safe/SAFE-04/engine/p5/receipts/trig081.txt
receipt trace-chain 640d906c83478a6f
local   trace-chain 640d906c83478a6f
WARNING step 0: tool argument not found verbatim in context
VERIFY PASS — replay reproduced 1 steps and the full trace chain bit-for-bit
== /home/user/Ranger3143/labs/logs/safe/SAFE-04/engine/p5/receipts/trig082.txt
receipt trace-chain a70e6787e4746ee2
local   trace-chain a70e6787e4746ee2
WARNING step 0: tool argument not found verbatim in context
VERIFY PASS — replay reproduced 1 steps and the full trace chain bit-for-bit
== /home/user/Ranger3143/labs/logs/safe/SAFE-04/engine/p5/receipts/trig083.txt
receipt trace-chain 41669475d3e9dc5d
local   trace-chain 41669475d3e9dc5d
WARNING step 0: tool argument not found verbatim in context
VERIFY PASS — replay reproduced 1 steps and the full trace chain bit-for-bit
== /home/user/Ranger3143/labs/logs/safe/SAFE-04/engine/p5/receipts/trig084.txt
receipt trace-chain c25215f129af2ef0
local   trace-chain c25215f129af2ef0
WARNING step 0: tool argument not found verbatim in context
VERIFY PASS — replay reproduced 1 steps and the full trace chain bit-for-bit
== /home/user/Ranger3143/labs/logs/safe/SAFE-04/engine/p5/receipts/trig085.txt
receipt trace-chain e3207c8352ae97d5
local   trace-chain e3207c8352ae97d5
WARNING step 0: tool argument not found verbatim in context
VERIFY PASS — replay reproduced 1 steps and the full trace chain bit-for-bit
== /home/user/Ranger3143/labs/logs/safe/SAFE-04/engine/p5/receipts/trig086.txt
receipt trace-chain 1eb7e25f4d5f964a
local   trace-chain 1eb7e25f4d5f964a
VERIFY PASS — replay reproduced 1 steps and the full trace chain bit-for-bit
== /home/user/Ranger3143/labs/logs/safe/SAFE-04/engine/p5/receipts/trig087.txt
receipt trace-chain dfa8165024d9ac56
local   trace-chain dfa8165024d9ac56
WARNING step 0: tool argument not found verbatim in context
VERIFY PASS — replay reproduced 1 steps and the full trace chain bit-for-bit
== /home/user/Ranger3143/labs/logs/safe/SAFE-04/engine/p5/receipts/trig088.txt
receipt trace-chain da2e47754ed2b701
local   trace-chain da2e47754ed2b701
WARNING step 0: tool argument not found verbatim in context
VERIFY PASS — replay reproduced 1 steps and the full trace chain bit-for-bit
== /home/user/Ranger3143/labs/logs/safe/SAFE-04/engine/p5/receipts/trig089.txt
receipt trace-chain 6a97a2abe889fcca
local   trace-chain 6a97a2abe889fcca
WARNING step 0: tool argument not found verbatim in context
VERIFY PASS — replay reproduced 1 steps and the full trace chain bit-for-bit
== /home/user/Ranger3143/labs/logs/safe/SAFE-04/engine/p5/receipts/trig090.txt
receipt trace-chain 858f1326a995de00
local   trace-chain 858f1326a995de00
WARNING step 0: tool argument not found verbatim in context
VERIFY PASS — replay reproduced 1 steps and the full trace chain bit-for-bit
== /home/user/Ranger3143/labs/logs/safe/SAFE-04/engine/p5/receipts/trig091.txt
receipt trace-chain ed2f21460af03eb9
local   trace-chain ed2f21460af03eb9
WARNING step 0: tool argument not found verbatim in context
VERIFY PASS — replay reproduced 1 steps and the full trace chain bit-for-bit
== /home/user/Ranger3143/labs/logs/safe/SAFE-04/engine/p5/receipts/trig092.txt
receipt trace-chain 9f4efa5e25341d1a
local   trace-chain 9f4efa5e25341d1a
VERIFY PASS — replay reproduced 1 steps and the full trace chain bit-for-bit
== /home/user/Ranger3143/labs/logs/safe/SAFE-04/engine/p5/receipts/trig093.txt
receipt trace-chain 453b2496aebba61e
local   trace-chain 453b2496aebba61e
WARNING step 0: tool argument not found verbatim in context
VERIFY PASS — replay reproduced 1 steps and the full trace chain bit-for-bit
== /home/user/Ranger3143/labs/logs/safe/SAFE-04/engine/p5/receipts/trig094.txt
receipt trace-chain fcfce2d31c429679
local   trace-chain fcfce2d31c429679
WARNING step 0: tool argument not found verbatim in context
VERIFY PASS — replay reproduced 1 steps and the full trace chain bit-for-bit
== /home/user/Ranger3143/labs/logs/safe/SAFE-04/engine/p5/receipts/trig095.txt
receipt trace-chain ad83735eef19bdc4
local   trace-chain ad83735eef19bdc4
WARNING step 0: tool argument not found verbatim in context
VERIFY PASS — replay reproduced 1 steps and the full trace chain bit-for-bit
== /home/user/Ranger3143/labs/logs/safe/SAFE-04/engine/p5/receipts/trig096.txt
receipt trace-chain c7d00176e117a404
local   trace-chain c7d00176e117a404
WARNING step 0: tool argument not found verbatim in context
VERIFY PASS — replay reproduced 1 steps and the full trace chain bit-for-bit
== /home/user/Ranger3143/labs/logs/safe/SAFE-04/engine/p5/receipts/trig097.txt
receipt trace-chain bc0df6c5a01d6ebd
local   trace-chain bc0df6c5a01d6ebd
WARNING step 0: tool argument not found verbatim in context
VERIFY PASS — replay reproduced 1 steps and the full trace chain bit-for-bit
== /home/user/Ranger3143/labs/logs/safe/SAFE-04/engine/p5/receipts/trig098.txt
receipt trace-chain 6f0d86889ddf2633
local   trace-chain 6f0d86889ddf2633
WARNING step 0: tool argument not found verbatim in context
VERIFY PASS — replay reproduced 1 steps and the full trace chain bit-for-bit
== /home/user/Ranger3143/labs/logs/safe/SAFE-04/engine/p5/receipts/trig099.txt
receipt trace-chain a9430ab0f7644ccf
local   trace-chain a9430ab0f7644ccf
WARNING step 0: tool argument not found verbatim in context
VERIFY PASS — replay reproduced 1 steps and the full trace chain bit-for-bit
SUMMARY pass=100 fail=0
