== /home/user/Ranger3143/labs/logs/safe/SAFE-05/op12k_p0control/op12k/d/fw/receipts/q01.s0.txt
receipt trace-chain 0d9daf9b522ecc60
local   trace-chain 0d9daf9b522ecc60
VERIFY PASS — replay reproduced 1 steps and the full trace chain bit-for-bit
== /home/user/Ranger3143/labs/logs/safe/SAFE-05/op12k_p0control/op12k/d/fw/receipts/q01.s1.txt
receipt trace-chain 0057921783f80987
local   trace-chain 0057921783f80987
VERIFY PASS — replay reproduced 1 steps and the full trace chain bit-for-bit
== /home/user/Ranger3143/labs/logs/safe/SAFE-05/op12k_p0control/op12k/d/fw/receipts/q02.s0.txt
receipt trace-chain 249c6f919f3c62fc
local   trace-chain 249c6f919f3c62fc
VERIFY PASS — replay reproduced 1 steps and the full trace chain bit-for-bit
== /home/user/Ranger3143/labs/logs/safe/SAFE-05/op12k_p0control/op12k/d/fw/receipts/q02.s1.txt
receipt trace-chain 25402c3a4c73d15b
local   trace-chain 25402c3a4c73d15b
VERIFY PASS — replay reproduced 1 steps and the full trace chain bit-for-bit
== /home/user/Ranger3143/labs/logs/safe/SAFE-05/op12k_p0control/op12k/d/fw/receipts/q03.s0.txt
receipt trace-chain 0cef8d4875baa594
local   trace-chain 0cef8d4875baa594
VERIFY PASS — replay reproduced 1 steps and the full trace chain bit-for-bit
== /home/user/Ranger3143/labs/logs/safe/SAFE-05/op12k_p0control/op12k/d/fw/receipts/q03.s1.txt
receipt trace-chain beb90b5677842609
local   trace-chain beb90b5677842609
VERIFY PASS — replay reproduced 1 steps and the full trace chain bit-for-bit
== /home/user/Ranger3143/labs/logs/safe/SAFE-05/op12k_p0control/op12k/d/fw/receipts/q04.s0.txt
receipt trace-chain b496a6434bac0cc6
local   trace-chain b496a6434bac0cc6
VERIFY PASS — replay reproduced 1 steps and the full trace chain bit-for-bit
== /home/user/Ranger3143/labs/logs/safe/SAFE-05/op12k_p0control/op12k/d/fw/receipts/q04.s1.txt
receipt trace-chain b3e0858c72358fce
local   trace-chain b3e0858c72358fce
VERIFY PASS — replay reproduced 1 steps and the full trace chain bit-for-bit
== /home/user/Ranger3143/labs/logs/safe/SAFE-05/op12k_p0control/op12k/d/fw/receipts/q05.s0.txt
receipt trace-chain 017cef55889e7f01
local   trace-chain 017cef55889e7f01
VERIFY PASS — replay reproduced 1 steps and the full trace chain bit-for-bit
== /home/user/Ranger3143/labs/logs/safe/SAFE-05/op12k_p0control/op12k/d/fw/receipts/q05.s1.txt
receipt trace-chain 2a733e50b53c2a73
local   trace-chain 2a733e50b53c2a73
VERIFY PASS — replay reproduced 1 steps and the full trace chain bit-for-bit
== /home/user/Ranger3143/labs/logs/safe/SAFE-05/op12k_p0control/op12k/d/fw/receipts/q06.s0.txt
receipt trace-chain 3cccf2c3244ac871
local   trace-chain 3cccf2c3244ac871
VERIFY PASS — replay reproduced 1 steps and the full trace chain bit-for-bit
== /home/user/Ranger3143/labs/logs/safe/SAFE-05/op12k_p0control/op12k/d/fw/receipts/q06.s1.txt
receipt trace-chain 1481bc2f32bcf795
local   trace-chain 1481bc2f32bcf795
VERIFY PASS — replay reproduced 1 steps and the full trace chain bit-for-bit
== /home/user/Ranger3143/labs/logs/safe/SAFE-05/op12k_p0control/op12k/d/fw/receipts/q07.s0.txt
receipt trace-chain 241417f4118e72ea
local   trace-chain 241417f4118e72ea
VERIFY PASS — replay reproduced 1 steps and the full trace chain bit-for-bit
== /home/user/Ranger3143/labs/logs/safe/SAFE-05/op12k_p0control/op12k/d/fw/receipts/q07.s1.txt
receipt trace-chain fabbadb0b343fe81
local   trace-chain fabbadb0b343fe81
VERIFY PASS — replay reproduced 1 steps and the full trace chain bit-for-bit
== /home/user/Ranger3143/labs/logs/safe/SAFE-05/op12k_p0control/op12k/d/fw/receipts/q08.s0.txt
receipt trace-chain fbb728318b034100
local   trace-chain fbb728318b034100
VERIFY PASS — replay reproduced 1 steps and the full trace chain bit-for-bit
== /home/user/Ranger3143/labs/logs/safe/SAFE-05/op12k_p0control/op12k/d/fw/receipts/q08.s1.txt
receipt trace-chain 092b12f0b521216e
local   trace-chain 092b12f0b521216e
VERIFY PASS — replay reproduced 1 steps and the full trace chain bit-for-bit
== /home/user/Ranger3143/labs/logs/safe/SAFE-05/op12k_p0control/op12k/d/fw/receipts/q09.s0.txt
receipt trace-chain 47bf17ebaae5fcb1
local   trace-chain 47bf17ebaae5fcb1
VERIFY PASS — replay reproduced 1 steps and the full trace chain bit-for-bit
== /home/user/Ranger3143/labs/logs/safe/SAFE-05/op12k_p0control/op12k/d/fw/receipts/q09.s1.txt
receipt trace-chain 422d1f65c68f105a
local   trace-chain 422d1f65c68f105a
VERIFY PASS — replay reproduced 1 steps and the full trace chain bit-for-bit
== /home/user/Ranger3143/labs/logs/safe/SAFE-05/op12k_p0control/op12k/d/fw/receipts/q10.s0.txt
receipt trace-chain 23971bf1f5a4f912
local   trace-chain 23971bf1f5a4f912
VERIFY PASS — replay reproduced 1 steps and the full trace chain bit-for-bit
== /home/user/Ranger3143/labs/logs/safe/SAFE-05/op12k_p0control/op12k/d/fw/receipts/q10.s1.txt
receipt trace-chain d454c06034974752
local   trace-chain d454c06034974752
VERIFY PASS — replay reproduced 1 steps and the full trace chain bit-for-bit
== /home/user/Ranger3143/labs/logs/safe/SAFE-05/op12k_p0control/op12k/d/fw/receipts/q11.s0.txt
receipt trace-chain 68dc1913835787a1
local   trace-chain 68dc1913835787a1
VERIFY PASS — replay reproduced 1 steps and the full trace chain bit-for-bit
== /home/user/Ranger3143/labs/logs/safe/SAFE-05/op12k_p0control/op12k/d/fw/receipts/q11.s1.txt
receipt trace-chain ae5d1189c507c829
local   trace-chain ae5d1189c507c829
VERIFY PASS — replay reproduced 1 steps and the full trace chain bit-for-bit
== /home/user/Ranger3143/labs/logs/safe/SAFE-05/op12k_p0control/op12k/d/fw/receipts/q12.s0.txt
receipt trace-chain 112aa90d5ec70593
local   trace-chain 112aa90d5ec70593
VERIFY PASS — replay reproduced 1 steps and the full trace chain bit-for-bit
== /home/user/Ranger3143/labs/logs/safe/SAFE-05/op12k_p0control/op12k/d/fw/receipts/q12.s1.txt
receipt trace-chain ee367b87e8ca7172
local   trace-chain ee367b87e8ca7172
VERIFY PASS — replay reproduced 1 steps and the full trace chain bit-for-bit
== /home/user/Ranger3143/labs/logs/safe/SAFE-05/op12k_p0control/op12k/d/fw/receipts/q13.s0.txt
receipt trace-chain 2e2955de9a7ac8de
local   trace-chain 2e2955de9a7ac8de
VERIFY PASS — replay reproduced 1 steps and the full trace chain bit-for-bit
== /home/user/Ranger3143/labs/logs/safe/SAFE-05/op12k_p0control/op12k/d/fw/receipts/q13.s1.txt
receipt trace-chain 756f94d452e37e0b
local   trace-chain 756f94d452e37e0b
VERIFY PASS — replay reproduced 1 steps and the full trace chain bit-for-bit
== /home/user/Ranger3143/labs/logs/safe/SAFE-05/op12k_p0control/op12k/d/fw/receipts/q14.s0.txt
receipt trace-chain 12f3865da0bb9f33
local   trace-chain 12f3865da0bb9f33
VERIFY PASS — replay reproduced 1 steps and the full trace chain bit-for-bit
== /home/user/Ranger3143/labs/logs/safe/SAFE-05/op12k_p0control/op12k/d/fw/receipts/q14.s1.txt
receipt trace-chain b831e764b1ecdd32
local   trace-chain b831e764b1ecdd32
VERIFY PASS — replay reproduced 1 steps and the full trace chain bit-for-bit
== /home/user/Ranger3143/labs/logs/safe/SAFE-05/op12k_p0control/op12k/d/fw/receipts/q15.s0.txt
receipt trace-chain fcab4fc4567efce5
local   trace-chain fcab4fc4567efce5
VERIFY PASS — replay reproduced 1 steps and the full trace chain bit-for-bit
== /home/user/Ranger3143/labs/logs/safe/SAFE-05/op12k_p0control/op12k/d/fw/receipts/q15.s1.txt
receipt trace-chain 2171aa13ecae2b59
local   trace-chain 2171aa13ecae2b59
VERIFY PASS — replay reproduced 1 steps and the full trace chain bit-for-bit
== /home/user/Ranger3143/labs/logs/safe/SAFE-05/op12k_p0control/op12k/d/fw/receipts/q16.s0.txt
receipt trace-chain 49cca7ce5722d446
local   trace-chain 49cca7ce5722d446
VERIFY PASS — replay reproduced 1 steps and the full trace chain bit-for-bit
== /home/user/Ranger3143/labs/logs/safe/SAFE-05/op12k_p0control/op12k/d/fw/receipts/q16.s1.txt
receipt trace-chain b3f82b22ade77ac9
local   trace-chain b3f82b22ade77ac9
VERIFY PASS — replay reproduced 1 steps and the full trace chain bit-for-bit
== /home/user/Ranger3143/labs/logs/safe/SAFE-05/op12k_p0control/op12k/d/fw/receipts/q17.s0.txt
receipt trace-chain 8ca04514514ae894
local   trace-chain 8ca04514514ae894
VERIFY PASS — replay reproduced 1 steps and the full trace chain bit-for-bit
== /home/user/Ranger3143/labs/logs/safe/SAFE-05/op12k_p0control/op12k/d/fw/receipts/q17.s1.txt
receipt trace-chain 7745283e9aed1d0c
local   trace-chain 7745283e9aed1d0c
VERIFY PASS — replay reproduced 1 steps and the full trace chain bit-for-bit
== /home/user/Ranger3143/labs/logs/safe/SAFE-05/op12k_p0control/op12k/d/fw/receipts/q18.s0.txt
receipt trace-chain 4718618167b58760
local   trace-chain 4718618167b58760
VERIFY PASS — replay reproduced 1 steps and the full trace chain bit-for-bit
== /home/user/Ranger3143/labs/logs/safe/SAFE-05/op12k_p0control/op12k/d/fw/receipts/q18.s1.txt
receipt trace-chain b6c3d368a6b71c2e
local   trace-chain b6c3d368a6b71c2e
WARNING step 0: tool argument not found verbatim in context
VERIFY PASS — replay reproduced 1 steps and the full trace chain bit-for-bit
== /home/user/Ranger3143/labs/logs/safe/SAFE-05/op12k_p0control/op12k/d/fw/receipts/q19.s0.txt
receipt trace-chain 2a9e2d8f3c9eb9dc
local   trace-chain 2a9e2d8f3c9eb9dc
VERIFY PASS — replay reproduced 1 steps and the full trace chain bit-for-bit
== /home/user/Ranger3143/labs/logs/safe/SAFE-05/op12k_p0control/op12k/d/fw/receipts/q19.s1.txt
receipt trace-chain ebf42b6a55de994e
local   trace-chain ebf42b6a55de994e
VERIFY PASS — replay reproduced 1 steps and the full trace chain bit-for-bit
== /home/user/Ranger3143/labs/logs/safe/SAFE-05/op12k_p0control/op12k/d/fw/receipts/q20.s0.txt
receipt trace-chain e255f6d2b85be0e1
local   trace-chain e255f6d2b85be0e1
VERIFY PASS — replay reproduced 1 steps and the full trace chain bit-for-bit
== /home/user/Ranger3143/labs/logs/safe/SAFE-05/op12k_p0control/op12k/d/fw/receipts/q20.s1.txt
receipt trace-chain 301e57d0aeaf9a7d
local   trace-chain 301e57d0aeaf9a7d
VERIFY PASS — replay reproduced 1 steps and the full trace chain bit-for-bit
== /home/user/Ranger3143/labs/logs/safe/SAFE-05/op12k_p0control/op12k/d/fw/receipts/q21.s0.txt
receipt trace-chain 8eaf9766ad522ce7
local   trace-chain 8eaf9766ad522ce7
VERIFY PASS — replay reproduced 1 steps and the full trace chain bit-for-bit
== /home/user/Ranger3143/labs/logs/safe/SAFE-05/op12k_p0control/op12k/d/fw/receipts/q21.s1.txt
receipt trace-chain 77f7785ef127aed9
local   trace-chain 77f7785ef127aed9
VERIFY PASS — replay reproduced 1 steps and the full trace chain bit-for-bit
== /home/user/Ranger3143/labs/logs/safe/SAFE-05/op12k_p0control/op12k/d/fw/receipts/q22.s0.txt
receipt trace-chain 27ca8c429078b560
local   trace-chain 27ca8c429078b560
VERIFY PASS — replay reproduced 1 steps and the full trace chain bit-for-bit
== /home/user/Ranger3143/labs/logs/safe/SAFE-05/op12k_p0control/op12k/d/fw/receipts/q22.s1.txt
receipt trace-chain 5d0b3c0d56393cda
local   trace-chain 5d0b3c0d56393cda
VERIFY PASS — replay reproduced 1 steps and the full trace chain bit-for-bit
== /home/user/Ranger3143/labs/logs/safe/SAFE-05/op12k_p0control/op12k/d/fw/receipts/q23.s0.txt
receipt trace-chain 638c53c9bc6836e3
local   trace-chain 638c53c9bc6836e3
VERIFY PASS — replay reproduced 1 steps and the full trace chain bit-for-bit
== /home/user/Ranger3143/labs/logs/safe/SAFE-05/op12k_p0control/op12k/d/fw/receipts/q23.s1.txt
receipt trace-chain dc0f4408ab6e31ab
local   trace-chain dc0f4408ab6e31ab
VERIFY PASS — replay reproduced 1 steps and the full trace chain bit-for-bit
== /home/user/Ranger3143/labs/logs/safe/SAFE-05/op12k_p0control/op12k/d/fw/receipts/q24.s0.txt
receipt trace-chain da47f3743b28c605
local   trace-chain da47f3743b28c605
VERIFY PASS — replay reproduced 1 steps and the full trace chain bit-for-bit
== /home/user/Ranger3143/labs/logs/safe/SAFE-05/op12k_p0control/op12k/d/fw/receipts/q24.s1.txt
receipt trace-chain b25c1673248eb618
local   trace-chain b25c1673248eb618
VERIFY PASS — replay reproduced 1 steps and the full trace chain bit-for-bit
== /home/user/Ranger3143/labs/logs/safe/SAFE-05/op12k_p0control/op12k/d/fw/receipts/q25.s0.txt
receipt trace-chain f7dffec0412fedc2
local   trace-chain f7dffec0412fedc2
VERIFY PASS — replay reproduced 1 steps and the full trace chain bit-for-bit
== /home/user/Ranger3143/labs/logs/safe/SAFE-05/op12k_p0control/op12k/d/fw/receipts/q25.s1.txt
receipt trace-chain cf8adcba915bdb80
local   trace-chain cf8adcba915bdb80
VERIFY PASS — replay reproduced 1 steps and the full trace chain bit-for-bit
== /home/user/Ranger3143/labs/logs/safe/SAFE-05/op12k_p0control/op12k/d/fw/receipts/q26.s0.txt
receipt trace-chain 7a071ac90ba9e703
local   trace-chain 7a071ac90ba9e703
VERIFY PASS — replay reproduced 1 steps and the full trace chain bit-for-bit
== /home/user/Ranger3143/labs/logs/safe/SAFE-05/op12k_p0control/op12k/d/fw/receipts/q26.s1.txt
receipt trace-chain f819f7decb435b79
local   trace-chain f819f7decb435b79
VERIFY PASS — replay reproduced 1 steps and the full trace chain bit-for-bit
== /home/user/Ranger3143/labs/logs/safe/SAFE-05/op12k_p0control/op12k/d/fw/receipts/q27.s0.txt
receipt trace-chain 5d2715cf17249a3f
local   trace-chain 5d2715cf17249a3f
VERIFY PASS — replay reproduced 1 steps and the full trace chain bit-for-bit
== /home/user/Ranger3143/labs/logs/safe/SAFE-05/op12k_p0control/op12k/d/fw/receipts/q27.s1.txt
receipt trace-chain b06b5a54f3b5cbc5
local   trace-chain b06b5a54f3b5cbc5
VERIFY PASS — replay reproduced 1 steps and the full trace chain bit-for-bit
== /home/user/Ranger3143/labs/logs/safe/SAFE-05/op12k_p0control/op12k/d/fw/receipts/q28.s0.txt
receipt trace-chain ba869409a3972355
local   trace-chain ba869409a3972355
VERIFY PASS — replay reproduced 1 steps and the full trace chain bit-for-bit
== /home/user/Ranger3143/labs/logs/safe/SAFE-05/op12k_p0control/op12k/d/fw/receipts/q28.s1.txt
receipt trace-chain ab594cdae56acf5c
local   trace-chain ab594cdae56acf5c
VERIFY PASS — replay reproduced 1 steps and the full trace chain bit-for-bit
== /home/user/Ranger3143/labs/logs/safe/SAFE-05/op12k_p0control/op12k/d/fw/receipts/q29.s0.txt
receipt trace-chain 58506b07ebedc02c
local   trace-chain 58506b07ebedc02c
VERIFY PASS — replay reproduced 1 steps and the full trace chain bit-for-bit
== /home/user/Ranger3143/labs/logs/safe/SAFE-05/op12k_p0control/op12k/d/fw/receipts/q29.s1.txt
receipt trace-chain 0c4815a70070a793
local   trace-chain 0c4815a70070a793
VERIFY PASS — replay reproduced 1 steps and the full trace chain bit-for-bit
== /home/user/Ranger3143/labs/logs/safe/SAFE-05/op12k_p0control/op12k/d/fw/receipts/q30.s0.txt
receipt trace-chain 16cfe566f663becb
local   trace-chain 16cfe566f663becb
VERIFY PASS — replay reproduced 1 steps and the full trace chain bit-for-bit
== /home/user/Ranger3143/labs/logs/safe/SAFE-05/op12k_p0control/op12k/d/fw/receipts/q30.s1.txt
receipt trace-chain 81572a91ff9e8d7d
local   trace-chain 81572a91ff9e8d7d
VERIFY PASS — replay reproduced 1 steps and the full trace chain bit-for-bit
SUMMARY pass=60 fail=0
