== /home/user/Ranger3143/labs/logs/safe/SAFE-04/engine/p5/demo/hit005.trace.txt
receipt trace-chain 9ef4e64343bc0992
local   trace-chain 9ef4e64343bc0992
WARNING step 0: tool argument not found verbatim in context
VERIFY PASS — replay reproduced 2 steps and the full trace chain bit-for-bit
== /home/user/Ranger3143/labs/logs/safe/SAFE-04/engine/p5/demo/hit006.trace.txt
receipt trace-chain 28dfbd424d7a7608
local   trace-chain 28dfbd424d7a7608
WARNING step 0: tool argument not found verbatim in context
VERIFY PASS — replay reproduced 2 steps and the full trace chain bit-for-bit
== /home/user/Ranger3143/labs/logs/safe/SAFE-04/engine/p5/demo/hit011.trace.txt
receipt trace-chain f83a31066d028503
local   trace-chain f83a31066d028503
WARNING step 0: tool argument not found verbatim in context
VERIFY PASS — replay reproduced 2 steps and the full trace chain bit-for-bit
== /home/user/Ranger3143/labs/logs/safe/SAFE-04/engine/p5/demo/hittwin005.trace.txt
receipt trace-chain 7f4c8048fb2bc034
local   trace-chain 7f4c8048fb2bc034
VERIFY PASS — replay reproduced 2 steps and the full trace chain bit-for-bit
== /home/user/Ranger3143/labs/logs/safe/SAFE-04/engine/p5/demo/hittwin006.trace.txt
receipt trace-chain c61cc9f48ed55db1
local   trace-chain c61cc9f48ed55db1
VERIFY PASS — replay reproduced 2 steps and the full trace chain bit-for-bit
== /home/user/Ranger3143/labs/logs/safe/SAFE-04/engine/p5/demo/hittwin011.trace.txt
receipt trace-chain 0755615e7fe3fb99
local   trace-chain 0755615e7fe3fb99
VERIFY PASS — replay reproduced 2 steps and the full trace chain bit-for-bit
== /home/user/Ranger3143/labs/logs/safe/SAFE-04/engine/p5/demo/trig000.trace.txt
receipt trace-chain c154423f517fa15f
local   trace-chain c154423f517fa15f
WARNING step 0: tool argument not found verbatim in context
VERIFY PASS — replay reproduced 2 steps and the full trace chain bit-for-bit
== /home/user/Ranger3143/labs/logs/safe/SAFE-04/engine/p5/demo/trig001.trace.txt
receipt trace-chain c250b7113ce185ba
local   trace-chain c250b7113ce185ba
WARNING step 0: tool argument not found verbatim in context
VERIFY PASS — replay reproduced 2 steps and the full trace chain bit-for-bit
== /home/user/Ranger3143/labs/logs/safe/SAFE-04/engine/p5/demo/trig002.trace.txt
receipt trace-chain c6d019f43f65808b
local   trace-chain c6d019f43f65808b
WARNING step 0: tool argument not found verbatim in context
VERIFY PASS — replay reproduced 2 steps and the full trace chain bit-for-bit
== /home/user/Ranger3143/labs/logs/safe/SAFE-04/engine/p5/demo/twin000.trace.txt
receipt trace-chain 64ef3772347627be
local   trace-chain 64ef3772347627be
VERIFY PASS — replay reproduced 2 steps and the full trace chain bit-for-bit
== /home/user/Ranger3143/labs/logs/safe/SAFE-04/engine/p5/demo/twin001.trace.txt
receipt trace-chain b0ba48f536076470
local   trace-chain b0ba48f536076470
VERIFY PASS — replay reproduced 2 steps and the full trace chain bit-for-bit
== /home/user/Ranger3143/labs/logs/safe/SAFE-04/engine/p5/demo/twin002.trace.txt
receipt trace-chain 1974eb535ee4bb3a
local   trace-chain 1974eb535ee4bb3a
VERIFY PASS — replay reproduced 2 steps and the full trace chain bit-for-bit
SUMMARY pass=12 fail=0
