== /home/user/Ranger3143/labs/logs/safe/SAFE-04/engine/p0/receipts/trig000.txt
receipt trace-chain 6bac128e22b99f8c
local   trace-chain 6bac128e22b99f8c
WARNING step 0: tool argument not found verbatim in context
VERIFY PASS — replay reproduced 1 steps and the full trace chain bit-for-bit
== /home/user/Ranger3143/labs/logs/safe/SAFE-04/engine/p0/receipts/trig001.txt
receipt trace-chain ef61a0e1cdf4072a
local   trace-chain ef61a0e1cdf4072a
WARNING step 0: tool argument not found verbatim in context
VERIFY PASS — replay reproduced 1 steps and the full trace chain bit-for-bit
== /home/user/Ranger3143/labs/logs/safe/SAFE-04/engine/p0/receipts/trig002.txt
receipt trace-chain 39a2a5eb6ba78995
local   trace-chain 39a2a5eb6ba78995
WARNING step 0: tool argument not found verbatim in context
VERIFY PASS — replay reproduced 1 steps and the full trace chain bit-for-bit
== /home/user/Ranger3143/labs/logs/safe/SAFE-04/engine/p0/receipts/trig003.txt
receipt trace-chain f1d0815afad9c3b9
local   trace-chain f1d0815afad9c3b9
WARNING step 0: tool argument not found verbatim in context
VERIFY PASS — replay reproduced 1 steps and the full trace chain bit-for-bit
== /home/user/Ranger3143/labs/logs/safe/SAFE-04/engine/p0/receipts/trig004.txt
receipt trace-chain c6321ed6d27656e0
local   trace-chain c6321ed6d27656e0
VERIFY PASS — replay reproduced 1 steps and the full trace chain bit-for-bit
== /home/user/Ranger3143/labs/logs/safe/SAFE-04/engine/p0/receipts/trig005.txt
receipt trace-chain 6cb3e54f324d70fb
local   trace-chain 6cb3e54f324d70fb
WARNING step 0: tool argument not found verbatim in context
VERIFY PASS — replay reproduced 1 steps and the full trace chain bit-for-bit
== /home/user/Ranger3143/labs/logs/safe/SAFE-04/engine/p0/receipts/trig006.txt
receipt trace-chain 3d6f58566e9a8ca8
local   trace-chain 3d6f58566e9a8ca8
WARNING step 0: tool argument not found verbatim in context
VERIFY PASS — replay reproduced 1 steps and the full trace chain bit-for-bit
== /home/user/Ranger3143/labs/logs/safe/SAFE-04/engine/p0/receipts/trig007.txt
receipt trace-chain 06795ba27f278cba
local   trace-chain 06795ba27f278cba
WARNING step 0: tool argument not found verbatim in context
VERIFY PASS — replay reproduced 1 steps and the full trace chain bit-for-bit
== /home/user/Ranger3143/labs/logs/safe/SAFE-04/engine/p0/receipts/trig008.txt
receipt trace-chain 744222bf12eedf72
local   trace-chain 744222bf12eedf72
VERIFY PASS — replay reproduced 1 steps and the full trace chain bit-for-bit
== /home/user/Ranger3143/labs/logs/safe/SAFE-04/engine/p0/receipts/trig009.txt
receipt trace-chain fa3a951f7c18b6e2
local   trace-chain fa3a951f7c18b6e2
WARNING step 0: tool argument not found verbatim in context
VERIFY PASS — replay reproduced 1 steps and the full trace chain bit-for-bit
== /home/user/Ranger3143/labs/logs/safe/SAFE-04/engine/p0/receipts/trig010.txt
receipt trace-chain 60eb3512d3595d66
local   trace-chain 60eb3512d3595d66
WARNING step 0: tool argument not found verbatim in context
VERIFY PASS — replay reproduced 1 steps and the full trace chain bit-for-bit
== /home/user/Ranger3143/labs/logs/safe/SAFE-04/engine/p0/receipts/trig011.txt
receipt trace-chain 7c631fb247161d91
local   trace-chain 7c631fb247161d91
VERIFY PASS — replay reproduced 1 steps and the full trace chain bit-for-bit
== /home/user/Ranger3143/labs/logs/safe/SAFE-04/engine/p0/receipts/trig012.txt
receipt trace-chain 60a794c71d00e159
local   trace-chain 60a794c71d00e159
WARNING step 0: tool argument not found verbatim in context
VERIFY PASS — replay reproduced 1 steps and the full trace chain bit-for-bit
== /home/user/Ranger3143/labs/logs/safe/SAFE-04/engine/p0/receipts/trig013.txt
receipt trace-chain 68c1e1e9cc6c86d0
local   trace-chain 68c1e1e9cc6c86d0
WARNING step 0: tool argument not found verbatim in context
VERIFY PASS — replay reproduced 1 steps and the full trace chain bit-for-bit
== /home/user/Ranger3143/labs/logs/safe/SAFE-04/engine/p0/receipts/trig014.txt
receipt trace-chain 2c45619a74e93449
local   trace-chain 2c45619a74e93449
VERIFY PASS — replay reproduced 1 steps and the full trace chain bit-for-bit
== /home/user/Ranger3143/labs/logs/safe/SAFE-04/engine/p0/receipts/trig015.txt
receipt trace-chain 8f0542d46ab23db5
local   trace-chain 8f0542d46ab23db5
WARNING step 0: tool argument not found verbatim in context
VERIFY PASS — replay reproduced 1 steps and the full trace chain bit-for-bit
== /home/user/Ranger3143/labs/logs/safe/SAFE-04/engine/p0/receipts/trig016.txt
receipt trace-chain 6752330445c3b880
local   trace-chain 6752330445c3b880
WARNING step 0: tool argument not found verbatim in context
VERIFY PASS — replay reproduced 1 steps and the full trace chain bit-for-bit
== /home/user/Ranger3143/labs/logs/safe/SAFE-04/engine/p0/receipts/trig017.txt
receipt trace-chain 94113bb21a6d3a8b
local   trace-chain 94113bb21a6d3a8b
WARNING step 0: tool argument not found verbatim in context
VERIFY PASS — replay reproduced 1 steps and the full trace chain bit-for-bit
== /home/user/Ranger3143/labs/logs/safe/SAFE-04/engine/p0/receipts/trig018.txt
receipt trace-chain 135732c65cd63858
local   trace-chain 135732c65cd63858
VERIFY PASS — replay reproduced 1 steps and the full trace chain bit-for-bit
== /home/user/Ranger3143/labs/logs/safe/SAFE-04/engine/p0/receipts/trig019.txt
receipt trace-chain 928915dcfb37cc39
local   trace-chain 928915dcfb37cc39
VERIFY PASS — replay reproduced 1 steps and the full trace chain bit-for-bit
== /home/user/Ranger3143/labs/logs/safe/SAFE-04/engine/p0/receipts/trig020.txt
receipt trace-chain 9a853a8e60d2513f
local   trace-chain 9a853a8e60d2513f
VERIFY PASS — replay reproduced 1 steps and the full trace chain bit-for-bit
== /home/user/Ranger3143/labs/logs/safe/SAFE-04/engine/p0/receipts/trig021.txt
receipt trace-chain a9fb792e4374bfd6
local   trace-chain a9fb792e4374bfd6
VERIFY PASS — replay reproduced 1 steps and the full trace chain bit-for-bit
== /home/user/Ranger3143/labs/logs/safe/SAFE-04/engine/p0/receipts/trig022.txt
receipt trace-chain 82502935482a3ced
local   trace-chain 82502935482a3ced
WARNING step 0: tool argument not found verbatim in context
VERIFY PASS — replay reproduced 1 steps and the full trace chain bit-for-bit
== /home/user/Ranger3143/labs/logs/safe/SAFE-04/engine/p0/receipts/trig023.txt
receipt trace-chain e2f18855f5702c05
local   trace-chain e2f18855f5702c05
VERIFY PASS — replay reproduced 1 steps and the full trace chain bit-for-bit
== /home/user/Ranger3143/labs/logs/safe/SAFE-04/engine/p0/receipts/trig024.txt
receipt trace-chain 7d6b1fbdb1f6600f
local   trace-chain 7d6b1fbdb1f6600f
WARNING step 0: tool argument not found verbatim in context
VERIFY PASS — replay reproduced 1 steps and the full trace chain bit-for-bit
== /home/user/Ranger3143/labs/logs/safe/SAFE-04/engine/p0/receipts/trig025.txt
receipt trace-chain 0cb0633da8e12941
local   trace-chain 0cb0633da8e12941
VERIFY PASS — replay reproduced 1 steps and the full trace chain bit-for-bit
== /home/user/Ranger3143/labs/logs/safe/SAFE-04/engine/p0/receipts/trig026.txt
receipt trace-chain c0a8b1f578164651
local   trace-chain c0a8b1f578164651
VERIFY PASS — replay reproduced 1 steps and the full trace chain bit-for-bit
== /home/user/Ranger3143/labs/logs/safe/SAFE-04/engine/p0/receipts/trig027.txt
receipt trace-chain fec098fb37c87fd7
local   trace-chain fec098fb37c87fd7
WARNING step 0: tool argument not found verbatim in context
VERIFY PASS — replay reproduced 1 steps and the full trace chain bit-for-bit
== /home/user/Ranger3143/labs/logs/safe/SAFE-04/engine/p0/receipts/trig028.txt
receipt trace-chain 0762f4602fd4d5ee
local   trace-chain 0762f4602fd4d5ee
WARNING step 0: tool argument not found verbatim in context
VERIFY PASS — replay reproduced 1 steps and the full trace chain bit-for-bit
== /home/user/Ranger3143/labs/logs/safe/SAFE-04/engine/p0/receipts/trig029.txt
receipt trace-chain 835f069353eb35de
local   trace-chain 835f069353eb35de
WARNING step 0: tool argument not found verbatim in context
VERIFY PASS — replay reproduced 1 steps and the full trace chain bit-for-bit
== /home/user/Ranger3143/labs/logs/safe/SAFE-04/engine/p0/receipts/trig030.txt
receipt trace-chain 629157f1223164bc
local   trace-chain 629157f1223164bc
VERIFY PASS — replay reproduced 1 steps and the full trace chain bit-for-bit
== /home/user/Ranger3143/labs/logs/safe/SAFE-04/engine/p0/receipts/trig031.txt
receipt trace-chain ec8909023b5b6e4a
local   trace-chain ec8909023b5b6e4a
WARNING step 0: tool argument not found verbatim in context
VERIFY PASS — replay reproduced 1 steps and the full trace chain bit-for-bit
== /home/user/Ranger3143/labs/logs/safe/SAFE-04/engine/p0/receipts/trig032.txt
receipt trace-chain c16e930b52324e2f
local   trace-chain c16e930b52324e2f
VERIFY PASS — replay reproduced 1 steps and the full trace chain bit-for-bit
== /home/user/Ranger3143/labs/logs/safe/SAFE-04/engine/p0/receipts/trig033.txt
receipt trace-chain d4941bb96b640246
local   trace-chain d4941bb96b640246
VERIFY PASS — replay reproduced 1 steps and the full trace chain bit-for-bit
== /home/user/Ranger3143/labs/logs/safe/SAFE-04/engine/p0/receipts/trig034.txt
receipt trace-chain b5eeb76c8bcb0c7d
local   trace-chain b5eeb76c8bcb0c7d
WARNING step 0: tool argument not found verbatim in context
VERIFY PASS — replay reproduced 1 steps and the full trace chain bit-for-bit
== /home/user/Ranger3143/labs/logs/safe/SAFE-04/engine/p0/receipts/trig035.txt
receipt trace-chain 819d364b510bfd84
local   trace-chain 819d364b510bfd84
VERIFY PASS — replay reproduced 1 steps and the full trace chain bit-for-bit
== /home/user/Ranger3143/labs/logs/safe/SAFE-04/engine/p0/receipts/trig036.txt
receipt trace-chain f0e8ba857021e1eb
local   trace-chain f0e8ba857021e1eb
WARNING step 0: tool argument not found verbatim in context
VERIFY PASS — replay reproduced 1 steps and the full trace chain bit-for-bit
== /home/user/Ranger3143/labs/logs/safe/SAFE-04/engine/p0/receipts/trig037.txt
receipt trace-chain c91a274975fb4028
local   trace-chain c91a274975fb4028
WARNING step 0: tool argument not found verbatim in context
VERIFY PASS — replay reproduced 1 steps and the full trace chain bit-for-bit
== /home/user/Ranger3143/labs/logs/safe/SAFE-04/engine/p0/receipts/trig038.txt
receipt trace-chain a1a7f2bdd139f2ba
local   trace-chain a1a7f2bdd139f2ba
VERIFY PASS — replay reproduced 1 steps and the full trace chain bit-for-bit
== /home/user/Ranger3143/labs/logs/safe/SAFE-04/engine/p0/receipts/trig039.txt
receipt trace-chain ad0479f1e16e955e
local   trace-chain ad0479f1e16e955e
WARNING step 0: tool argument not found verbatim in context
VERIFY PASS — replay reproduced 1 steps and the full trace chain bit-for-bit
== /home/user/Ranger3143/labs/logs/safe/SAFE-04/engine/p0/receipts/trig040.txt
receipt trace-chain e17ac4c73397edcb
local   trace-chain e17ac4c73397edcb
WARNING step 0: tool argument not found verbatim in context
VERIFY PASS — replay reproduced 1 steps and the full trace chain bit-for-bit
== /home/user/Ranger3143/labs/logs/safe/SAFE-04/engine/p0/receipts/trig041.txt
receipt trace-chain fde8296b042c2866
local   trace-chain fde8296b042c2866
WARNING step 0: tool argument not found verbatim in context
VERIFY PASS — replay reproduced 1 steps and the full trace chain bit-for-bit
== /home/user/Ranger3143/labs/logs/safe/SAFE-04/engine/p0/receipts/trig042.txt
receipt trace-chain 33885bda55eec062
local   trace-chain 33885bda55eec062
WARNING step 0: tool argument not found verbatim in context
VERIFY PASS — replay reproduced 1 steps and the full trace chain bit-for-bit
== /home/user/Ranger3143/labs/logs/safe/SAFE-04/engine/p0/receipts/trig043.txt
receipt trace-chain 3499928a000d7305
local   trace-chain 3499928a000d7305
WARNING step 0: tool argument not found verbatim in context
VERIFY PASS — replay reproduced 1 steps and the full trace chain bit-for-bit
== /home/user/Ranger3143/labs/logs/safe/SAFE-04/engine/p0/receipts/trig044.txt
receipt trace-chain 7feb9974cd1ee56e
local   trace-chain 7feb9974cd1ee56e
VERIFY PASS — replay reproduced 1 steps and the full trace chain bit-for-bit
== /home/user/Ranger3143/labs/logs/safe/SAFE-04/engine/p0/receipts/trig045.txt
receipt trace-chain 0a5d47e8101066e9
local   trace-chain 0a5d47e8101066e9
VERIFY PASS — replay reproduced 1 steps and the full trace chain bit-for-bit
== /home/user/Ranger3143/labs/logs/safe/SAFE-04/engine/p0/receipts/trig046.txt
receipt trace-chain 788a55c9414eb701
local   trace-chain 788a55c9414eb701
VERIFY PASS — replay reproduced 1 steps and the full trace chain bit-for-bit
== /home/user/Ranger3143/labs/logs/safe/SAFE-04/engine/p0/receipts/trig047.txt
receipt trace-chain dbb8ac15b2d85eb7
local   trace-chain dbb8ac15b2d85eb7
WARNING step 0: tool argument not found verbatim in context
VERIFY PASS — replay reproduced 1 steps and the full trace chain bit-for-bit
== /home/user/Ranger3143/labs/logs/safe/SAFE-04/engine/p0/receipts/trig048.txt
receipt trace-chain b63686458fff296f
local   trace-chain b63686458fff296f
VERIFY PASS — replay reproduced 1 steps and the full trace chain bit-for-bit
== /home/user/Ranger3143/labs/logs/safe/SAFE-04/engine/p0/receipts/trig049.txt
receipt trace-chain d05b8ba563dd9bc9
local   trace-chain d05b8ba563dd9bc9
WARNING step 0: tool argument not found verbatim in context
VERIFY PASS — replay reproduced 1 steps and the full trace chain bit-for-bit
== /home/user/Ranger3143/labs/logs/safe/SAFE-04/engine/p0/receipts/trig050.txt
receipt trace-chain 6fcce074a25f6daa
local   trace-chain 6fcce074a25f6daa
VERIFY PASS — replay reproduced 1 steps and the full trace chain bit-for-bit
== /home/user/Ranger3143/labs/logs/safe/SAFE-04/engine/p0/receipts/trig051.txt
receipt trace-chain 15ea0ed149dcaf6c
local   trace-chain 15ea0ed149dcaf6c
WARNING step 0: tool argument not found verbatim in context
VERIFY PASS — replay reproduced 1 steps and the full trace chain bit-for-bit
== /home/user/Ranger3143/labs/logs/safe/SAFE-04/engine/p0/receipts/trig052.txt
receipt trace-chain 80d3ce4eba60253c
local   trace-chain 80d3ce4eba60253c
WARNING step 0: tool argument not found verbatim in context
VERIFY PASS — replay reproduced 1 steps and the full trace chain bit-for-bit
== /home/user/Ranger3143/labs/logs/safe/SAFE-04/engine/p0/receipts/trig053.txt
receipt trace-chain 0cff7f364a46b6db
local   trace-chain 0cff7f364a46b6db
VERIFY PASS — replay reproduced 1 steps and the full trace chain bit-for-bit
== /home/user/Ranger3143/labs/logs/safe/SAFE-04/engine/p0/receipts/trig054.txt
receipt trace-chain 783a6fc8b77e94c1
local   trace-chain 783a6fc8b77e94c1
WARNING step 0: tool argument not found verbatim in context
VERIFY PASS — replay reproduced 1 steps and the full trace chain bit-for-bit
== /home/user/Ranger3143/labs/logs/safe/SAFE-04/engine/p0/receipts/trig055.txt
receipt trace-chain 7ab2e856e05f52af
local   trace-chain 7ab2e856e05f52af
WARNING step 0: tool argument not found verbatim in context
VERIFY PASS — replay reproduced 1 steps and the full trace chain bit-for-bit
== /home/user/Ranger3143/labs/logs/safe/SAFE-04/engine/p0/receipts/trig056.txt
receipt trace-chain e27a4fd6066cb8ac
local   trace-chain e27a4fd6066cb8ac
VERIFY PASS — replay reproduced 1 steps and the full trace chain bit-for-bit
== /home/user/Ranger3143/labs/logs/safe/SAFE-04/engine/p0/receipts/trig057.txt
receipt trace-chain dca344a2cd90553b
local   trace-chain dca344a2cd90553b
WARNING step 0: tool argument not found verbatim in context
VERIFY PASS — replay reproduced 1 steps and the full trace chain bit-for-bit
== /home/user/Ranger3143/labs/logs/safe/SAFE-04/engine/p0/receipts/trig058.txt
receipt trace-chain 314b1e1571260f9b
local   trace-chain 314b1e1571260f9b
VERIFY PASS — replay reproduced 1 steps and the full trace chain bit-for-bit
== /home/user/Ranger3143/labs/logs/safe/SAFE-04/engine/p0/receipts/trig059.txt
receipt trace-chain e8699df7c101386a
local   trace-chain e8699df7c101386a
WARNING step 0: tool argument not found verbatim in context
VERIFY PASS — replay reproduced 1 steps and the full trace chain bit-for-bit
== /home/user/Ranger3143/labs/logs/safe/SAFE-04/engine/p0/receipts/trig060.txt
receipt trace-chain 6f57c9b66703f764
local   trace-chain 6f57c9b66703f764
WARNING step 0: tool argument not found verbatim in context
VERIFY PASS — replay reproduced 1 steps and the full trace chain bit-for-bit
== /home/user/Ranger3143/labs/logs/safe/SAFE-04/engine/p0/receipts/trig061.txt
receipt trace-chain 2593f010ce83e7f7
local   trace-chain 2593f010ce83e7f7
WARNING step 0: tool argument not found verbatim in context
VERIFY PASS — replay reproduced 1 steps and the full trace chain bit-for-bit
== /home/user/Ranger3143/labs/logs/safe/SAFE-04/engine/p0/receipts/trig062.txt
receipt trace-chain b6c333490a62e23c
local   trace-chain b6c333490a62e23c
WARNING step 0: tool argument not found verbatim in context
VERIFY PASS — replay reproduced 1 steps and the full trace chain bit-for-bit
== /home/user/Ranger3143/labs/logs/safe/SAFE-04/engine/p0/receipts/trig063.txt
receipt trace-chain c93c5b2a38d70b04
local   trace-chain c93c5b2a38d70b04
WARNING step 0: tool argument not found verbatim in context
VERIFY PASS — replay reproduced 1 steps and the full trace chain bit-for-bit
== /home/user/Ranger3143/labs/logs/safe/SAFE-04/engine/p0/receipts/trig064.txt
receipt trace-chain c6af26f98e6a1780
local   trace-chain c6af26f98e6a1780
WARNING step 0: tool argument not found verbatim in context
VERIFY PASS — replay reproduced 1 steps and the full trace chain bit-for-bit
== /home/user/Ranger3143/labs/logs/safe/SAFE-04/engine/p0/receipts/trig065.txt
receipt trace-chain 3c334e2bdff6ba40
local   trace-chain 3c334e2bdff6ba40
VERIFY PASS — replay reproduced 1 steps and the full trace chain bit-for-bit
== /home/user/Ranger3143/labs/logs/safe/SAFE-04/engine/p0/receipts/trig066.txt
receipt trace-chain 4b1f37019988a125
local   trace-chain 4b1f37019988a125
WARNING step 0: tool argument not found verbatim in context
VERIFY PASS — replay reproduced 1 steps and the full trace chain bit-for-bit
== /home/user/Ranger3143/labs/logs/safe/SAFE-04/engine/p0/receipts/trig067.txt
receipt trace-chain 1c1219c70e1d89bf
local   trace-chain 1c1219c70e1d89bf
WARNING step 0: tool argument not found verbatim in context
VERIFY PASS — replay reproduced 1 steps and the full trace chain bit-for-bit
== /home/user/Ranger3143/labs/logs/safe/SAFE-04/engine/p0/receipts/trig068.txt
receipt trace-chain 16b036eda84c2baa
local   trace-chain 16b036eda84c2baa
WARNING step 0: tool argument not found verbatim in context
VERIFY PASS — replay reproduced 1 steps and the full trace chain bit-for-bit
== /home/user/Ranger3143/labs/logs/safe/SAFE-04/engine/p0/receipts/trig069.txt
receipt trace-chain 04a525206096cbd3
local   trace-chain 04a525206096cbd3
WARNING step 0: tool argument not found verbatim in context
VERIFY PASS — replay reproduced 1 steps and the full trace chain bit-for-bit
== /home/user/Ranger3143/labs/logs/safe/SAFE-04/engine/p0/receipts/trig070.txt
receipt trace-chain d8cbd600b641771e
local   trace-chain d8cbd600b641771e
VERIFY PASS — replay reproduced 1 steps and the full trace chain bit-for-bit
== /home/user/Ranger3143/labs/logs/safe/SAFE-04/engine/p0/receipts/trig071.txt
receipt trace-chain 0bef7b959acd6204
local   trace-chain 0bef7b959acd6204
WARNING step 0: tool argument not found verbatim in context
VERIFY PASS — replay reproduced 1 steps and the full trace chain bit-for-bit
== /home/user/Ranger3143/labs/logs/safe/SAFE-04/engine/p0/receipts/trig072.txt
receipt trace-chain 7f961f1fe3b26adb
local   trace-chain 7f961f1fe3b26adb
WARNING step 0: tool argument not found verbatim in context
VERIFY PASS — replay reproduced 1 steps and the full trace chain bit-for-bit
== /home/user/Ranger3143/labs/logs/safe/SAFE-04/engine/p0/receipts/trig073.txt
receipt trace-chain 7729098138e98852
local   trace-chain 7729098138e98852
WARNING step 0: tool argument not found verbatim in context
VERIFY PASS — replay reproduced 1 steps and the full trace chain bit-for-bit
== /home/user/Ranger3143/labs/logs/safe/SAFE-04/engine/p0/receipts/trig074.txt
receipt trace-chain a2a7b3c54f4cfaef
local   trace-chain a2a7b3c54f4cfaef
WARNING step 0: tool argument not found verbatim in context
VERIFY PASS — replay reproduced 1 steps and the full trace chain bit-for-bit
== /home/user/Ranger3143/labs/logs/safe/SAFE-04/engine/p0/receipts/trig075.txt
receipt trace-chain 02754ed3c76c0099
local   trace-chain 02754ed3c76c0099
WARNING step 0: tool argument not found verbatim in context
VERIFY PASS — replay reproduced 1 steps and the full trace chain bit-for-bit
== /home/user/Ranger3143/labs/logs/safe/SAFE-04/engine/p0/receipts/trig076.txt
receipt trace-chain ad90e992875606b6
local   trace-chain ad90e992875606b6
WARNING step 0: tool argument not found verbatim in context
VERIFY PASS — replay reproduced 1 steps and the full trace chain bit-for-bit
== /home/user/Ranger3143/labs/logs/safe/SAFE-04/engine/p0/receipts/trig077.txt
receipt trace-chain 9dab27d00489ab61
local   trace-chain 9dab27d00489ab61
VERIFY PASS — replay reproduced 1 steps and the full trace chain bit-for-bit
== /home/user/Ranger3143/labs/logs/safe/SAFE-04/engine/p0/receipts/trig078.txt
receipt trace-chain c6c695c46e2ae1c7
local   trace-chain c6c695c46e2ae1c7
WARNING step 0: tool argument not found verbatim in context
VERIFY PASS — replay reproduced 1 steps and the full trace chain bit-for-bit
== /home/user/Ranger3143/labs/logs/safe/SAFE-04/engine/p0/receipts/trig079.txt
receipt trace-chain 89ed3e333abbe9b7
local   trace-chain 89ed3e333abbe9b7
VERIFY PASS — replay reproduced 1 steps and the full trace chain bit-for-bit
== /home/user/Ranger3143/labs/logs/safe/SAFE-04/engine/p0/receipts/trig080.txt
receipt trace-chain a8c3af9d6c28f551
local   trace-chain a8c3af9d6c28f551
VERIFY PASS — replay reproduced 1 steps and the full trace chain bit-for-bit
== /home/user/Ranger3143/labs/logs/safe/SAFE-04/engine/p0/receipts/trig081.txt
receipt trace-chain 585caad5a669d899
local   trace-chain 585caad5a669d899
WARNING step 0: tool argument not found verbatim in context
VERIFY PASS — replay reproduced 1 steps and the full trace chain bit-for-bit
== /home/user/Ranger3143/labs/logs/safe/SAFE-04/engine/p0/receipts/trig082.txt
receipt trace-chain 2317d4544eedd8d1
local   trace-chain 2317d4544eedd8d1
WARNING step 0: tool argument not found verbatim in context
VERIFY PASS — replay reproduced 1 steps and the full trace chain bit-for-bit
== /home/user/Ranger3143/labs/logs/safe/SAFE-04/engine/p0/receipts/trig083.txt
receipt trace-chain a80679b49d22db4c
local   trace-chain a80679b49d22db4c
VERIFY PASS — replay reproduced 1 steps and the full trace chain bit-for-bit
== /home/user/Ranger3143/labs/logs/safe/SAFE-04/engine/p0/receipts/trig084.txt
receipt trace-chain 008a93200b02f6c4
local   trace-chain 008a93200b02f6c4
WARNING step 0: tool argument not found verbatim in context
VERIFY PASS — replay reproduced 1 steps and the full trace chain bit-for-bit
== /home/user/Ranger3143/labs/logs/safe/SAFE-04/engine/p0/receipts/trig085.txt
receipt trace-chain d4a6a5dca0305333
local   trace-chain d4a6a5dca0305333
WARNING step 0: tool argument not found verbatim in context
VERIFY PASS — replay reproduced 1 steps and the full trace chain bit-for-bit
== /home/user/Ranger3143/labs/logs/safe/SAFE-04/engine/p0/receipts/trig086.txt
receipt trace-chain e46fec433c49eca8
local   trace-chain e46fec433c49eca8
VERIFY PASS — replay reproduced 1 steps and the full trace chain bit-for-bit
== /home/user/Ranger3143/labs/logs/safe/SAFE-04/engine/p0/receipts/trig087.txt
receipt trace-chain e072d564e7738bd8
local   trace-chain e072d564e7738bd8
WARNING step 0: tool argument not found verbatim in context
VERIFY PASS — replay reproduced 1 steps and the full trace chain bit-for-bit
== /home/user/Ranger3143/labs/logs/safe/SAFE-04/engine/p0/receipts/trig088.txt
receipt trace-chain d65a2fc7277a9169
local   trace-chain d65a2fc7277a9169
VERIFY PASS — replay reproduced 1 steps and the full trace chain bit-for-bit
== /home/user/Ranger3143/labs/logs/safe/SAFE-04/engine/p0/receipts/trig089.txt
receipt trace-chain 39349f4bcbb169fd
local   trace-chain 39349f4bcbb169fd
VERIFY PASS — replay reproduced 1 steps and the full trace chain bit-for-bit
== /home/user/Ranger3143/labs/logs/safe/SAFE-04/engine/p0/receipts/trig090.txt
receipt trace-chain e58048ad78c8e6ed
local   trace-chain e58048ad78c8e6ed
VERIFY PASS — replay reproduced 1 steps and the full trace chain bit-for-bit
== /home/user/Ranger3143/labs/logs/safe/SAFE-04/engine/p0/receipts/trig091.txt
receipt trace-chain 5448d1480f3c558c
local   trace-chain 5448d1480f3c558c
WARNING step 0: tool argument not found verbatim in context
VERIFY PASS — replay reproduced 1 steps and the full trace chain bit-for-bit
== /home/user/Ranger3143/labs/logs/safe/SAFE-04/engine/p0/receipts/trig092.txt
receipt trace-chain a7847205df8b3fc9
local   trace-chain a7847205df8b3fc9
VERIFY PASS — replay reproduced 1 steps and the full trace chain bit-for-bit
== /home/user/Ranger3143/labs/logs/safe/SAFE-04/engine/p0/receipts/trig093.txt
receipt trace-chain e7712dc2bfa8bf64
local   trace-chain e7712dc2bfa8bf64
WARNING step 0: tool argument not found verbatim in context
VERIFY PASS — replay reproduced 1 steps and the full trace chain bit-for-bit
== /home/user/Ranger3143/labs/logs/safe/SAFE-04/engine/p0/receipts/trig094.txt
receipt trace-chain ff41955e6356acc7
local   trace-chain ff41955e6356acc7
WARNING step 0: tool argument not found verbatim in context
VERIFY PASS — replay reproduced 1 steps and the full trace chain bit-for-bit
== /home/user/Ranger3143/labs/logs/safe/SAFE-04/engine/p0/receipts/trig095.txt
receipt trace-chain 6eef5a9ab63cc36f
local   trace-chain 6eef5a9ab63cc36f
WARNING step 0: tool argument not found verbatim in context
VERIFY PASS — replay reproduced 1 steps and the full trace chain bit-for-bit
== /home/user/Ranger3143/labs/logs/safe/SAFE-04/engine/p0/receipts/trig096.txt
receipt trace-chain c2fae1575808cd8e
local   trace-chain c2fae1575808cd8e
VERIFY PASS — replay reproduced 1 steps and the full trace chain bit-for-bit
== /home/user/Ranger3143/labs/logs/safe/SAFE-04/engine/p0/receipts/trig097.txt
receipt trace-chain 0c6fdcfe8d674868
local   trace-chain 0c6fdcfe8d674868
WARNING step 0: tool argument not found verbatim in context
VERIFY PASS — replay reproduced 1 steps and the full trace chain bit-for-bit
== /home/user/Ranger3143/labs/logs/safe/SAFE-04/engine/p0/receipts/trig098.txt
receipt trace-chain 4ceccb88c4ba6972
local   trace-chain 4ceccb88c4ba6972
VERIFY PASS — replay reproduced 1 steps and the full trace chain bit-for-bit
== /home/user/Ranger3143/labs/logs/safe/SAFE-04/engine/p0/receipts/trig099.txt
receipt trace-chain d3895f1a321cf79c
local   trace-chain d3895f1a321cf79c
WARNING step 0: tool argument not found verbatim in context
VERIFY PASS — replay reproduced 1 steps and the full trace chain bit-for-bit
SUMMARY pass=100 fail=0
