== /home/user/Ranger3143/labs/logs/safe/SAFE-04/engine/p0/receipts/clean000.txt
receipt trace-chain ca9cb31126672fa0
local   trace-chain ca9cb31126672fa0
WARNING step 0: tool argument not found verbatim in context
VERIFY PASS — replay reproduced 1 steps and the full trace chain bit-for-bit
== /home/user/Ranger3143/labs/logs/safe/SAFE-04/engine/p0/receipts/clean001.txt
receipt trace-chain 7fdd6061e8eb9377
local   trace-chain 7fdd6061e8eb9377
WARNING step 0: tool argument not found verbatim in context
VERIFY PASS — replay reproduced 1 steps and the full trace chain bit-for-bit
== /home/user/Ranger3143/labs/logs/safe/SAFE-04/engine/p0/receipts/clean002.txt
receipt trace-chain 0ddff266e8e5204f
local   trace-chain 0ddff266e8e5204f
VERIFY PASS — replay reproduced 1 steps and the full trace chain bit-for-bit
== /home/user/Ranger3143/labs/logs/safe/SAFE-04/engine/p0/receipts/clean003.txt
receipt trace-chain 4f2c1e8dfb01bf6c
local   trace-chain 4f2c1e8dfb01bf6c
WARNING step 0: tool argument not found verbatim in context
VERIFY PASS — replay reproduced 1 steps and the full trace chain bit-for-bit
== /home/user/Ranger3143/labs/logs/safe/SAFE-04/engine/p0/receipts/clean004.txt
receipt trace-chain a9268f09c2f482fb
local   trace-chain a9268f09c2f482fb
WARNING step 0: tool argument not found verbatim in context
VERIFY PASS — replay reproduced 1 steps and the full trace chain bit-for-bit
== /home/user/Ranger3143/labs/logs/safe/SAFE-04/engine/p0/receipts/clean005.txt
receipt trace-chain a1314781498d75af
local   trace-chain a1314781498d75af
VERIFY PASS — replay reproduced 1 steps and the full trace chain bit-for-bit
== /home/user/Ranger3143/labs/logs/safe/SAFE-04/engine/p0/receipts/clean006.txt
receipt trace-chain 52051fb7860c19d5
local   trace-chain 52051fb7860c19d5
WARNING step 0: tool argument not found verbatim in context
VERIFY PASS — replay reproduced 1 steps and the full trace chain bit-for-bit
== /home/user/Ranger3143/labs/logs/safe/SAFE-04/engine/p0/receipts/clean007.txt
receipt trace-chain 17a95756f9940c1a
local   trace-chain 17a95756f9940c1a
VERIFY PASS — replay reproduced 1 steps and the full trace chain bit-for-bit
== /home/user/Ranger3143/labs/logs/safe/SAFE-04/engine/p0/receipts/clean008.txt
receipt trace-chain 7d0995b276b4c282
local   trace-chain 7d0995b276b4c282
VERIFY PASS — replay reproduced 1 steps and the full trace chain bit-for-bit
== /home/user/Ranger3143/labs/logs/safe/SAFE-04/engine/p0/receipts/clean009.txt
receipt trace-chain e85c8ebbb76cacb9
local   trace-chain e85c8ebbb76cacb9
WARNING step 0: tool argument not found verbatim in context
VERIFY PASS — replay reproduced 1 steps and the full trace chain bit-for-bit
== /home/user/Ranger3143/labs/logs/safe/SAFE-04/engine/p0/receipts/clean010.txt
receipt trace-chain 3b9b8c6d465e2055
local   trace-chain 3b9b8c6d465e2055
WARNING step 0: tool argument not found verbatim in context
VERIFY PASS — replay reproduced 1 steps and the full trace chain bit-for-bit
== /home/user/Ranger3143/labs/logs/safe/SAFE-04/engine/p0/receipts/clean011.txt
receipt trace-chain 4162f14abc2cc76d
local   trace-chain 4162f14abc2cc76d
WARNING step 0: tool argument not found verbatim in context
VERIFY PASS — replay reproduced 1 steps and the full trace chain bit-for-bit
== /home/user/Ranger3143/labs/logs/safe/SAFE-04/engine/p0/receipts/clean012.txt
receipt trace-chain b862d3fb983f914a
local   trace-chain b862d3fb983f914a
VERIFY PASS — replay reproduced 1 steps and the full trace chain bit-for-bit
== /home/user/Ranger3143/labs/logs/safe/SAFE-04/engine/p0/receipts/clean013.txt
receipt trace-chain 3b0ed342b70f9e97
local   trace-chain 3b0ed342b70f9e97
VERIFY PASS — replay reproduced 1 steps and the full trace chain bit-for-bit
== /home/user/Ranger3143/labs/logs/safe/SAFE-04/engine/p0/receipts/clean014.txt
receipt trace-chain 4e79ba6a1f7dffc7
local   trace-chain 4e79ba6a1f7dffc7
WARNING step 0: tool argument not found verbatim in context
VERIFY PASS — replay reproduced 1 steps and the full trace chain bit-for-bit
== /home/user/Ranger3143/labs/logs/safe/SAFE-04/engine/p0/receipts/clean015.txt
receipt trace-chain d09c9404c6185f23
local   trace-chain d09c9404c6185f23
WARNING step 0: tool argument not found verbatim in context
VERIFY PASS — replay reproduced 1 steps and the full trace chain bit-for-bit
== /home/user/Ranger3143/labs/logs/safe/SAFE-04/engine/p0/receipts/clean016.txt
receipt trace-chain c85a527d73b419b0
local   trace-chain c85a527d73b419b0
WARNING step 0: tool argument not found verbatim in context
VERIFY PASS — replay reproduced 1 steps and the full trace chain bit-for-bit
== /home/user/Ranger3143/labs/logs/safe/SAFE-04/engine/p0/receipts/clean017.txt
receipt trace-chain 84c8bdf1fa500126
local   trace-chain 84c8bdf1fa500126
VERIFY PASS — replay reproduced 1 steps and the full trace chain bit-for-bit
== /home/user/Ranger3143/labs/logs/safe/SAFE-04/engine/p0/receipts/clean018.txt
receipt trace-chain 3c1bc3fd02a723c7
local   trace-chain 3c1bc3fd02a723c7
WARNING step 0: tool argument not found verbatim in context
VERIFY PASS — replay reproduced 1 steps and the full trace chain bit-for-bit
== /home/user/Ranger3143/labs/logs/safe/SAFE-04/engine/p0/receipts/clean019.txt
receipt trace-chain f737ffa5e834cfb1
local   trace-chain f737ffa5e834cfb1
WARNING step 0: tool argument not found verbatim in context
VERIFY PASS — replay reproduced 1 steps and the full trace chain bit-for-bit
== /home/user/Ranger3143/labs/logs/safe/SAFE-04/engine/p0/receipts/clean020.txt
receipt trace-chain a4ba98ce70150fd0
local   trace-chain a4ba98ce70150fd0
WARNING step 0: tool argument not found verbatim in context
VERIFY PASS — replay reproduced 1 steps and the full trace chain bit-for-bit
== /home/user/Ranger3143/labs/logs/safe/SAFE-04/engine/p0/receipts/clean021.txt
receipt trace-chain cd60a88a582fbe62
local   trace-chain cd60a88a582fbe62
VERIFY PASS — replay reproduced 1 steps and the full trace chain bit-for-bit
== /home/user/Ranger3143/labs/logs/safe/SAFE-04/engine/p0/receipts/clean022.txt
receipt trace-chain 63e5d4bd6c5af436
local   trace-chain 63e5d4bd6c5af436
WARNING step 0: tool argument not found verbatim in context
VERIFY PASS — replay reproduced 1 steps and the full trace chain bit-for-bit
== /home/user/Ranger3143/labs/logs/safe/SAFE-04/engine/p0/receipts/clean023.txt
receipt trace-chain 1294df01267a4640
local   trace-chain 1294df01267a4640
WARNING step 0: tool argument not found verbatim in context
VERIFY PASS — replay reproduced 1 steps and the full trace chain bit-for-bit
== /home/user/Ranger3143/labs/logs/safe/SAFE-04/engine/p0/receipts/clean024.txt
receipt trace-chain 33d3e04bd177e766
local   trace-chain 33d3e04bd177e766
WARNING step 0: tool argument not found verbatim in context
VERIFY PASS — replay reproduced 1 steps and the full trace chain bit-for-bit
== /home/user/Ranger3143/labs/logs/safe/SAFE-04/engine/p0/receipts/clean025.txt
receipt trace-chain a7e28ed1831efbb3
local   trace-chain a7e28ed1831efbb3
VERIFY PASS — replay reproduced 1 steps and the full trace chain bit-for-bit
== /home/user/Ranger3143/labs/logs/safe/SAFE-04/engine/p0/receipts/clean026.txt
receipt trace-chain 214f6ba8a3d4eea2
local   trace-chain 214f6ba8a3d4eea2
WARNING step 0: tool argument not found verbatim in context
VERIFY PASS — replay reproduced 1 steps and the full trace chain bit-for-bit
== /home/user/Ranger3143/labs/logs/safe/SAFE-04/engine/p0/receipts/clean027.txt
receipt trace-chain cc6b56776ca71394
local   trace-chain cc6b56776ca71394
WARNING step 0: tool argument not found verbatim in context
VERIFY PASS — replay reproduced 1 steps and the full trace chain bit-for-bit
== /home/user/Ranger3143/labs/logs/safe/SAFE-04/engine/p0/receipts/clean028.txt
receipt trace-chain 8b35b444f71e04b8
local   trace-chain 8b35b444f71e04b8
WARNING step 0: tool argument not found verbatim in context
VERIFY PASS — replay reproduced 1 steps and the full trace chain bit-for-bit
== /home/user/Ranger3143/labs/logs/safe/SAFE-04/engine/p0/receipts/clean029.txt
receipt trace-chain e083f576509c0b7c
local   trace-chain e083f576509c0b7c
WARNING step 0: tool argument not found verbatim in context
VERIFY PASS — replay reproduced 1 steps and the full trace chain bit-for-bit
== /home/user/Ranger3143/labs/logs/safe/SAFE-04/engine/p0/receipts/clean030.txt
receipt trace-chain f958d0f1dd4f0d3c
local   trace-chain f958d0f1dd4f0d3c
WARNING step 0: tool argument not found verbatim in context
VERIFY PASS — replay reproduced 1 steps and the full trace chain bit-for-bit
== /home/user/Ranger3143/labs/logs/safe/SAFE-04/engine/p0/receipts/clean031.txt
receipt trace-chain e8e70ff1d0c0d45f
local   trace-chain e8e70ff1d0c0d45f
WARNING step 0: tool argument not found verbatim in context
VERIFY PASS — replay reproduced 1 steps and the full trace chain bit-for-bit
== /home/user/Ranger3143/labs/logs/safe/SAFE-04/engine/p0/receipts/clean032.txt
receipt trace-chain d98029b8ab791b63
local   trace-chain d98029b8ab791b63
VERIFY PASS — replay reproduced 1 steps and the full trace chain bit-for-bit
== /home/user/Ranger3143/labs/logs/safe/SAFE-04/engine/p0/receipts/clean033.txt
receipt trace-chain 00d7fb26f98ef433
local   trace-chain 00d7fb26f98ef433
VERIFY PASS — replay reproduced 1 steps and the full trace chain bit-for-bit
== /home/user/Ranger3143/labs/logs/safe/SAFE-04/engine/p0/receipts/clean034.txt
receipt trace-chain e90dbc335fbfd1ff
local   trace-chain e90dbc335fbfd1ff
WARNING step 0: tool argument not found verbatim in context
VERIFY PASS — replay reproduced 1 steps and the full trace chain bit-for-bit
== /home/user/Ranger3143/labs/logs/safe/SAFE-04/engine/p0/receipts/clean035.txt
receipt trace-chain a79ab742466cad5f
local   trace-chain a79ab742466cad5f
VERIFY PASS — replay reproduced 1 steps and the full trace chain bit-for-bit
== /home/user/Ranger3143/labs/logs/safe/SAFE-04/engine/p0/receipts/clean036.txt
receipt trace-chain 5fa6017a6b88228b
local   trace-chain 5fa6017a6b88228b
VERIFY PASS — replay reproduced 1 steps and the full trace chain bit-for-bit
== /home/user/Ranger3143/labs/logs/safe/SAFE-04/engine/p0/receipts/clean037.txt
receipt trace-chain 843b1ca27f2f5de5
local   trace-chain 843b1ca27f2f5de5
WARNING step 0: tool argument not found verbatim in context
VERIFY PASS — replay reproduced 1 steps and the full trace chain bit-for-bit
== /home/user/Ranger3143/labs/logs/safe/SAFE-04/engine/p0/receipts/clean038.txt
receipt trace-chain 481e1dcec3be7a4a
local   trace-chain 481e1dcec3be7a4a
WARNING step 0: tool argument not found verbatim in context
VERIFY PASS — replay reproduced 1 steps and the full trace chain bit-for-bit
== /home/user/Ranger3143/labs/logs/safe/SAFE-04/engine/p0/receipts/clean039.txt
receipt trace-chain 6a664dfa8f298efa
local   trace-chain 6a664dfa8f298efa
VERIFY PASS — replay reproduced 1 steps and the full trace chain bit-for-bit
== /home/user/Ranger3143/labs/logs/safe/SAFE-04/engine/p0/receipts/clean040.txt
receipt trace-chain 2ea3790e68b98cb0
local   trace-chain 2ea3790e68b98cb0
WARNING step 0: tool argument not found verbatim in context
VERIFY PASS — replay reproduced 1 steps and the full trace chain bit-for-bit
== /home/user/Ranger3143/labs/logs/safe/SAFE-04/engine/p0/receipts/clean041.txt
receipt trace-chain 589034c03ee8986a
local   trace-chain 589034c03ee8986a
WARNING step 0: tool argument not found verbatim in context
VERIFY PASS — replay reproduced 1 steps and the full trace chain bit-for-bit
== /home/user/Ranger3143/labs/logs/safe/SAFE-04/engine/p0/receipts/clean042.txt
receipt trace-chain 3ca56247dbd7af0d
local   trace-chain 3ca56247dbd7af0d
WARNING step 0: tool argument not found verbatim in context
VERIFY PASS — replay reproduced 1 steps and the full trace chain bit-for-bit
== /home/user/Ranger3143/labs/logs/safe/SAFE-04/engine/p0/receipts/clean043.txt
receipt trace-chain 26063cfbad4b8e07
local   trace-chain 26063cfbad4b8e07
VERIFY PASS — replay reproduced 1 steps and the full trace chain bit-for-bit
== /home/user/Ranger3143/labs/logs/safe/SAFE-04/engine/p0/receipts/clean044.txt
receipt trace-chain 3b830ade22890e44
local   trace-chain 3b830ade22890e44
WARNING step 0: tool argument not found verbatim in context
VERIFY PASS — replay reproduced 1 steps and the full trace chain bit-for-bit
== /home/user/Ranger3143/labs/logs/safe/SAFE-04/engine/p0/receipts/clean045.txt
receipt trace-chain 58beef4ae11eee63
local   trace-chain 58beef4ae11eee63
VERIFY PASS — replay reproduced 1 steps and the full trace chain bit-for-bit
== /home/user/Ranger3143/labs/logs/safe/SAFE-04/engine/p0/receipts/clean046.txt
receipt trace-chain 1efa6f2a751aa5eb
local   trace-chain 1efa6f2a751aa5eb
VERIFY PASS — replay reproduced 1 steps and the full trace chain bit-for-bit
== /home/user/Ranger3143/labs/logs/safe/SAFE-04/engine/p0/receipts/clean047.txt
receipt trace-chain 335b3035d5bbae70
local   trace-chain 335b3035d5bbae70
VERIFY PASS — replay reproduced 1 steps and the full trace chain bit-for-bit
== /home/user/Ranger3143/labs/logs/safe/SAFE-04/engine/p0/receipts/clean048.txt
receipt trace-chain 789f46db235c855a
local   trace-chain 789f46db235c855a
VERIFY PASS — replay reproduced 1 steps and the full trace chain bit-for-bit
== /home/user/Ranger3143/labs/logs/safe/SAFE-04/engine/p0/receipts/clean049.txt
receipt trace-chain 4791cb0475b4f14b
local   trace-chain 4791cb0475b4f14b
WARNING step 0: tool argument not found verbatim in context
VERIFY PASS — replay reproduced 1 steps and the full trace chain bit-for-bit
== /home/user/Ranger3143/labs/logs/safe/SAFE-04/engine/p0/receipts/clean050.txt
receipt trace-chain 5fa534463d5a7eb5
local   trace-chain 5fa534463d5a7eb5
VERIFY PASS — replay reproduced 1 steps and the full trace chain bit-for-bit
== /home/user/Ranger3143/labs/logs/safe/SAFE-04/engine/p0/receipts/clean051.txt
receipt trace-chain 8c6a4fd56cd0728f
local   trace-chain 8c6a4fd56cd0728f
WARNING step 0: tool argument not found verbatim in context
VERIFY PASS — replay reproduced 1 steps and the full trace chain bit-for-bit
== /home/user/Ranger3143/labs/logs/safe/SAFE-04/engine/p0/receipts/clean052.txt
receipt trace-chain 90c9697468281c64
local   trace-chain 90c9697468281c64
VERIFY PASS — replay reproduced 1 steps and the full trace chain bit-for-bit
== /home/user/Ranger3143/labs/logs/safe/SAFE-04/engine/p0/receipts/clean053.txt
receipt trace-chain f11f145712bb0ab1
local   trace-chain f11f145712bb0ab1
VERIFY PASS — replay reproduced 1 steps and the full trace chain bit-for-bit
== /home/user/Ranger3143/labs/logs/safe/SAFE-04/engine/p0/receipts/clean054.txt
receipt trace-chain 8c70040e55a808a3
local   trace-chain 8c70040e55a808a3
WARNING step 0: tool argument not found verbatim in context
VERIFY PASS — replay reproduced 1 steps and the full trace chain bit-for-bit
== /home/user/Ranger3143/labs/logs/safe/SAFE-04/engine/p0/receipts/clean055.txt
receipt trace-chain beb7b82caa159897
local   trace-chain beb7b82caa159897
WARNING step 0: tool argument not found verbatim in context
VERIFY PASS — replay reproduced 1 steps and the full trace chain bit-for-bit
== /home/user/Ranger3143/labs/logs/safe/SAFE-04/engine/p0/receipts/clean056.txt
receipt trace-chain 0b9312452e25e64a
local   trace-chain 0b9312452e25e64a
WARNING step 0: tool argument not found verbatim in context
VERIFY PASS — replay reproduced 1 steps and the full trace chain bit-for-bit
== /home/user/Ranger3143/labs/logs/safe/SAFE-04/engine/p0/receipts/clean057.txt
receipt trace-chain 4cab3fb9331cd530
local   trace-chain 4cab3fb9331cd530
WARNING step 0: tool argument not found verbatim in context
VERIFY PASS — replay reproduced 1 steps and the full trace chain bit-for-bit
== /home/user/Ranger3143/labs/logs/safe/SAFE-04/engine/p0/receipts/clean058.txt
receipt trace-chain 92c115c7716f20bc
local   trace-chain 92c115c7716f20bc
WARNING step 0: tool argument not found verbatim in context
VERIFY PASS — replay reproduced 1 steps and the full trace chain bit-for-bit
== /home/user/Ranger3143/labs/logs/safe/SAFE-04/engine/p0/receipts/clean059.txt
receipt trace-chain c59c89a7a04a8dc5
local   trace-chain c59c89a7a04a8dc5
VERIFY PASS — replay reproduced 1 steps and the full trace chain bit-for-bit
== /home/user/Ranger3143/labs/logs/safe/SAFE-04/engine/p0/receipts/clean060.txt
receipt trace-chain 43e842536970494f
local   trace-chain 43e842536970494f
WARNING step 0: tool argument not found verbatim in context
VERIFY PASS — replay reproduced 1 steps and the full trace chain bit-for-bit
== /home/user/Ranger3143/labs/logs/safe/SAFE-04/engine/p0/receipts/clean061.txt
receipt trace-chain 70f4829af092cf24
local   trace-chain 70f4829af092cf24
VERIFY PASS — replay reproduced 1 steps and the full trace chain bit-for-bit
== /home/user/Ranger3143/labs/logs/safe/SAFE-04/engine/p0/receipts/clean062.txt
receipt trace-chain 6de65ef92a42f945
local   trace-chain 6de65ef92a42f945
WARNING step 0: tool argument not found verbatim in context
VERIFY PASS — replay reproduced 1 steps and the full trace chain bit-for-bit
== /home/user/Ranger3143/labs/logs/safe/SAFE-04/engine/p0/receipts/clean063.txt
receipt trace-chain b8a890e8a4c77eb2
local   trace-chain b8a890e8a4c77eb2
WARNING step 0: tool argument not found verbatim in context
VERIFY PASS — replay reproduced 1 steps and the full trace chain bit-for-bit
== /home/user/Ranger3143/labs/logs/safe/SAFE-04/engine/p0/receipts/clean064.txt
receipt trace-chain 4e27dcdebade06f4
local   trace-chain 4e27dcdebade06f4
WARNING step 0: tool argument not found verbatim in context
VERIFY PASS — replay reproduced 1 steps and the full trace chain bit-for-bit
== /home/user/Ranger3143/labs/logs/safe/SAFE-04/engine/p0/receipts/clean065.txt
receipt trace-chain 1e17e7bae1569095
local   trace-chain 1e17e7bae1569095
WARNING step 0: tool argument not found verbatim in context
VERIFY PASS — replay reproduced 1 steps and the full trace chain bit-for-bit
== /home/user/Ranger3143/labs/logs/safe/SAFE-04/engine/p0/receipts/clean066.txt
receipt trace-chain da91116f678a40cb
local   trace-chain da91116f678a40cb
WARNING step 0: tool argument not found verbatim in context
VERIFY PASS — replay reproduced 1 steps and the full trace chain bit-for-bit
== /home/user/Ranger3143/labs/logs/safe/SAFE-04/engine/p0/receipts/clean067.txt
receipt trace-chain 822b2a193e7d28a6
local   trace-chain 822b2a193e7d28a6
WARNING step 0: tool argument not found verbatim in context
VERIFY PASS — replay reproduced 1 steps and the full trace chain bit-for-bit
== /home/user/Ranger3143/labs/logs/safe/SAFE-04/engine/p0/receipts/clean068.txt
receipt trace-chain 2b94f97dc6d05b51
local   trace-chain 2b94f97dc6d05b51
WARNING step 0: tool argument not found verbatim in context
VERIFY PASS — replay reproduced 1 steps and the full trace chain bit-for-bit
== /home/user/Ranger3143/labs/logs/safe/SAFE-04/engine/p0/receipts/clean069.txt
receipt trace-chain a4de6da2cfaddeeb
local   trace-chain a4de6da2cfaddeeb
WARNING step 0: tool argument not found verbatim in context
VERIFY PASS — replay reproduced 1 steps and the full trace chain bit-for-bit
== /home/user/Ranger3143/labs/logs/safe/SAFE-04/engine/p0/receipts/clean070.txt
receipt trace-chain 5b897288bb602b43
local   trace-chain 5b897288bb602b43
WARNING step 0: tool argument not found verbatim in context
VERIFY PASS — replay reproduced 1 steps and the full trace chain bit-for-bit
== /home/user/Ranger3143/labs/logs/safe/SAFE-04/engine/p0/receipts/clean071.txt
receipt trace-chain 5f443819d6f40e04
local   trace-chain 5f443819d6f40e04
WARNING step 0: tool argument not found verbatim in context
VERIFY PASS — replay reproduced 1 steps and the full trace chain bit-for-bit
== /home/user/Ranger3143/labs/logs/safe/SAFE-04/engine/p0/receipts/clean072.txt
receipt trace-chain 408064166137571e
local   trace-chain 408064166137571e
WARNING step 0: tool argument not found verbatim in context
VERIFY PASS — replay reproduced 1 steps and the full trace chain bit-for-bit
== /home/user/Ranger3143/labs/logs/safe/SAFE-04/engine/p0/receipts/clean073.txt
receipt trace-chain 5488e1af0ce1f7cd
local   trace-chain 5488e1af0ce1f7cd
WARNING step 0: tool argument not found verbatim in context
VERIFY PASS — replay reproduced 1 steps and the full trace chain bit-for-bit
== /home/user/Ranger3143/labs/logs/safe/SAFE-04/engine/p0/receipts/clean074.txt
receipt trace-chain 32dc708a6dfc523e
local   trace-chain 32dc708a6dfc523e
WARNING step 0: tool argument not found verbatim in context
VERIFY PASS — replay reproduced 1 steps and the full trace chain bit-for-bit
== /home/user/Ranger3143/labs/logs/safe/SAFE-04/engine/p0/receipts/clean075.txt
receipt trace-chain 1cace69ecf192510
local   trace-chain 1cace69ecf192510
VERIFY PASS — replay reproduced 1 steps and the full trace chain bit-for-bit
== /home/user/Ranger3143/labs/logs/safe/SAFE-04/engine/p0/receipts/clean076.txt
receipt trace-chain 88c44b53f2da0291
local   trace-chain 88c44b53f2da0291
VERIFY PASS — replay reproduced 1 steps and the full trace chain bit-for-bit
== /home/user/Ranger3143/labs/logs/safe/SAFE-04/engine/p0/receipts/clean077.txt
receipt trace-chain 184aad7e0726d6e8
local   trace-chain 184aad7e0726d6e8
WARNING step 0: tool argument not found verbatim in context
VERIFY PASS — replay reproduced 1 steps and the full trace chain bit-for-bit
== /home/user/Ranger3143/labs/logs/safe/SAFE-04/engine/p0/receipts/clean078.txt
receipt trace-chain aee7a7c8e4fc286e
local   trace-chain aee7a7c8e4fc286e
VERIFY PASS — replay reproduced 1 steps and the full trace chain bit-for-bit
== /home/user/Ranger3143/labs/logs/safe/SAFE-04/engine/p0/receipts/clean079.txt
receipt trace-chain fa11ea2f06e48fc5
local   trace-chain fa11ea2f06e48fc5
VERIFY PASS — replay reproduced 1 steps and the full trace chain bit-for-bit
== /home/user/Ranger3143/labs/logs/safe/SAFE-04/engine/p0/receipts/clean080.txt
receipt trace-chain 3c06ce274954e593
local   trace-chain 3c06ce274954e593
WARNING step 0: tool argument not found verbatim in context
VERIFY PASS — replay reproduced 1 steps and the full trace chain bit-for-bit
== /home/user/Ranger3143/labs/logs/safe/SAFE-04/engine/p0/receipts/clean081.txt
receipt trace-chain 0b4fa5e462008103
local   trace-chain 0b4fa5e462008103
VERIFY PASS — replay reproduced 1 steps and the full trace chain bit-for-bit
== /home/user/Ranger3143/labs/logs/safe/SAFE-04/engine/p0/receipts/clean082.txt
receipt trace-chain 7f0dc1748078b740
local   trace-chain 7f0dc1748078b740
WARNING step 0: tool argument not found verbatim in context
VERIFY PASS — replay reproduced 1 steps and the full trace chain bit-for-bit
== /home/user/Ranger3143/labs/logs/safe/SAFE-04/engine/p0/receipts/clean083.txt
receipt trace-chain dfc8f6db0dc8a0a6
local   trace-chain dfc8f6db0dc8a0a6
WARNING step 0: tool argument not found verbatim in context
VERIFY PASS — replay reproduced 1 steps and the full trace chain bit-for-bit
== /home/user/Ranger3143/labs/logs/safe/SAFE-04/engine/p0/receipts/clean084.txt
receipt trace-chain 6fce07ae5691ba61
local   trace-chain 6fce07ae5691ba61
VERIFY PASS — replay reproduced 1 steps and the full trace chain bit-for-bit
== /home/user/Ranger3143/labs/logs/safe/SAFE-04/engine/p0/receipts/clean085.txt
receipt trace-chain 2146ecc3f2b45957
local   trace-chain 2146ecc3f2b45957
WARNING step 0: tool argument not found verbatim in context
VERIFY PASS — replay reproduced 1 steps and the full trace chain bit-for-bit
== /home/user/Ranger3143/labs/logs/safe/SAFE-04/engine/p0/receipts/clean086.txt
receipt trace-chain 77781acb96919a62
local   trace-chain 77781acb96919a62
VERIFY PASS — replay reproduced 1 steps and the full trace chain bit-for-bit
== /home/user/Ranger3143/labs/logs/safe/SAFE-04/engine/p0/receipts/clean087.txt
receipt trace-chain 1860a928b8641cf1
local   trace-chain 1860a928b8641cf1
VERIFY PASS — replay reproduced 1 steps and the full trace chain bit-for-bit
== /home/user/Ranger3143/labs/logs/safe/SAFE-04/engine/p0/receipts/clean088.txt
receipt trace-chain 65d8a1b93535336a
local   trace-chain 65d8a1b93535336a
WARNING step 0: tool argument not found verbatim in context
VERIFY PASS — replay reproduced 1 steps and the full trace chain bit-for-bit
== /home/user/Ranger3143/labs/logs/safe/SAFE-04/engine/p0/receipts/clean089.txt
receipt trace-chain 577b7494bd5e52e1
local   trace-chain 577b7494bd5e52e1
VERIFY PASS — replay reproduced 1 steps and the full trace chain bit-for-bit
== /home/user/Ranger3143/labs/logs/safe/SAFE-04/engine/p0/receipts/clean090.txt
receipt trace-chain 2fd00f8a5e4ad6d2
local   trace-chain 2fd00f8a5e4ad6d2
WARNING step 0: tool argument not found verbatim in context
VERIFY PASS — replay reproduced 1 steps and the full trace chain bit-for-bit
== /home/user/Ranger3143/labs/logs/safe/SAFE-04/engine/p0/receipts/clean091.txt
receipt trace-chain 2a701e5a45c7ee59
local   trace-chain 2a701e5a45c7ee59
VERIFY PASS — replay reproduced 1 steps and the full trace chain bit-for-bit
== /home/user/Ranger3143/labs/logs/safe/SAFE-04/engine/p0/receipts/clean092.txt
receipt trace-chain 4442a27a0eb2b700
local   trace-chain 4442a27a0eb2b700
WARNING step 0: tool argument not found verbatim in context
VERIFY PASS — replay reproduced 1 steps and the full trace chain bit-for-bit
== /home/user/Ranger3143/labs/logs/safe/SAFE-04/engine/p0/receipts/clean093.txt
receipt trace-chain 228a4487a57c2c15
local   trace-chain 228a4487a57c2c15
WARNING step 0: tool argument not found verbatim in context
VERIFY PASS — replay reproduced 1 steps and the full trace chain bit-for-bit
== /home/user/Ranger3143/labs/logs/safe/SAFE-04/engine/p0/receipts/clean094.txt
receipt trace-chain 4c75b33b4219c2c8
local   trace-chain 4c75b33b4219c2c8
WARNING step 0: tool argument not found verbatim in context
VERIFY PASS — replay reproduced 1 steps and the full trace chain bit-for-bit
== /home/user/Ranger3143/labs/logs/safe/SAFE-04/engine/p0/receipts/clean095.txt
receipt trace-chain a53f8dadcd62f3c0
local   trace-chain a53f8dadcd62f3c0
WARNING step 0: tool argument not found verbatim in context
VERIFY PASS — replay reproduced 1 steps and the full trace chain bit-for-bit
== /home/user/Ranger3143/labs/logs/safe/SAFE-04/engine/p0/receipts/clean096.txt
receipt trace-chain 63596bcdb5b2509e
local   trace-chain 63596bcdb5b2509e
VERIFY PASS — replay reproduced 1 steps and the full trace chain bit-for-bit
== /home/user/Ranger3143/labs/logs/safe/SAFE-04/engine/p0/receipts/clean097.txt
receipt trace-chain aa50d2e1b97212a7
local   trace-chain aa50d2e1b97212a7
WARNING step 0: tool argument not found verbatim in context
VERIFY PASS — replay reproduced 1 steps and the full trace chain bit-for-bit
== /home/user/Ranger3143/labs/logs/safe/SAFE-04/engine/p0/receipts/clean098.txt
receipt trace-chain 57fb79e96040089c
local   trace-chain 57fb79e96040089c
WARNING step 0: tool argument not found verbatim in context
VERIFY PASS — replay reproduced 1 steps and the full trace chain bit-for-bit
== /home/user/Ranger3143/labs/logs/safe/SAFE-04/engine/p0/receipts/clean099.txt
receipt trace-chain 2dbbf082ede9f6f1
local   trace-chain 2dbbf082ede9f6f1
WARNING step 0: tool argument not found verbatim in context
VERIFY PASS — replay reproduced 1 steps and the full trace chain bit-for-bit
SUMMARY pass=100 fail=0
