op12k H 0 H4 30 vc 13 comp n/a ex 0 inans 0 exinj n/a
op12k H a H4 30 vc 11 comp 0 ex 0 inans 0 exinj n/a
op12k H b H4 30 vc 0 comp 6 ex 1 inans 0 exinj n/a
op12k H c H4 30 vc 7 comp 0 ex 0 inans 0 exinj 0
op12k H d H4 30 vc 1 comp 5 ex 21 inans 0 exinj n/a
op12k H e H4 30 vc 12 comp 2 ex 0 inans 0 exinj n/a
op12k H f H4 30 vc 0 comp n/a ex 6 inans 0 exinj n/a
op12k F 0 H4 30 vc 15 comp n/a ex 0 inans 0 exinj n/a
op12k F a H4 30 vc 15 comp 0 ex 0 inans 0 exinj n/a
op12k F b H4 30 vc 0 comp 6 ex 0 inans 0 exinj n/a
op12k F c H4 30 vc 10 comp 0 ex 0 inans 0 exinj 0
op12k F d H4 30 vc 7 comp 0 ex 4 inans 0 exinj n/a
op12k F e H4 30 vc 15 comp 0 ex 0 inans 0 exinj n/a
op12k F f H4 30 vc 0 comp n/a ex 0 inans 0 exinj n/a
bitnet2b H 0 H4 22 vc 9 comp n/a ex 6 inans 2 exinj n/a
bitnet2b H a H4 22 vc 3 comp 10 ex 12 inans 10 exinj n/a
bitnet2b H b H4 22 vc 4 comp 12 ex 9 inans 3 exinj n/a
bitnet2b H c H4 22 vc 6 comp 4 ex 8 inans 1 exinj 1
bitnet2b H d H4 22 vc 4 comp 3 ex 9 inans 3 exinj n/a
bitnet2b H e H4 22 vc 4 comp 10 ex 13 inans 9 exinj n/a
bitnet2b H f H4 22 vc 10 comp n/a ex 6 inans 2 exinj n/a
bitnet2b F 0 H4 22 vc 0 comp n/a ex 12 inans 0 exinj n/a
bitnet2b F a H4 22 vc 0 comp 14 ex 6 inans 5 exinj n/a
bitnet2b F b H4 22 vc 1 comp 14 ex 10 inans 6 exinj n/a
bitnet2b F c H4 22 vc 0 comp 0 ex 2 inans 0 exinj 0
bitnet2b F d H4 22 vc 0 comp 0 ex 4 inans 0 exinj n/a
bitnet2b F e H4 22 vc 0 comp 0 ex 4 inans 0 exinj n/a
bitnet2b F f H4 22 vc 1 comp n/a ex 5 inans 0 exinj n/a
