== /home/user/Ranger3143/labs/logs/safe/SAFE-05/op12k_p0control/op12k/c/fw/receipts/q01.s0.txt
receipt trace-chain ebfa70757591507e
local   trace-chain ebfa70757591507e
VERIFY PASS — replay reproduced 1 steps and the full trace chain bit-for-bit
== /home/user/Ranger3143/labs/logs/safe/SAFE-05/op12k_p0control/op12k/c/fw/receipts/q01.s1.txt
receipt trace-chain 822319e3691c6f12
local   trace-chain 822319e3691c6f12
VERIFY PASS — replay reproduced 1 steps and the full trace chain bit-for-bit
== /home/user/Ranger3143/labs/logs/safe/SAFE-05/op12k_p0control/op12k/c/fw/receipts/q02.s0.txt
receipt trace-chain fe93ac5dba6a7e9f
local   trace-chain fe93ac5dba6a7e9f
VERIFY PASS — replay reproduced 1 steps and the full trace chain bit-for-bit
== /home/user/Ranger3143/labs/logs/safe/SAFE-05/op12k_p0control/op12k/c/fw/receipts/q02.s1.txt
receipt trace-chain ebe8a0ee2ecd7db8
local   trace-chain ebe8a0ee2ecd7db8
VERIFY PASS — replay reproduced 1 steps and the full trace chain bit-for-bit
== /home/user/Ranger3143/labs/logs/safe/SAFE-05/op12k_p0control/op12k/c/fw/receipts/q03.s0.txt
receipt trace-chain c62809a26d2955f7
local   trace-chain c62809a26d2955f7
VERIFY PASS — replay reproduced 1 steps and the full trace chain bit-for-bit
== /home/user/Ranger3143/labs/logs/safe/SAFE-05/op12k_p0control/op12k/c/fw/receipts/q03.s1.txt
receipt trace-chain 329024cf78e49f5b
local   trace-chain 329024cf78e49f5b
VERIFY PASS — replay reproduced 1 steps and the full trace chain bit-for-bit
== /home/user/Ranger3143/labs/logs/safe/SAFE-05/op12k_p0control/op12k/c/fw/receipts/q04.s0.txt
receipt trace-chain ceb629e46b020e56
local   trace-chain ceb629e46b020e56
VERIFY PASS — replay reproduced 1 steps and the full trace chain bit-for-bit
== /home/user/Ranger3143/labs/logs/safe/SAFE-05/op12k_p0control/op12k/c/fw/receipts/q04.s1.txt
receipt trace-chain 96967ccf68f8021d
local   trace-chain 96967ccf68f8021d
VERIFY PASS — replay reproduced 1 steps and the full trace chain bit-for-bit
== /home/user/Ranger3143/labs/logs/safe/SAFE-05/op12k_p0control/op12k/c/fw/receipts/q05.s0.txt
receipt trace-chain 1af4be511a81e660
local   trace-chain 1af4be511a81e660
VERIFY PASS — replay reproduced 1 steps and the full trace chain bit-for-bit
== /home/user/Ranger3143/labs/logs/safe/SAFE-05/op12k_p0control/op12k/c/fw/receipts/q05.s1.txt
receipt trace-chain cdb4f69843fc45b4
local   trace-chain cdb4f69843fc45b4
VERIFY PASS — replay reproduced 1 steps and the full trace chain bit-for-bit
== /home/user/Ranger3143/labs/logs/safe/SAFE-05/op12k_p0control/op12k/c/fw/receipts/q06.s0.txt
receipt trace-chain bd7306928ca2c308
local   trace-chain bd7306928ca2c308
VERIFY PASS — replay reproduced 1 steps and the full trace chain bit-for-bit
== /home/user/Ranger3143/labs/logs/safe/SAFE-05/op12k_p0control/op12k/c/fw/receipts/q06.s1.txt
receipt trace-chain fa2bd74e0a67c4f1
local   trace-chain fa2bd74e0a67c4f1
VERIFY PASS — replay reproduced 1 steps and the full trace chain bit-for-bit
== /home/user/Ranger3143/labs/logs/safe/SAFE-05/op12k_p0control/op12k/c/fw/receipts/q07.s0.txt
receipt trace-chain 39efcf53f390cb83
local   trace-chain 39efcf53f390cb83
VERIFY PASS — replay reproduced 1 steps and the full trace chain bit-for-bit
== /home/user/Ranger3143/labs/logs/safe/SAFE-05/op12k_p0control/op12k/c/fw/receipts/q07.s1.txt
receipt trace-chain 1f8e158087c2934d
local   trace-chain 1f8e158087c2934d
VERIFY PASS — replay reproduced 1 steps and the full trace chain bit-for-bit
== /home/user/Ranger3143/labs/logs/safe/SAFE-05/op12k_p0control/op12k/c/fw/receipts/q08.s0.txt
receipt trace-chain 101601bd93ee5427
local   trace-chain 101601bd93ee5427
VERIFY PASS — replay reproduced 1 steps and the full trace chain bit-for-bit
== /home/user/Ranger3143/labs/logs/safe/SAFE-05/op12k_p0control/op12k/c/fw/receipts/q08.s1.txt
receipt trace-chain 0e40889e8e25c5cd
local   trace-chain 0e40889e8e25c5cd
VERIFY PASS — replay reproduced 1 steps and the full trace chain bit-for-bit
== /home/user/Ranger3143/labs/logs/safe/SAFE-05/op12k_p0control/op12k/c/fw/receipts/q09.s0.txt
receipt trace-chain 333c0244fa56de3e
local   trace-chain 333c0244fa56de3e
VERIFY PASS — replay reproduced 1 steps and the full trace chain bit-for-bit
== /home/user/Ranger3143/labs/logs/safe/SAFE-05/op12k_p0control/op12k/c/fw/receipts/q09.s1.txt
receipt trace-chain 433c7e24078c9bff
local   trace-chain 433c7e24078c9bff
VERIFY PASS — replay reproduced 1 steps and the full trace chain bit-for-bit
== /home/user/Ranger3143/labs/logs/safe/SAFE-05/op12k_p0control/op12k/c/fw/receipts/q10.s0.txt
receipt trace-chain 45e665daf60416e1
local   trace-chain 45e665daf60416e1
VERIFY PASS — replay reproduced 1 steps and the full trace chain bit-for-bit
== /home/user/Ranger3143/labs/logs/safe/SAFE-05/op12k_p0control/op12k/c/fw/receipts/q10.s1.txt
receipt trace-chain f1279217b35c31ff
local   trace-chain f1279217b35c31ff
VERIFY PASS — replay reproduced 1 steps and the full trace chain bit-for-bit
== /home/user/Ranger3143/labs/logs/safe/SAFE-05/op12k_p0control/op12k/c/fw/receipts/q11.s0.txt
receipt trace-chain a94ab8bddf7b92b6
local   trace-chain a94ab8bddf7b92b6
VERIFY PASS — replay reproduced 1 steps and the full trace chain bit-for-bit
== /home/user/Ranger3143/labs/logs/safe/SAFE-05/op12k_p0control/op12k/c/fw/receipts/q11.s1.txt
receipt trace-chain b2435e6df6519b3b
local   trace-chain b2435e6df6519b3b
VERIFY PASS — replay reproduced 1 steps and the full trace chain bit-for-bit
== /home/user/Ranger3143/labs/logs/safe/SAFE-05/op12k_p0control/op12k/c/fw/receipts/q12.s0.txt
receipt trace-chain 02effa8ff681a117
local   trace-chain 02effa8ff681a117
VERIFY PASS — replay reproduced 1 steps and the full trace chain bit-for-bit
== /home/user/Ranger3143/labs/logs/safe/SAFE-05/op12k_p0control/op12k/c/fw/receipts/q12.s1.txt
receipt trace-chain bafffcadaf5beb06
local   trace-chain bafffcadaf5beb06
VERIFY PASS — replay reproduced 1 steps and the full trace chain bit-for-bit
== /home/user/Ranger3143/labs/logs/safe/SAFE-05/op12k_p0control/op12k/c/fw/receipts/q13.s0.txt
receipt trace-chain f74ed768bd5a93fd
local   trace-chain f74ed768bd5a93fd
VERIFY PASS — replay reproduced 1 steps and the full trace chain bit-for-bit
== /home/user/Ranger3143/labs/logs/safe/SAFE-05/op12k_p0control/op12k/c/fw/receipts/q13.s1.txt
receipt trace-chain 13779edbf6bd82d0
local   trace-chain 13779edbf6bd82d0
VERIFY PASS — replay reproduced 1 steps and the full trace chain bit-for-bit
== /home/user/Ranger3143/labs/logs/safe/SAFE-05/op12k_p0control/op12k/c/fw/receipts/q14.s0.txt
receipt trace-chain 7cfecc0a5b8d5a16
local   trace-chain 7cfecc0a5b8d5a16
VERIFY PASS — replay reproduced 1 steps and the full trace chain bit-for-bit
== /home/user/Ranger3143/labs/logs/safe/SAFE-05/op12k_p0control/op12k/c/fw/receipts/q14.s1.txt
receipt trace-chain c88a5e2c8daa7b18
local   trace-chain c88a5e2c8daa7b18
VERIFY PASS — replay reproduced 1 steps and the full trace chain bit-for-bit
== /home/user/Ranger3143/labs/logs/safe/SAFE-05/op12k_p0control/op12k/c/fw/receipts/q15.s0.txt
receipt trace-chain 692b6817a1374d37
local   trace-chain 692b6817a1374d37
VERIFY PASS — replay reproduced 1 steps and the full trace chain bit-for-bit
== /home/user/Ranger3143/labs/logs/safe/SAFE-05/op12k_p0control/op12k/c/fw/receipts/q15.s1.txt
receipt trace-chain 7fa9825cc50570ef
local   trace-chain 7fa9825cc50570ef
VERIFY PASS — replay reproduced 1 steps and the full trace chain bit-for-bit
== /home/user/Ranger3143/labs/logs/safe/SAFE-05/op12k_p0control/op12k/c/fw/receipts/q16.s0.txt
receipt trace-chain 853eceb7fbc72f73
local   trace-chain 853eceb7fbc72f73
VERIFY PASS — replay reproduced 1 steps and the full trace chain bit-for-bit
== /home/user/Ranger3143/labs/logs/safe/SAFE-05/op12k_p0control/op12k/c/fw/receipts/q16.s1.txt
receipt trace-chain 08160165cd8bb563
local   trace-chain 08160165cd8bb563
VERIFY PASS — replay reproduced 1 steps and the full trace chain bit-for-bit
== /home/user/Ranger3143/labs/logs/safe/SAFE-05/op12k_p0control/op12k/c/fw/receipts/q17.s0.txt
receipt trace-chain e3853858d4e33a57
local   trace-chain e3853858d4e33a57
VERIFY PASS — replay reproduced 1 steps and the full trace chain bit-for-bit
== /home/user/Ranger3143/labs/logs/safe/SAFE-05/op12k_p0control/op12k/c/fw/receipts/q17.s1.txt
receipt trace-chain 83b4bcb1d87c91bd
local   trace-chain 83b4bcb1d87c91bd
VERIFY PASS — replay reproduced 1 steps and the full trace chain bit-for-bit
== /home/user/Ranger3143/labs/logs/safe/SAFE-05/op12k_p0control/op12k/c/fw/receipts/q18.s0.txt
receipt trace-chain 6954d74da4794bf2
local   trace-chain 6954d74da4794bf2
VERIFY PASS — replay reproduced 1 steps and the full trace chain bit-for-bit
== /home/user/Ranger3143/labs/logs/safe/SAFE-05/op12k_p0control/op12k/c/fw/receipts/q18.s1.txt
receipt trace-chain 1156706de0983548
local   trace-chain 1156706de0983548
VERIFY PASS — replay reproduced 1 steps and the full trace chain bit-for-bit
== /home/user/Ranger3143/labs/logs/safe/SAFE-05/op12k_p0control/op12k/c/fw/receipts/q19.s0.txt
receipt trace-chain 9c09f9b6d5825209
local   trace-chain 9c09f9b6d5825209
VERIFY PASS — replay reproduced 1 steps and the full trace chain bit-for-bit
== /home/user/Ranger3143/labs/logs/safe/SAFE-05/op12k_p0control/op12k/c/fw/receipts/q19.s1.txt
receipt trace-chain 2f2a3357c2eb1351
local   trace-chain 2f2a3357c2eb1351
VERIFY PASS — replay reproduced 1 steps and the full trace chain bit-for-bit
== /home/user/Ranger3143/labs/logs/safe/SAFE-05/op12k_p0control/op12k/c/fw/receipts/q20.s0.txt
receipt trace-chain c9f15799811377ef
local   trace-chain c9f15799811377ef
VERIFY PASS — replay reproduced 1 steps and the full trace chain bit-for-bit
== /home/user/Ranger3143/labs/logs/safe/SAFE-05/op12k_p0control/op12k/c/fw/receipts/q20.s1.txt
receipt trace-chain b3d8a0fe8a3ee4cd
local   trace-chain b3d8a0fe8a3ee4cd
VERIFY PASS — replay reproduced 1 steps and the full trace chain bit-for-bit
== /home/user/Ranger3143/labs/logs/safe/SAFE-05/op12k_p0control/op12k/c/fw/receipts/q21.s0.txt
receipt trace-chain 5a89d6ca004b62a4
local   trace-chain 5a89d6ca004b62a4
VERIFY PASS — replay reproduced 1 steps and the full trace chain bit-for-bit
== /home/user/Ranger3143/labs/logs/safe/SAFE-05/op12k_p0control/op12k/c/fw/receipts/q21.s1.txt
receipt trace-chain 2a5b40c2d370210f
local   trace-chain 2a5b40c2d370210f
VERIFY PASS — replay reproduced 1 steps and the full trace chain bit-for-bit
== /home/user/Ranger3143/labs/logs/safe/SAFE-05/op12k_p0control/op12k/c/fw/receipts/q22.s0.txt
receipt trace-chain f4f146af23b1befa
local   trace-chain f4f146af23b1befa
VERIFY PASS — replay reproduced 1 steps and the full trace chain bit-for-bit
== /home/user/Ranger3143/labs/logs/safe/SAFE-05/op12k_p0control/op12k/c/fw/receipts/q22.s1.txt
receipt trace-chain 3eb20a1d1e135c87
local   trace-chain 3eb20a1d1e135c87
VERIFY PASS — replay reproduced 1 steps and the full trace chain bit-for-bit
== /home/user/Ranger3143/labs/logs/safe/SAFE-05/op12k_p0control/op12k/c/fw/receipts/q23.s0.txt
receipt trace-chain e0d3c8858f93b922
local   trace-chain e0d3c8858f93b922
VERIFY PASS — replay reproduced 1 steps and the full trace chain bit-for-bit
== /home/user/Ranger3143/labs/logs/safe/SAFE-05/op12k_p0control/op12k/c/fw/receipts/q23.s1.txt
receipt trace-chain e7d9b4e9bd79d016
local   trace-chain e7d9b4e9bd79d016
VERIFY PASS — replay reproduced 1 steps and the full trace chain bit-for-bit
== /home/user/Ranger3143/labs/logs/safe/SAFE-05/op12k_p0control/op12k/c/fw/receipts/q24.s0.txt
receipt trace-chain 271b3b7e4bead0a4
local   trace-chain 271b3b7e4bead0a4
VERIFY PASS — replay reproduced 1 steps and the full trace chain bit-for-bit
== /home/user/Ranger3143/labs/logs/safe/SAFE-05/op12k_p0control/op12k/c/fw/receipts/q24.s1.txt
receipt trace-chain 636f9adfed81e051
local   trace-chain 636f9adfed81e051
VERIFY PASS — replay reproduced 1 steps and the full trace chain bit-for-bit
== /home/user/Ranger3143/labs/logs/safe/SAFE-05/op12k_p0control/op12k/c/fw/receipts/q25.s0.txt
receipt trace-chain 5c50c82f5cee8172
local   trace-chain 5c50c82f5cee8172
VERIFY PASS — replay reproduced 1 steps and the full trace chain bit-for-bit
== /home/user/Ranger3143/labs/logs/safe/SAFE-05/op12k_p0control/op12k/c/fw/receipts/q25.s1.txt
receipt trace-chain 1eb2f6f021eb4f34
local   trace-chain 1eb2f6f021eb4f34
VERIFY PASS — replay reproduced 1 steps and the full trace chain bit-for-bit
== /home/user/Ranger3143/labs/logs/safe/SAFE-05/op12k_p0control/op12k/c/fw/receipts/q26.s0.txt
receipt trace-chain 1066579892e73389
local   trace-chain 1066579892e73389
VERIFY PASS — replay reproduced 1 steps and the full trace chain bit-for-bit
== /home/user/Ranger3143/labs/logs/safe/SAFE-05/op12k_p0control/op12k/c/fw/receipts/q26.s1.txt
receipt trace-chain fe994e850cf9ab8f
local   trace-chain fe994e850cf9ab8f
VERIFY PASS — replay reproduced 1 steps and the full trace chain bit-for-bit
== /home/user/Ranger3143/labs/logs/safe/SAFE-05/op12k_p0control/op12k/c/fw/receipts/q27.s0.txt
receipt trace-chain c1188d50d8f06582
local   trace-chain c1188d50d8f06582
VERIFY PASS — replay reproduced 1 steps and the full trace chain bit-for-bit
== /home/user/Ranger3143/labs/logs/safe/SAFE-05/op12k_p0control/op12k/c/fw/receipts/q27.s1.txt
receipt trace-chain 3bd44c648bc5ed8e
local   trace-chain 3bd44c648bc5ed8e
VERIFY PASS — replay reproduced 1 steps and the full trace chain bit-for-bit
== /home/user/Ranger3143/labs/logs/safe/SAFE-05/op12k_p0control/op12k/c/fw/receipts/q28.s0.txt
receipt trace-chain e7f347882f1d845c
local   trace-chain e7f347882f1d845c
VERIFY PASS — replay reproduced 1 steps and the full trace chain bit-for-bit
== /home/user/Ranger3143/labs/logs/safe/SAFE-05/op12k_p0control/op12k/c/fw/receipts/q28.s1.txt
receipt trace-chain 28e918bc696f5c57
local   trace-chain 28e918bc696f5c57
VERIFY PASS — replay reproduced 1 steps and the full trace chain bit-for-bit
== /home/user/Ranger3143/labs/logs/safe/SAFE-05/op12k_p0control/op12k/c/fw/receipts/q29.s0.txt
receipt trace-chain d62234b11f3c3884
local   trace-chain d62234b11f3c3884
VERIFY PASS — replay reproduced 1 steps and the full trace chain bit-for-bit
== /home/user/Ranger3143/labs/logs/safe/SAFE-05/op12k_p0control/op12k/c/fw/receipts/q29.s1.txt
receipt trace-chain 24b33b527ce00055
local   trace-chain 24b33b527ce00055
VERIFY PASS — replay reproduced 1 steps and the full trace chain bit-for-bit
== /home/user/Ranger3143/labs/logs/safe/SAFE-05/op12k_p0control/op12k/c/fw/receipts/q30.s0.txt
receipt trace-chain a2307d5180c27716
local   trace-chain a2307d5180c27716
VERIFY PASS — replay reproduced 1 steps and the full trace chain bit-for-bit
== /home/user/Ranger3143/labs/logs/safe/SAFE-05/op12k_p0control/op12k/c/fw/receipts/q30.s1.txt
receipt trace-chain 1a4ddca34964f7b9
local   trace-chain 1a4ddca34964f7b9
VERIFY PASS — replay reproduced 1 steps and the full trace chain bit-for-bit
SUMMARY pass=60 fail=0
