 Ctrl Cmd: length 4
 00 00 00 10 
 Ctrl Rsp: length 4
 00 00 00 00 
 SWTPM_IO_Read: length 10
 80 01 00 00 00 0A 00 00 01 81 
 SWTPM_IO_Write: length 10
 80 01 00 00 00 0A 00 00 01 01 
 Ctrl Cmd: length 4
 00 00 00 01 
 Ctrl Rsp: length 8
 00 00 00 00 00 00 FF FF 
 Ctrl Cmd: length 4
 00 00 00 0E 
 Ctrl Rsp: length 4
 00 00 00 00 
 Ctrl Cmd: length 8
 00 00 00 11 00 00 00 00 
 Ctrl Rsp: length 16
 00 00 00 00 00 00 10 00 00 00 0A F8 00 00 10 00 
 Ctrl Cmd: length 4
 00 00 00 0E 
 Ctrl Rsp: length 4
 00 00 00 00 
 Ctrl Cmd: length 8
 00 00 00 11 00 00 10 00 
 Ctrl Rsp: length 16
 00 00 00 00 00 00 10 00 00 00 0A F8 00 00 10 00 
 Ctrl Cmd: length 8
 00 00 00 02 00 00 00 00 
 Ctrl Rsp: length 4
 00 00 00 00 
 Ctrl Cmd: length 4
 00 00 00 04 
 Ctrl Rsp: length 8
 00 00 00 00 00 00 00 00 
 Ctrl Cmd: length 8
 00 00 00 05 00 00 00 00 
 Ctrl Rsp: length 4
 00 00 00 00 
 SWTPM_IO_Read: length 10
 00 C1 00 00 00 0A 00 00 00 F1 
 SWTPM_IO_Write: length 10
 80 01 00 00 00 0A 00 00 00 84 
 SWTPM_IO_Read: length 12
 80 01 00 00 00 0C 00 00 01 44 00 00 
 SWTPM_IO_Write: length 10
 80 01 00 00 00 0A 00 00 00 00 
 SWTPM_IO_Read: length 22
 80 01 00 00 00 16 00 00 01 7A 00 00 00 05 00 00 
 00 00 00 00 00 01 
 SWTPM_IO_Write: length 43
 80 01 00 00 00 2B 00 00 00 00 00 00 00 00 05 00 
 00 00 04 00 04 03 FF FF FF 00 0B 03 FF FF FF 00 
 0C 03 FF FF FF 00 0D 03 FF FF FF 
 SWTPM_IO_Read: length 11
 80 01 00 00 00 0B 00 00 01 43 00 
 SWTPM_IO_Write: length 10
 80 01 00 00 00 0A 00 00 00 00 
 SWTPM_IO_Read: length 22
 80 01 00 00 00 16 00 00 01 7A 00 00 00 05 00 00 
 00 00 00 00 00 01 
 SWTPM_IO_Write: length 43
 80 01 00 00 00 2B 00 00 00 00 00 00 00 00 05 00 
 00 00 04 00 04 03 FF FF FF 00 0B 03 FF FF FF 00 
 0C 03 FF FF FF 00 0D 03 FF FF FF 
 SWTPM_IO_Read: length 22
 80 01 00 00 00 16 00 00 01 7A 00 00 00 05 00 00 
 00 00 00 00 00 01 
 SWTPM_IO_Write: length 43
 80 01 00 00 00 2B 00 00 00 00 00 00 00 00 05 00 
 00 00 04 00 04 03 FF FF FF 00 0B 03 FF FF FF 00 
 0C 03 FF FF FF 00 0D 03 FF FF FF 
 SWTPM_IO_Read: length 38
 80 01 00 00 00 26 00 00 01 7E 00 00 00 04 00 04 
 03 01 00 00 00 0B 03 01 00 00 00 0C 03 01 00 00 
 00 0D 03 01 00 00 
 SWTPM_IO_Write: length 218
 80 01 00 00 00 DA 00 00 00 00 00 00 00 14 00 00 
 00 04 00 04 03 01 00 00 00 0B 03 01 00 00 00 0C 
 03 01 00 00 00 0D 03 01 00 00 00 00 00 04 00 14 
 00 00 00 00 00 00 00 00 00 00 00 00 00 00 00 00 
 00 00 00 00 00 20 00 00 00 00 00 00 00 00 00 00 
 00 00 00 00 00 00 00 00 00 00 00 00 00 00 00 00 
 00 00 00 00 00 00 00 30 00 00 00 00 00 00 00 00 
 00 00 00 00 00 00 00 00 00 00 00 00 00 00 00 00 
 00 00 00 00 00 00 00 00 00 00 00 00 00 00 00 00 
 00 00 00 00 00 00 00 00 00 40 00 00 00 00 00 00 
 00 00 00 00 00 00 00 00 00 00 00 00 00 00 00 00 
 00 00 00 00 00 00 00 00 00 00 00 00 00 00 00 00 
 00 00 00 00 00 00 00 00 00 00 00 00 00 00 00 00 
 00 00 00 00 00 00 00 00 00 00 
 SWTPM_IO_Read: length 203
 80 02 00 00 00 CB 00 00 01 82 00 00 00 00 00 00 
 00 09 40 00 00 09 00 00 00 00 00 00 00 00 04 00 
 04 C3 45 55 83 A9 1A E8 82 69 C8 4F 27 87 85 01 
 BC 00 F9 98 C5 00 0B D6 0C 3B D4 DF DF 42 A8 F4 
 F5 4C 44 A8 D9 F2 DD B8 35 99 0B 97 A8 36 D8 E9 
 B7 7F 31 7D 2F 40 EA 00 0C 57 83 C0 EC E9 AA 78 
 DF C3 A3 CF 83 FC 6A 02 4A A3 D7 C9 04 A2 91 99 
 71 F3 99 26 69 D9 B6 8B B9 24 4E 65 E6 F6 3B 73 
 AC F0 AD E6 7C 67 A5 00 16 00 0D 9B F8 A9 BB ED 
 60 AF 69 E8 CB 6B 6E D2 55 EE 0B 7E 29 19 87 AA 
 F1 64 B2 41 92 5D E5 B1 CA 07 13 76 67 AD A7 82 
 DA 6D 2B B9 C7 B3 D4 B6 3C 29 DC 30 94 C5 B3 EA 
 0F AD 73 AD 53 27 24 54 7F C5 93 
 SWTPM_IO_Write: length 19
 80 02 00 00 00 13 00 00 00 00 00 00 00 00 00 00 
 01 00 00 
 SWTPM_IO_Read: length 22
 80 01 00 00 00 16 00 00 01 7A 00 00 00 05 00 00 
 00 00 00 00 00 01 
 SWTPM_IO_Write: length 43
 80 01 00 00 00 2B 00 00 00 00 00 00 00 00 05 00 
 00 00 04 00 04 03 FF FF FF 00 0B 03 FF FF FF 00 
 0C 03 FF FF FF 00 0D 03 FF FF FF 
 SWTPM_IO_Read: length 22
 80 01 00 00 00 16 00 00 01 7A 00 00 00 05 00 00 
 00 00 00 00 00 01 
 SWTPM_IO_Write: length 43
 80 01 00 00 00 2B 00 00 00 00 00 00 00 00 05 00 
 00 00 04 00 04 03 FF FF FF 00 0B 03 FF FF FF 00 
 0C 03 FF FF FF 00 0D 03 FF FF FF 
 SWTPM_IO_Read: length 38
 80 01 00 00 00 26 00 00 01 7E 00 00 00 04 00 04 
 03 01 00 00 00 0B 03 01 00 00 00 0C 03 01 00 00 
 00 0D 03 01 00 00 
 SWTPM_IO_Write: length 218
 80 01 00 00 00 DA 00 00 00 00 00 00 00 18 00 00 
 00 04 00 04 03 01 00 00 00 0B 03 01 00 00 00 0C 
 03 01 00 00 00 0D 03 01 00 00 00 00 00 04 00 14 
 DD 8A 7E DE 70 1E 49 30 5A 4F 63 2E 2C E4 2A FE 
 47 79 C5 E2 00 20 C2 20 9B D2 89 91 A5 F0 11 07 
 7F 10 BF 37 C7 0C B4 0E 08 D9 40 29 C3 2A 5F 88 
 8C AB F2 B3 4D EF 00 30 A6 2A 1C 6A 60 A8 70 E1 
 95 AF 6E 1D B5 30 8A 7D BB A1 29 CE 87 A6 0A 90 
 F0 85 2F 1A 5D BC 78 B6 A8 2B 87 CA DB BB C6 E2 
 43 30 2A 9F 08 ED FF 7A 00 40 AF 4F 00 EC 25 03 
 0D B2 B9 F6 F4 CA 85 C7 A2 64 ED 85 2B 28 C6 A9 
 E0 5D 8E CA 27 58 B4 CA 35 3E B9 48 6F 3E C2 E9 
 22 45 EA 2E D9 E2 9C F0 B9 4B 78 66 F2 B0 E8 2B 
 C7 6A F3 A1 94 19 E2 C1 BC 2A 
 SWTPM_IO_Read: length 203
 80 02 00 00 00 CB 00 00 01 82 00 00 00 00 00 00 
 00 09 40 00 00 09 00 00 00 00 00 00 00 00 04 00 
 04 90 75 FF 52 93 63 2F 6C 95 75 8A 0F AC 3E 20 
 F5 E5 E2 7C 8F 00 0B E7 1E F6 43 C7 9A 8E A4 AD 
 42 BC D1 75 DC 47 95 37 50 49 9B B5 3D 3A 46 3C 
 9C E6 4C 48 D6 CA 01 00 0C 85 7F FF 0C E8 48 AB 
 36 99 86 9A 4B 7C 6F 66 2E 53 D2 B0 4E 2D FB 83 
 DE 04 6B 18 B2 C7 C6 0C 7D 23 0A B5 73 5D 9B FD 
 A5 74 59 F5 65 31 03 6A 13 00 0D 88 25 90 CC AA 
 D7 DE FF 51 C9 01 46 82 B5 75 49 94 B4 58 6C 6E 
 3E 8E 88 AF BF 1D BA BC E5 87 04 C7 23 9D 47 70 
 19 28 A4 B7 E2 AE F9 68 F2 54 4E EE 71 5B AC E2 
 69 FE EF F2 1F 1D 35 4F C5 5C 94 
 SWTPM_IO_Write: length 19
 80 02 00 00 00 13 00 00 00 00 00 00 00 00 00 00 
 01 00 00 
 SWTPM_IO_Read: length 22
 80 01 00 00 00 16 00 00 01 7A 00 00 00 05 00 00 
 00 00 00 00 00 01 
 SWTPM_IO_Write: length 43
 80 01 00 00 00 2B 00 00 00 00 00 00 00 00 05 00 
 00 00 04 00 04 03 FF FF FF 00 0B 03 FF FF FF 00 
 0C 03 FF FF FF 00 0D 03 FF FF FF 
 SWTPM_IO_Read: length 22
 80 01 00 00 00 16 00 00 01 7A 00 00 00 05 00 00 
 00 00 00 00 00 01 
 SWTPM_IO_Write: length 43
 80 01 00 00 00 2B 00 00 00 00 00 00 00 00 05 00 
 00 00 04 00 04 03 FF FF FF 00 0B 03 FF FF FF 00 
 0C 03 FF FF FF 00 0D 03 FF FF FF 
 SWTPM_IO_Read: length 38
 80 01 00 00 00 26 00 00 01 7E 00 00 00 04 00 04 
 03 01 00 00 00 0B 03 01 00 00 00 0C 03 01 00 00 
 00 0D 03 01 00 00 
 SWTPM_IO_Write: length 218
 80 01 00 00 00 DA 00 00 00 00 00 00 00 1C 00 00 
 00 04 00 04 03 01 00 00 00 0B 03 01 00 00 00 0C 
 03 01 00 00 00 0D 03 01 00 00 00 00 00 04 00 14 
 E7 F3 3E CA AD 0F 12 27 45 FA B1 E5 D0 91 D8 88 
 1C 10 2E 71 00 20 0F 89 3B 42 E2 13 5C 2E 68 8F 
 E2 02 11 9B 42 F2 9D 5C 00 C5 DB DC EE BF F7 DC 
 2F 0E 3E B4 18 8F 00 30 A2 DD 23 F2 65 52 DD D2 
 FE B7 B6 C5 71 60 56 F9 15 7C 75 2E FC 91 1B 24 
 BB F3 20 2A B8 60 35 46 9C 14 ED 19 29 EC 63 0C 
 8A 8A FA 8E 17 EA A9 7B 00 40 4F F9 C9 2C 01 D5 
 2F C9 10 5D 08 53 84 B3 DA 5B 31 E3 CB E0 E9 27 
 3E 5B AF C6 FA 22 15 49 4D B6 8C FC 3F 8E 11 99 
 B8 27 C3 F3 3B 0B 37 4F 18 E8 50 D9 CE 16 CC D9 
 34 F2 2B 78 D5 EC CD A3 1F FB 
 SWTPM_IO_Read: length 203
 80 02 00 00 00 CB 00 00 01 82 00 00 00 00 00 00 
 00 09 40 00 00 09 00 00 00 00 00 00 00 00 04 00 
 04 AA 19 7F 90 49 91 CC AC 13 28 C7 DE 46 99 5B 
 C2 DE C6 CD 3C 00 0B 1A 3A 6F 9B DD F3 50 80 99 
 DA FA CC 00 0E 3C 6A 87 7D 68 85 5D C9 FD B7 3D 
 27 C1 27 A3 BE B0 8E 00 0C 85 E5 82 54 61 B1 9F 
 FD 7B BA 3A 2A 76 64 7D F6 10 15 4B BC E5 9E 13 
 F8 08 35 33 A2 8D 9D 61 4A 18 91 C2 DD B0 D5 B9 
 5E D5 E2 67 9C 34 F7 70 02 00 0D A8 39 1E EA 79 
 21 A4 0B D3 B0 02 15 08 DD 88 6B 0C 57 B0 D6 A2 
 14 D2 39 95 2E 5D 64 C6 0D C1 01 C4 49 A1 49 5F 
 83 39 9B 2E FA 67 47 08 98 1D E7 52 B9 CE F9 D4 
 B5 C2 84 13 86 3B 4A DC 52 3B 0E 
 SWTPM_IO_Write: length 19
 80 02 00 00 00 13 00 00 00 00 00 00 00 00 00 00 
 01 00 00 
 SWTPM_IO_Read: length 22
 80 01 00 00 00 16 00 00 01 7A 00 00 00 05 00 00 
 00 00 00 00 00 01 
 SWTPM_IO_Write: length 43
 80 01 00 00 00 2B 00 00 00 00 00 00 00 00 05 00 
 00 00 04 00 04 03 FF FF FF 00 0B 03 FF FF FF 00 
 0C 03 FF FF FF 00 0D 03 FF FF FF 
 SWTPM_IO_Read: length 22
 80 01 00 00 00 16 00 00 01 7A 00 00 00 05 00 00 
 00 00 00 00 00 01 
 SWTPM_IO_Write: length 43
 80 01 00 00 00 2B 00 00 00 00 00 00 00 00 05 00 
 00 00 04 00 04 03 FF FF FF 00 0B 03 FF FF FF 00 
 0C 03 FF FF FF 00 0D 03 FF FF FF 
 SWTPM_IO_Read: length 38
 80 01 00 00 00 26 00 00 01 7E 00 00 00 04 00 04 
 03 01 00 00 00 0B 03 01 00 00 00 0C 03 01 00 00 
 00 0D 03 01 00 00 
 SWTPM_IO_Write: length 218
 80 01 00 00 00 DA 00 00 00 00 00 00 00 20 00 00 
 00 04 00 04 03 01 00 00 00 0B 03 01 00 00 00 0C 
 03 01 00 00 00 0D 03 01 00 00 00 00 00 04 00 14 
 A0 C1 CE A7 FA A6 8F 05 F9 31 94 6E 5B F9 EB E8 
 9D 55 7F 47 00 20 61 20 16 38 83 7D 4D 28 17 F0 
 FD 48 93 7E 22 70 6E 5B 6A AB 1F 8A 72 5A F4 01 
 68 58 F4 36 FB 07 00 30 45 57 16 DC C9 48 73 09 
 1B 27 44 60 C3 A8 B8 9C 8E A1 CF C2 D6 78 C5 DA 
 F7 CF 43 EC 7A 1A 9C DB 71 45 79 5D 04 6D DE 61 
 36 68 21 47 F2 55 82 AF 00 40 55 A6 92 A2 5D E2 
 66 EF 1C 86 64 87 58 EF F4 F0 8D FC B9 D8 31 7D 
 F0 CF 77 41 03 78 3A 07 92 C4 CA E8 36 5F 18 3D 
 08 AD 75 30 CD 56 40 87 B8 31 99 AB 6E 24 37 69 
 2B B3 7B 60 C4 20 ED 6B C6 94 
 SWTPM_IO_Read: length 22
 80 01 00 00 00 16 00 00 01 7A 00 00 00 06 00 00 
 01 05 00 00 00 01 
 SWTPM_IO_Write: length 27
 80 01 00 00 00 1B 00 00 00 00 01 00 00 00 06 00 
 00 00 01 00 00 01 05 49 42 4D 00 
 SWTPM_IO_Read: length 22
 80 01 00 00 00 16 00 00 01 7A 00 00 00 06 00 00 
 01 0B 00 00 00 01 
 SWTPM_IO_Write: length 27
 80 01 00 00 00 1B 00 00 00 00 01 00 00 00 06 00 
 00 00 01 00 00 01 0B 20 19 10 23 
 SWTPM_IO_Read: length 22
 80 01 00 00 00 16 00 00 01 7A 00 00 00 06 00 00 
 01 0C 00 00 00 01 
 SWTPM_IO_Write: length 27
 80 01 00 00 00 1B 00 00 00 00 01 00 00 00 06 00 
 00 00 01 00 00 01 0C 00 16 36 36 
 SWTPM_IO_Read: length 22
 80 01 00 00 00 16 00 00 01 7A 00 00 00 06 00 00 
 01 1E 00 00 00 01 
 SWTPM_IO_Write: length 27
 80 01 00 00 00 1B 00 00 00 00 01 00 00 00 06 00 
 00 00 01 00 00 01 1E 00 00 10 00 
 SWTPM_IO_Read: length 22
 80 01 00 00 00 16 00 00 01 7A 00 00 00 06 00 00 
 01 1F 00 00 00 01 
 SWTPM_IO_Write: length 27
 80 01 00 00 00 1B 00 00 00 00 01 00 00 00 06 00 
 00 00 01 00 00 01 1F 00 00 10 00 
 SWTPM_IO_Read: length 22
 80 01 00 00 00 16 00 00 01 7A 00 00 00 05 00 00 
 00 00 00 00 00 01 
 SWTPM_IO_Write: length 43
 80 01 00 00 00 2B 00 00 00 00 00 00 00 00 05 00 
 00 00 04 00 04 03 FF FF FF 00 0B 03 FF FF FF 00 
 0C 03 FF FF FF 00 0D 03 FF FF FF 
 SWTPM_IO_Read: length 203
 80 02 00 00 00 CB 00 00 01 82 00 00 00 07 00 00 
 00 09 40 00 00 09 00 00 00 00 00 00 00 00 04 00 
 04 2F 20 11 2A 3F 55 39 8B 20 8E 0C 42 68 13 89 
 B4 CB 5B 18 23 00 0B CE 9C E3 86 B5 2E 09 9F 30 
 19 E5 12 A0 D6 06 2D 6B 56 0E FE 4F F3 E5 66 1C 
 75 25 E2 F9 C2 63 DF 00 0C 9D C3 A1 F8 0B CE C9 
 15 39 1D CD A5 FF BB 15 E7 41 9F 77 EA B4 62 BB 
 F7 2B 42 16 6F B7 0D 50 32 5E 37 B3 6F 93 53 7A 
 86 37 69 BC F9 BE DA E6 FB 00 0D 05 E7 B6 60 EC 
 58 5C F0 F1 D6 57 31 47 F7 1D D4 D6 48 CC 55 3C 
 61 D5 FA 15 D0 DB 26 F3 35 CB E4 E5 B1 09 C8 A0 
 DB B0 39 72 7C 2D 42 3C 1B F4 5B 2D 45 01 08 A6 
 08 E2 0C 6B 70 5E AC 64 DA C0 A2 
 SWTPM_IO_Write: length 19
 80 02 00 00 00 13 00 00 00 00 00 00 00 00 00 00 
 01 00 00 
 SWTPM_IO_Read: length 22
 80 01 00 00 00 16 00 00 01 7A 00 00 00 05 00 00 
 00 00 00 00 00 01 
 SWTPM_IO_Write: length 43
 80 01 00 00 00 2B 00 00 00 00 00 00 00 00 05 00 
 00 00 04 00 04 03 FF FF FF 00 0B 03 FF FF FF 00 
 0C 03 FF FF FF 00 0D 03 FF FF FF 
 SWTPM_IO_Read: length 22
 80 01 00 00 00 16 00 00 01 7A 00 00 00 05 00 00 
 00 00 00 00 00 01 
 SWTPM_IO_Write: length 43
 80 01 00 00 00 2B 00 00 00 00 00 00 00 00 05 00 
 00 00 04 00 04 03 FF FF FF 00 0B 03 FF FF FF 00 
 0C 03 FF FF FF 00 0D 03 FF FF FF 
 SWTPM_IO_Read: length 38
 80 01 00 00 00 26 00 00 01 7E 00 00 00 04 00 04 
 03 80 00 00 00 0B 03 80 00 00 00 0C 03 80 00 00 
 00 0D 03 80 00 00 
 SWTPM_IO_Write: length 218
 80 01 00 00 00 DA 00 00 00 00 00 00 00 24 00 00 
 00 04 00 04 03 80 00 00 00 0B 03 80 00 00 00 0C 
 03 80 00 00 00 0D 03 80 00 00 00 00 00 04 00 14 
 A2 57 B9 1F 84 0C A8 22 DD DA 6F 02 3D 49 4C 56 
 A3 A1 58 23 00 20 69 7A A9 6B B0 70 C3 5F F7 5D 
 1F 77 3B 70 10 E8 7A 76 49 4C A1 AD CF 37 9F 1D 
 43 31 05 FA 0B 6B 00 30 74 4B 33 2B B2 C8 27 54 
 CB 69 AC A8 61 73 B3 4E B7 35 5F D3 2D C0 90 05 
 6E 31 07 F0 C8 AA CA 9A 34 B4 02 75 E6 3B 20 BE 
 10 89 61 A1 30 81 2A 72 00 40 42 FB B2 68 EB 31 
 B1 67 E3 F3 85 4F 9F 52 FF 9C 69 DA 10 3F 2F D6 
 18 64 AB 6D 7F 87 6D 7C 20 81 0C 3B 8C 8A BD 23 
 70 4F 85 5D 37 44 56 53 4A DC 18 4D FA BF 4A 94 
 4F BE FD 2F 6A 42 42 AD 43 EF 
 SWTPM_IO_Read: length 203
 80 02 00 00 00 CB 00 00 01 82 00 00 00 07 00 00 
 00 09 40 00 00 09 00 00 00 00 00 00 00 00 04 00 
 04 9B 13 87 30 6E BB 7F F8 E7 95 E7 BE 77 56 36 
 66 BB F4 51 6E 00 0B DE A7 B8 0A B5 3A 3D AA A2 
 4D 5C C4 6C 64 E1 FA 9F FD 03 73 9F 90 AA DB D8 
 C0 86 7C 4A 5B 48 90 00 0C 6F 2E 3C BC 14 F9 DE 
 F8 69 80 F5 F6 6F D8 5E 99 D6 3E 69 A7 30 14 ED 
 8A 56 33 CE 56 EC A5 B6 4B 69 21 08 C5 61 10 E2 
 2A CA DC EF 58 C3 25 0F 1B 00 0D A1 02 C0 FD B4 
 31 02 C5 54 6F B0 47 58 A7 0A CC 5F 5E 79 85 97 
 D6 2B D2 37 6C DE AB 37 DD DF B3 B0 CA 67 FE BC 
 8C 4E 60 69 80 04 49 BA EB F9 E0 BB E7 F0 63 A7 
 30 4A 45 65 23 92 F8 C8 BC 7D 17 
 SWTPM_IO_Write: length 19
 80 02 00 00 00 13 00 00 00 00 00 00 00 00 00 00 
 01 00 00 
 SWTPM_IO_Read: length 22
 80 01 00 00 00 16 00 00 01 7A 00 00 00 05 00 00 
 00 00 00 00 00 01 
 SWTPM_IO_Write: length 43
 80 01 00 00 00 2B 00 00 00 00 00 00 00 00 05 00 
 00 00 04 00 04 03 FF FF FF 00 0B 03 FF FF FF 00 
 0C 03 FF FF FF 00 0D 03 FF FF FF 
 SWTPM_IO_Read: length 22
 80 01 00 00 00 16 00 00 01 7A 00 00 00 05 00 00 
 00 00 00 00 00 01 
 SWTPM_IO_Write: length 43
 80 01 00 00 00 2B 00 00 00 00 00 00 00 00 05 00 
 00 00 04 00 04 03 FF FF FF 00 0B 03 FF FF FF 00 
 0C 03 FF FF FF 00 0D 03 FF FF FF 
 SWTPM_IO_Read: length 38
 80 01 00 00 00 26 00 00 01 7E 00 00 00 04 00 04 
 03 80 00 00 00 0B 03 80 00 00 00 0C 03 80 00 00 
 00 0D 03 80 00 00 
 SWTPM_IO_Write: length 218
 80 01 00 00 00 DA 00 00 00 00 00 00 00 28 00 00 
 00 04 00 04 03 80 00 00 00 0B 03 80 00 00 00 0C 
 03 80 00 00 00 0D 03 80 00 00 00 00 00 04 00 14 
 B9 C5 49 C6 6A 56 F6 B0 D2 B2 C6 B9 97 06 A5 82 
 03 71 DB D4 00 20 6B AB FC C8 D4 58 86 B9 9D ED 
 57 5F 05 C4 41 E8 5C 26 1C 9F 6E 21 F5 FF 2C 9B 
 C4 ED F2 97 1F 67 00 30 52 74 02 B6 5D 96 33 A4 
 D1 D7 8D 57 48 60 C3 18 22 05 BA 7E B0 9C 9D F6 
 8E 1C E9 6E CB CB 8E 75 1B 9C 23 9F 43 B7 FC C8 
 DE 49 0D 79 5C F1 5E AF 00 40 F8 09 0A DE 7D CE 
 1E 24 72 BF 79 1B 24 8A 6E 6D 8D 8D 6F 56 BB 06 
 0F 57 55 DF 39 7A B8 4F FE 8D D8 CE 61 A3 59 34 
 EE A7 A0 5B 05 8F F4 C3 7C A6 9B FF D2 1C 78 9B 
 77 C8 D3 F3 C7 8A A5 2E 89 D7 
 SWTPM_IO_Read: length 203
 80 02 00 00 00 CB 00 00 01 82 00 00 00 07 00 00 
 00 09 40 00 00 09 00 00 00 00 00 00 00 00 04 00 
 04 9A FA 86 C5 07 41 9B 85 70 C6 21 67 CB 94 86 
 D9 FC 80 97 58 00 0B E6 70 E1 21 FC EB D4 73 B8 
 BC 41 BB 80 13 01 FC 1D 9A FA 33 90 4F 06 F7 14 
 9B 74 F1 2C 47 A6 8F 00 0C D6 07 C0 EF B4 1C 0D 
 75 7D 69 BC A0 61 5C 3A 9A C0 B1 DB 06 C5 57 D9 
 92 E9 06 C6 B7 DE E4 0E 0E 03 16 40 C7 BF D7 BC 
 D3 58 44 EF 9E DE AD C6 F9 00 0D 90 BD 5D AC 05 
 D4 31 71 BE 2F 1A 70 5D 7F C1 93 7A 56 6A AB 71 
 03 1B AA B6 4A E6 10 61 60 A1 48 A8 11 0D 33 26 
 F5 E2 28 54 A1 82 3A D2 13 1D EA 35 56 02 66 01 
 F8 DD 76 28 B3 71 52 AE 97 A6 8E 
 SWTPM_IO_Write: length 19
 80 02 00 00 00 13 00 00 00 00 00 00 00 00 00 00 
 01 00 00 
 SWTPM_IO_Read: length 22
 80 01 00 00 00 16 00 00 01 7A 00 00 00 05 00 00 
 00 00 00 00 00 01 
 SWTPM_IO_Write: length 43
 80 01 00 00 00 2B 00 00 00 00 00 00 00 00 05 00 
 00 00 04 00 04 03 FF FF FF 00 0B 03 FF FF FF 00 
 0C 03 FF FF FF 00 0D 03 FF FF FF 
 SWTPM_IO_Read: length 22
 80 01 00 00 00 16 00 00 01 7A 00 00 00 05 00 00 
 00 00 00 00 00 01 
 SWTPM_IO_Write: length 43
 80 01 00 00 00 2B 00 00 00 00 00 00 00 00 05 00 
 00 00 04 00 04 03 FF FF FF 00 0B 03 FF FF FF 00 
 0C 03 FF FF FF 00 0D 03 FF FF FF 
 SWTPM_IO_Read: length 38
 80 01 00 00 00 26 00 00 01 7E 00 00 00 04 00 04 
 03 80 00 00 00 0B 03 80 00 00 00 0C 03 80 00 00 
 00 0D 03 80 00 00 
 SWTPM_IO_Write: length 218
 80 01 00 00 00 DA 00 00 00 00 00 00 00 2C 00 00 
 00 04 00 04 03 80 00 00 00 0B 03 80 00 00 00 0C 
 03 80 00 00 00 0D 03 80 00 00 00 00 00 04 00 14 
 A5 F5 99 41 F7 59 BE C0 0A DC 88 2A 43 C8 FB 46 
 6A 30 D7 3C 00 20 7E 28 A8 B9 D1 99 76 D5 43 BB 
 09 CD 2B C5 71 58 74 88 EA F7 FA FD 66 D6 20 01 
 D6 1F 1F 4B EF A4 00 30 44 B0 70 28 9E C7 F2 82 
 49 26 E0 3F 49 07 09 86 0F 9A F6 89 D2 46 F3 D2 
 F1 21 59 63 5F 6A 9C F4 09 C4 5E A2 3C DB 77 41 
 A4 CF C8 7C 0B 92 B6 2D 00 40 BB 2F 81 CE 05 06 
 CD 49 06 39 98 5B 85 8E FE 46 2D D0 DD C9 A7 58 
 FE 5C 2B 77 DC 68 34 78 D5 78 AF 01 16 1F 55 E8 
 22 22 54 B8 5E 5E D3 4C 02 77 CD 01 56 12 6C 93 
 20 43 86 27 7A 30 3E A6 28 94 
 SWTPM_IO_Read: length 203
 80 02 00 00 00 CB 00 00 01 82 00 00 00 07 00 00 
 00 09 40 00 00 09 00 00 00 00 00 00 00 00 04 00 
 04 5B F8 FA A0 78 D4 0F FB D0 33 17 C9 33 98 B0 
 12 29 A0 E1 E0 00 0B BA F8 9A 3C CA CE 52 75 0C 
 5F 01 28 35 1E 04 22 A4 15 97 A1 AD FD 50 82 2A 
 A3 63 B9 D1 24 EA 7C 00 0C 08 A7 4F 89 63 B3 37 
 AC B6 C9 36 82 F9 34 49 63 73 67 9D D2 6A F1 08 
 9C B4 EA F0 C3 0C F2 60 A1 2E 81 48 56 38 5A B8 
 84 3E 56 A9 AC EA 19 E1 27 00 0D 12 15 2F 5B 59 
 70 58 22 42 A7 EF 70 87 F2 A7 28 B8 7E B9 E5 8D 
 B8 CA 48 B0 92 19 51 A5 74 E2 9E 60 88 7B F4 5B 
 C0 0C 15 F6 B9 60 16 A8 35 B5 41 BB 80 12 2A 04 
 09 D3 7D BE 61 43 C5 62 07 ED 5A 
 SWTPM_IO_Write: length 19
 80 02 00 00 00 13 00 00 00 00 00 00 00 00 00 00 
 01 00 00 
 SWTPM_IO_Read: length 22
 80 01 00 00 00 16 00 00 01 7A 00 00 00 05 00 00 
 00 00 00 00 00 01 
 SWTPM_IO_Write: length 43
 80 01 00 00 00 2B 00 00 00 00 00 00 00 00 05 00 
 00 00 04 00 04 03 FF FF FF 00 0B 03 FF FF FF 00 
 0C 03 FF FF FF 00 0D 03 FF FF FF 
 SWTPM_IO_Read: length 22
 80 01 00 00 00 16 00 00 01 7A 00 00 00 05 00 00 
 00 00 00 00 00 01 
 SWTPM_IO_Write: length 43
 80 01 00 00 00 2B 00 00 00 00 00 00 00 00 05 00 
 00 00 04 00 04 03 FF FF FF 00 0B 03 FF FF FF 00 
 0C 03 FF FF FF 00 0D 03 FF FF FF 
 SWTPM_IO_Read: length 38
 80 01 00 00 00 26 00 00 01 7E 00 00 00 04 00 04 
 03 80 00 00 00 0B 03 80 00 00 00 0C 03 80 00 00 
 00 0D 03 80 00 00 
 SWTPM_IO_Write: length 218
 80 01 00 00 00 DA 00 00 00 00 00 00 00 30 00 00 
 00 04 00 04 03 80 00 00 00 0B 03 80 00 00 00 0C 
 03 80 00 00 00 0D 03 80 00 00 00 00 00 04 00 14 
 5E EB FC 7E 20 D4 F7 3B 60 D8 4B A0 16 99 B7 54 
 11 4B 88 8F 00 20 9C 81 13 BE 4B 72 EF 66 9F F4 
 29 11 63 51 7F 1F 8C 83 0D 47 B3 0B 60 61 9A 57 
 1A 45 10 89 9D A6 00 30 45 DF 37 13 93 AD 6A A8 
 DF E7 C4 1B 53 B2 70 51 2A 0A E9 75 13 3E 4F 50 
 2C 28 9B AC F0 55 CD CF DF 87 75 4A C0 B3 50 C7 
 9C 96 DF C7 F1 68 70 FB 00 40 60 98 CC EB 6A D3 
 51 FF 3C FD 24 22 C1 28 9B 76 5D 35 33 89 E3 00 
 DD 37 EE 4A 76 39 7F F8 FF 8B 00 58 2C CB 7F 80 
 CB C8 26 D0 D3 5B 5F 34 B3 19 54 13 56 5D 99 78 
 40 62 A0 AD 44 80 AE 8C 78 C6 
 SWTPM_IO_Read: length 203
 80 02 00 00 00 CB 00 00 01 82 00 00 00 07 00 00 
 00 09 40 00 00 09 00 00 00 00 00 00 00 00 04 00 
 04 73 44 24 C9 FE 8F C7 17 16 C4 20 96 F4 B7 4C 
 88 73 3B 17 5E 00 0B 9F 75 B6 82 3B FF 6A F1 02 
 4A 4E 20 36 71 9C DD 54 8D 3C BC 2B F1 DE 8E 7E 
 F4 D0 ED 01 F9 4B F9 00 0C 18 CC 6E 01 F0 C6 EA 
 99 AA 23 F8 A2 80 42 3E 94 AD 81 D9 6D 0A EB 51 
 80 50 4F C0 F7 A4 0C B3 61 9D D3 9B D6 A9 5E C1 
 68 0A 86 ED 6A B0 F9 82 8D 00 0D 62 1B C3 EE 7B 
 43 73 0D 1A 34 C7 E9 50 8B 53 72 04 A1 CE 1F E5 
 91 0D D7 7B 5A AD A7 E7 A5 F3 35 DE 76 0B 18 CD 
 D4 1D BF 96 C2 58 8F A4 65 2E 35 E2 C1 CA 61 96 
 46 CA E4 F8 AA D5 1C 95 3E 77 BD 
 SWTPM_IO_Write: length 19
 80 02 00 00 00 13 00 00 00 00 00 00 00 00 00 00 
 01 00 00 
 SWTPM_IO_Read: length 22
 80 01 00 00 00 16 00 00 01 7A 00 00 00 05 00 00 
 00 00 00 00 00 01 
 SWTPM_IO_Write: length 43
 80 01 00 00 00 2B 00 00 00 00 00 00 00 00 05 00 
 00 00 04 00 04 03 FF FF FF 00 0B 03 FF FF FF 00 
 0C 03 FF FF FF 00 0D 03 FF FF FF 
 SWTPM_IO_Read: length 22
 80 01 00 00 00 16 00 00 01 7A 00 00 00 05 00 00 
 00 00 00 00 00 01 
 SWTPM_IO_Write: length 43
 80 01 00 00 00 2B 00 00 00 00 00 00 00 00 05 00 
 00 00 04 00 04 03 FF FF FF 00 0B 03 FF FF FF 00 
 0C 03 FF FF FF 00 0D 03 FF FF FF 
 SWTPM_IO_Read: length 38
 80 01 00 00 00 26 00 00 01 7E 00 00 00 04 00 04 
 03 80 00 00 00 0B 03 80 00 00 00 0C 03 80 00 00 
 00 0D 03 80 00 00 
 SWTPM_IO_Write: length 218
 80 01 00 00 00 DA 00 00 00 00 00 00 00 34 00 00 
 00 04 00 04 03 80 00 00 00 0B 03 80 00 00 00 0C 
 03 80 00 00 00 0D 03 80 00 00 00 00 00 04 00 14 
 14 46 37 CA F1 E4 14 2E 1C D6 1A 67 39 B3 5A 47 
 05 3E B5 FE 00 20 E4 2E FA 1D 48 63 8D 66 EC 7E 
 E3 E2 BC E3 C3 5C 79 55 EB 45 8C F5 D0 88 28 8F 
 11 6B 30 FD 72 92 00 30 DE 6E AA 19 46 15 1C B5 
 7F 1D F0 F4 C1 A2 17 46 53 94 4D 82 F9 F9 86 C8 
 C4 C0 C6 A3 A8 30 85 B3 72 D4 ED E2 E0 51 A5 31 
 7A 62 3A 18 44 BE 3A D5 00 40 FB A1 E7 87 2F 24 
 3F 2D 17 A7 3B 0A 31 F8 59 BE 85 20 8D 6C 35 A8 
 66 81 41 71 29 9A A1 1D CC 14 D3 10 41 D2 BE 94 
 C7 BF 6D B6 8F 28 7A 98 85 BF B9 6A 49 CB 8A DA 
 D9 B1 4C 8E EA 51 F3 2D 90 8E 
 SWTPM_IO_Read: length 203
 80 02 00 00 00 CB 00 00 01 82 00 00 00 07 00 00 
 00 09 40 00 00 09 00 00 00 00 00 00 00 00 04 00 
 04 90 69 CA 78 E7 45 0A 28 51 73 43 1B 3E 52 C5 
 C2 52 99 E4 73 00 0B DF 3F 61 98 04 A9 2F DB 40 
 57 19 2D C4 3D D7 48 EA 77 8A DC 52 BC 49 8C E8 
 05 24 C0 14 B8 11 19 00 0C 39 43 41 B7 18 2C D2 
 27 C5 C6 B0 7E F8 00 0C DF D8 61 36 C4 29 2B 8E 
 57 65 73 AD 7E D9 AE 41 01 9F 58 18 B4 B9 71 C9 
 EF FC 60 E1 AD 9F 12 89 F0 00 0D EC 2D 57 69 1D 
 9B 2D 40 18 2A C5 65 03 20 54 B7 D7 84 BA 96 B1 
 8B CB 5B E0 BB 4E 70 E3 FB 04 1E FF 58 2C 8A F6 
 6E E5 02 56 53 9F 21 81 D7 F9 E5 36 27 C0 18 9D 
 A7 E7 5A 4D 5E F1 0E A9 3B 20 B3 
 SWTPM_IO_Write: length 19
 80 02 00 00 00 13 00 00 00 00 00 00 00 00 00 00 
 01 00 00 
 SWTPM_IO_Read: length 22
 80 01 00 00 00 16 00 00 01 7A 00 00 00 05 00 00 
 00 00 00 00 00 01 
 SWTPM_IO_Write: length 43
 80 01 00 00 00 2B 00 00 00 00 00 00 00 00 05 00 
 00 00 04 00 04 03 FF FF FF 00 0B 03 FF FF FF 00 
 0C 03 FF FF FF 00 0D 03 FF FF FF 
 SWTPM_IO_Read: length 22
 80 01 00 00 00 16 00 00 01 7A 00 00 00 05 00 00 
 00 00 00 00 00 01 
 SWTPM_IO_Write: length 43
 80 01 00 00 00 2B 00 00 00 00 00 00 00 00 05 00 
 00 00 04 00 04 03 FF FF FF 00 0B 03 FF FF FF 00 
 0C 03 FF FF FF 00 0D 03 FF FF FF 
 SWTPM_IO_Read: length 38
 80 01 00 00 00 26 00 00 01 7E 00 00 00 04 00 04 
 03 80 00 00 00 0B 03 80 00 00 00 0C 03 80 00 00 
 00 0D 03 80 00 00 
 SWTPM_IO_Write: length 218
 80 01 00 00 00 DA 00 00 00 00 00 00 00 38 00 00 
 00 04 00 04 03 80 00 00 00 0B 03 80 00 00 00 0C 
 03 80 00 00 00 0D 03 80 00 00 00 00 00 04 00 14 
 40 37 33 6F A7 BC 0E AB E3 77 8F CF FF 5F CD 0E 
 E6 AD CD E3 00 20 B5 71 0B F5 7D 25 62 3E 40 19 
 02 7D A1 16 82 1F A9 9F 5C 81 E9 E3 8B 87 67 1C 
 C5 74 F9 28 14 39 00 30 38 4A 79 8E 98 B5 36 97 
 27 29 5C 5B 28 89 E1 E0 15 C6 5B 3A DD 6D 78 DC 
 E4 E4 57 C1 64 86 5E E2 AF 7B 6D 53 AC 7C BC D0 
 92 EA F5 FA 1A 76 EA 18 00 40 87 D8 32 D6 FF F8 
 6B 96 8D 4B 7D DD 56 C1 5C E7 2E C4 85 93 1E EA 
 64 D8 71 05 6B A9 0D AC 4E 74 E8 1F 4E 5C 59 5A 
 7C EF DF 9E B2 CC AF 83 2F 53 52 5F 91 41 0E 2E 
 D9 73 6B DD A1 F1 A1 A3 AC 15 
 SWTPM_IO_Read: length 22
 80 01 00 00 00 16 00 00 01 7A 00 00 00 05 00 00 
 00 00 00 00 00 01 
 SWTPM_IO_Write: length 43
 80 01 00 00 00 2B 00 00 00 00 00 00 00 00 05 00 
 00 00 04 00 04 03 FF FF FF 00 0B 03 FF FF FF 00 
 0C 03 FF FF FF 00 0D 03 FF FF FF 
 SWTPM_IO_Read: length 22
 80 01 00 00 00 16 00 00 01 7A 00 00 00 02 00 00 
 01 24 00 00 00 01 
 SWTPM_IO_Write: length 23
 80 01 00 00 00 17 00 00 00 00 01 00 00 00 02 00 
 00 00 01 02 C0 01 24 
 SWTPM_IO_Read: length 203
 80 02 00 00 00 CB 00 00 01 82 00 00 00 01 00 00 
 00 09 40 00 00 09 00 00 00 00 00 00 00 00 04 00 
 04 59 13 40 7A 00 1D 63 1E A1 47 07 EE 22 E8 67 
 DD 47 FC 27 67 00 0B 5B 69 7E 93 8F 7B 39 13 BD 
 16 72 2A 92 CD 18 CB 29 D8 DD FD B4 71 2E 20 F9 
 CD A6 23 96 74 9C AE 00 0C 89 87 20 24 CD 78 D1 
 8F D4 EE 82 E0 FB E9 53 39 1A 47 29 AC 86 15 81 
 6D F0 A6 55 C5 E7 0F E3 58 4B AE 0B 8C 05 5B C6 
 02 52 C7 FB 83 1E 5A E2 C7 00 0D 05 6C 1D 4B 83 
 01 AF EE 57 86 59 88 FF A1 B5 95 EB BF 3F 28 2E 
 34 D9 77 95 01 41 FA 7C 64 CF D6 29 1F 23 FA 5E 
 55 59 5A 09 AE 6F 95 7E 00 2E 8C C2 58 23 8B 1E 
 16 D6 D7 54 27 F9 92 29 96 64 F9 
 SWTPM_IO_Write: length 19
 80 02 00 00 00 13 00 00 00 00 00 00 00 00 00 00 
 01 00 00 
 SWTPM_IO_Read: length 22
 80 01 00 00 00 16 00 00 01 7A 00 00 00 05 00 00 
 00 00 00 00 00 01 
 SWTPM_IO_Write: length 43
 80 01 00 00 00 2B 00 00 00 00 00 00 00 00 05 00 
 00 00 04 00 04 03 FF FF FF 00 0B 03 FF FF FF 00 
 0C 03 FF FF FF 00 0D 03 FF FF FF 
 SWTPM_IO_Read: length 22
 80 01 00 00 00 16 00 00 01 7A 00 00 00 05 00 00 
 00 00 00 00 00 01 
 SWTPM_IO_Write: length 43
 80 01 00 00 00 2B 00 00 00 00 00 00 00 00 05 00 
 00 00 04 00 04 03 FF FF FF 00 0B 03 FF FF FF 00 
 0C 03 FF FF FF 00 0D 03 FF FF FF 
 SWTPM_IO_Read: length 38
 80 01 00 00 00 26 00 00 01 7E 00 00 00 04 00 04 
 03 02 00 00 00 0B 03 02 00 00 00 0C 03 02 00 00 
 00 0D 03 02 00 00 
 SWTPM_IO_Write: length 218
 80 01 00 00 00 DA 00 00 00 00 00 00 00 3C 00 00 
 00 04 00 04 03 02 00 00 00 0B 03 02 00 00 00 0C 
 03 02 00 00 00 0D 03 02 00 00 00 00 00 04 00 14 
 0D 98 39 3A 18 68 1E 71 5A 67 3D A5 E8 86 B7 C0 
 F4 81 0F 6D 00 20 EF 72 4F 16 5F AA 45 E3 B2 14 
 51 4A E3 6E F8 C0 9B C3 8F 41 FD EB B4 C2 0C 1C 
 8B A6 3C E4 AD 5A 00 30 EA 37 85 DC 36 62 4F 2E 
 87 AB 33 41 A4 16 03 1F 5C 55 4C 0B E6 4E 46 73 
 77 65 6D 86 5E 18 54 EB D5 EC 31 BC 39 12 8C 30 
 FC 6A 97 BF C9 B2 E8 5E 00 40 71 47 F8 D2 84 99 
 29 0A 2D 32 25 F7 42 9C 05 30 D9 7C B4 C8 89 96 
 DC AD 17 09 64 FD E9 E3 B2 AD CC 8F 61 E8 25 F1 
 8F FC FC 02 BA 3C 5D A7 DE C4 DA 9B 3A E3 D1 62 
 16 75 92 66 4C 8F 06 66 C1 0F 
 SWTPM_IO_Read: length 203
 80 02 00 00 00 CB 00 00 01 82 00 00 00 01 00 00 
 00 09 40 00 00 09 00 00 00 00 00 00 00 00 04 00 
 04 83 E8 F2 88 68 6E B2 FE DA 5A A7 5F 30 9A 24 
 7D C2 27 64 68 00 0B 0C 72 7F 7C AC 23 E9 89 92 
 3D F0 58 EF 67 FF 88 57 13 24 F5 71 ED E9 AB 8E 
 DE B3 54 BA 33 A5 70 00 0C EA 4A 57 0E 9D 50 65 
 5B E0 FC ED 05 63 4D AF D0 4A 67 D0 AA 0D E1 C3 
 F1 1D 96 B4 B9 36 EE B3 22 47 B6 77 0C 0D 1C 33 
 97 E0 66 66 DF 8A 09 FC BD 00 0D 43 DF B7 93 61 
 88 D1 9B 6D 25 F6 A8 A6 90 59 B6 8B 3E C8 EB 08 
 13 77 80 E1 15 49 2D 4A 03 F1 A9 4C AB 0A 37 4F 
 21 69 BB 64 CE 5B 22 CE 11 E6 5E D5 80 80 A5 1D 
 DD 13 95 0E 01 E1 F1 7B 00 70 DF 
 SWTPM_IO_Write: length 19
 80 02 00 00 00 13 00 00 00 00 00 00 00 00 00 00 
 01 00 00 
 SWTPM_IO_Read: length 22
 80 01 00 00 00 16 00 00 01 7A 00 00 00 05 00 00 
 00 00 00 00 00 01 
 SWTPM_IO_Write: length 43
 80 01 00 00 00 2B 00 00 00 00 00 00 00 00 05 00 
 00 00 04 00 04 03 FF FF FF 00 0B 03 FF FF FF 00 
 0C 03 FF FF FF 00 0D 03 FF FF FF 
 SWTPM_IO_Read: length 22
 80 01 00 00 00 16 00 00 01 7A 00 00 00 05 00 00 
 00 00 00 00 00 01 
 SWTPM_IO_Write: length 43
 80 01 00 00 00 2B 00 00 00 00 00 00 00 00 05 00 
 00 00 04 00 04 03 FF FF FF 00 0B 03 FF FF FF 00 
 0C 03 FF FF FF 00 0D 03 FF FF FF 
 SWTPM_IO_Read: length 38
 80 01 00 00 00 26 00 00 01 7E 00 00 00 04 00 04 
 03 02 00 00 00 0B 03 02 00 00 00 0C 03 02 00 00 
 00 0D 03 02 00 00 
 SWTPM_IO_Write: length 218
 80 01 00 00 00 DA 00 00 00 00 00 00 00 40 00 00 
 00 04 00 04 03 02 00 00 00 0B 03 02 00 00 00 0C 
 03 02 00 00 00 0D 03 02 00 00 00 00 00 04 00 14 
 41 A5 D3 C7 0D 8C 75 AA B0 B8 A9 C4 F4 1F 16 8E 
 5A C8 A3 4B 00 20 3A AB 94 90 37 B8 4A FF 3D 6D 
 82 A0 39 3F 33 21 1F 9E B2 E1 DF 06 B1 45 F5 1F 
 19 44 5B 0E 49 6F 00 30 6D 24 18 2B 62 10 7B E4 
 13 D5 9D 7F A2 AF 25 65 4B C9 2B 38 72 41 04 F5 
 70 AE 68 29 C5 7C 5D 78 AB 47 40 15 5D 6F 87 75 
 25 82 C5 99 BE 7D E4 EB 00 40 B0 8B E0 B6 2B 10 
 73 3C 35 99 2A 07 00 F0 E8 61 E7 3A 89 90 28 D7 
 B9 6C DC A1 13 DC CD E3 12 4D 58 BB 0B 85 2F A4 
 A1 0E 7E 85 DE 68 68 79 6B 82 86 7F 09 F3 66 05 
 8C FF 23 99 DD E2 AA 42 9A 36 
 SWTPM_IO_Read: length 203
 80 02 00 00 00 CB 00 00 01 82 00 00 00 01 00 00 
 00 09 40 00 00 09 00 00 00 00 00 00 00 00 04 00 
 04 1A DC 95 BE BE 9E EA 8C 11 2D 40 CD 04 AB 7A 
 8D 75 C4 F9 61 00 0B DE 2F 25 60 64 A0 AF 79 77 
 47 C2 B9 75 05 DC 0B 9F 3D F0 DE 4F 48 9E AC 73 
 1C 23 AE 9C A9 CC 31 00 0C 69 FC A4 69 43 11 8A 
 95 2E 4F 16 5E 12 2A 47 F2 B7 B5 33 6F A8 FA 16 
 74 A2 64 37 D1 83 A7 E9 47 F1 5A 4A 0A FA BE CE 
 6D 6B 28 E3 C8 4F 60 FA C2 00 0D 73 E4 15 39 36 
 DA B1 98 39 7B 74 EE 9E FC 26 09 3D DA 72 1E AA 
 B2 F8 D9 27 86 89 11 53 B4 5B 04 26 5A 16 1B 16 
 9C 98 8E DB 0D B2 C5 31 24 60 7B 6E AA A8 16 55 
 9C 5C E5 4F 3D BC 9F A6 A7 A4 B2 
 SWTPM_IO_Write: length 19
 80 02 00 00 00 13 00 00 00 00 00 00 00 00 00 00 
 01 00 00 
 SWTPM_IO_Read: length 22
 80 01 00 00 00 16 00 00 01 7A 00 00 00 05 00 00 
 00 00 00 00 00 01 
 SWTPM_IO_Write: length 43
 80 01 00 00 00 2B 00 00 00 00 00 00 00 00 05 00 
 00 00 04 00 04 03 FF FF FF 00 0B 03 FF FF FF 00 
 0C 03 FF FF FF 00 0D 03 FF FF FF 
 SWTPM_IO_Read: length 22
 80 01 00 00 00 16 00 00 01 7A 00 00 00 05 00 00 
 00 00 00 00 00 01 
 SWTPM_IO_Write: length 43
 80 01 00 00 00 2B 00 00 00 00 00 00 00 00 05 00 
 00 00 04 00 04 03 FF FF FF 00 0B 03 FF FF FF 00 
 0C 03 FF FF FF 00 0D 03 FF FF FF 
 SWTPM_IO_Read: length 38
 80 01 00 00 00 26 00 00 01 7E 00 00 00 04 00 04 
 03 02 00 00 00 0B 03 02 00 00 00 0C 03 02 00 00 
 00 0D 03 02 00 00 
 SWTPM_IO_Write: length 218
 80 01 00 00 00 DA 00 00 00 00 00 00 00 44 00 00 
 00 04 00 04 03 02 00 00 00 0B 03 02 00 00 00 0C 
 03 02 00 00 00 0D 03 02 00 00 00 00 00 04 00 14 
 2E 0F 96 39 00 5B 89 5F 83 69 9F A6 5C C5 AB 56 
 CD 9E 1C 88 00 20 FE 4B C5 A1 0E 90 6D 19 09 C7 
 5B 82 26 17 E0 DD 7C DC 68 84 24 98 67 76 90 9F 
 C0 6F EF 9E 3C F7 00 30 46 2A 3A 7D FD AC 21 86 
 5A D4 88 67 69 59 29 76 2A BE 3C 9D 41 13 26 CD 
 BC 52 40 AC 9B 60 96 A2 D7 48 AC 0C 6C C2 7C 9D 
 C4 63 26 75 B4 88 02 5B 00 40 7D 47 69 63 6A B8 
 09 63 6A E0 05 7E 5D E1 E6 B7 46 3D 08 3F 5D 07 
 C7 C3 6F 3C 4E 66 A8 6C 38 23 31 1F BA BA 96 68 
 B6 53 9B E1 74 16 F0 69 B8 E7 1F 1E 8A F0 3F 2A 
 2A 9F 6D BB 1F 6B 43 31 AC 99 
 SWTPM_IO_Read: length 203
 80 02 00 00 00 CB 00 00 01 82 00 00 00 01 00 00 
 00 09 40 00 00 09 00 00 00 00 00 00 00 00 04 00 
 04 FC A9 97 DE C7 22 BA 65 91 14 4B D4 6F FF BF 
 7A 18 19 36 55 00 0B C9 E5 28 7F B2 32 28 76 8F 
 86 C5 E4 6A 38 33 2C 9B 4F D6 3C 3D 8C 4D 3E 82 
 C4 F3 58 36 FB D1 83 00 0C 2D C6 E1 A3 44 6B 9B 
 DD B9 71 37 CA BB 3C 02 16 7E DB 26 38 75 20 A7 
 61 7F 79 2C F5 E7 77 9F 21 44 89 7B 07 8E BE 72 
 AB BB 8C C5 39 82 CA 08 34 00 0D 2D BB 21 42 8A 
 B0 2C EC B2 84 C6 70 C5 19 B1 94 E6 B5 91 C6 3B 
 54 35 B4 D7 5C 2E C3 5B 55 23 CC 69 39 67 38 7F 
 B4 DA A5 D6 A1 12 A2 76 0C 10 68 85 82 A9 10 93 
 39 67 85 ED 0F A9 D1 6B 8F 6F 67 
 SWTPM_IO_Write: length 19
 80 02 00 00 00 13 00 00 00 00 00 00 00 00 00 00 
 01 00 00 
 SWTPM_IO_Read: length 22
 80 01 00 00 00 16 00 00 01 7A 00 00 00 05 00 00 
 00 00 00 00 00 01 
 SWTPM_IO_Write: length 43
 80 01 00 00 00 2B 00 00 00 00 00 00 00 00 05 00 
 00 00 04 00 04 03 FF FF FF 00 0B 03 FF FF FF 00 
 0C 03 FF FF FF 00 0D 03 FF FF FF 
 SWTPM_IO_Read: length 22
 80 01 00 00 00 16 00 00 01 7A 00 00 00 05 00 00 
 00 00 00 00 00 01 
 SWTPM_IO_Write: length 43
 80 01 00 00 00 2B 00 00 00 00 00 00 00 00 05 00 
 00 00 04 00 04 03 FF FF FF 00 0B 03 FF FF FF 00 
 0C 03 FF FF FF 00 0D 03 FF FF FF 
 SWTPM_IO_Read: length 38
 80 01 00 00 00 26 00 00 01 7E 00 00 00 04 00 04 
 03 02 00 00 00 0B 03 02 00 00 00 0C 03 02 00 00 
 00 0D 03 02 00 00 
 SWTPM_IO_Write: length 218
 80 01 00 00 00 DA 00 00 00 00 00 00 00 48 00 00 
 00 04 00 04 03 02 00 00 00 0B 03 02 00 00 00 0C 
 03 02 00 00 00 0D 03 02 00 00 00 00 00 04 00 14 
 55 8D 93 33 E3 D2 04 F4 A8 42 D3 34 76 C3 FA BB 
 DB D7 A5 C5 00 20 62 66 56 91 61 C0 F5 C9 4D A0 
 5E B6 F0 44 AE 7E AC 75 20 AC 96 24 4B E7 97 11 
 4C 76 64 9E F6 E6 00 30 A5 AF C5 7F 75 31 DC C9 
 04 1D BB E0 9A C6 5E AB F1 ED E7 E3 56 27 DE 56 
 9D 26 B0 67 F1 55 DB 5B 23 00 55 2A 8B E6 A3 8E 
 6B D0 84 0B 0F C9 82 90 00 40 5A F9 B2 66 48 22 
 66 93 B4 64 6A DD 0C 83 2E 75 ED 16 A5 8D B8 D0 
 20 65 46 6D 29 E9 5D 43 BA F3 DA BE E7 98 E8 C7 
 BA 1D 80 25 D3 79 3D 22 4B C6 74 A2 8D B0 DC 9B 
 95 74 73 02 5D F0 A7 C7 09 A3 
 SWTPM_IO_Read: length 22
 80 01 00 00 00 16 00 00 01 7A 00 00 00 05 00 00 
 00 00 00 00 00 01 
 SWTPM_IO_Write: length 43
 80 01 00 00 00 2B 00 00 00 00 00 00 00 00 05 00 
 00 00 04 00 04 03 FF FF FF 00 0B 03 FF FF FF 00 
 0C 03 FF FF FF 00 0D 03 FF FF FF 
 SWTPM_IO_Read: length 93
 80 02 00 00 00 5D 00 00 01 29 40 00 00 0C 00 00 
 00 09 40 00 00 09 00 00 00 00 00 00 40 13 A6 D3 
 D9 DE E2 E8 EC 3E 44 49 4D 52 56 5A 5F AD B2 B8 
 BC C2 C6 CC D0 D6 DC E1 E5 E9 EF F3 F9 FF 03 09 
 0D 13 17 1D 21 27 2B 31 35 3B 3F 45 49 4F 55 59 
 5F 63 67 6C 70 76 7A 7F 83 89 8D 93 97 
 SWTPM_IO_Write: length 19
 80 02 00 00 00 13 00 00 00 00 00 00 00 00 00 00 
 01 00 00 
 SWTPM_IO_Read: length 203
 80 02 00 00 00 CB 00 00 01 82 00 00 00 02 00 00 
 00 09 40 00 00 09 00 00 00 00 00 00 00 00 04 00 
 04 6C E8 77 65 47 AD 81 84 0C 51 A8 59 71 72 08 
 79 72 7A 99 3C 00 0B 59 96 6F E5 4B EC DB B8 94 
 DD 95 38 D5 7F 49 43 8E 3C 05 35 CF 53 FC D4 7C 
 6A C2 9D A7 A6 40 01 00 0C EF 13 C4 67 3E 9F E6 
 3E 65 88 9F 1C FC 57 34 DD 90 FE 59 E7 57 9B BA 
 6D DE 56 32 22 13 65 91 F0 47 BD DC FD 27 70 D3 
 20 AF F8 6A 56 20 92 44 5A 00 0D 12 49 71 18 8C 
 19 96 BC E1 3B 49 7A 7B 17 33 57 C8 62 87 39 92 
 56 77 EB 00 71 AA 2F 5D 42 E0 94 12 8A 3C D4 DC 
 85 D7 C6 F6 C9 6D 7E 5F 18 F4 CB 31 63 C9 0C 8B 
 59 D6 80 05 E2 94 DF 61 8C 78 26 
 SWTPM_IO_Write: length 19
 80 02 00 00 00 13 00 00 00 00 00 00 00 00 00 00 
 01 00 00 
 SWTPM_IO_Read: length 22
 80 01 00 00 00 16 00 00 01 7A 00 00 00 05 00 00 
 00 00 00 00 00 01 
 SWTPM_IO_Write: length 43
 80 01 00 00 00 2B 00 00 00 00 00 00 00 00 05 00 
 00 00 04 00 04 03 FF FF FF 00 0B 03 FF FF FF 00 
 0C 03 FF FF FF 00 0D 03 FF FF FF 
 SWTPM_IO_Read: length 22
 80 01 00 00 00 16 00 00 01 7A 00 00 00 05 00 00 
 00 00 00 00 00 01 
 SWTPM_IO_Write: length 43
 80 01 00 00 00 2B 00 00 00 00 00 00 00 00 05 00 
 00 00 04 00 04 03 FF FF FF 00 0B 03 FF FF FF 00 
 0C 03 FF FF FF 00 0D 03 FF FF FF 
 SWTPM_IO_Read: length 38
 80 01 00 00 00 26 00 00 01 7E 00 00 00 04 00 04 
 03 04 00 00 00 0B 03 04 00 00 00 0C 03 04 00 00 
 00 0D 03 04 00 00 
 SWTPM_IO_Write: length 218
 80 01 00 00 00 DA 00 00 00 00 00 00 00 4C 00 00 
 00 04 00 04 03 04 00 00 00 0B 03 04 00 00 00 0C 
 03 04 00 00 00 0D 03 04 00 00 00 00 00 04 00 14 
 26 0F 2F 64 02 91 61 BF DB 53 E9 FA 10 05 96 79 
 8A AE 20 47 00 20 DB DD 4C A3 33 34 C4 EB 06 94 
 9C 84 C9 DA 9C E2 A0 BD A6 A0 AD AC AF C3 45 04 
 04 16 CD 35 6A 6E 00 30 09 D3 3A E1 FF 8E CF 34 
 D4 7B 0E F0 DD 49 16 7B 6B FE CF C7 5C 19 E7 AA 
 4E FA 0D 76 F0 4D 95 EF C2 67 57 D7 DE A4 38 4D 
 3D CE 56 88 00 91 AC A2 00 40 79 38 8D C4 1F B6 
 AC D1 22 26 55 12 7A 70 69 53 3B CF 6E E7 C2 95 
 DB 22 65 FC B9 68 8E 93 32 FA 2B 87 93 7E 9B 11 
 29 FA C7 1B 4F F3 36 70 F5 3F 29 78 43 CE F0 4A 
 61 5E 5E B1 81 22 0D D1 07 F6 
 SWTPM_IO_Read: length 203
 80 02 00 00 00 CB 00 00 01 82 00 00 00 01 00 00 
 00 09 40 00 00 09 00 00 00 00 00 00 00 00 04 00 
 04 A3 00 0A 9F 35 A7 B6 FE 77 23 B6 30 BD D6 F9 
 E9 CB F3 A6 7F 00 0B AA B9 AB 67 16 B5 5E D7 E9 
 12 49 BD DD B2 EC 1C F1 03 05 F5 52 C1 EA 1F 42 
 67 4B 7C 02 2B 8F A6 00 0C 03 BB 04 71 12 45 D9 
 3F C9 A9 DE 00 25 12 F4 59 01 DF D8 02 DA AD AA 
 99 E9 BD E3 12 C0 6E AB 31 6D 4A 2A B9 01 89 82 
 34 8D 21 B3 B8 ED 6C E3 E2 00 0D 96 BE C4 9C 5D 
 81 E2 15 FF 07 FC 6E EF C4 36 4E DD 13 7D 02 75 
 01 B5 B4 5E 05 EC C5 C6 D8 AA E6 2F 48 31 AE 16 
 79 27 FF 04 A8 87 38 A4 FC A3 EE 66 E5 6B 55 6B 
 DA D3 BA 2E 2B 24 D2 96 E0 5D 69 
 SWTPM_IO_Write: length 19
 80 02 00 00 00 13 00 00 00 00 00 00 00 00 00 00 
 01 00 00 
 SWTPM_IO_Read: length 22
 80 01 00 00 00 16 00 00 01 7A 00 00 00 05 00 00 
 00 00 00 00 00 01 
 SWTPM_IO_Write: length 43
 80 01 00 00 00 2B 00 00 00 00 00 00 00 00 05 00 
 00 00 04 00 04 03 FF FF FF 00 0B 03 FF FF FF 00 
 0C 03 FF FF FF 00 0D 03 FF FF FF 
 SWTPM_IO_Read: length 22
 80 01 00 00 00 16 00 00 01 7A 00 00 00 05 00 00 
 00 00 00 00 00 01 
 SWTPM_IO_Write: length 43
 80 01 00 00 00 2B 00 00 00 00 00 00 00 00 05 00 
 00 00 04 00 04 03 FF FF FF 00 0B 03 FF FF FF 00 
 0C 03 FF FF FF 00 0D 03 FF FF FF 
 SWTPM_IO_Read: length 38
 80 01 00 00 00 26 00 00 01 7E 00 00 00 04 00 04 
 03 02 00 00 00 0B 03 02 00 00 00 0C 03 02 00 00 
 00 0D 03 02 00 00 
 SWTPM_IO_Write: length 218
 80 01 00 00 00 DA 00 00 00 00 00 00 00 50 00 00 
 00 04 00 04 03 02 00 00 00 0B 03 02 00 00 00 0C 
 03 02 00 00 00 0D 03 02 00 00 00 00 00 04 00 14 
 0B 54 CB 6C D9 01 01 97 91 FA 1C 7E 4C 36 B5 3A 
 F3 9C 01 F3 00 20 43 52 08 A0 B7 FD 07 B9 C3 2F 
 9D B2 9A 79 B4 D6 66 7C 43 D7 44 AA 14 40 EB 64 
 D2 4C A7 38 62 4C 00 30 6C 3B 59 35 11 EF 82 43 
 44 C1 11 80 52 DF 3F 6B 87 6A 59 11 BC DC 5F A3 
 9C 9D AF F7 B2 26 19 71 36 7F 16 3F C8 BD EF F4 
 80 94 43 F8 56 98 90 EB 00 40 34 44 45 1E 3F 5F 
 56 94 21 08 0E 2F 83 AE 00 D0 92 AD BE 6E 3B 57 
 7D 02 11 9A B7 2E FB 71 BD B5 75 47 CD 0E CE B0 
 B5 70 60 9C DF EA 39 62 B7 A9 8A 3D 1E 83 C9 19 
 74 CF C5 1C EB 11 B7 2E FC 8A 
 SWTPM_IO_Read: length 203
 80 02 00 00 00 CB 00 00 01 82 00 00 00 01 00 00 
 00 09 40 00 00 09 00 00 00 00 00 00 00 00 04 00 
 04 22 A4 F6 EE 9A F6 DB A0 1D 35 28 DE B6 4B 74 
 B5 82 FC 18 2B 00 0B 31 97 BE 1E 30 0F A1 60 0D 
 18 84 C3 A4 BD 4A 90 A1 54 05 BF B5 46 CF 2E 6C 
 F6 09 5F 8C 36 2A 93 00 0C 23 AD A0 7F 52 61 F1 
 2F 34 A0 BD 8E 46 76 09 62 D6 B4 D5 76 A4 16 F1 
 FE A1 C6 4B C6 56 B1 D2 8E AC F7 04 7A E6 E9 67 
 C5 8F D2 A9 8B FA 74 C2 98 00 0D F9 83 5B 0E 5B 
 71 F2 83 05 80 3A F6 A6 C9 DF 5B 55 40 6F 0B B0 
 3B B1 3E 6A F7 31 E1 31 13 C1 FC DE 8C 8C 24 04 
 DE 71 45 91 97 A7 74 FB CA 72 96 F2 6D A0 39 B8 
 DA 7A AF 27 57 91 98 DD 99 9C B0 
 SWTPM_IO_Write: length 19
 80 02 00 00 00 13 00 00 00 00 00 00 00 00 00 00 
 01 00 00 
 SWTPM_IO_Read: length 22
 80 01 00 00 00 16 00 00 01 7A 00 00 00 05 00 00 
 00 00 00 00 00 01 
 SWTPM_IO_Write: length 43
 80 01 00 00 00 2B 00 00 00 00 00 00 00 00 05 00 
 00 00 04 00 04 03 FF FF FF 00 0B 03 FF FF FF 00 
 0C 03 FF FF FF 00 0D 03 FF FF FF 
 SWTPM_IO_Read: length 22
 80 01 00 00 00 16 00 00 01 7A 00 00 00 05 00 00 
 00 00 00 00 00 01 
 SWTPM_IO_Write: length 43
 80 01 00 00 00 2B 00 00 00 00 00 00 00 00 05 00 
 00 00 04 00 04 03 FF FF FF 00 0B 03 FF FF FF 00 
 0C 03 FF FF FF 00 0D 03 FF FF FF 
 SWTPM_IO_Read: length 38
 80 01 00 00 00 26 00 00 01 7E 00 00 00 04 00 04 
 03 02 00 00 00 0B 03 02 00 00 00 0C 03 02 00 00 
 00 0D 03 02 00 00 
 SWTPM_IO_Write: length 218
 80 01 00 00 00 DA 00 00 00 00 00 00 00 54 00 00 
 00 04 00 04 03 02 00 00 00 0B 03 02 00 00 00 0C 
 03 02 00 00 00 0D 03 02 00 00 00 00 00 04 00 14 
 AC 3E 90 CA C2 F3 BE 7C D5 18 E7 9B CC 9D 72 47 
 99 3A 2F D2 00 20 8A 54 84 6D 7A 4F 0E CA EC 3F 
 A7 B1 B1 7D 71 65 F7 B1 2C 2E 96 D8 B4 95 9F CF 
 38 2E E6 F9 45 4C 00 30 66 47 02 06 66 B1 57 47 
 3E 12 B3 81 44 C3 57 EB 4A 61 33 6F FD 4E 36 91 
 33 D2 40 67 EB BC D9 BD 6F 47 16 08 85 42 DA 48 
 5D BB 26 81 AB 0A 08 FB 00 40 86 8A 39 8A 18 E0 
 06 67 0D AD 05 10 17 DA A5 8E 2E BC 75 53 79 11 
 AC 45 BC D5 AC ED F8 BF 34 5F ED C6 8A C4 C8 15 
 FA 53 AD 13 FB 68 3C E7 B4 43 B2 9E D9 1D AE 89 
 38 5E 6A 4D 31 39 48 B7 45 81 
 SWTPM_IO_Read: length 203
 80 02 00 00 00 CB 00 00 01 82 00 00 00 01 00 00 
 00 09 40 00 00 09 00 00 00 00 00 00 00 00 04 00 
 04 2C 1F A0 C0 7B 83 D5 F5 28 D0 42 51 CE 75 48 
 E1 BE 03 83 86 00 0B 7D 43 F8 31 6B E2 57 78 FC 
 1C FA 35 76 9A 15 00 3D 8D B9 92 06 5D F9 F8 BB 
 3A C0 43 FF 4F AF E2 00 0C 9D 3B 55 24 06 99 DB 
 3C F6 D1 49 DC 5D 8A CA 5A 6D 59 F2 BE 0D EB C6 
 D0 AC D5 0F A1 80 A7 4C DC 3A 0B A1 87 B5 8B 1E 
 DB C4 89 5F EF 97 FE BF CE 00 0D 55 60 4A B2 10 
 CA D1 12 E3 9B 90 43 AD 72 5D 8B 46 95 8C CD 91 
 00 BA 1F 94 EE 89 3A 24 96 8D 6F A7 E7 B9 D6 BD 
 B9 33 18 07 AC 10 40 37 F1 32 CE 9F 16 27 03 0D 
 79 5F B7 9F 29 5A B6 3A 6D CA 9E 
 SWTPM_IO_Write: length 19
 80 02 00 00 00 13 00 00 00 00 00 00 00 00 00 00 
 01 00 00 
 SWTPM_IO_Read: length 22
 80 01 00 00 00 16 00 00 01 7A 00 00 00 05 00 00 
 00 00 00 00 00 01 
 SWTPM_IO_Write: length 43
 80 01 00 00 00 2B 00 00 00 00 00 00 00 00 05 00 
 00 00 04 00 04 03 FF FF FF 00 0B 03 FF FF FF 00 
 0C 03 FF FF FF 00 0D 03 FF FF FF 
 SWTPM_IO_Read: length 22
 80 01 00 00 00 16 00 00 01 7A 00 00 00 05 00 00 
 00 00 00 00 00 01 
 SWTPM_IO_Write: length 43
 80 01 00 00 00 2B 00 00 00 00 00 00 00 00 05 00 
 00 00 04 00 04 03 FF FF FF 00 0B 03 FF FF FF 00 
 0C 03 FF FF FF 00 0D 03 FF FF FF 
 SWTPM_IO_Read: length 38
 80 01 00 00 00 26 00 00 01 7E 00 00 00 04 00 04 
 03 02 00 00 00 0B 03 02 00 00 00 0C 03 02 00 00 
 00 0D 03 02 00 00 
 SWTPM_IO_Write: length 218
 80 01 00 00 00 DA 00 00 00 00 00 00 00 58 00 00 
 00 04 00 04 03 02 00 00 00 0B 03 02 00 00 00 0C 
 03 02 00 00 00 0D 03 02 00 00 00 00 00 04 00 14 
 48 DE DD 82 FA 6E 32 B7 35 39 08 0E 56 E5 42 18 
 32 4A B9 73 00 20 82 84 4A 2B F5 06 3D 9F 2A 4F 
 DA 07 CD 5D 51 D2 A2 4E 3F B7 AE E6 02 7A 0B 81 
 43 1C 32 7E EC 15 00 30 0B D0 08 97 41 0C 06 3D 
 1F 95 BB 86 9F ED 82 6C 87 DD 7F 1E E4 78 53 4E 
 AC 83 BE 02 70 AE 3A 8A 3E 61 8A 3B 48 75 55 B4 
 67 2D B5 27 C9 A6 61 71 00 40 CA F0 92 2A 69 DE 
 67 04 57 83 B0 9E 78 FB 9D D7 41 7B 86 D5 2E 0B 
 F8 73 D9 A7 49 52 EA A8 DA 2F E7 84 27 22 C7 F4 
 A1 B2 46 F1 5F 59 C8 7E C2 CF 47 5D E8 64 B4 D3 
 55 43 82 8C 65 2A B3 3E 36 7E 
 SWTPM_IO_Read: length 203
 80 02 00 00 00 CB 00 00 01 82 00 00 00 01 00 00 
 00 09 40 00 00 09 00 00 00 00 00 00 00 00 04 00 
 04 84 5D 50 44 6D E6 9B 51 41 46 90 02 74 BF 7D 
 37 DE F0 B5 C2 00 0B BB 94 36 C4 01 0C C6 53 21 
 E2 E1 CF 56 D7 1B A0 EA 76 41 2D 7A DF FA BB 9D 
 44 7A 85 55 29 D8 08 00 0C 25 CA 6F F5 4B 7B 8D 
 FE 76 84 05 90 FD F7 62 3D 86 38 BE 7A 28 A5 AF 
 26 2A 1C A4 BA CC 09 6E AF 5A 50 AE CF 85 D4 12 
 FC E7 AD D6 17 59 B7 BE 69 00 0D 2C B2 2C A0 50 
 FE EC 10 79 BF 59 D4 A0 BB A5 2E 1C F6 D2 6D 72 
 AD A2 3C 3A 7C 86 F4 AB C3 DB 44 8B E3 EE 0A 9A 
 5F C5 4A E8 BA 7F 93 76 04 3B ED 45 5F 16 BC 93 
 BC 73 B3 34 E0 6F 3E DE 77 1D 34 
 SWTPM_IO_Write: length 19
 80 02 00 00 00 13 00 00 00 00 00 00 00 00 00 00 
 01 00 00 
 SWTPM_IO_Read: length 22
 80 01 00 00 00 16 00 00 01 7A 00 00 00 05 00 00 
 00 00 00 00 00 01 
 SWTPM_IO_Write: length 43
 80 01 00 00 00 2B 00 00 00 00 00 00 00 00 05 00 
 00 00 04 00 04 03 FF FF FF 00 0B 03 FF FF FF 00 
 0C 03 FF FF FF 00 0D 03 FF FF FF 
 SWTPM_IO_Read: length 22
 80 01 00 00 00 16 00 00 01 7A 00 00 00 05 00 00 
 00 00 00 00 00 01 
 SWTPM_IO_Write: length 43
 80 01 00 00 00 2B 00 00 00 00 00 00 00 00 05 00 
 00 00 04 00 04 03 FF FF FF 00 0B 03 FF FF FF 00 
 0C 03 FF FF FF 00 0D 03 FF FF FF 
 SWTPM_IO_Read: length 38
 80 01 00 00 00 26 00 00 01 7E 00 00 00 04 00 04 
 03 02 00 00 00 0B 03 02 00 00 00 0C 03 02 00 00 
 00 0D 03 02 00 00 
 SWTPM_IO_Write: length 218
 80 01 00 00 00 DA 00 00 00 00 00 00 00 5C 00 00 
 00 04 00 04 03 02 00 00 00 0B 03 02 00 00 00 0C 
 03 02 00 00 00 0D 03 02 00 00 00 00 00 04 00 14 
 DE B0 3F E9 F6 59 37 10 93 2D 87 B4 FE 5A 32 38 
 A3 5F 13 E9 00 20 35 71 C0 39 CC A0 5A 15 48 C5 
 BE E3 DE EE 06 BE 8D 11 62 65 AE 45 5B 57 07 F8 
 EA AE 5C E4 45 19 00 30 9A 0F D5 A0 D4 23 F2 DC 
 26 BC 3D 7A A6 C9 21 9B D3 0F C6 DE BB FA 53 28 
 84 EB D1 C9 C6 5C 67 C8 A0 7F 45 1E 82 C5 CD DA 
 49 3C 9C 02 F6 D6 FA 24 00 40 C1 00 13 89 29 33 
 FF 73 15 73 AC 6F 7C 1C 0D 17 28 0C 1F 35 EB C2 
 F3 C5 67 74 BC 42 46 EF AF E3 8D F9 6B F3 C2 37 
 64 63 EF EB B5 CC 61 69 C8 58 7C 63 2D 51 DB 5B 
 54 93 38 2F 60 3E 35 D3 DA A7 
 SWTPM_IO_Read: length 203
 80 02 00 00 00 CB 00 00 01 82 00 00 00 01 00 00 
 00 09 40 00 00 09 00 00 00 00 00 00 00 00 04 00 
 04 4C 7F D5 A6 38 70 45 5F 8A 9B 57 D8 4F EF DC 
 A5 A3 98 0E 7A 00 0B 2C 31 5A 7F DE BA 17 95 16 
 85 5F 7F 42 7F F7 1A 5D C9 6C 7B 08 93 2D 24 4C 
 D2 8D 48 96 16 FF 32 00 0C 11 5A BE 0F 79 BB FC 
 35 4A B6 D5 CB DD 98 2F 08 6E B8 6A A7 E4 07 6A 
 BF E2 85 A4 35 4C FB 29 79 81 4D 18 E6 83 E8 AC 
 E1 F4 A3 44 73 1E 0C BE F7 00 0D 83 28 D7 73 FC 
 2E D3 F8 87 D2 04 02 4D 80 49 CA F5 0C 81 EF CD 
 92 DC 74 D1 7F 46 23 91 22 FB E7 55 08 4A B8 B4 
 40 F7 2C E6 15 A0 F2 43 EF 4C DD A0 6D 08 01 79 
 EE C4 FF EA 17 A3 09 F7 57 3F DF 
 SWTPM_IO_Write: length 19
 80 02 00 00 00 13 00 00 00 00 00 00 00 00 00 00 
 01 00 00 
 SWTPM_IO_Read: length 22
 80 01 00 00 00 16 00 00 01 7A 00 00 00 05 00 00 
 00 00 00 00 00 01 
 SWTPM_IO_Write: length 43
 80 01 00 00 00 2B 00 00 00 00 00 00 00 00 05 00 
 00 00 04 00 04 03 FF FF FF 00 0B 03 FF FF FF 00 
 0C 03 FF FF FF 00 0D 03 FF FF FF 
 SWTPM_IO_Read: length 22
 80 01 00 00 00 16 00 00 01 7A 00 00 00 05 00 00 
 00 00 00 00 00 01 
 SWTPM_IO_Write: length 43
 80 01 00 00 00 2B 00 00 00 00 00 00 00 00 05 00 
 00 00 04 00 04 03 FF FF FF 00 0B 03 FF FF FF 00 
 0C 03 FF FF FF 00 0D 03 FF FF FF 
 SWTPM_IO_Read: length 38
 80 01 00 00 00 26 00 00 01 7E 00 00 00 04 00 04 
 03 02 00 00 00 0B 03 02 00 00 00 0C 03 02 00 00 
 00 0D 03 02 00 00 
 SWTPM_IO_Write: length 218
 80 01 00 00 00 DA 00 00 00 00 00 00 00 60 00 00 
 00 04 00 04 03 02 00 00 00 0B 03 02 00 00 00 0C 
 03 02 00 00 00 0D 03 02 00 00 00 00 00 04 00 14 
 15 7D 55 D7 E6 43 F8 90 24 7C CE 3D 8D 7A E9 3E 
 60 86 6D 08 00 20 FD 68 77 49 BF D3 34 C7 AE D1 
 C1 16 BB 76 00 A3 2B CA AE EF FD C7 4A 93 5E 5A 
 FF 73 FD 01 C6 95 00 30 5E D5 93 80 AA 9E 68 A2 
 9E 5F 72 33 8D 53 29 3B 44 ED BF 27 3C 80 8A 95 
 3F 6C 26 E1 62 36 C9 B2 6F 7C BA 0A 51 E0 48 67 
 12 F9 98 13 86 3F 48 1A 00 40 01 EE 11 D4 BE 63 
 0D 2D 43 2E A7 96 CA C7 18 13 66 D5 95 56 73 7A 
 75 DB 0E 68 5D 38 11 01 DA 76 AC D0 7F 0E 6E 68 
 28 D4 56 37 44 A3 A6 57 FA 35 4C F3 39 CA 7C 57 
 A6 7B 15 64 B9 FE E9 BD C4 8D 
 SWTPM_IO_Read: length 203
 80 02 00 00 00 CB 00 00 01 82 00 00 00 01 00 00 
 00 09 40 00 00 09 00 00 00 00 00 00 00 00 04 00 
 04 05 18 50 D8 DD B4 F3 6C 67 6A 61 98 A8 B7 72 
 5C 18 EF C4 C8 00 0B 14 88 3A 3F 39 7E 2F 65 A8 
 6D 8D BE 60 A0 E8 F1 25 A0 DE 10 2D DF 90 38 96 
 DA 0F 9C AC 4B E2 24 00 0C AC A6 F3 64 0C 85 AF 
 27 B3 86 B5 24 88 F1 EF CD CB F2 63 5C 97 E6 BB 
 54 83 CE 4C 8F 71 81 8A 93 94 06 46 DD AA 7B F3 
 75 3E 3F 26 57 B4 93 C5 BB 00 0D AE 14 30 3D 8D 
 7A 07 9B A5 C7 47 7A 52 75 BB 7E 53 6E 47 D2 50 
 A2 F6 26 88 13 6F 67 37 08 79 F2 FC E6 96 34 94 
 6E E4 AB 98 3E 2D 5A 14 16 78 00 44 0E BF F3 E5 
 20 EA BD E2 1C 17 0C 41 B9 E9 A3 
 SWTPM_IO_Write: length 19
 80 02 00 00 00 13 00 00 00 00 00 00 00 00 00 00 
 01 00 00 
 SWTPM_IO_Read: length 22
 80 01 00 00 00 16 00 00 01 7A 00 00 00 05 00 00 
 00 00 00 00 00 01 
 SWTPM_IO_Write: length 43
 80 01 00 00 00 2B 00 00 00 00 00 00 00 00 05 00 
 00 00 04 00 04 03 FF FF FF 00 0B 03 FF FF FF 00 
 0C 03 FF FF FF 00 0D 03 FF FF FF 
 SWTPM_IO_Read: length 22
 80 01 00 00 00 16 00 00 01 7A 00 00 00 05 00 00 
 00 00 00 00 00 01 
 SWTPM_IO_Write: length 43
 80 01 00 00 00 2B 00 00 00 00 00 00 00 00 05 00 
 00 00 04 00 04 03 FF FF FF 00 0B 03 FF FF FF 00 
 0C 03 FF FF FF 00 0D 03 FF FF FF 
 SWTPM_IO_Read: length 38
 80 01 00 00 00 26 00 00 01 7E 00 00 00 04 00 04 
 03 02 00 00 00 0B 03 02 00 00 00 0C 03 02 00 00 
 00 0D 03 02 00 00 
 SWTPM_IO_Write: length 218
 80 01 00 00 00 DA 00 00 00 00 00 00 00 64 00 00 
 00 04 00 04 03 02 00 00 00 0B 03 02 00 00 00 0C 
 03 02 00 00 00 0D 03 02 00 00 00 00 00 04 00 14 
 A3 3C E1 F6 0A 77 1C C4 96 E1 22 5A DD 63 9B 0F 
 4F 00 3A E5 00 20 9E 13 D7 0D 55 06 D2 B5 79 42 
 66 F5 29 E5 F9 A6 4D 10 B0 32 F2 CD 11 FD E1 DD 
 7A FB EC 81 86 36 00 30 34 82 DC 99 A8 47 B7 D3 
 AE CC 8F 4D E1 02 04 7E 79 16 6D FE 83 43 44 67 
 BC CF ED 98 9D 77 26 E1 A6 7B 36 5D 78 FF C0 6D 
 6C DD CC 6D 5D 08 5C 37 00 40 C1 1A 42 1E 1C D3 
 7F 81 28 F5 76 7D A0 61 BD 1F C4 E2 E2 1A C7 E6 
 5F AB D3 E5 6B AB DC D1 C8 66 7F AE 79 0F AE E4 
 23 34 EF 4E 99 74 E3 D8 69 F0 1B 45 CB FC B6 3B 
 59 2E 40 3B 98 0C B9 A5 D1 83 
 SWTPM_IO_Read: length 203
 80 02 00 00 00 CB 00 00 01 82 00 00 00 01 00 00 
 00 09 40 00 00 09 00 00 00 00 00 00 00 00 04 00 
 04 30 B5 03 BF DA CE 1D CD A1 79 90 56 52 3F 78 
 77 EC 16 12 F9 00 0B 9E 09 43 CF 40 B2 36 8A E4 
 A7 D7 86 1B 18 60 6B F8 7C 3F 23 74 81 B9 56 06 
 7B 1F 55 18 49 CC FC 00 0C F3 53 4B 95 74 9F 02 
 C7 9A A0 F4 1C 2A CC 3D DD 25 69 96 30 EB 9A 88 
 33 D1 76 41 F0 68 BD 14 24 6D 63 17 FE 09 B1 A1 
 30 30 25 0C DE 7B E5 CA C5 00 0D DE A3 03 A4 8F 
 D7 1E EC D2 28 73 DA D9 A5 D5 4D 59 E3 05 87 D5 
 F3 3B 5F 01 98 7F A8 26 F3 BE 44 FC 04 8A CF 5F 
 5E 14 B7 72 65 7D D4 CF 34 7B 35 BC 46 76 9D AE 
 B0 16 41 E9 44 30 44 42 9E D1 82 
 SWTPM_IO_Write: length 19
 80 02 00 00 00 13 00 00 00 00 00 00 00 00 00 00 
 01 00 00 
 SWTPM_IO_Read: length 22
 80 01 00 00 00 16 00 00 01 7A 00 00 00 05 00 00 
 00 00 00 00 00 01 
 SWTPM_IO_Write: length 43
 80 01 00 00 00 2B 00 00 00 00 00 00 00 00 05 00 
 00 00 04 00 04 03 FF FF FF 00 0B 03 FF FF FF 00 
 0C 03 FF FF FF 00 0D 03 FF FF FF 
 SWTPM_IO_Read: length 22
 80 01 00 00 00 16 00 00 01 7A 00 00 00 05 00 00 
 00 00 00 00 00 01 
 SWTPM_IO_Write: length 43
 80 01 00 00 00 2B 00 00 00 00 00 00 00 00 05 00 
 00 00 04 00 04 03 FF FF FF 00 0B 03 FF FF FF 00 
 0C 03 FF FF FF 00 0D 03 FF FF FF 
 SWTPM_IO_Read: length 38
 80 01 00 00 00 26 00 00 01 7E 00 00 00 04 00 04 
 03 02 00 00 00 0B 03 02 00 00 00 0C 03 02 00 00 
 00 0D 03 02 00 00 
 SWTPM_IO_Write: length 218
 80 01 00 00 00 DA 00 00 00 00 00 00 00 68 00 00 
 00 04 00 04 03 02 00 00 00 0B 03 02 00 00 00 0C 
 03 02 00 00 00 0D 03 02 00 00 00 00 00 04 00 14 
 98 7D 65 3A B3 9B 94 6E E4 3F 57 76 E0 CE BC B5 
 12 CA A0 E3 00 20 F4 7F 7E 20 B3 8C 04 20 53 79 
 25 4B E7 CA 69 F4 D7 65 14 2E EB 6B FC 1B 43 95 
 F4 6B 78 1A D6 B3 00 30 E7 60 BB 97 D0 B7 98 99 
 7E E2 E6 36 10 C6 C5 CB 89 0E 58 0B 35 5C 7C 11 
 AB DB FC C4 FA 40 34 F7 12 38 B8 00 22 C8 C0 2A 
 00 71 76 14 B2 FA 0D 66 00 40 81 46 CD 5B 17 8C 
 23 49 D4 6E 5D A9 94 D2 43 A4 9E BF 7C 4B 3F 9C 
 79 59 40 81 26 55 8F C5 CF C0 AD FF 48 5D 21 05 
 49 08 81 44 E1 AA 73 6D 77 68 29 98 B5 05 C6 2A 
 12 07 4E 72 72 5A C6 B6 DF 08 
 SWTPM_IO_Read: length 203
 80 02 00 00 00 CB 00 00 01 82 00 00 00 01 00 00 
 00 09 40 00 00 09 00 00 00 00 00 00 00 00 04 00 
 04 DF 5D 66 05 CB 8F 43 66 D7 45 A8 46 4C FB 26 
 C1 EF DC 30 5C 00 0B 4D 38 7B 02 D6 3B 2F 4C D7 
 F6 67 FE B0 A3 87 FE 47 A1 0A 3E 26 BF 35 33 DD 
 D0 01 C6 05 F3 DE C5 00 0C F0 FB 2C DC C4 7B F2 
 04 B4 1A 85 8F 68 78 B5 80 9C 3A 9B F6 AC BD 5C 
 4A 13 0F 66 69 37 A7 10 07 0C 5C F9 59 D3 B5 9C 
 80 07 B6 E6 30 18 09 7D 9A 00 0D 9D 91 C1 6B D7 
 5C 79 B3 32 21 E4 6D 4F A5 5C 09 71 5B 99 36 F7 
 69 F8 37 83 23 1A 9B 49 BD 00 D0 D0 6D F0 47 E6 
 00 D5 6C 5A 01 44 2F 82 72 E9 6E 90 BE 32 11 EF 
 5E 90 4D E0 8D 03 ED F0 09 69 A1 
 SWTPM_IO_Write: length 19
 80 02 00 00 00 13 00 00 00 00 00 00 00 00 00 00 
 01 00 00 
 SWTPM_IO_Read: length 22
 80 01 00 00 00 16 00 00 01 7A 00 00 00 05 00 00 
 00 00 00 00 00 01 
 SWTPM_IO_Write: length 43
 80 01 00 00 00 2B 00 00 00 00 00 00 00 00 05 00 
 00 00 04 00 04 03 FF FF FF 00 0B 03 FF FF FF 00 
 0C 03 FF FF FF 00 0D 03 FF FF FF 
 SWTPM_IO_Read: length 22
 80 01 00 00 00 16 00 00 01 7A 00 00 00 05 00 00 
 00 00 00 00 00 01 
 SWTPM_IO_Write: length 43
 80 01 00 00 00 2B 00 00 00 00 00 00 00 00 05 00 
 00 00 04 00 04 03 FF FF FF 00 0B 03 FF FF FF 00 
 0C 03 FF FF FF 00 0D 03 FF FF FF 
 SWTPM_IO_Read: length 38
 80 01 00 00 00 26 00 00 01 7E 00 00 00 04 00 04 
 03 02 00 00 00 0B 03 02 00 00 00 0C 03 02 00 00 
 00 0D 03 02 00 00 
 SWTPM_IO_Write: length 218
 80 01 00 00 00 DA 00 00 00 00 00 00 00 6C 00 00 
 00 04 00 04 03 02 00 00 00 0B 03 02 00 00 00 0C 
 03 02 00 00 00 0D 03 02 00 00 00 00 00 04 00 14 
 BC 91 8E C9 B6 1A 2E 43 4E 43 6C 1E 5D 3F D9 B0 
 C5 0F 9C 5F 00 20 D9 EB 70 87 6B 54 2B 8C 61 97 
 69 91 81 D6 61 40 6D 5B 75 86 CD CC 88 2D 54 AF 
 D2 EE A1 4E BC F1 00 30 91 8F F2 B4 C9 14 4E 96 
 41 16 9B C0 D1 6A 8D 9F 31 27 92 E5 49 A8 EE 4D 
 9B 0F 7B D7 93 7B 52 E0 24 EF C4 0D 8D B8 54 1F 
 4B 8C EF C2 F9 8C E6 F7 00 40 59 D6 24 99 38 A5 
 C0 7F 28 D8 8F 52 1B 25 CD 6D 92 46 85 3E 9B 75 
 B3 66 64 3D 4B 01 92 D5 7A 06 28 59 F0 42 34 FF 
 09 07 0B 34 FF 2A AD 58 82 C3 A1 BB 77 76 62 BD 
 FF B8 5A BC 79 07 71 E9 12 75 
 SWTPM_IO_Read: length 203
 80 02 00 00 00 CB 00 00 01 82 00 00 00 04 00 00 
 00 09 40 00 00 09 00 00 00 00 00 00 00 00 04 00 
 04 CD 0F DB 45 31 A6 EC 41 BE 27 53 BA 04 26 37 
 D6 E5 F7 F2 56 00 0B 3D 67 72 B4 F8 4E D4 75 95 
 D7 2A 2C 4C 5F FD 15 F5 BB 72 C7 50 7F E2 6F 2A 
 AE E2 C6 9D 56 33 BA 00 0C 77 A0 DA B2 31 2B 4E 
 1E 57 A8 4D 86 5A 21 E5 B2 EE 8D 67 7A 21 01 2A 
 DA 81 9D 0A 98 98 80 78 D3 D7 40 F6 34 6B FE 0A 
 BA A9 38 CA 20 43 9A 8D 71 00 0D 03 02 02 79 C5 
 EA 36 76 D6 63 0C 82 A9 93 13 43 22 5E 8E AB 81 
 52 9B 65 C7 86 AE B6 A4 45 D3 85 2A 34 DD 19 31 
 78 F9 38 B6 B4 73 45 A7 2D 4B 64 7D F3 09 C9 71 
 F7 C0 2F 0E DE 29 6A 13 6A 10 86 
 SWTPM_IO_Write: length 19
 80 02 00 00 00 13 00 00 00 00 00 00 00 00 00 00 
 01 00 00 
 SWTPM_IO_Read: length 22
 80 01 00 00 00 16 00 00 01 7A 00 00 00 05 00 00 
 00 00 00 00 00 01 
 SWTPM_IO_Write: length 43
 80 01 00 00 00 2B 00 00 00 00 00 00 00 00 05 00 
 00 00 04 00 04 03 FF FF FF 00 0B 03 FF FF FF 00 
 0C 03 FF FF FF 00 0D 03 FF FF FF 
 SWTPM_IO_Read: length 22
 80 01 00 00 00 16 00 00 01 7A 00 00 00 05 00 00 
 00 00 00 00 00 01 
 SWTPM_IO_Write: length 43
 80 01 00 00 00 2B 00 00 00 00 00 00 00 00 05 00 
 00 00 04 00 04 03 FF FF FF 00 0B 03 FF FF FF 00 
 0C 03 FF FF FF 00 0D 03 FF FF FF 
 SWTPM_IO_Read: length 38
 80 01 00 00 00 26 00 00 01 7E 00 00 00 04 00 04 
 03 10 00 00 00 0B 03 10 00 00 00 0C 03 10 00 00 
 00 0D 03 10 00 00 
 SWTPM_IO_Write: length 218
 80 01 00 00 00 DA 00 00 00 00 00 00 00 70 00 00 
 00 04 00 04 03 10 00 00 00 0B 03 10 00 00 00 0C 
 03 10 00 00 00 0D 03 10 00 00 00 00 00 04 00 14 
 EE 01 A0 35 29 A6 B3 8B 5D ED 18 AB 6A E8 D7 71 
 AA AC 19 25 00 20 3F 26 3B 96 CC BC 33 BB 53 D8 
 08 77 1F 9A B1 E0 2D 4D EC 88 54 F9 53 0F 74 9C 
 DE 85 3A 72 32 73 00 30 80 32 DE DF DB 83 73 B9 
 BF 18 84 9C 61 54 3D 2E D4 FD 55 5F FB 00 28 63 
 46 89 A1 3F C4 DE 79 8F F9 04 CC DE D7 7C 2D 72 
 25 9A B9 77 7A 17 D7 BD 00 40 29 65 26 A0 6E 3E 
 47 CA D8 A3 63 18 41 43 E0 6F CA 18 A7 FC DF 38 
 87 75 34 FE 80 5F DF E9 9D E8 2B 0F D6 C5 DB 67 
 55 96 C6 72 3A AB B8 69 9B 4B BF 2B B4 00 7D 85 
 D9 CE 52 DF 21 AE 43 DE 27 06 
 SWTPM_IO_Read: length 203
 80 02 00 00 00 CB 00 00 01 82 00 00 00 00 00 00 
 00 09 40 00 00 09 00 00 00 00 00 00 00 00 04 00 
 04 90 69 CA 78 E7 45 0A 28 51 73 43 1B 3E 52 C5 
 C2 52 99 E4 73 00 0B DF 3F 61 98 04 A9 2F DB 40 
 57 19 2D C4 3D D7 48 EA 77 8A DC 52 BC 49 8C E8 
 05 24 C0 14 B8 11 19 00 0C 39 43 41 B7 18 2C D2 
 27 C5 C6 B0 7E F8 00 0C DF D8 61 36 C4 29 2B 8E 
 57 65 73 AD 7E D9 AE 41 01 9F 58 18 B4 B9 71 C9 
 EF FC 60 E1 AD 9F 12 89 F0 00 0D EC 2D 57 69 1D 
 9B 2D 40 18 2A C5 65 03 20 54 B7 D7 84 BA 96 B1 
 8B CB 5B E0 BB 4E 70 E3 FB 04 1E FF 58 2C 8A F6 
 6E E5 02 56 53 9F 21 81 D7 F9 E5 36 27 C0 18 9D 
 A7 E7 5A 4D 5E F1 0E A9 3B 20 B3 
 SWTPM_IO_Write: length 19
 80 02 00 00 00 13 00 00 00 00 00 00 00 00 00 00 
 01 00 00 
 SWTPM_IO_Read: length 22
 80 01 00 00 00 16 00 00 01 7A 00 00 00 05 00 00 
 00 00 00 00 00 01 
 SWTPM_IO_Write: length 43
 80 01 00 00 00 2B 00 00 00 00 00 00 00 00 05 00 
 00 00 04 00 04 03 FF FF FF 00 0B 03 FF FF FF 00 
 0C 03 FF FF FF 00 0D 03 FF FF FF 
 SWTPM_IO_Read: length 22
 80 01 00 00 00 16 00 00 01 7A 00 00 00 05 00 00 
 00 00 00 00 00 01 
 SWTPM_IO_Write: length 43
 80 01 00 00 00 2B 00 00 00 00 00 00 00 00 05 00 
 00 00 04 00 04 03 FF FF FF 00 0B 03 FF FF FF 00 
 0C 03 FF FF FF 00 0D 03 FF FF FF 
 SWTPM_IO_Read: length 38
 80 01 00 00 00 26 00 00 01 7E 00 00 00 04 00 04 
 03 01 00 00 00 0B 03 01 00 00 00 0C 03 01 00 00 
 00 0D 03 01 00 00 
 SWTPM_IO_Write: length 218
 80 01 00 00 00 DA 00 00 00 00 00 00 00 74 00 00 
 00 04 00 04 03 01 00 00 00 0B 03 01 00 00 00 0C 
 03 01 00 00 00 0D 03 01 00 00 00 00 00 04 00 14 
 BC 1B CA 9D 54 F4 FD EC D6 E3 B8 1E 34 F6 F6 FD 
 12 2F 8D C2 00 20 AD E2 89 07 5D CB 02 DB 8E 28 
 5B A5 2D CF 10 8C C6 BF EB 55 44 D1 94 93 70 56 
 E2 0C 47 39 14 AB 00 30 5E C9 83 2F BA 0B 24 8E 
 42 23 C7 85 40 76 DF CF C3 DD FE FC E6 A3 7A 08 
 92 19 7F 5F 96 FD D4 EA B2 1B A6 60 21 FB B0 E4 
 DE 9B 02 14 11 62 7E 1A 00 40 88 8E 90 1C 8D 75 
 9E 53 4F F5 BE D8 C2 24 23 AD 54 8A A4 F3 0D 59 
 B2 92 ED FE FD AD 7C 69 B4 D3 F1 8E C1 D4 05 EC 
 E4 F7 F9 EF 4F 47 18 08 86 73 E4 CA 22 C4 45 AA 
 5A FD 9C F1 8C 4D B1 F7 8A 79 
 SWTPM_IO_Read: length 203
 80 02 00 00 00 CB 00 00 01 82 00 00 00 01 00 00 
 00 09 40 00 00 09 00 00 00 00 00 00 00 00 04 00 
 04 90 69 CA 78 E7 45 0A 28 51 73 43 1B 3E 52 C5 
 C2 52 99 E4 73 00 0B DF 3F 61 98 04 A9 2F DB 40 
 57 19 2D C4 3D D7 48 EA 77 8A DC 52 BC 49 8C E8 
 05 24 C0 14 B8 11 19 00 0C 39 43 41 B7 18 2C D2 
 27 C5 C6 B0 7E F8 00 0C DF D8 61 36 C4 29 2B 8E 
 57 65 73 AD 7E D9 AE 41 01 9F 58 18 B4 B9 71 C9 
 EF FC 60 E1 AD 9F 12 89 F0 00 0D EC 2D 57 69 1D 
 9B 2D 40 18 2A C5 65 03 20 54 B7 D7 84 BA 96 B1 
 8B CB 5B E0 BB 4E 70 E3 FB 04 1E FF 58 2C 8A F6 
 6E E5 02 56 53 9F 21 81 D7 F9 E5 36 27 C0 18 9D 
 A7 E7 5A 4D 5E F1 0E A9 3B 20 B3 
 SWTPM_IO_Write: length 19
 80 02 00 00 00 13 00 00 00 00 00 00 00 00 00 00 
 01 00 00 
 SWTPM_IO_Read: length 22
 80 01 00 00 00 16 00 00 01 7A 00 00 00 05 00 00 
 00 00 00 00 00 01 
 SWTPM_IO_Write: length 43
 80 01 00 00 00 2B 00 00 00 00 00 00 00 00 05 00 
 00 00 04 00 04 03 FF FF FF 00 0B 03 FF FF FF 00 
 0C 03 FF FF FF 00 0D 03 FF FF FF 
 SWTPM_IO_Read: length 22
 80 01 00 00 00 16 00 00 01 7A 00 00 00 05 00 00 
 00 00 00 00 00 01 
 SWTPM_IO_Write: length 43
 80 01 00 00 00 2B 00 00 00 00 00 00 00 00 05 00 
 00 00 04 00 04 03 FF FF FF 00 0B 03 FF FF FF 00 
 0C 03 FF FF FF 00 0D 03 FF FF FF 
 SWTPM_IO_Read: length 38
 80 01 00 00 00 26 00 00 01 7E 00 00 00 04 00 04 
 03 02 00 00 00 0B 03 02 00 00 00 0C 03 02 00 00 
 00 0D 03 02 00 00 
 SWTPM_IO_Write: length 218
 80 01 00 00 00 DA 00 00 00 00 00 00 00 78 00 00 
 00 04 00 04 03 02 00 00 00 0B 03 02 00 00 00 0C 
 03 02 00 00 00 0D 03 02 00 00 00 00 00 04 00 14 
 58 2C 11 6D 34 53 C6 77 E1 83 8D 9A E7 40 AA 77 
 05 1A 73 D3 00 20 B1 4D A4 A7 D6 7D 24 0F FD 84 
 81 67 10 8A FD 06 50 B7 31 C0 8E 84 97 DB 8E FB 
 89 2E 67 8D 2B CF 00 30 57 44 2C 49 B9 A0 8A 4E 
 06 F2 F6 8E 46 3E 0F 5B 69 82 01 7D 23 A0 0B 0F 
 C8 BB 53 8D E2 10 17 33 2C 25 40 AD 93 10 92 C6 
 24 99 8A 72 D4 D3 95 ED 00 40 17 EC 46 C9 01 35 
 1F 8B 32 02 B9 C0 21 2D 03 59 89 07 57 2B EA 02 
 AC D3 70 49 CC 70 B9 94 12 95 FC C7 67 2D DA 76 
 28 35 A7 F4 FE DD 26 AC 53 C6 BF C9 E2 12 44 DE 
 D3 78 85 27 5A 99 80 7C A0 8D 
 SWTPM_IO_Read: length 203
 80 02 00 00 00 CB 00 00 01 82 00 00 00 02 00 00 
 00 09 40 00 00 09 00 00 00 00 00 00 00 00 04 00 
 04 90 69 CA 78 E7 45 0A 28 51 73 43 1B 3E 52 C5 
 C2 52 99 E4 73 00 0B DF 3F 61 98 04 A9 2F DB 40 
 57 19 2D C4 3D D7 48 EA 77 8A DC 52 BC 49 8C E8 
 05 24 C0 14 B8 11 19 00 0C 39 43 41 B7 18 2C D2 
 27 C5 C6 B0 7E F8 00 0C DF D8 61 36 C4 29 2B 8E 
 57 65 73 AD 7E D9 AE 41 01 9F 58 18 B4 B9 71 C9 
 EF FC 60 E1 AD 9F 12 89 F0 00 0D EC 2D 57 69 1D 
 9B 2D 40 18 2A C5 65 03 20 54 B7 D7 84 BA 96 B1 
 8B CB 5B E0 BB 4E 70 E3 FB 04 1E FF 58 2C 8A F6 
 6E E5 02 56 53 9F 21 81 D7 F9 E5 36 27 C0 18 9D 
 A7 E7 5A 4D 5E F1 0E A9 3B 20 B3 
 SWTPM_IO_Write: length 19
 80 02 00 00 00 13 00 00 00 00 00 00 00 00 00 00 
 01 00 00 
 SWTPM_IO_Read: length 22
 80 01 00 00 00 16 00 00 01 7A 00 00 00 05 00 00 
 00 00 00 00 00 01 
 SWTPM_IO_Write: length 43
 80 01 00 00 00 2B 00 00 00 00 00 00 00 00 05 00 
 00 00 04 00 04 03 FF FF FF 00 0B 03 FF FF FF 00 
 0C 03 FF FF FF 00 0D 03 FF FF FF 
 SWTPM_IO_Read: length 22
 80 01 00 00 00 16 00 00 01 7A 00 00 00 05 00 00 
 00 00 00 00 00 01 
 SWTPM_IO_Write: length 43
 80 01 00 00 00 2B 00 00 00 00 00 00 00 00 05 00 
 00 00 04 00 04 03 FF FF FF 00 0B 03 FF FF FF 00 
 0C 03 FF FF FF 00 0D 03 FF FF FF 
 SWTPM_IO_Read: length 38
 80 01 00 00 00 26 00 00 01 7E 00 00 00 04 00 04 
 03 04 00 00 00 0B 03 04 00 00 00 0C 03 04 00 00 
 00 0D 03 04 00 00 
 SWTPM_IO_Write: length 218
 80 01 00 00 00 DA 00 00 00 00 00 00 00 7C 00 00 
 00 04 00 04 03 04 00 00 00 0B 03 04 00 00 00 0C 
 03 04 00 00 00 0D 03 04 00 00 00 00 00 04 00 14 
 7F 0B 67 9F 51 69 06 F7 D4 BE 6F 70 CF F3 9C 6E 
 65 D7 F3 93 00 20 74 DC 0A 23 1D 4D 74 B4 D2 20 
 8B AE 35 9D 1C 7D F6 74 09 23 C5 9B 0F 36 81 D8 
 E6 01 FC F4 BC D5 00 30 65 DD 7B 43 06 4D 22 D3 
 48 F4 90 21 43 F4 03 7B CE 1E C1 19 B5 27 8B 74 
 5F 95 23 16 7A 1D D0 59 BA 1C 17 49 2F 24 37 8A 
 F2 61 1B 44 1A F1 41 37 00 40 28 08 99 09 90 3A 
 4D B0 F1 1B 5E 28 D1 DD 25 87 00 A8 A1 EC FD 6C 
 81 38 19 78 D3 A9 83 6E AC 22 A7 4F 0A 32 5F 9B 
 FF A1 9F 57 FB 80 EB 54 35 FF 87 CD 63 3E 4A 90 
 E3 F5 47 C1 85 D7 3B FC 4F 22 
 SWTPM_IO_Read: length 203
 80 02 00 00 00 CB 00 00 01 82 00 00 00 03 00 00 
 00 09 40 00 00 09 00 00 00 00 00 00 00 00 04 00 
 04 90 69 CA 78 E7 45 0A 28 51 73 43 1B 3E 52 C5 
 C2 52 99 E4 73 00 0B DF 3F 61 98 04 A9 2F DB 40 
 57 19 2D C4 3D D7 48 EA 77 8A DC 52 BC 49 8C E8 
 05 24 C0 14 B8 11 19 00 0C 39 43 41 B7 18 2C D2 
 27 C5 C6 B0 7E F8 00 0C DF D8 61 36 C4 29 2B 8E 
 57 65 73 AD 7E D9 AE 41 01 9F 58 18 B4 B9 71 C9 
 EF FC 60 E1 AD 9F 12 89 F0 00 0D EC 2D 57 69 1D 
 9B 2D 40 18 2A C5 65 03 20 54 B7 D7 84 BA 96 B1 
 8B CB 5B E0 BB 4E 70 E3 FB 04 1E FF 58 2C 8A F6 
 6E E5 02 56 53 9F 21 81 D7 F9 E5 36 27 C0 18 9D 
 A7 E7 5A 4D 5E F1 0E A9 3B 20 B3 
 SWTPM_IO_Write: length 19
 80 02 00 00 00 13 00 00 00 00 00 00 00 00 00 00 
 01 00 00 
 SWTPM_IO_Read: length 22
 80 01 00 00 00 16 00 00 01 7A 00 00 00 05 00 00 
 00 00 00 00 00 01 
 SWTPM_IO_Write: length 43
 80 01 00 00 00 2B 00 00 00 00 00 00 00 00 05 00 
 00 00 04 00 04 03 FF FF FF 00 0B 03 FF FF FF 00 
 0C 03 FF FF FF 00 0D 03 FF FF FF 
 SWTPM_IO_Read: length 22
 80 01 00 00 00 16 00 00 01 7A 00 00 00 05 00 00 
 00 00 00 00 00 01 
 SWTPM_IO_Write: length 43
 80 01 00 00 00 2B 00 00 00 00 00 00 00 00 05 00 
 00 00 04 00 04 03 FF FF FF 00 0B 03 FF FF FF 00 
 0C 03 FF FF FF 00 0D 03 FF FF FF 
 SWTPM_IO_Read: length 38
 80 01 00 00 00 26 00 00 01 7E 00 00 00 04 00 04 
 03 08 00 00 00 0B 03 08 00 00 00 0C 03 08 00 00 
 00 0D 03 08 00 00 
 SWTPM_IO_Write: length 218
 80 01 00 00 00 DA 00 00 00 00 00 00 00 80 00 00 
 00 04 00 04 03 08 00 00 00 0B 03 08 00 00 00 0C 
 03 08 00 00 00 0D 03 08 00 00 00 00 00 04 00 14 
 B2 A8 3B 0E BF 2F 83 74 29 9A 5B 2B DF C3 1E A9 
 55 AD 72 36 00 20 3D 45 8C FE 55 CC 03 EA 1F 44 
 3F 15 62 BE EC 8D F5 1C 75 E1 4A 9F CF 9A 72 34 
 A1 3F 19 8E 79 69 00 30 51 89 23 B0 F9 55 D0 8D 
 A0 77 C9 6A AB A5 22 B9 DE CE DE 61 C5 99 CE A6 
 C4 18 89 CF BE A4 AE 4D 50 52 9D 96 FE 4D 1A FD 
 AF B6 5E 7F 95 BF 23 C4 00 40 27 EC 09 15 33 C4 
 B9 EE A3 8D D1 4C 3A 3E CD EF 0A 99 C1 E5 64 CB 
 E6 6D FE 00 82 50 15 4E 78 39 B0 B7 52 28 FE 8D 
 EB CC 4C A3 30 E6 AE BC 1A BC 74 07 0B C9 C9 C1 
 E2 6B 93 9C 9D 91 6E 45 E1 3C 
 SWTPM_IO_Read: length 203
 80 02 00 00 00 CB 00 00 01 82 00 00 00 04 00 00 
 00 09 40 00 00 09 00 00 00 00 00 00 00 00 04 00 
 04 90 69 CA 78 E7 45 0A 28 51 73 43 1B 3E 52 C5 
 C2 52 99 E4 73 00 0B DF 3F 61 98 04 A9 2F DB 40 
 57 19 2D C4 3D D7 48 EA 77 8A DC 52 BC 49 8C E8 
 05 24 C0 14 B8 11 19 00 0C 39 43 41 B7 18 2C D2 
 27 C5 C6 B0 7E F8 00 0C DF D8 61 36 C4 29 2B 8E 
 57 65 73 AD 7E D9 AE 41 01 9F 58 18 B4 B9 71 C9 
 EF FC 60 E1 AD 9F 12 89 F0 00 0D EC 2D 57 69 1D 
 9B 2D 40 18 2A C5 65 03 20 54 B7 D7 84 BA 96 B1 
 8B CB 5B E0 BB 4E 70 E3 FB 04 1E FF 58 2C 8A F6 
 6E E5 02 56 53 9F 21 81 D7 F9 E5 36 27 C0 18 9D 
 A7 E7 5A 4D 5E F1 0E A9 3B 20 B3 
 SWTPM_IO_Write: length 19
 80 02 00 00 00 13 00 00 00 00 00 00 00 00 00 00 
 01 00 00 
 SWTPM_IO_Read: length 22
 80 01 00 00 00 16 00 00 01 7A 00 00 00 05 00 00 
 00 00 00 00 00 01 
 SWTPM_IO_Write: length 43
 80 01 00 00 00 2B 00 00 00 00 00 00 00 00 05 00 
 00 00 04 00 04 03 FF FF FF 00 0B 03 FF FF FF 00 
 0C 03 FF FF FF 00 0D 03 FF FF FF 
 SWTPM_IO_Read: length 22
 80 01 00 00 00 16 00 00 01 7A 00 00 00 05 00 00 
 00 00 00 00 00 01 
 SWTPM_IO_Write: length 43
 80 01 00 00 00 2B 00 00 00 00 00 00 00 00 05 00 
 00 00 04 00 04 03 FF FF FF 00 0B 03 FF FF FF 00 
 0C 03 FF FF FF 00 0D 03 FF FF FF 
 SWTPM_IO_Read: length 38
 80 01 00 00 00 26 00 00 01 7E 00 00 00 04 00 04 
 03 10 00 00 00 0B 03 10 00 00 00 0C 03 10 00 00 
 00 0D 03 10 00 00 
 SWTPM_IO_Write: length 218
 80 01 00 00 00 DA 00 00 00 00 00 00 00 84 00 00 
 00 04 00 04 03 10 00 00 00 0B 03 10 00 00 00 0C 
 03 10 00 00 00 0D 03 10 00 00 00 00 00 04 00 14 
 45 A3 23 38 2B D9 33 F0 8E 7F 0E 25 6B C8 24 9E 
 40 95 B1 EC 00 20 7A 94 FF E8 A7 72 9A 56 6D 3D 
 3C 57 7F CB 4B 6B 1E 67 1F 31 54 03 75 F8 0E AE 
 63 82 AB 78 5E 35 00 30 70 BC 45 7E 08 74 64 76 
 0A 89 27 D6 31 22 48 DC 11 76 63 41 09 14 FF 8B 
 1E 42 FD 5D C9 1E 16 F5 FE 3F 15 CA 64 37 2D 3E 
 47 AF 8B 4C 53 B0 1D F9 00 40 7F A9 A2 03 0A 70 
 0F 68 E9 90 58 42 49 A2 68 54 7B E1 C4 3C AB B3 
 27 73 F2 00 0C D9 14 25 3E F0 C9 AF 0C D9 14 84 
 B7 61 08 92 9E E5 C1 99 4D 62 A6 C2 79 7E 61 A0 
 56 5C 6A E9 81 C3 DE 1B 51 D8 
 SWTPM_IO_Read: length 203
 80 02 00 00 00 CB 00 00 01 82 00 00 00 05 00 00 
 00 09 40 00 00 09 00 00 00 00 00 00 00 00 04 00 
 04 90 69 CA 78 E7 45 0A 28 51 73 43 1B 3E 52 C5 
 C2 52 99 E4 73 00 0B DF 3F 61 98 04 A9 2F DB 40 
 57 19 2D C4 3D D7 48 EA 77 8A DC 52 BC 49 8C E8 
 05 24 C0 14 B8 11 19 00 0C 39 43 41 B7 18 2C D2 
 27 C5 C6 B0 7E F8 00 0C DF D8 61 36 C4 29 2B 8E 
 57 65 73 AD 7E D9 AE 41 01 9F 58 18 B4 B9 71 C9 
 EF FC 60 E1 AD 9F 12 89 F0 00 0D EC 2D 57 69 1D 
 9B 2D 40 18 2A C5 65 03 20 54 B7 D7 84 BA 96 B1 
 8B CB 5B E0 BB 4E 70 E3 FB 04 1E FF 58 2C 8A F6 
 6E E5 02 56 53 9F 21 81 D7 F9 E5 36 27 C0 18 9D 
 A7 E7 5A 4D 5E F1 0E A9 3B 20 B3 
 SWTPM_IO_Write: length 19
 80 02 00 00 00 13 00 00 00 00 00 00 00 00 00 00 
 01 00 00 
 SWTPM_IO_Read: length 22
 80 01 00 00 00 16 00 00 01 7A 00 00 00 05 00 00 
 00 00 00 00 00 01 
 SWTPM_IO_Write: length 43
 80 01 00 00 00 2B 00 00 00 00 00 00 00 00 05 00 
 00 00 04 00 04 03 FF FF FF 00 0B 03 FF FF FF 00 
 0C 03 FF FF FF 00 0D 03 FF FF FF 
 SWTPM_IO_Read: length 22
 80 01 00 00 00 16 00 00 01 7A 00 00 00 05 00 00 
 00 00 00 00 00 01 
 SWTPM_IO_Write: length 43
 80 01 00 00 00 2B 00 00 00 00 00 00 00 00 05 00 
 00 00 04 00 04 03 FF FF FF 00 0B 03 FF FF FF 00 
 0C 03 FF FF FF 00 0D 03 FF FF FF 
 SWTPM_IO_Read: length 38
 80 01 00 00 00 26 00 00 01 7E 00 00 00 04 00 04 
 03 20 00 00 00 0B 03 20 00 00 00 0C 03 20 00 00 
 00 0D 03 20 00 00 
 SWTPM_IO_Write: length 218
 80 01 00 00 00 DA 00 00 00 00 00 00 00 88 00 00 
 00 04 00 04 03 20 00 00 00 0B 03 20 00 00 00 0C 
 03 20 00 00 00 0D 03 20 00 00 00 00 00 04 00 14 
 B2 A8 3B 0E BF 2F 83 74 29 9A 5B 2B DF C3 1E A9 
 55 AD 72 36 00 20 3D 45 8C FE 55 CC 03 EA 1F 44 
 3F 15 62 BE EC 8D F5 1C 75 E1 4A 9F CF 9A 72 34 
 A1 3F 19 8E 79 69 00 30 51 89 23 B0 F9 55 D0 8D 
 A0 77 C9 6A AB A5 22 B9 DE CE DE 61 C5 99 CE A6 
 C4 18 89 CF BE A4 AE 4D 50 52 9D 96 FE 4D 1A FD 
 AF B6 5E 7F 95 BF 23 C4 00 40 27 EC 09 15 33 C4 
 B9 EE A3 8D D1 4C 3A 3E CD EF 0A 99 C1 E5 64 CB 
 E6 6D FE 00 82 50 15 4E 78 39 B0 B7 52 28 FE 8D 
 EB CC 4C A3 30 E6 AE BC 1A BC 74 07 0B C9 C9 C1 
 E2 6B 93 9C 9D 91 6E 45 E1 3C 
 SWTPM_IO_Read: length 203
 80 02 00 00 00 CB 00 00 01 82 00 00 00 06 00 00 
 00 09 40 00 00 09 00 00 00 00 00 00 00 00 04 00 
 04 90 69 CA 78 E7 45 0A 28 51 73 43 1B 3E 52 C5 
 C2 52 99 E4 73 00 0B DF 3F 61 98 04 A9 2F DB 40 
 57 19 2D C4 3D D7 48 EA 77 8A DC 52 BC 49 8C E8 
 05 24 C0 14 B8 11 19 00 0C 39 43 41 B7 18 2C D2 
 27 C5 C6 B0 7E F8 00 0C DF D8 61 36 C4 29 2B 8E 
 57 65 73 AD 7E D9 AE 41 01 9F 58 18 B4 B9 71 C9 
 EF FC 60 E1 AD 9F 12 89 F0 00 0D EC 2D 57 69 1D 
 9B 2D 40 18 2A C5 65 03 20 54 B7 D7 84 BA 96 B1 
 8B CB 5B E0 BB 4E 70 E3 FB 04 1E FF 58 2C 8A F6 
 6E E5 02 56 53 9F 21 81 D7 F9 E5 36 27 C0 18 9D 
 A7 E7 5A 4D 5E F1 0E A9 3B 20 B3 
 SWTPM_IO_Write: length 19
 80 02 00 00 00 13 00 00 00 00 00 00 00 00 00 00 
 01 00 00 
 SWTPM_IO_Read: length 22
 80 01 00 00 00 16 00 00 01 7A 00 00 00 05 00 00 
 00 00 00 00 00 01 
 SWTPM_IO_Write: length 43
 80 01 00 00 00 2B 00 00 00 00 00 00 00 00 05 00 
 00 00 04 00 04 03 FF FF FF 00 0B 03 FF FF FF 00 
 0C 03 FF FF FF 00 0D 03 FF FF FF 
 SWTPM_IO_Read: length 22
 80 01 00 00 00 16 00 00 01 7A 00 00 00 05 00 00 
 00 00 00 00 00 01 
 SWTPM_IO_Write: length 43
 80 01 00 00 00 2B 00 00 00 00 00 00 00 00 05 00 
 00 00 04 00 04 03 FF FF FF 00 0B 03 FF FF FF 00 
 0C 03 FF FF FF 00 0D 03 FF FF FF 
 SWTPM_IO_Read: length 38
 80 01 00 00 00 26 00 00 01 7E 00 00 00 04 00 04 
 03 40 00 00 00 0B 03 40 00 00 00 0C 03 40 00 00 
 00 0D 03 40 00 00 
 SWTPM_IO_Write: length 218
 80 01 00 00 00 DA 00 00 00 00 00 00 00 8C 00 00 
 00 04 00 04 03 40 00 00 00 0B 03 40 00 00 00 0C 
 03 40 00 00 00 0D 03 40 00 00 00 00 00 04 00 14 
 B2 A8 3B 0E BF 2F 83 74 29 9A 5B 2B DF C3 1E A9 
 55 AD 72 36 00 20 3D 45 8C FE 55 CC 03 EA 1F 44 
 3F 15 62 BE EC 8D F5 1C 75 E1 4A 9F CF 9A 72 34 
 A1 3F 19 8E 79 69 00 30 51 89 23 B0 F9 55 D0 8D 
 A0 77 C9 6A AB A5 22 B9 DE CE DE 61 C5 99 CE A6 
 C4 18 89 CF BE A4 AE 4D 50 52 9D 96 FE 4D 1A FD 
 AF B6 5E 7F 95 BF 23 C4 00 40 27 EC 09 15 33 C4 
 B9 EE A3 8D D1 4C 3A 3E CD EF 0A 99 C1 E5 64 CB 
 E6 6D FE 00 82 50 15 4E 78 39 B0 B7 52 28 FE 8D 
 EB CC 4C A3 30 E6 AE BC 1A BC 74 07 0B C9 C9 C1 
 E2 6B 93 9C 9D 91 6E 45 E1 3C 
 SWTPM_IO_Read: length 203
 80 02 00 00 00 CB 00 00 01 82 00 00 00 04 00 00 
 00 09 40 00 00 09 00 00 00 00 00 00 00 00 04 00 
 04 45 F2 39 58 3F 25 DF E1 DD D2 50 98 9B 85 EF 
 DB EF ED EF 3A 00 0B 01 2D 24 26 2C 0D 73 81 7B 
 87 35 CB E3 B2 08 F1 D9 6A 0B C7 60 05 9B E0 DA 
 C4 68 0D 7A 24 B7 1E 00 0C 2C CB 62 F1 AA 59 23 
 23 02 A6 F7 8F 80 FA 4B 99 5E 26 04 74 C4 53 07 
 E2 AA 2E 45 AF C5 B4 0E 0C 23 46 76 66 FB 61 EE 
 B9 0A 7E A2 D8 E6 C0 62 CB 00 0D 1D 6D 01 81 ED 
 7D 80 93 0D CC 8C 1C 4E 7A BD F9 71 92 CA 53 79 
 4C 15 A2 34 89 07 F7 28 99 7D 30 BA 86 61 EA F5 
 07 CF 1B 92 56 1F 94 95 4E E4 CD CE 17 99 A5 23 
 CD 68 24 57 50 F8 16 18 F7 A8 DA 
 SWTPM_IO_Write: length 19
 80 02 00 00 00 13 00 00 00 00 00 00 00 00 00 00 
 01 00 00 
 SWTPM_IO_Read: length 22
 80 01 00 00 00 16 00 00 01 7A 00 00 00 05 00 00 
 00 00 00 00 00 01 
 SWTPM_IO_Write: length 43
 80 01 00 00 00 2B 00 00 00 00 00 00 00 00 05 00 
 00 00 04 00 04 03 FF FF FF 00 0B 03 FF FF FF 00 
 0C 03 FF FF FF 00 0D 03 FF FF FF 
 SWTPM_IO_Read: length 22
 80 01 00 00 00 16 00 00 01 7A 00 00 00 05 00 00 
 00 00 00 00 00 01 
 SWTPM_IO_Write: length 43
 80 01 00 00 00 2B 00 00 00 00 00 00 00 00 05 00 
 00 00 04 00 04 03 FF FF FF 00 0B 03 FF FF FF 00 
 0C 03 FF FF FF 00 0D 03 FF FF FF 
 SWTPM_IO_Read: length 38
 80 01 00 00 00 26 00 00 01 7E 00 00 00 04 00 04 
 03 10 00 00 00 0B 03 10 00 00 00 0C 03 10 00 00 
 00 0D 03 10 00 00 
 SWTPM_IO_Write: length 218
 80 01 00 00 00 DA 00 00 00 00 00 00 00 90 00 00 
 00 04 00 04 03 10 00 00 00 0B 03 10 00 00 00 0C 
 03 10 00 00 00 0D 03 10 00 00 00 00 00 04 00 14 
 6E 96 80 09 B6 1C 68 C2 3B C8 B8 48 F0 56 03 A4 
 F9 C4 10 E5 00 20 51 0F 20 CE DB BC 30 57 00 53 
 7E 77 2E 42 8D 2C 13 94 95 31 41 68 1F D3 E2 82 
 4A 44 13 1D E7 8C 00 30 45 FA 1A 0D 9B 7E E2 50 
 18 C3 4F F8 E8 BC 81 AE 86 72 D2 23 EE 8F 70 BA 
 FF FA 6C 23 93 BD D2 94 8E 67 75 E8 E0 90 B7 63 
 AD C7 DA 74 94 0A 61 6D 00 40 22 73 CC 91 DA 88 
 4D 08 D5 8E F2 DA 6C E2 53 D3 A0 11 A8 5F CB 4D 
 B2 00 B3 73 69 41 6D 5F 8A B7 E2 A3 F5 27 A0 1C 
 54 06 32 60 BA 17 7E EC F1 16 07 A2 55 EE 45 A3 
 53 A4 6B 8E 23 2C FD AB 5F 38 
 SWTPM_IO_Read: length 203
 80 02 00 00 00 CB 00 00 01 82 00 00 00 0C 00 00 
 00 09 40 00 00 09 00 00 00 00 00 00 00 00 04 00 
 04 5C 5E A5 1B 8F 27 69 A9 73 7D A8 CE 65 BB 1F 
 3E FA D3 79 61 00 0B E7 87 73 E3 A5 79 3B 15 45 
 19 53 4D 4D C7 BB 8A E9 BA A3 0A 17 3C 84 66 B4 
 91 4C 0A 76 10 FB E7 00 0C 3E D0 61 58 47 1C CE 
 2D C1 A7 D2 DF 0E DD 9C B1 49 0A 01 B3 1A 93 7C 
 C5 92 05 59 FD 72 86 7A DA 65 86 BF A8 D6 F0 94 
 13 C9 B6 93 28 8D 26 86 2A 00 0D 4B 4C 0B 42 54 
 7B 93 A1 AA F1 AF 7D 61 76 41 A9 14 6C 2C 43 E2 
 9A E0 14 9F 8D 18 D6 E0 34 DA DA D9 75 13 D1 A0 
 3B D0 31 50 4A C0 95 40 82 43 99 06 51 CF BE 4A 
 3C E1 A5 04 35 82 62 14 82 EB EC 
 SWTPM_IO_Write: length 19
 80 02 00 00 00 13 00 00 00 00 00 00 00 00 00 00 
 01 00 00 
 SWTPM_IO_Read: length 22
 80 01 00 00 00 16 00 00 01 7A 00 00 00 05 00 00 
 00 00 00 00 00 01 
 SWTPM_IO_Write: length 43
 80 01 00 00 00 2B 00 00 00 00 00 00 00 00 05 00 
 00 00 04 00 04 03 FF FF FF 00 0B 03 FF FF FF 00 
 0C 03 FF FF FF 00 0D 03 FF FF FF 
 SWTPM_IO_Read: length 22
 80 01 00 00 00 16 00 00 01 7A 00 00 00 05 00 00 
 00 00 00 00 00 01 
 SWTPM_IO_Write: length 43
 80 01 00 00 00 2B 00 00 00 00 00 00 00 00 05 00 
 00 00 04 00 04 03 FF FF FF 00 0B 03 FF FF FF 00 
 0C 03 FF FF FF 00 0D 03 FF FF FF 
 SWTPM_IO_Read: length 38
 80 01 00 00 00 26 00 00 01 7E 00 00 00 04 00 04 
 03 00 10 00 00 0B 03 00 10 00 00 0C 03 00 10 00 
 00 0D 03 00 10 00 
 SWTPM_IO_Write: length 218
 80 01 00 00 00 DA 00 00 00 00 00 00 00 94 00 00 
 00 04 00 04 03 00 10 00 00 0B 03 00 10 00 00 0C 
 03 00 10 00 00 0D 03 00 10 00 00 00 00 04 00 14 
 06 9A 4D CD BF E8 10 8C E7 27 6A 48 67 82 BC E8 
 CD 98 B2 AF 00 20 75 74 4E BF 4D 9B B9 F2 B8 D1 
 0E 76 60 59 F6 9F 53 3C 37 C0 29 BB 0A 16 EF 2B 
 68 B3 44 63 06 E5 00 30 EF AC 9F EE AD 28 72 4A 
 1C AC 05 ED 17 9F CC D8 12 DA AB A0 CC BC 3A FA 
 AD 39 27 A4 C6 3E 36 76 7D 82 3A 75 75 50 61 E4 
 09 27 B9 38 3D 9A 14 BA 00 40 2E C2 82 28 0E 62 
 76 F6 43 76 95 EF 2D 4E F2 10 CD EB E7 E3 C4 51 
 2B 89 AC 98 71 5D A2 02 1A E8 6A 97 81 1C D6 0E 
 AF C1 7C D9 FD 42 78 AF 2B BB 94 30 36 61 B0 59 
 D9 33 C7 BA C6 76 A3 15 64 CF 
 SWTPM_IO_Read: length 203
 80 02 00 00 00 CB 00 00 01 82 00 00 00 0C 00 00 
 00 09 40 00 00 09 00 00 00 00 00 00 00 00 04 00 
 04 04 53 D9 03 AC F8 29 24 AF 49 D6 01 C1 81 F9 
 FC FC DF A9 A6 00 0B AB 89 8C 25 55 A5 A1 45 53 
 3C 88 4A F4 31 2C 38 43 72 04 B9 7F 38 B4 A8 D0 
 1B 2F 77 3F 27 41 24 00 0C A0 08 5F 75 DA 8F 23 
 8F 11 77 EF 6A 6A 51 BA 09 77 69 CA 8B BB D9 E1 
 5E 6D 02 7E 79 3C CD E0 93 ED 1A DD DE E0 CA 13 
 48 A6 34 4D F7 70 32 4D FD 00 0D 6C 6A 53 37 0A 
 F4 31 B9 E0 34 21 BE 6A DA 89 F4 D8 B8 5F 47 90 
 D6 B1 FE C6 93 86 C5 3B DD 16 CE EE 22 97 BD 2E 
 E8 37 54 16 DA EB 69 4C D7 89 B6 A6 0A 04 F6 8C 
 00 0B FD E6 06 4C 48 47 F5 53 2E 
 SWTPM_IO_Write: length 19
 80 02 00 00 00 13 00 00 00 00 00 00 00 00 00 00 
 01 00 00 
 SWTPM_IO_Read: length 22
 80 01 00 00 00 16 00 00 01 7A 00 00 00 05 00 00 
 00 00 00 00 00 01 
 SWTPM_IO_Write: length 43
 80 01 00 00 00 2B 00 00 00 00 00 00 00 00 05 00 
 00 00 04 00 04 03 FF FF FF 00 0B 03 FF FF FF 00 
 0C 03 FF FF FF 00 0D 03 FF FF FF 
 SWTPM_IO_Read: length 22
 80 01 00 00 00 16 00 00 01 7A 00 00 00 05 00 00 
 00 00 00 00 00 01 
 SWTPM_IO_Write: length 43
 80 01 00 00 00 2B 00 00 00 00 00 00 00 00 05 00 
 00 00 04 00 04 03 FF FF FF 00 0B 03 FF FF FF 00 
 0C 03 FF FF FF 00 0D 03 FF FF FF 
 SWTPM_IO_Read: length 38
 80 01 00 00 00 26 00 00 01 7E 00 00 00 04 00 04 
 03 00 10 00 00 0B 03 00 10 00 00 0C 03 00 10 00 
 00 0D 03 00 10 00 
 SWTPM_IO_Write: length 218
 80 01 00 00 00 DA 00 00 00 00 00 00 00 98 00 00 
 00 04 00 04 03 00 10 00 00 0B 03 00 10 00 00 0C 
 03 00 10 00 00 0D 03 00 10 00 00 00 00 04 00 14 
 D1 4D 86 73 70 EF 90 53 D2 01 E9 77 3E B1 0A D8 
 B2 CF E8 BC 00 20 92 04 F2 24 78 0E F2 61 75 2D 
 B2 03 90 35 B3 C9 20 11 73 93 D0 AD 31 B0 BE 0B 
 59 CF EE 04 B2 D3 00 30 49 28 86 64 02 C8 6F 3A 
 DF AA 30 21 3B 31 D5 4D 58 84 F3 DA 99 F0 73 7B 
 4B 1E 2E A4 15 33 B3 67 D3 05 C0 C2 75 12 6D B9 
 5D 0F 2A CE F2 D4 41 27 00 40 6E 48 EF E3 B0 A7 
 4B 32 1F C9 28 E9 97 10 1C 2D 19 08 B8 52 30 95 
 9E 9D 3B C3 13 8D 27 CB C2 D0 05 F2 F3 E5 AB 34 
 54 7A 07 38 66 18 30 93 53 C9 9C B4 FA 56 84 3B 
 F0 50 64 3E AC 8F E9 9E 68 54 
 SWTPM_IO_Read: length 203
 80 02 00 00 00 CB 00 00 01 82 00 00 00 0C 00 00 
 00 09 40 00 00 09 00 00 00 00 00 00 00 00 04 00 
 04 52 CD 1D 24 C1 54 44 FC 98 B3 FF 69 27 08 6F 
 BD 9C 5C 14 35 00 0B 3D BE D3 AF C0 00 10 9F BF 
 7F 6A 0D 2D 8A D5 14 35 D4 9E EC 24 41 1D 51 6C 
 24 FC C3 F6 A4 31 E7 00 0C BE 2A 80 53 11 1A 93 
 91 B5 7A 9A B1 69 28 EB 22 0D B6 B6 E2 7D 00 65 
 30 A6 AD 19 E3 8E 73 15 0E F2 4F 0C F2 4D 1F E9 
 33 6D A2 33 C8 31 E7 28 C8 00 0D 09 FE A9 E2 57 
 31 53 4F 71 17 F5 1B 5E 08 65 20 7E 25 36 54 68 
 12 4F E3 A1 4F 00 F5 F7 7F 6D 9B 35 04 DA 0B 96 
 87 BC 5A 95 4C 9B 3A 02 0C 3E 63 64 C7 55 A7 56 
 B0 AC F9 10 DB DD 4E DC B5 14 4E 
 SWTPM_IO_Write: length 19
 80 02 00 00 00 13 00 00 00 00 00 00 00 00 00 00 
 01 00 00 
 SWTPM_IO_Read: length 22
 80 01 00 00 00 16 00 00 01 7A 00 00 00 05 00 00 
 00 00 00 00 00 01 
 SWTPM_IO_Write: length 43
 80 01 00 00 00 2B 00 00 00 00 00 00 00 00 05 00 
 00 00 04 00 04 03 FF FF FF 00 0B 03 FF FF FF 00 
 0C 03 FF FF FF 00 0D 03 FF FF FF 
 SWTPM_IO_Read: length 22
 80 01 00 00 00 16 00 00 01 7A 00 00 00 05 00 00 
 00 00 00 00 00 01 
 SWTPM_IO_Write: length 43
 80 01 00 00 00 2B 00 00 00 00 00 00 00 00 05 00 
 00 00 04 00 04 03 FF FF FF 00 0B 03 FF FF FF 00 
 0C 03 FF FF FF 00 0D 03 FF FF FF 
 SWTPM_IO_Read: length 38
 80 01 00 00 00 26 00 00 01 7E 00 00 00 04 00 04 
 03 00 10 00 00 0B 03 00 10 00 00 0C 03 00 10 00 
 00 0D 03 00 10 00 
 SWTPM_IO_Write: length 218
 80 01 00 00 00 DA 00 00 00 00 00 00 00 9C 00 00 
 00 04 00 04 03 00 10 00 00 0B 03 00 10 00 00 0C 
 03 00 10 00 00 0D 03 00 10 00 00 00 00 04 00 14 
 B9 70 1A B8 61 39 5A D4 1F 1E C9 AA 5A 23 F5 F8 
 7D A6 4B B0 00 20 B0 B2 EB 6B 5D B2 F2 00 C5 DB 
 92 45 C5 5D CD D6 FC 5D 2C 45 D9 50 E5 DA E8 27 
 79 A6 58 E5 EE 8C 00 30 A1 4D D9 FD 89 4A A5 00 
 3F 26 03 33 89 68 D6 47 3D FF 92 B9 7F 6E 8E 76 
 9A 60 03 5B 3D 87 20 E9 B3 11 76 E0 89 03 E6 B7 
 51 20 C1 72 6C 49 CD D0 00 40 28 E8 79 5B 7D A5 
 54 28 23 92 24 C0 30 ED 07 0A CF 17 D2 05 B7 62 
 69 EA 04 24 89 25 9D 8F 77 EB 8C F2 E2 F2 06 C1 
 1C BE BB B6 ED 68 89 23 13 04 FB 1D B9 98 BA 5E 
 C6 3A 55 B7 B5 D9 D3 30 95 40 
 SWTPM_IO_Read: length 203
 80 02 00 00 00 CB 00 00 01 82 00 00 00 0C 00 00 
 00 09 40 00 00 09 00 00 00 00 00 00 00 00 04 00 
 04 8D B3 02 A7 AD A1 FD 8C 13 21 7D 79 FA 0E 7C 
 82 14 95 1F 12 00 0B C2 A0 32 C6 07 27 11 39 C8 
 3F 74 30 65 41 2E A9 57 E5 C8 31 6D 72 B5 F5 4E 
 00 2C 65 46 78 25 A3 00 0C AA 2E 58 17 0B FA 8C 
 E1 27 AF AC 21 48 F5 29 7B B1 B4 BC 1B F2 65 E9 
 EC 29 CC 61 52 8E 2A 78 44 86 A7 E0 BF 23 32 DC 
 CD 97 7A A5 6D D5 9C 03 9B 00 0D FE B3 4C C9 95 
 CD 52 57 2F 0F 8D 67 CA 1D E5 3C DA 8F E5 B4 06 
 04 B3 1D 82 93 FC 2A 52 A8 9F 09 4E 98 93 78 24 
 48 33 CD 54 92 0E 34 DE C2 15 7D CD 1E 1B F7 B9 
 8F DC 83 2E 93 41 BA 52 24 F5 0F 
 SWTPM_IO_Write: length 19
 80 02 00 00 00 13 00 00 00 00 00 00 00 00 00 00 
 01 00 00 
 SWTPM_IO_Read: length 22
 80 01 00 00 00 16 00 00 01 7A 00 00 00 05 00 00 
 00 00 00 00 00 01 
 SWTPM_IO_Write: length 43
 80 01 00 00 00 2B 00 00 00 00 00 00 00 00 05 00 
 00 00 04 00 04 03 FF FF FF 00 0B 03 FF FF FF 00 
 0C 03 FF FF FF 00 0D 03 FF FF FF 
 SWTPM_IO_Read: length 22
 80 01 00 00 00 16 00 00 01 7A 00 00 00 05 00 00 
 00 00 00 00 00 01 
 SWTPM_IO_Write: length 43
 80 01 00 00 00 2B 00 00 00 00 00 00 00 00 05 00 
 00 00 04 00 04 03 FF FF FF 00 0B 03 FF FF FF 00 
 0C 03 FF FF FF 00 0D 03 FF FF FF 
 SWTPM_IO_Read: length 38
 80 01 00 00 00 26 00 00 01 7E 00 00 00 04 00 04 
 03 00 10 00 00 0B 03 00 10 00 00 0C 03 00 10 00 
 00 0D 03 00 10 00 
 SWTPM_IO_Write: length 218
 80 01 00 00 00 DA 00 00 00 00 00 00 00 A0 00 00 
 00 04 00 04 03 00 10 00 00 0B 03 00 10 00 00 0C 
 03 00 10 00 00 0D 03 00 10 00 00 00 00 04 00 14 
 96 2B 6F 36 6D DF 41 7E 98 5F 27 37 DD A9 B1 7C 
 EF 73 8C 2C 00 20 14 06 ED 09 29 30 D9 6A E3 C9 
 53 FB 19 D3 BC D6 81 62 47 50 BF 43 A2 DA CC 40 
 20 BF 71 DD 22 76 00 30 CD FD 51 A7 F1 B7 58 F7 
 6F C6 49 F2 88 01 61 A3 D2 D8 4D C7 38 93 77 75 
 08 74 BE EB 97 A5 12 84 39 79 61 59 B1 F1 6B 1C 
 D2 94 1D CF BF 27 80 BE 00 40 13 EA 5D EE 76 F8 
 A8 8D 18 98 CF 6A 8D 91 95 41 EF A4 4F EC 74 01 
 7F B0 9F 1D 9E 87 1E D9 E3 8E 0A C2 7E BE B4 BD 
 94 04 A7 40 9C 42 8B 76 BF CA 99 8B 72 FE 3C 48 
 65 FF F5 AB F3 66 70 3C 14 F5 
 SWTPM_IO_Read: length 203
 80 02 00 00 00 CB 00 00 01 82 00 00 00 0D 00 00 
 00 09 40 00 00 09 00 00 00 00 00 00 00 00 04 00 
 04 E4 1C 24 4D 93 90 8C 5C 18 4C 37 EB 94 0D 36 
 2C 6E D8 8A 69 00 0B E8 EA CB 7B E0 44 25 D4 42 
 35 B2 E9 75 66 AE C3 99 87 3D A5 32 E3 A2 8B 00 
 27 5A A6 4F 38 30 E5 00 0C 0C C9 C5 76 BA BD 08 
 00 7F C1 A3 84 3C 2C 46 F5 BE 2E 72 D3 3F EC DC 
 93 FC 01 52 8C 9C 1D 69 AF F4 E4 2B A6 FC D8 65 
 F3 AF E6 84 85 F5 8D AE 28 00 0D B6 F6 28 2E ED 
 90 DD 4C C8 1C CD 9A 83 28 0F 13 49 08 C4 B6 61 
 B7 B1 55 C6 88 0F E4 BE C6 F1 42 60 07 4A 6B 43 
 DE 53 5D 43 2F C8 4E C3 C9 37 B7 F2 CC 78 ED A4 
 96 76 CF B8 5B E8 85 C8 C2 CD 86 
 SWTPM_IO_Write: length 19
 80 02 00 00 00 13 00 00 00 00 00 00 00 00 00 00 
 01 00 00 
 SWTPM_IO_Read: length 22
 80 01 00 00 00 16 00 00 01 7A 00 00 00 05 00 00 
 00 00 00 00 00 01 
 SWTPM_IO_Write: length 43
 80 01 00 00 00 2B 00 00 00 00 00 00 00 00 05 00 
 00 00 04 00 04 03 FF FF FF 00 0B 03 FF FF FF 00 
 0C 03 FF FF FF 00 0D 03 FF FF FF 
 SWTPM_IO_Read: length 22
 80 01 00 00 00 16 00 00 01 7A 00 00 00 05 00 00 
 00 00 00 00 00 01 
 SWTPM_IO_Write: length 43
 80 01 00 00 00 2B 00 00 00 00 00 00 00 00 05 00 
 00 00 04 00 04 03 FF FF FF 00 0B 03 FF FF FF 00 
 0C 03 FF FF FF 00 0D 03 FF FF FF 
 SWTPM_IO_Read: length 38
 80 01 00 00 00 26 00 00 01 7E 00 00 00 04 00 04 
 03 00 20 00 00 0B 03 00 20 00 00 0C 03 00 20 00 
 00 0D 03 00 20 00 
 SWTPM_IO_Write: length 218
 80 01 00 00 00 DA 00 00 00 00 00 00 00 A4 00 00 
 00 04 00 04 03 00 20 00 00 0B 03 00 20 00 00 0C 
 03 00 20 00 00 0D 03 00 20 00 00 00 00 04 00 14 
 3C 46 2C 92 E5 98 41 9A A0 B1 FF 37 D5 D1 05 48 
 E1 5C 67 81 00 20 DD F1 42 99 24 DF 20 70 FC 00 
 F4 18 02 2B 67 EC 51 2E DF BE 12 9C 78 02 26 E0 
 4A AD 4F 39 D6 7C 00 30 E6 E7 40 0D D1 6D 44 BB 
 64 00 96 4C CB 23 68 64 45 00 D7 91 3A B9 DE 02 
 36 72 84 02 E5 E8 DB B5 75 A5 4F A4 78 0A 67 2B 
 B4 59 28 10 3C 05 0F 90 00 40 A5 FC 13 49 FF B9 
 26 1E 5A E1 4F 29 C0 48 1A 2E 23 2C 36 32 62 3E 
 B9 9C 32 F4 CF 6F FF F3 AE B6 33 75 0E 81 00 48 
 CF E4 3F 66 0A 18 52 4D 9B 32 07 CC 7B B2 F6 C6 
 D6 DF 46 CB 45 B9 75 52 12 43 
 SWTPM_IO_Read: length 20
 80 01 00 00 00 14 00 00 01 7E 00 00 00 01 00 0B 
 03 10 30 00 
 SWTPM_IO_Write: length 130
 80 01 00 00 00 82 00 00 00 00 00 00 00 A4 00 00 
 00 01 00 0B 03 10 30 00 00 00 00 03 00 20 51 0F 
 20 CE DB BC 30 57 00 53 7E 77 2E 42 8D 2C 13 94 
 95 31 41 68 1F D3 E2 82 4A 44 13 1D E7 8C 00 20 
 14 06 ED 09 29 30 D9 6A E3 C9 53 FB 19 D3 BC D6 
 81 62 47 50 BF 43 A2 DA CC 40 20 BF 71 DD 22 76 
 00 20 DD F1 42 99 24 DF 20 70 FC 00 F4 18 02 2B 
 67 EC 51 2E DF BE 12 9C 78 02 26 E0 4A AD 4F 39 
 D6 7C 
 SWTPM_IO_Read: length 65
 80 02 00 00 00 41 00 00 01 31 40 00 00 01 00 00 
 00 09 40 00 00 09 00 00 01 00 00 00 04 00 00 00 
 00 00 18 00 23 00 0B 00 05 00 72 00 00 00 10 00 
 18 00 0B 00 03 00 10 00 00 00 00 00 00 00 00 00 
 00 
 SWTPM_IO_Write: length 312
 80 02 00 00 01 38 00 00 00 00 80 00 00 00 00 00 
 01 21 00 58 00 23 00 0B 00 05 00 72 00 00 00 10 
 00 18 00 0B 00 03 00 10 00 20 E8 6B 19 1D 85 0B 
 45 84 6E 55 43 DD C6 15 3A A6 5D 4C E3 F4 4D 51 
 63 E9 41 1A 39 A0 84 7B 56 9C 00 20 83 B1 31 FF 
 58 C2 E8 A7 7D B5 47 AF EF B9 A4 CE B6 75 0C C7 
 3B 3E 91 54 D5 D4 15 53 C2 99 57 D8 00 37 00 00 
 00 00 00 20 E3 B0 C4 42 98 FC 1C 14 9A FB F4 C8 
 99 6F B9 24 27 AE 41 E4 64 9B 93 4C A4 95 99 1B 
 78 52 B8 55 01 00 10 00 04 40 00 00 01 00 04 40 
 00 00 01 00 00 00 20 5D A0 41 BA C0 EE 31 35 AE 
 BB 0C AD FB A4 97 C6 A1 87 7F AE 83 2D D3 D1 F8 
 F7 A8 71 B8 25 E8 54 80 21 40 00 00 01 00 40 9C 
 75 6D DF 33 62 C8 72 D3 5C EA CB 5A 4E F0 29 EE 
 93 6E E7 DC FC AE 16 B7 64 0E 67 A2 24 DD 77 F0 
 7E C1 0F 07 47 9C 4D 7E DE C8 ED 0C A5 52 68 72 
 D6 81 16 62 D9 03 25 A4 00 E9 3C 77 BE D6 50 00 
 22 00 0B 8B 53 2B 6A 21 06 4F 67 52 C6 5A EB 04 
 BE D7 DF 30 4B FF F8 0C 3F AD E7 35 12 B6 21 52 
 86 7C 74 00 00 01 00 00 
 SWTPM_IO_Read: length 73
 80 02 00 00 00 49 00 00 01 58 80 00 00 00 00 00 
 00 09 40 00 00 09 00 00 01 00 00 00 20 52 8E 20 
 5E 04 88 24 37 26 9F B1 FB C6 18 1B A0 F2 F6 FD 
 DC 12 0B A2 5F 93 C0 E5 BF 23 3F BA AF 00 10 00 
 00 00 01 00 0B 03 10 30 00 
 SWTPM_IO_Write: length 10
 80 01 00 00 00 0A 00 00 09 22 
 SWTPM_IO_Read: length 73
 80 02 00 00 00 49 00 00 01 58 80 00 00 00 00 00 
 00 09 40 00 00 09 00 00 01 00 00 00 20 52 8E 20 
 5E 04 88 24 37 26 9F B1 FB C6 18 1B A0 F2 F6 FD 
 DC 12 0B A2 5F 93 C0 E5 BF 23 3F BA AF 00 10 00 
 00 00 01 00 0B 03 10 30 00 
 SWTPM_IO_Write: length 238
 80 02 00 00 00 EE 00 00 00 00 00 00 00 DB 00 91 
 FF 54 43 47 80 18 00 22 00 0B D2 FC DA A5 E0 BF 
 BE 2A 45 64 0C 96 29 EA 0C 87 8D 6E AD 61 23 A7 
 5D B7 AE 20 B2 DB 42 F4 0C B5 00 20 52 8E 20 5E 
 04 88 24 37 26 9F B1 FB C6 18 1B A0 F2 F6 FD DC 
 12 0B A2 5F 93 C0 E5 BF 23 3F BA AF 00 00 00 00 
 00 00 84 2A D3 5E CB D6 84 5C AD F4 01 41 88 0F 
 84 8D EA 7B 7A 00 00 00 01 00 0B 03 10 30 00 00 
 20 EE 6A 6F F4 93 C8 BB 15 C1 D1 B6 0D AE 77 87 
 C3 05 5A 8C 21 4D F5 D4 F1 E0 74 11 81 05 C9 C1 
 7E 00 18 00 0B 00 20 35 C5 58 92 CD 45 DA FD 15 
 E1 E5 08 3A EF 02 B6 86 B2 21 F3 85 1F CA C0 9A 
 33 C9 44 BA 3D 84 CA 00 20 5C 2A 91 34 9E C3 82 
 0D 9C 9D FA 6B 1A 55 E4 6B F3 BC 17 A3 6A 7D FD 
 4B 10 76 0F 05 3F 9E 46 90 00 00 01 00 00 
 SWTPM_IO_Read: length 14
 80 01 00 00 00 0E 00 00 01 65 80 00 00 00 
 SWTPM_IO_Write: length 10
 80 01 00 00 00 0A 00 00 00 00 
Data client disconnected
