defended	H	0	op12k_defended/op12k/0/receipts/q08.txt	PASS
defended	H	0	op12k_defended/op12k/0/receipts/q14.txt	PASS
defended	H	0	op12k_defended/op12k/0/receipts/q29.txt	PASS
defended	H	a	op12k_defended/op12k/a/receipts/q11.txt	PASS
defended	H	b	op12k_defended/op12k/b/receipts/q04.txt	PASS
defended	H	b	op12k_defended/op12k/b/receipts/q06.txt	PASS
defended	H	c	op12k_defended/op12k/c/receipts/q02.txt	PASS
defended	H	c	op12k_defended/op12k/c/receipts/q06.txt	PASS
defended	H	c	op12k_defended/op12k/c/receipts/q30.txt	PASS
defended	H	d	op12k_defended/op12k/d/receipts/q16.txt	PASS
defended	H	e	op12k_defended/op12k/e/receipts/q10.txt	PASS
defended	H	e	op12k_defended/op12k/e/receipts/q17.txt	PASS
defended	H	e	op12k_defended/op12k/e/receipts/q27.txt	PASS
defended	H	f	op12k_defended/op12k/f/receipts/q10.txt	PASS
defended	H	f	op12k_defended/op12k/f/receipts/q19.txt	PASS
defended	H	f	op12k_defended/op12k/f/receipts/q24.txt	PASS
defended	F	0	op12k_defended/op12k/0/fw/receipts/q04.s0.txt	PASS
defended	F	0	op12k_defended/op12k/0/fw/receipts/q27.s0.txt	PASS
defended	F	a	op12k_defended/op12k/a/fw/receipts/q11.s1.txt	PASS
defended	F	a	op12k_defended/op12k/a/fw/receipts/q17.s1.txt	PASS
defended	F	a	op12k_defended/op12k/a/fw/receipts/q26.s0.txt	PASS
defended	F	b	op12k_defended/op12k/b/fw/receipts/q04.s0.txt	PASS
defended	F	b	op12k_defended/op12k/b/fw/receipts/q04.s1.txt	PASS
defended	F	b	op12k_defended/op12k/b/fw/receipts/q12.s1.txt	PASS
defended	F	c	op12k_defended/op12k/c/fw/receipts/q08.s0.txt	PASS
defended	F	c	op12k_defended/op12k/c/fw/receipts/q10.s1.txt	PASS
defended	F	c	op12k_defended/op12k/c/fw/receipts/q15.s0.txt	PASS
defended	F	d	op12k_defended/op12k/d/fw/receipts/q01.s0.txt	PASS
defended	F	d	op12k_defended/op12k/d/fw/receipts/q20.s0.txt	PASS
defended	F	d	op12k_defended/op12k/d/fw/receipts/q27.s1.txt	PASS
defended	F	f	op12k_defended/op12k/f/fw/receipts/q08.s0.txt	PASS
defended	F	f	op12k_defended/op12k/f/fw/receipts/q17.s0.txt	PASS
defused	H	0	op12k_defused/op12k/0/receipts/q01.txt	PASS
defused	H	0	op12k_defused/op12k/0/receipts/q02.txt	PASS
defused	H	0	op12k_defused/op12k/0/receipts/q19.txt	PASS
defused	H	a	op12k_defused/op12k/a/receipts/q03.txt	PASS
defused	H	a	op12k_defused/op12k/a/receipts/q04.txt	PASS
defused	H	a	op12k_defused/op12k/a/receipts/q06.txt	PASS
defused	H	a	op12k_defused/op12k/a/receipts/q13.txt	PASS
defused	H	a	op12k_defused/op12k/a/receipts/q24.txt	PASS
defused	H	a	op12k_defused/op12k/a/receipts/q26.txt	PASS
defused	H	b	op12k_defused/op12k/b/receipts/q15.txt	PASS
defused	H	b	op12k_defused/op12k/b/receipts/q21.txt	PASS
defused	H	c	op12k_defused/op12k/c/receipts/q24.txt	PASS
defused	H	e	op12k_defused/op12k/e/receipts/q09.txt	PASS
defused	H	f	op12k_defused/op12k/f/receipts/q16.txt	PASS
defused	H	f	op12k_defused/op12k/f/receipts/q19.txt	PASS
defused	H	f	op12k_defused/op12k/f/receipts/q25.txt	PASS
defused	F	0	op12k_defused/op12k/0/fw/receipts/q06.s1.txt	PASS
defused	F	a	op12k_defused/op12k/a/fw/receipts/q08.s0.txt	PASS
defused	F	a	op12k_defused/op12k/a/fw/receipts/q13.s0.txt	PASS
defused	F	a	op12k_defused/op12k/a/fw/receipts/q17.s1.txt	PASS
defused	F	a	op12k_defused/op12k/a/fw/receipts/q21.s0.txt	PASS
defused	F	a	op12k_defused/op12k/a/fw/receipts/q21.s1.txt	PASS
defused	F	a	op12k_defused/op12k/a/fw/receipts/q23.s0.txt	PASS
defused	F	b	op12k_defused/op12k/b/fw/receipts/q08.s1.txt	PASS
defused	F	b	op12k_defused/op12k/b/fw/receipts/q17.s0.txt	PASS
defused	F	c	op12k_defused/op12k/c/fw/receipts/q03.s0.txt	PASS
defused	F	c	op12k_defused/op12k/c/fw/receipts/q09.s0.txt	PASS
defused	F	c	op12k_defused/op12k/c/fw/receipts/q17.s0.txt	PASS
defused	F	d	op12k_defused/op12k/d/fw/receipts/q19.s0.txt	PASS
defused	F	e	op12k_defused/op12k/e/fw/receipts/q11.s0.txt	PASS
defused	F	e	op12k_defused/op12k/e/fw/receipts/q24.s1.txt	PASS
defused	F	e	op12k_defused/op12k/e/fw/receipts/q27.s1.txt	PASS
p0control	H	0	op12k_p0control/op12k/0/receipts/q01.txt	PASS
p0control	H	0	op12k_p0control/op12k/0/receipts/q17.txt	PASS
p0control	H	b	op12k_p0control/op12k/b/receipts/q18.txt	PASS
p0control	H	b	op12k_p0control/op12k/b/receipts/q19.txt	PASS
p0control	H	b	op12k_p0control/op12k/b/receipts/q20.txt	PASS
p0control	H	b	op12k_p0control/op12k/b/receipts/q25.txt	PASS
p0control	H	b	op12k_p0control/op12k/b/receipts/q27.txt	PASS
p0control	H	c	op12k_p0control/op12k/c/receipts/q01.txt	PASS
p0control	H	d	op12k_p0control/op12k/d/receipts/q04.txt	PASS
p0control	H	e	op12k_p0control/op12k/e/receipts/q01.txt	PASS
p0control	H	e	op12k_p0control/op12k/e/receipts/q03.txt	PASS
p0control	H	e	op12k_p0control/op12k/e/receipts/q05.txt	PASS
p0control	H	e	op12k_p0control/op12k/e/receipts/q24.txt	PASS
p0control	H	e	op12k_p0control/op12k/e/receipts/q29.txt	PASS
p0control	H	f	op12k_p0control/op12k/f/receipts/q02.txt	PASS
p0control	H	f	op12k_p0control/op12k/f/receipts/q30.txt	PASS
p0control	F	0	op12k_p0control/op12k/0/fw/receipts/q05.s1.txt	PASS
p0control	F	0	op12k_p0control/op12k/0/fw/receipts/q06.s1.txt	PASS
p0control	F	0	op12k_p0control/op12k/0/fw/receipts/q15.s1.txt	PASS
p0control	F	a	op12k_p0control/op12k/a/fw/receipts/q16.s0.txt	PASS
p0control	F	a	op12k_p0control/op12k/a/fw/receipts/q18.s0.txt	PASS
p0control	F	b	op12k_p0control/op12k/b/fw/receipts/q06.s1.txt	PASS
p0control	F	b	op12k_p0control/op12k/b/fw/receipts/q21.s1.txt	PASS
p0control	F	c	op12k_p0control/op12k/c/fw/receipts/q02.s1.txt	PASS
p0control	F	c	op12k_p0control/op12k/c/fw/receipts/q14.s0.txt	PASS
p0control	F	c	op12k_p0control/op12k/c/fw/receipts/q18.s0.txt	PASS
p0control	F	d	op12k_p0control/op12k/d/fw/receipts/q01.s1.txt	PASS
p0control	F	d	op12k_p0control/op12k/d/fw/receipts/q04.s0.txt	PASS
p0control	F	d	op12k_p0control/op12k/d/fw/receipts/q21.s1.txt	PASS
p0control	F	f	op12k_p0control/op12k/f/fw/receipts/q01.s0.txt	PASS
p0control	F	f	op12k_p0control/op12k/f/fw/receipts/q12.s1.txt	PASS
p0control	F	f	op12k_p0control/op12k/f/fw/receipts/q22.s1.txt	PASS
