== /home/user/Ranger3143/labs/logs/safe/SAFE-02/op12k/d/fw/receipts/q01.s0.txt
receipt trace-chain e1b80ce96cfefc91
local   trace-chain e1b80ce96cfefc91
VERIFY PASS — replay reproduced 1 steps and the full trace chain bit-for-bit
== /home/user/Ranger3143/labs/logs/safe/SAFE-02/op12k/d/fw/receipts/q01.s1.txt
receipt trace-chain e0c625e1c1aea93e
local   trace-chain e0c625e1c1aea93e
VERIFY PASS — replay reproduced 1 steps and the full trace chain bit-for-bit
== /home/user/Ranger3143/labs/logs/safe/SAFE-02/op12k/d/fw/receipts/q02.s0.txt
receipt trace-chain 177837333aa26553
local   trace-chain 177837333aa26553
VERIFY PASS — replay reproduced 1 steps and the full trace chain bit-for-bit
== /home/user/Ranger3143/labs/logs/safe/SAFE-02/op12k/d/fw/receipts/q02.s1.txt
receipt trace-chain 2900b29b0c8a4a99
local   trace-chain 2900b29b0c8a4a99
VERIFY PASS — replay reproduced 1 steps and the full trace chain bit-for-bit
== /home/user/Ranger3143/labs/logs/safe/SAFE-02/op12k/d/fw/receipts/q03.s0.txt
receipt trace-chain dd5e38e0df3c2649
local   trace-chain dd5e38e0df3c2649
VERIFY PASS — replay reproduced 1 steps and the full trace chain bit-for-bit
== /home/user/Ranger3143/labs/logs/safe/SAFE-02/op12k/d/fw/receipts/q03.s1.txt
receipt trace-chain 6024e66021fd59a8
local   trace-chain 6024e66021fd59a8
VERIFY PASS — replay reproduced 1 steps and the full trace chain bit-for-bit
== /home/user/Ranger3143/labs/logs/safe/SAFE-02/op12k/d/fw/receipts/q04.s0.txt
receipt trace-chain 64a0501d6768371a
local   trace-chain 64a0501d6768371a
VERIFY PASS — replay reproduced 1 steps and the full trace chain bit-for-bit
== /home/user/Ranger3143/labs/logs/safe/SAFE-02/op12k/d/fw/receipts/q04.s1.txt
receipt trace-chain af4be4456bb7afeb
local   trace-chain af4be4456bb7afeb
VERIFY PASS — replay reproduced 1 steps and the full trace chain bit-for-bit
== /home/user/Ranger3143/labs/logs/safe/SAFE-02/op12k/d/fw/receipts/q05.s0.txt
receipt trace-chain f14c7bd37c060ac8
local   trace-chain f14c7bd37c060ac8
VERIFY PASS — replay reproduced 1 steps and the full trace chain bit-for-bit
== /home/user/Ranger3143/labs/logs/safe/SAFE-02/op12k/d/fw/receipts/q05.s1.txt
receipt trace-chain c73ba1f240d5ec1d
local   trace-chain c73ba1f240d5ec1d
VERIFY PASS — replay reproduced 1 steps and the full trace chain bit-for-bit
== /home/user/Ranger3143/labs/logs/safe/SAFE-02/op12k/d/fw/receipts/q06.s0.txt
receipt trace-chain 4e74975ba5474618
local   trace-chain 4e74975ba5474618
VERIFY PASS — replay reproduced 1 steps and the full trace chain bit-for-bit
== /home/user/Ranger3143/labs/logs/safe/SAFE-02/op12k/d/fw/receipts/q06.s1.txt
receipt trace-chain 90d9f68e367f5fd2
local   trace-chain 90d9f68e367f5fd2
VERIFY PASS — replay reproduced 1 steps and the full trace chain bit-for-bit
== /home/user/Ranger3143/labs/logs/safe/SAFE-02/op12k/d/fw/receipts/q07.s0.txt
receipt trace-chain 4131c08ff7f58c32
local   trace-chain 4131c08ff7f58c32
VERIFY PASS — replay reproduced 1 steps and the full trace chain bit-for-bit
== /home/user/Ranger3143/labs/logs/safe/SAFE-02/op12k/d/fw/receipts/q07.s1.txt
receipt trace-chain ec8282aed5208a8b
local   trace-chain ec8282aed5208a8b
VERIFY PASS — replay reproduced 1 steps and the full trace chain bit-for-bit
== /home/user/Ranger3143/labs/logs/safe/SAFE-02/op12k/d/fw/receipts/q08.s0.txt
receipt trace-chain 59219379d5713c4a
local   trace-chain 59219379d5713c4a
VERIFY PASS — replay reproduced 1 steps and the full trace chain bit-for-bit
== /home/user/Ranger3143/labs/logs/safe/SAFE-02/op12k/d/fw/receipts/q08.s1.txt
receipt trace-chain c287a87d3c1645ac
local   trace-chain c287a87d3c1645ac
VERIFY PASS — replay reproduced 1 steps and the full trace chain bit-for-bit
== /home/user/Ranger3143/labs/logs/safe/SAFE-02/op12k/d/fw/receipts/q09.s0.txt
receipt trace-chain c950e7616bbf08c8
local   trace-chain c950e7616bbf08c8
VERIFY PASS — replay reproduced 1 steps and the full trace chain bit-for-bit
== /home/user/Ranger3143/labs/logs/safe/SAFE-02/op12k/d/fw/receipts/q09.s1.txt
receipt trace-chain c9484d148cdecfd3
local   trace-chain c9484d148cdecfd3
WARNING step 0: tool argument not found verbatim in context
VERIFY PASS — replay reproduced 1 steps and the full trace chain bit-for-bit
== /home/user/Ranger3143/labs/logs/safe/SAFE-02/op12k/d/fw/receipts/q10.s0.txt
receipt trace-chain 545cfdc2f8384c17
local   trace-chain 545cfdc2f8384c17
VERIFY PASS — replay reproduced 1 steps and the full trace chain bit-for-bit
== /home/user/Ranger3143/labs/logs/safe/SAFE-02/op12k/d/fw/receipts/q10.s1.txt
receipt trace-chain 1f3bab3da4773440
local   trace-chain 1f3bab3da4773440
VERIFY PASS — replay reproduced 1 steps and the full trace chain bit-for-bit
== /home/user/Ranger3143/labs/logs/safe/SAFE-02/op12k/d/fw/receipts/q11.s0.txt
receipt trace-chain 5dacff152416e43f
local   trace-chain 5dacff152416e43f
VERIFY PASS — replay reproduced 1 steps and the full trace chain bit-for-bit
== /home/user/Ranger3143/labs/logs/safe/SAFE-02/op12k/d/fw/receipts/q11.s1.txt
receipt trace-chain 2113d3c08e5602a6
local   trace-chain 2113d3c08e5602a6
VERIFY PASS — replay reproduced 1 steps and the full trace chain bit-for-bit
== /home/user/Ranger3143/labs/logs/safe/SAFE-02/op12k/d/fw/receipts/q12.s0.txt
receipt trace-chain 1bf8a535bf6d8fd7
local   trace-chain 1bf8a535bf6d8fd7
VERIFY PASS — replay reproduced 1 steps and the full trace chain bit-for-bit
== /home/user/Ranger3143/labs/logs/safe/SAFE-02/op12k/d/fw/receipts/q12.s1.txt
receipt trace-chain aed38a6acf436a6f
local   trace-chain aed38a6acf436a6f
VERIFY PASS — replay reproduced 1 steps and the full trace chain bit-for-bit
== /home/user/Ranger3143/labs/logs/safe/SAFE-02/op12k/d/fw/receipts/q13.s0.txt
receipt trace-chain 31c2ceb431402b2d
local   trace-chain 31c2ceb431402b2d
VERIFY PASS — replay reproduced 1 steps and the full trace chain bit-for-bit
== /home/user/Ranger3143/labs/logs/safe/SAFE-02/op12k/d/fw/receipts/q13.s1.txt
receipt trace-chain e788e1a7b6c379f2
local   trace-chain e788e1a7b6c379f2
VERIFY PASS — replay reproduced 1 steps and the full trace chain bit-for-bit
== /home/user/Ranger3143/labs/logs/safe/SAFE-02/op12k/d/fw/receipts/q14.s0.txt
receipt trace-chain 97a055cd0bed21f0
local   trace-chain 97a055cd0bed21f0
VERIFY PASS — replay reproduced 1 steps and the full trace chain bit-for-bit
== /home/user/Ranger3143/labs/logs/safe/SAFE-02/op12k/d/fw/receipts/q14.s1.txt
receipt trace-chain c75750664950fb82
local   trace-chain c75750664950fb82
VERIFY PASS — replay reproduced 1 steps and the full trace chain bit-for-bit
== /home/user/Ranger3143/labs/logs/safe/SAFE-02/op12k/d/fw/receipts/q15.s0.txt
receipt trace-chain ac6acbe94ebe1087
local   trace-chain ac6acbe94ebe1087
VERIFY PASS — replay reproduced 1 steps and the full trace chain bit-for-bit
== /home/user/Ranger3143/labs/logs/safe/SAFE-02/op12k/d/fw/receipts/q15.s1.txt
receipt trace-chain 9b285c738ed6eb19
local   trace-chain 9b285c738ed6eb19
VERIFY PASS — replay reproduced 1 steps and the full trace chain bit-for-bit
== /home/user/Ranger3143/labs/logs/safe/SAFE-02/op12k/d/fw/receipts/q16.s0.txt
receipt trace-chain b04f634e96e34079
local   trace-chain b04f634e96e34079
VERIFY PASS — replay reproduced 1 steps and the full trace chain bit-for-bit
== /home/user/Ranger3143/labs/logs/safe/SAFE-02/op12k/d/fw/receipts/q16.s1.txt
receipt trace-chain b4b578d8d21237e8
local   trace-chain b4b578d8d21237e8
VERIFY PASS — replay reproduced 1 steps and the full trace chain bit-for-bit
== /home/user/Ranger3143/labs/logs/safe/SAFE-02/op12k/d/fw/receipts/q17.s0.txt
receipt trace-chain 95b4d137593520d4
local   trace-chain 95b4d137593520d4
VERIFY PASS — replay reproduced 1 steps and the full trace chain bit-for-bit
== /home/user/Ranger3143/labs/logs/safe/SAFE-02/op12k/d/fw/receipts/q17.s1.txt
receipt trace-chain f8d3520bc0875b77
local   trace-chain f8d3520bc0875b77
VERIFY PASS — replay reproduced 1 steps and the full trace chain bit-for-bit
== /home/user/Ranger3143/labs/logs/safe/SAFE-02/op12k/d/fw/receipts/q18.s0.txt
receipt trace-chain 52d7ac80ca1c249c
local   trace-chain 52d7ac80ca1c249c
VERIFY PASS — replay reproduced 1 steps and the full trace chain bit-for-bit
== /home/user/Ranger3143/labs/logs/safe/SAFE-02/op12k/d/fw/receipts/q18.s1.txt
receipt trace-chain 184d95f95ff411e9
local   trace-chain 184d95f95ff411e9
VERIFY PASS — replay reproduced 1 steps and the full trace chain bit-for-bit
== /home/user/Ranger3143/labs/logs/safe/SAFE-02/op12k/d/fw/receipts/q19.s0.txt
receipt trace-chain 08c8d37077f13fcf
local   trace-chain 08c8d37077f13fcf
VERIFY PASS — replay reproduced 1 steps and the full trace chain bit-for-bit
== /home/user/Ranger3143/labs/logs/safe/SAFE-02/op12k/d/fw/receipts/q19.s1.txt
receipt trace-chain e1747bdff11a7b0c
local   trace-chain e1747bdff11a7b0c
WARNING step 0: tool argument not found verbatim in context
VERIFY PASS — replay reproduced 1 steps and the full trace chain bit-for-bit
== /home/user/Ranger3143/labs/logs/safe/SAFE-02/op12k/d/fw/receipts/q20.s0.txt
receipt trace-chain 9d9719d935927384
local   trace-chain 9d9719d935927384
VERIFY PASS — replay reproduced 1 steps and the full trace chain bit-for-bit
== /home/user/Ranger3143/labs/logs/safe/SAFE-02/op12k/d/fw/receipts/q20.s1.txt
receipt trace-chain f8feaf1e6efb2aec
local   trace-chain f8feaf1e6efb2aec
VERIFY PASS — replay reproduced 1 steps and the full trace chain bit-for-bit
== /home/user/Ranger3143/labs/logs/safe/SAFE-02/op12k/d/fw/receipts/q21.s0.txt
receipt trace-chain 879d674019b6894e
local   trace-chain 879d674019b6894e
VERIFY PASS — replay reproduced 1 steps and the full trace chain bit-for-bit
== /home/user/Ranger3143/labs/logs/safe/SAFE-02/op12k/d/fw/receipts/q21.s1.txt
receipt trace-chain 24e270e907bbf436
local   trace-chain 24e270e907bbf436
VERIFY PASS — replay reproduced 1 steps and the full trace chain bit-for-bit
== /home/user/Ranger3143/labs/logs/safe/SAFE-02/op12k/d/fw/receipts/q22.s0.txt
receipt trace-chain e692c21fbefaca44
local   trace-chain e692c21fbefaca44
VERIFY PASS — replay reproduced 1 steps and the full trace chain bit-for-bit
== /home/user/Ranger3143/labs/logs/safe/SAFE-02/op12k/d/fw/receipts/q22.s1.txt
receipt trace-chain 7c8aed595f357749
local   trace-chain 7c8aed595f357749
VERIFY PASS — replay reproduced 1 steps and the full trace chain bit-for-bit
== /home/user/Ranger3143/labs/logs/safe/SAFE-02/op12k/d/fw/receipts/q23.s0.txt
receipt trace-chain 3f36fb26c8914b0c
local   trace-chain 3f36fb26c8914b0c
VERIFY PASS — replay reproduced 1 steps and the full trace chain bit-for-bit
== /home/user/Ranger3143/labs/logs/safe/SAFE-02/op12k/d/fw/receipts/q23.s1.txt
receipt trace-chain 7693dd91b0cefcd7
local   trace-chain 7693dd91b0cefcd7
VERIFY PASS — replay reproduced 1 steps and the full trace chain bit-for-bit
== /home/user/Ranger3143/labs/logs/safe/SAFE-02/op12k/d/fw/receipts/q24.s0.txt
receipt trace-chain 749cd0a801390f8f
local   trace-chain 749cd0a801390f8f
VERIFY PASS — replay reproduced 1 steps and the full trace chain bit-for-bit
== /home/user/Ranger3143/labs/logs/safe/SAFE-02/op12k/d/fw/receipts/q24.s1.txt
receipt trace-chain 8ac5b25e8880a658
local   trace-chain 8ac5b25e8880a658
VERIFY PASS — replay reproduced 1 steps and the full trace chain bit-for-bit
== /home/user/Ranger3143/labs/logs/safe/SAFE-02/op12k/d/fw/receipts/q25.s0.txt
receipt trace-chain cf715c4e8bbb73db
local   trace-chain cf715c4e8bbb73db
VERIFY PASS — replay reproduced 1 steps and the full trace chain bit-for-bit
== /home/user/Ranger3143/labs/logs/safe/SAFE-02/op12k/d/fw/receipts/q25.s1.txt
receipt trace-chain 475ee49d32dd0a50
local   trace-chain 475ee49d32dd0a50
VERIFY PASS — replay reproduced 1 steps and the full trace chain bit-for-bit
== /home/user/Ranger3143/labs/logs/safe/SAFE-02/op12k/d/fw/receipts/q26.s0.txt
receipt trace-chain 02fa2c993c44365b
local   trace-chain 02fa2c993c44365b
VERIFY PASS — replay reproduced 1 steps and the full trace chain bit-for-bit
== /home/user/Ranger3143/labs/logs/safe/SAFE-02/op12k/d/fw/receipts/q26.s1.txt
receipt trace-chain 3330fd819b65442b
local   trace-chain 3330fd819b65442b
VERIFY PASS — replay reproduced 1 steps and the full trace chain bit-for-bit
== /home/user/Ranger3143/labs/logs/safe/SAFE-02/op12k/d/fw/receipts/q27.s0.txt
receipt trace-chain 44d9834677226f24
local   trace-chain 44d9834677226f24
VERIFY PASS — replay reproduced 1 steps and the full trace chain bit-for-bit
== /home/user/Ranger3143/labs/logs/safe/SAFE-02/op12k/d/fw/receipts/q27.s1.txt
receipt trace-chain ebfec6140a96fa9c
local   trace-chain ebfec6140a96fa9c
VERIFY PASS — replay reproduced 1 steps and the full trace chain bit-for-bit
== /home/user/Ranger3143/labs/logs/safe/SAFE-02/op12k/d/fw/receipts/q28.s0.txt
receipt trace-chain 537a1e8ee54ce8f6
local   trace-chain 537a1e8ee54ce8f6
VERIFY PASS — replay reproduced 1 steps and the full trace chain bit-for-bit
== /home/user/Ranger3143/labs/logs/safe/SAFE-02/op12k/d/fw/receipts/q28.s1.txt
receipt trace-chain ec9fc5d057f02987
local   trace-chain ec9fc5d057f02987
VERIFY PASS — replay reproduced 1 steps and the full trace chain bit-for-bit
== /home/user/Ranger3143/labs/logs/safe/SAFE-02/op12k/d/fw/receipts/q29.s0.txt
receipt trace-chain f3afc9a8478e9b3e
local   trace-chain f3afc9a8478e9b3e
VERIFY PASS — replay reproduced 1 steps and the full trace chain bit-for-bit
== /home/user/Ranger3143/labs/logs/safe/SAFE-02/op12k/d/fw/receipts/q29.s1.txt
receipt trace-chain 971ef2e6436a3a67
local   trace-chain 971ef2e6436a3a67
WARNING step 0: tool argument not found verbatim in context
VERIFY PASS — replay reproduced 1 steps and the full trace chain bit-for-bit
== /home/user/Ranger3143/labs/logs/safe/SAFE-02/op12k/d/fw/receipts/q30.s0.txt
receipt trace-chain ece60b4720bd76eb
local   trace-chain ece60b4720bd76eb
VERIFY PASS — replay reproduced 1 steps and the full trace chain bit-for-bit
== /home/user/Ranger3143/labs/logs/safe/SAFE-02/op12k/d/fw/receipts/q30.s1.txt
receipt trace-chain 0f800e504f058774
local   trace-chain 0f800e504f058774
WARNING step 0: tool argument not found verbatim in context
VERIFY PASS — replay reproduced 1 steps and the full trace chain bit-for-bit
SUMMARY pass=60 fail=0
