== /home/user/Ranger3143/labs/logs/safe/SAFE-05/op12k_defused/op12k/b/fw/receipts/q01.s0.txt
receipt trace-chain 1f920bbb456e1d22
local   trace-chain 1f920bbb456e1d22
VERIFY PASS — replay reproduced 1 steps and the full trace chain bit-for-bit
== /home/user/Ranger3143/labs/logs/safe/SAFE-05/op12k_defused/op12k/b/fw/receipts/q01.s1.txt
receipt trace-chain c68ab54191d66b77
local   trace-chain c68ab54191d66b77
VERIFY PASS — replay reproduced 1 steps and the full trace chain bit-for-bit
== /home/user/Ranger3143/labs/logs/safe/SAFE-05/op12k_defused/op12k/b/fw/receipts/q02.s0.txt
receipt trace-chain 9b4311ede6fb4994
local   trace-chain 9b4311ede6fb4994
VERIFY PASS — replay reproduced 1 steps and the full trace chain bit-for-bit
== /home/user/Ranger3143/labs/logs/safe/SAFE-05/op12k_defused/op12k/b/fw/receipts/q02.s1.txt
receipt trace-chain 26cd1d96b9259ad2
local   trace-chain 26cd1d96b9259ad2
VERIFY PASS — replay reproduced 1 steps and the full trace chain bit-for-bit
== /home/user/Ranger3143/labs/logs/safe/SAFE-05/op12k_defused/op12k/b/fw/receipts/q03.s0.txt
receipt trace-chain 9d440a5a56b9a1fc
local   trace-chain 9d440a5a56b9a1fc
VERIFY PASS — replay reproduced 1 steps and the full trace chain bit-for-bit
== /home/user/Ranger3143/labs/logs/safe/SAFE-05/op12k_defused/op12k/b/fw/receipts/q03.s1.txt
receipt trace-chain 0c466d6dcc936625
local   trace-chain 0c466d6dcc936625
VERIFY PASS — replay reproduced 1 steps and the full trace chain bit-for-bit
== /home/user/Ranger3143/labs/logs/safe/SAFE-05/op12k_defused/op12k/b/fw/receipts/q04.s0.txt
receipt trace-chain 284d4b5d8dcae73a
local   trace-chain 284d4b5d8dcae73a
VERIFY PASS — replay reproduced 1 steps and the full trace chain bit-for-bit
== /home/user/Ranger3143/labs/logs/safe/SAFE-05/op12k_defused/op12k/b/fw/receipts/q04.s1.txt
receipt trace-chain 7d1472c2f33c829e
local   trace-chain 7d1472c2f33c829e
VERIFY PASS — replay reproduced 1 steps and the full trace chain bit-for-bit
== /home/user/Ranger3143/labs/logs/safe/SAFE-05/op12k_defused/op12k/b/fw/receipts/q05.s0.txt
receipt trace-chain c8f228dc3a44c082
local   trace-chain c8f228dc3a44c082
VERIFY PASS — replay reproduced 1 steps and the full trace chain bit-for-bit
== /home/user/Ranger3143/labs/logs/safe/SAFE-05/op12k_defused/op12k/b/fw/receipts/q05.s1.txt
receipt trace-chain 62bc3e024203c8a4
local   trace-chain 62bc3e024203c8a4
VERIFY PASS — replay reproduced 1 steps and the full trace chain bit-for-bit
== /home/user/Ranger3143/labs/logs/safe/SAFE-05/op12k_defused/op12k/b/fw/receipts/q06.s0.txt
receipt trace-chain ea20eb3c6fb9d3ab
local   trace-chain ea20eb3c6fb9d3ab
VERIFY PASS — replay reproduced 1 steps and the full trace chain bit-for-bit
== /home/user/Ranger3143/labs/logs/safe/SAFE-05/op12k_defused/op12k/b/fw/receipts/q06.s1.txt
receipt trace-chain de73be83b480ef5c
local   trace-chain de73be83b480ef5c
VERIFY PASS — replay reproduced 1 steps and the full trace chain bit-for-bit
== /home/user/Ranger3143/labs/logs/safe/SAFE-05/op12k_defused/op12k/b/fw/receipts/q07.s0.txt
receipt trace-chain 2cc6e41a629c5248
local   trace-chain 2cc6e41a629c5248
VERIFY PASS — replay reproduced 1 steps and the full trace chain bit-for-bit
== /home/user/Ranger3143/labs/logs/safe/SAFE-05/op12k_defused/op12k/b/fw/receipts/q07.s1.txt
receipt trace-chain 12e94f2d7d29118a
local   trace-chain 12e94f2d7d29118a
VERIFY PASS — replay reproduced 1 steps and the full trace chain bit-for-bit
== /home/user/Ranger3143/labs/logs/safe/SAFE-05/op12k_defused/op12k/b/fw/receipts/q08.s0.txt
receipt trace-chain 34e9e65af3f1f22d
local   trace-chain 34e9e65af3f1f22d
VERIFY PASS — replay reproduced 1 steps and the full trace chain bit-for-bit
== /home/user/Ranger3143/labs/logs/safe/SAFE-05/op12k_defused/op12k/b/fw/receipts/q08.s1.txt
receipt trace-chain 9108d2e9bf400229
local   trace-chain 9108d2e9bf400229
VERIFY PASS — replay reproduced 1 steps and the full trace chain bit-for-bit
== /home/user/Ranger3143/labs/logs/safe/SAFE-05/op12k_defused/op12k/b/fw/receipts/q09.s0.txt
receipt trace-chain b9afcd79541274ea
local   trace-chain b9afcd79541274ea
VERIFY PASS — replay reproduced 1 steps and the full trace chain bit-for-bit
== /home/user/Ranger3143/labs/logs/safe/SAFE-05/op12k_defused/op12k/b/fw/receipts/q09.s1.txt
receipt trace-chain e9cfac4ef03e95be
local   trace-chain e9cfac4ef03e95be
VERIFY PASS — replay reproduced 1 steps and the full trace chain bit-for-bit
== /home/user/Ranger3143/labs/logs/safe/SAFE-05/op12k_defused/op12k/b/fw/receipts/q10.s0.txt
receipt trace-chain 731fd4b9aa5f46d5
local   trace-chain 731fd4b9aa5f46d5
VERIFY PASS — replay reproduced 1 steps and the full trace chain bit-for-bit
== /home/user/Ranger3143/labs/logs/safe/SAFE-05/op12k_defused/op12k/b/fw/receipts/q10.s1.txt
receipt trace-chain d78f2e6b62664ecf
local   trace-chain d78f2e6b62664ecf
VERIFY PASS — replay reproduced 1 steps and the full trace chain bit-for-bit
== /home/user/Ranger3143/labs/logs/safe/SAFE-05/op12k_defused/op12k/b/fw/receipts/q11.s0.txt
receipt trace-chain 43ebbc872234f5bd
local   trace-chain 43ebbc872234f5bd
VERIFY PASS — replay reproduced 1 steps and the full trace chain bit-for-bit
== /home/user/Ranger3143/labs/logs/safe/SAFE-05/op12k_defused/op12k/b/fw/receipts/q11.s1.txt
receipt trace-chain ef992f0fdf6f0cc8
local   trace-chain ef992f0fdf6f0cc8
VERIFY PASS — replay reproduced 1 steps and the full trace chain bit-for-bit
== /home/user/Ranger3143/labs/logs/safe/SAFE-05/op12k_defused/op12k/b/fw/receipts/q12.s0.txt
receipt trace-chain f3865080f031731b
local   trace-chain f3865080f031731b
VERIFY PASS — replay reproduced 1 steps and the full trace chain bit-for-bit
== /home/user/Ranger3143/labs/logs/safe/SAFE-05/op12k_defused/op12k/b/fw/receipts/q12.s1.txt
receipt trace-chain 52375ec7523fc2d1
local   trace-chain 52375ec7523fc2d1
VERIFY PASS — replay reproduced 1 steps and the full trace chain bit-for-bit
== /home/user/Ranger3143/labs/logs/safe/SAFE-05/op12k_defused/op12k/b/fw/receipts/q13.s0.txt
receipt trace-chain 74e1b4775bdc0e75
local   trace-chain 74e1b4775bdc0e75
VERIFY PASS — replay reproduced 1 steps and the full trace chain bit-for-bit
== /home/user/Ranger3143/labs/logs/safe/SAFE-05/op12k_defused/op12k/b/fw/receipts/q13.s1.txt
receipt trace-chain 69d7c6f658edffbb
local   trace-chain 69d7c6f658edffbb
VERIFY PASS — replay reproduced 1 steps and the full trace chain bit-for-bit
== /home/user/Ranger3143/labs/logs/safe/SAFE-05/op12k_defused/op12k/b/fw/receipts/q14.s0.txt
receipt trace-chain dbbc1f3e83431f27
local   trace-chain dbbc1f3e83431f27
VERIFY PASS — replay reproduced 1 steps and the full trace chain bit-for-bit
== /home/user/Ranger3143/labs/logs/safe/SAFE-05/op12k_defused/op12k/b/fw/receipts/q14.s1.txt
receipt trace-chain 1451c3bde0d83dd9
local   trace-chain 1451c3bde0d83dd9
VERIFY PASS — replay reproduced 1 steps and the full trace chain bit-for-bit
== /home/user/Ranger3143/labs/logs/safe/SAFE-05/op12k_defused/op12k/b/fw/receipts/q15.s0.txt
receipt trace-chain 3a11aaad56c90d80
local   trace-chain 3a11aaad56c90d80
VERIFY PASS — replay reproduced 1 steps and the full trace chain bit-for-bit
== /home/user/Ranger3143/labs/logs/safe/SAFE-05/op12k_defused/op12k/b/fw/receipts/q15.s1.txt
receipt trace-chain 1a0971c042ce8ceb
local   trace-chain 1a0971c042ce8ceb
VERIFY PASS — replay reproduced 1 steps and the full trace chain bit-for-bit
== /home/user/Ranger3143/labs/logs/safe/SAFE-05/op12k_defused/op12k/b/fw/receipts/q16.s0.txt
receipt trace-chain 73751751bffbbb12
local   trace-chain 73751751bffbbb12
VERIFY PASS — replay reproduced 1 steps and the full trace chain bit-for-bit
== /home/user/Ranger3143/labs/logs/safe/SAFE-05/op12k_defused/op12k/b/fw/receipts/q16.s1.txt
receipt trace-chain db2a8bcd9fbb8392
local   trace-chain db2a8bcd9fbb8392
VERIFY PASS — replay reproduced 1 steps and the full trace chain bit-for-bit
== /home/user/Ranger3143/labs/logs/safe/SAFE-05/op12k_defused/op12k/b/fw/receipts/q17.s0.txt
receipt trace-chain 32065d6627928a66
local   trace-chain 32065d6627928a66
VERIFY PASS — replay reproduced 1 steps and the full trace chain bit-for-bit
== /home/user/Ranger3143/labs/logs/safe/SAFE-05/op12k_defused/op12k/b/fw/receipts/q17.s1.txt
receipt trace-chain 0f4f0c55ca6d067d
local   trace-chain 0f4f0c55ca6d067d
VERIFY PASS — replay reproduced 1 steps and the full trace chain bit-for-bit
== /home/user/Ranger3143/labs/logs/safe/SAFE-05/op12k_defused/op12k/b/fw/receipts/q18.s0.txt
receipt trace-chain 60777abd36be0d5f
local   trace-chain 60777abd36be0d5f
VERIFY PASS — replay reproduced 1 steps and the full trace chain bit-for-bit
== /home/user/Ranger3143/labs/logs/safe/SAFE-05/op12k_defused/op12k/b/fw/receipts/q18.s1.txt
receipt trace-chain 2a18d337d563d234
local   trace-chain 2a18d337d563d234
VERIFY PASS — replay reproduced 1 steps and the full trace chain bit-for-bit
== /home/user/Ranger3143/labs/logs/safe/SAFE-05/op12k_defused/op12k/b/fw/receipts/q19.s0.txt
receipt trace-chain fc1a94aec18b59d3
local   trace-chain fc1a94aec18b59d3
VERIFY PASS — replay reproduced 1 steps and the full trace chain bit-for-bit
== /home/user/Ranger3143/labs/logs/safe/SAFE-05/op12k_defused/op12k/b/fw/receipts/q19.s1.txt
receipt trace-chain 0abf3495d2da9145
local   trace-chain 0abf3495d2da9145
VERIFY PASS — replay reproduced 1 steps and the full trace chain bit-for-bit
== /home/user/Ranger3143/labs/logs/safe/SAFE-05/op12k_defused/op12k/b/fw/receipts/q20.s0.txt
receipt trace-chain 98ed8313c0f4dcbe
local   trace-chain 98ed8313c0f4dcbe
VERIFY PASS — replay reproduced 1 steps and the full trace chain bit-for-bit
== /home/user/Ranger3143/labs/logs/safe/SAFE-05/op12k_defused/op12k/b/fw/receipts/q20.s1.txt
receipt trace-chain abba64f27a95633f
local   trace-chain abba64f27a95633f
VERIFY PASS — replay reproduced 1 steps and the full trace chain bit-for-bit
== /home/user/Ranger3143/labs/logs/safe/SAFE-05/op12k_defused/op12k/b/fw/receipts/q21.s0.txt
receipt trace-chain 7ade009524a0153b
local   trace-chain 7ade009524a0153b
VERIFY PASS — replay reproduced 1 steps and the full trace chain bit-for-bit
== /home/user/Ranger3143/labs/logs/safe/SAFE-05/op12k_defused/op12k/b/fw/receipts/q21.s1.txt
receipt trace-chain 5b6f37c74680f46e
local   trace-chain 5b6f37c74680f46e
VERIFY PASS — replay reproduced 1 steps and the full trace chain bit-for-bit
== /home/user/Ranger3143/labs/logs/safe/SAFE-05/op12k_defused/op12k/b/fw/receipts/q22.s0.txt
receipt trace-chain 79354efe8e7a2eb5
local   trace-chain 79354efe8e7a2eb5
VERIFY PASS — replay reproduced 1 steps and the full trace chain bit-for-bit
== /home/user/Ranger3143/labs/logs/safe/SAFE-05/op12k_defused/op12k/b/fw/receipts/q22.s1.txt
receipt trace-chain 2477810aadf2a8f0
local   trace-chain 2477810aadf2a8f0
VERIFY PASS — replay reproduced 1 steps and the full trace chain bit-for-bit
== /home/user/Ranger3143/labs/logs/safe/SAFE-05/op12k_defused/op12k/b/fw/receipts/q23.s0.txt
receipt trace-chain 6167b090fb535a83
local   trace-chain 6167b090fb535a83
VERIFY PASS — replay reproduced 1 steps and the full trace chain bit-for-bit
== /home/user/Ranger3143/labs/logs/safe/SAFE-05/op12k_defused/op12k/b/fw/receipts/q23.s1.txt
receipt trace-chain 74096e5198f5cfc9
local   trace-chain 74096e5198f5cfc9
VERIFY PASS — replay reproduced 1 steps and the full trace chain bit-for-bit
== /home/user/Ranger3143/labs/logs/safe/SAFE-05/op12k_defused/op12k/b/fw/receipts/q24.s0.txt
receipt trace-chain 67e0753a1417da0d
local   trace-chain 67e0753a1417da0d
VERIFY PASS — replay reproduced 1 steps and the full trace chain bit-for-bit
== /home/user/Ranger3143/labs/logs/safe/SAFE-05/op12k_defused/op12k/b/fw/receipts/q24.s1.txt
receipt trace-chain 26484abe0895f4b3
local   trace-chain 26484abe0895f4b3
VERIFY PASS — replay reproduced 1 steps and the full trace chain bit-for-bit
== /home/user/Ranger3143/labs/logs/safe/SAFE-05/op12k_defused/op12k/b/fw/receipts/q25.s0.txt
receipt trace-chain f8385bd29ad079d1
local   trace-chain f8385bd29ad079d1
VERIFY PASS — replay reproduced 1 steps and the full trace chain bit-for-bit
== /home/user/Ranger3143/labs/logs/safe/SAFE-05/op12k_defused/op12k/b/fw/receipts/q25.s1.txt
receipt trace-chain 9955cb55844c248b
local   trace-chain 9955cb55844c248b
VERIFY PASS — replay reproduced 1 steps and the full trace chain bit-for-bit
== /home/user/Ranger3143/labs/logs/safe/SAFE-05/op12k_defused/op12k/b/fw/receipts/q26.s0.txt
receipt trace-chain dd6a5e4a721c8eb5
local   trace-chain dd6a5e4a721c8eb5
VERIFY PASS — replay reproduced 1 steps and the full trace chain bit-for-bit
== /home/user/Ranger3143/labs/logs/safe/SAFE-05/op12k_defused/op12k/b/fw/receipts/q26.s1.txt
receipt trace-chain e08cd18807c9fb00
local   trace-chain e08cd18807c9fb00
VERIFY PASS — replay reproduced 1 steps and the full trace chain bit-for-bit
== /home/user/Ranger3143/labs/logs/safe/SAFE-05/op12k_defused/op12k/b/fw/receipts/q27.s0.txt
receipt trace-chain 70fe3281892f5aae
local   trace-chain 70fe3281892f5aae
VERIFY PASS — replay reproduced 1 steps and the full trace chain bit-for-bit
== /home/user/Ranger3143/labs/logs/safe/SAFE-05/op12k_defused/op12k/b/fw/receipts/q27.s1.txt
receipt trace-chain dc9dd5f5575c58a6
local   trace-chain dc9dd5f5575c58a6
VERIFY PASS — replay reproduced 1 steps and the full trace chain bit-for-bit
== /home/user/Ranger3143/labs/logs/safe/SAFE-05/op12k_defused/op12k/b/fw/receipts/q28.s0.txt
receipt trace-chain 8fbfc50f296ec1d3
local   trace-chain 8fbfc50f296ec1d3
VERIFY PASS — replay reproduced 1 steps and the full trace chain bit-for-bit
== /home/user/Ranger3143/labs/logs/safe/SAFE-05/op12k_defused/op12k/b/fw/receipts/q28.s1.txt
receipt trace-chain 6e41da453e7e6c10
local   trace-chain 6e41da453e7e6c10
VERIFY PASS — replay reproduced 1 steps and the full trace chain bit-for-bit
== /home/user/Ranger3143/labs/logs/safe/SAFE-05/op12k_defused/op12k/b/fw/receipts/q29.s0.txt
receipt trace-chain ef99f24176d6cb47
local   trace-chain ef99f24176d6cb47
VERIFY PASS — replay reproduced 1 steps and the full trace chain bit-for-bit
== /home/user/Ranger3143/labs/logs/safe/SAFE-05/op12k_defused/op12k/b/fw/receipts/q29.s1.txt
receipt trace-chain f2ee7eb37b36183f
local   trace-chain f2ee7eb37b36183f
VERIFY PASS — replay reproduced 1 steps and the full trace chain bit-for-bit
== /home/user/Ranger3143/labs/logs/safe/SAFE-05/op12k_defused/op12k/b/fw/receipts/q30.s0.txt
receipt trace-chain 1420b3d9ca6ac6b4
local   trace-chain 1420b3d9ca6ac6b4
VERIFY PASS — replay reproduced 1 steps and the full trace chain bit-for-bit
== /home/user/Ranger3143/labs/logs/safe/SAFE-05/op12k_defused/op12k/b/fw/receipts/q30.s1.txt
receipt trace-chain 6a60b0eb72588b99
local   trace-chain 6a60b0eb72588b99
VERIFY PASS — replay reproduced 1 steps and the full trace chain bit-for-bit
SUMMARY pass=60 fail=0
